OpenJDK 64-Bit Server VM (25.265-b01) for linux-amd64 JRE (1.8.0_265-b01), built on Jul 27 2020 07:33:48 by "openjdk" with gcc 4.4.7 20120313 (Red Hat 4.4.7-23)
Memory: 4k page, physical 12269268k(11398912k free), swap 1048572k(1048572k free)
CommandLine flags: -XX:+AlwaysPreTouch -XX:CompileCommandFile=/opt/dse/resources/cassandra/conf/hotspot_compiler -XX:+DebugNonSafepoints -XX:G1RSetUpdatingPauseTimePercent=5 -XX:GCLogFileSize=10485760 -XX:GuaranteedSafepointInterval=300000 -XX:+HeapDumpOnOutOfMemoryError -XX:InitialHeapSize=3140485120 -XX:+ManagementServer -XX:MaxDirectMemorySize=4711251968 -XX:MaxGCPauseMillis=500 -XX:MaxHeapSize=3140485120 -XX:NumberOfGCLogFiles=10 -XX:OnOutOfMemoryError=kill -9 %p -XX:+ParallelRefProcEnabled -XX:+PrintGC -XX:+PrintGCApplicationStoppedTime -XX:+PrintGCDateStamps -XX:+PrintGCDetails -XX:+PrintGCTimeStamps -XX:+PrintHeapAtGC -XX:+PrintPromotionFailure -XX:+PrintTenuringDistribution -XX:+ResizeTLAB -XX:-RestrictContended -XX:StringTableSize=1000003 -XX:ThreadPriorityPolicy=42 -XX:ThreadStackSize=256 -XX:+UnlockDiagnosticVMOptions -XX:-UseBiasedLocking -XX:+UseCompressedClassPointers -XX:+UseCompressedOops -XX:+UseG1GC -XX:+UseGCLogFileRotation -XX:-UseNUMA -XX:+UseTLAB -XX:+UseThreadPriorities 
2020-12-07T10:21:09.429+0000: 2.961: Total time for which application threads were stopped: 0.0003274 seconds, Stopping threads took: 0.0001407 seconds
2020-12-07T10:21:09.688+0000: 3.220: Total time for which application threads were stopped: 0.0002233 seconds, Stopping threads took: 0.0001211 seconds
2020-12-07T10:21:09.917+0000: 3.450: Total time for which application threads were stopped: 0.0003584 seconds, Stopping threads took: 0.0001230 seconds
2020-12-07T10:21:09.927+0000: 3.459: Total time for which application threads were stopped: 0.0001090 seconds, Stopping threads took: 0.0000147 seconds
2020-12-07T10:21:09.938+0000: 3.471: Total time for which application threads were stopped: 0.0001549 seconds, Stopping threads took: 0.0000147 seconds
2020-12-07T10:21:10.007+0000: 3.540: Total time for which application threads were stopped: 0.0003069 seconds, Stopping threads took: 0.0001217 seconds
2020-12-07T10:21:10.105+0000: 3.637: Total time for which application threads were stopped: 0.0001188 seconds, Stopping threads took: 0.0000129 seconds
2020-12-07T10:21:10.179+0000: 3.712: Total time for which application threads were stopped: 0.0003076 seconds, Stopping threads took: 0.0001540 seconds
2020-12-07T10:21:10.440+0000: 3.972: Total time for which application threads were stopped: 0.0001720 seconds, Stopping threads took: 0.0000115 seconds
2020-12-07T10:21:10.469+0000: 4.001: Total time for which application threads were stopped: 0.0003575 seconds, Stopping threads took: 0.0001568 seconds
2020-12-07T10:21:10.531+0000: 4.063: Total time for which application threads were stopped: 0.0001516 seconds, Stopping threads took: 0.0000124 seconds
{Heap before GC invocations=0 (full 0):
 garbage-first heap   total 3067904K, used 152576K [0x0000000704c00000, 0x0000000704d05da0, 0x00000007c0000000)
  region size 1024K, 149 young (152576K), 0 survivors (0K)
 Metaspace       used 15936K, capacity 16238K, committed 16384K, reserved 1062912K
  class space    used 1912K, capacity 2040K, committed 2048K, reserved 1048576K
2020-12-07T10:21:10.574+0000: 4.106: [GC pause (G1 Evacuation Pause) (young)
Desired survivor size 9961472 bytes, new threshold 15 (max 15)
, 0.0257491 secs]
   [Parallel Time: 12.6 ms, GC Workers: 6]
      [GC Worker Start (ms): Min: 4106.6, Avg: 4106.8, Max: 4106.9, Diff: 0.3]
      [Ext Root Scanning (ms): Min: 1.7, Avg: 2.1, Max: 2.3, Diff: 0.6, Sum: 12.5]
      [Update RS (ms): Min: 0.0, Avg: 0.0, Max: 0.0, Diff: 0.0, Sum: 0.0]
         [Processed Buffers: Min: 0, Avg: 0.0, Max: 0, Diff: 0, Sum: 0]
      [Scan RS (ms): Min: 0.0, Avg: 0.0, Max: 0.0, Diff: 0.0, Sum: 0.1]
      [Code Root Scanning (ms): Min: 0.4, Avg: 6.1, Max: 9.7, Diff: 9.3, Sum: 36.8]
      [Object Copy (ms): Min: 0.2, Avg: 3.2, Max: 8.6, Diff: 8.4, Sum: 19.0]
      [Termination (ms): Min: 0.0, Avg: 0.7, Max: 0.9, Diff: 0.9, Sum: 4.1]
         [Termination Attempts: Min: 1, Avg: 31.3, Max: 52, Diff: 51, Sum: 188]
      [GC Worker Other (ms): Min: 0.0, Avg: 0.0, Max: 0.0, Diff: 0.0, Sum: 0.1]
      [GC Worker Total (ms): Min: 12.0, Avg: 12.1, Max: 12.3, Diff: 0.3, Sum: 72.4]
      [GC Worker End (ms): Min: 4118.8, Avg: 4118.9, Max: 4118.9, Diff: 0.2]
   [Code Root Fixup: 0.0 ms]
   [Code Root Purge: 0.1 ms]
   [Clear CT: 0.4 ms]
   [Other: 12.6 ms]
      [Choose CSet: 0.0 ms]
      [Ref Proc: 11.2 ms]
      [Ref Enq: 0.5 ms]
      [Redirty Cards: 0.4 ms]
      [Humongous Register: 0.1 ms]
      [Humongous Reclaim: 0.0 ms]
      [Free CSet: 0.2 ms]
   [Eden: 149.0M(149.0M)->0.0B(162.0M) Survivors: 0.0B->15360.0K Heap: 149.0M(2996.0M)->14423.5K(2996.0M)]
Heap after GC invocations=1 (full 0):
 garbage-first heap   total 3067904K, used 14423K [0x0000000704c00000, 0x0000000704d05da0, 0x00000007c0000000)
  region size 1024K, 15 young (15360K), 15 survivors (15360K)
 Metaspace       used 15936K, capacity 16238K, committed 16384K, reserved 1062912K
  class space    used 1912K, capacity 2040K, committed 2048K, reserved 1048576K
}
 [Times: user=0.06 sys=0.01, real=0.02 secs] 
2020-12-07T10:21:10.601+0000: 4.134: Total time for which application threads were stopped: 0.0275178 seconds, Stopping threads took: 0.0001004 seconds
2020-12-07T10:21:10.643+0000: 4.175: Total time for which application threads were stopped: 0.0001589 seconds, Stopping threads took: 0.0000145 seconds
2020-12-07T10:21:10.662+0000: 4.194: Total time for which application threads were stopped: 0.0002236 seconds, Stopping threads took: 0.0000502 seconds
2020-12-07T10:21:10.801+0000: 4.333: Total time for which application threads were stopped: 0.0003785 seconds, Stopping threads took: 0.0001488 seconds
2020-12-07T10:21:11.180+0000: 4.713: Total time for which application threads were stopped: 0.0005448 seconds, Stopping threads took: 0.0001365 seconds
{Heap before GC invocations=1 (full 0):
 garbage-first heap   total 3067904K, used 136279K [0x0000000704c00000, 0x0000000704d05da0, 0x00000007c0000000)
  region size 1024K, 135 young (138240K), 15 survivors (15360K)
 Metaspace       used 20611K, capacity 21096K, committed 21248K, reserved 1067008K
  class space    used 2529K, capacity 2691K, committed 2816K, reserved 1048576K
2020-12-07T10:21:11.335+0000: 4.868: [GC pause (Metadata GC Threshold) (young) (initial-mark)
Desired survivor size 12058624 bytes, new threshold 15 (max 15)
- age   1:    6985320 bytes,    6985320 total
, 0.0240519 secs]
   [Parallel Time: 10.0 ms, GC Workers: 6]
      [GC Worker Start (ms): Min: 4868.3, Avg: 4869.9, Max: 4871.5, Diff: 3.2]
      [Ext Root Scanning (ms): Min: 0.1, Avg: 1.6, Max: 3.1, Diff: 3.0, Sum: 9.9]
      [Update RS (ms): Min: 0.0, Avg: 0.0, Max: 0.0, Diff: 0.0, Sum: 0.0]
         [Processed Buffers: Min: 0, Avg: 0.0, Max: 0, Diff: 0, Sum: 0]
      [Scan RS (ms): Min: 0.0, Avg: 0.0, Max: 0.0, Diff: 0.0, Sum: 0.1]
      [Code Root Scanning (ms): Min: 0.3, Avg: 2.5, Max: 6.0, Diff: 5.7, Sum: 14.8]
      [Object Copy (ms): Min: 0.0, Avg: 3.2, Max: 5.2, Diff: 5.2, Sum: 19.3]
      [Termination (ms): Min: 0.0, Avg: 0.6, Max: 1.0, Diff: 1.0, Sum: 3.6]
         [Termination Attempts: Min: 1, Avg: 1.2, Max: 2, Diff: 1, Sum: 7]
      [GC Worker Other (ms): Min: 0.0, Avg: 0.0, Max: 0.0, Diff: 0.0, Sum: 0.1]
      [GC Worker Total (ms): Min: 6.3, Avg: 8.0, Max: 9.7, Diff: 3.3, Sum: 47.8]
      [GC Worker End (ms): Min: 4877.7, Avg: 4877.8, Max: 4877.9, Diff: 0.2]
   [Code Root Fixup: 0.1 ms]
   [Code Root Purge: 0.0 ms]
   [Clear CT: 0.5 ms]
   [Other: 13.5 ms]
      [Choose CSet: 0.0 ms]
      [Ref Proc: 11.7 ms]
      [Ref Enq: 0.5 ms]
      [Redirty Cards: 0.5 ms]
      [Humongous Register: 0.1 ms]
      [Humongous Reclaim: 0.0 ms]
      [Free CSet: 0.1 ms]
   [Eden: 120.0M(162.0M)->0.0B(237.0M) Survivors: 15360.0K->15360.0K Heap: 133.6M(2996.0M)->14848.0K(2996.0M)]
Heap after GC invocations=2 (full 0):
 garbage-first heap   total 3067904K, used 14847K [0x0000000704c00000, 0x0000000704d05da0, 0x00000007c0000000)
  region size 1024K, 15 young (15360K), 15 survivors (15360K)
 Metaspace       used 20611K, capacity 21096K, committed 21248K, reserved 1067008K
  class space    used 2529K, capacity 2691K, committed 2816K, reserved 1048576K
}
 [Times: user=0.06 sys=0.01, real=0.02 secs] 
2020-12-07T10:21:11.361+0000: 4.894: [GC concurrent-root-region-scan-start]
2020-12-07T10:21:11.364+0000: 4.896: Total time for which application threads were stopped: 0.0287849 seconds, Stopping threads took: 0.0002633 seconds
2020-12-07T10:21:11.366+0000: 4.899: [GC concurrent-root-region-scan-end, 0.0054269 secs]
2020-12-07T10:21:11.366+0000: 4.899: [GC concurrent-mark-start]
2020-12-07T10:21:11.369+0000: 4.901: [GC concurrent-mark-end, 0.0022316 secs]
2020-12-07T10:21:11.369+0000: 4.902: [GC remark 2020-12-07T10:21:11.370+0000: 4.903: [Finalize Marking, 0.0016272 secs] 2020-12-07T10:21:11.372+0000: 4.905: [GC ref-proc, 0.0095509 secs] 2020-12-07T10:21:11.382+0000: 4.915: [Unloading, 0.0055361 secs], 0.0191027 secs]
 [Times: user=0.05 sys=0.01, real=0.02 secs] 
2020-12-07T10:21:11.390+0000: 4.922: Total time for which application threads were stopped: 0.0207519 seconds, Stopping threads took: 0.0005396 seconds
2020-12-07T10:21:11.391+0000: 4.923: [GC cleanup 15871K->15871K(2996M), 0.0030937 secs]
 [Times: user=0.00 sys=0.00, real=0.01 secs] 
2020-12-07T10:21:11.395+0000: 4.927: Total time for which application threads were stopped: 0.0043282 seconds, Stopping threads took: 0.0002067 seconds
2020-12-07T10:21:11.715+0000: 5.247: Total time for which application threads were stopped: 0.0003188 seconds, Stopping threads took: 0.0000471 seconds
2020-12-07T10:21:11.834+0000: 5.366: Total time for which application threads were stopped: 0.0005358 seconds, Stopping threads took: 0.0001466 seconds
2020-12-07T10:21:12.176+0000: 5.708: Total time for which application threads were stopped: 0.0003306 seconds, Stopping threads took: 0.0000478 seconds
2020-12-07T10:21:12.277+0000: 5.810: Total time for which application threads were stopped: 0.0005070 seconds, Stopping threads took: 0.0001749 seconds
{Heap before GC invocations=3 (full 0):
 garbage-first heap   total 3067904K, used 260096K [0x0000000704c00000, 0x0000000704d05da0, 0x00000007c0000000)
  region size 1024K, 252 young (258048K), 15 survivors (15360K)
 Metaspace       used 32914K, capacity 33925K, committed 34176K, reserved 1079296K
  class space    used 3936K, capacity 4204K, committed 4224K, reserved 1048576K
2020-12-07T10:21:12.770+0000: 6.302: [GC pause (G1 Evacuation Pause) (young)
Desired survivor size 16777216 bytes, new threshold 15 (max 15)
- age   1:    1386952 bytes,    1386952 total
- age   2:    6671768 bytes,    8058720 total
, 0.0223348 secs]
   [Parallel Time: 11.3 ms, GC Workers: 6]
      [GC Worker Start (ms): Min: 6302.5, Avg: 6302.6, Max: 6302.8, Diff: 0.3]
      [Ext Root Scanning (ms): Min: 2.1, Avg: 2.2, Max: 2.7, Diff: 0.6, Sum: 13.4]
      [Update RS (ms): Min: 0.0, Avg: 0.0, Max: 0.0, Diff: 0.0, Sum: 0.0]
         [Processed Buffers: Min: 0, Avg: 0.0, Max: 0, Diff: 0, Sum: 0]
      [Scan RS (ms): Min: 0.0, Avg: 0.0, Max: 0.1, Diff: 0.0, Sum: 0.2]
      [Code Root Scanning (ms): Min: 0.1, Avg: 0.7, Max: 1.5, Diff: 1.4, Sum: 4.4]
      [Object Copy (ms): Min: 6.9, Avg: 7.9, Max: 8.6, Diff: 1.7, Sum: 47.7]
      [Termination (ms): Min: 0.0, Avg: 0.1, Max: 0.1, Diff: 0.1, Sum: 0.4]
         [Termination Attempts: Min: 1, Avg: 116.2, Max: 154, Diff: 153, Sum: 697]
      [GC Worker Other (ms): Min: 0.0, Avg: 0.0, Max: 0.0, Diff: 0.0, Sum: 0.1]
      [GC Worker Total (ms): Min: 10.9, Avg: 11.0, Max: 11.1, Diff: 0.2, Sum: 66.1]
      [GC Worker End (ms): Min: 6313.7, Avg: 6313.7, Max: 6313.7, Diff: 0.0]
   [Code Root Fixup: 0.2 ms]
   [Code Root Purge: 0.0 ms]
   [Clear CT: 0.8 ms]
   [Other: 10.0 ms]
      [Choose CSet: 0.0 ms]
      [Ref Proc: 8.2 ms]
      [Ref Enq: 0.5 ms]
      [Redirty Cards: 0.6 ms]
      [Humongous Register: 0.1 ms]
      [Humongous Reclaim: 0.0 ms]
      [Free CSet: 0.1 ms]
   [Eden: 237.0M(237.0M)->0.0B(1669.0M) Survivors: 15360.0K->32768.0K Heap: 254.0M(2996.0M)->35773.1K(2996.0M)]
Heap after GC invocations=4 (full 0):
 garbage-first heap   total 3067904K, used 35773K [0x0000000704c00000, 0x0000000704d05da0, 0x00000007c0000000)
  region size 1024K, 32 young (32768K), 32 survivors (32768K)
 Metaspace       used 32914K, capacity 33925K, committed 34176K, reserved 1079296K
  class space    used 3936K, capacity 4204K, committed 4224K, reserved 1048576K
}
 [Times: user=0.08 sys=0.01, real=0.03 secs] 
2020-12-07T10:21:12.793+0000: 6.326: Total time for which application threads were stopped: 0.0285244 seconds, Stopping threads took: 0.0046574 seconds
{Heap before GC invocations=4 (full 0):
 garbage-first heap   total 3067904K, used 91069K [0x0000000704c00000, 0x0000000704d05da0, 0x00000007c0000000)
  region size 1024K, 87 young (89088K), 32 survivors (32768K)
 Metaspace       used 34753K, capacity 35729K, committed 35840K, reserved 1081344K
  class space    used 4189K, capacity 4438K, committed 4480K, reserved 1048576K
2020-12-07T10:21:13.052+0000: 6.585: [GC pause (Metadata GC Threshold) (young) (initial-mark)
Desired survivor size 111673344 bytes, new threshold 15 (max 15)
- age   1:   13130568 bytes,   13130568 total
- age   2:    1156048 bytes,   14286616 total
- age   3:    6583096 bytes,   20869712 total
, 0.0212954 secs]
   [Parallel Time: 10.2 ms, GC Workers: 6]
      [GC Worker Start (ms): Min: 6585.1, Avg: 6585.2, Max: 6585.3, Diff: 0.2]
      [Ext Root Scanning (ms): Min: 2.4, Avg: 2.6, Max: 2.8, Diff: 0.4, Sum: 15.7]
      [Update RS (ms): Min: 0.0, Avg: 0.0, Max: 0.1, Diff: 0.1, Sum: 0.1]
         [Processed Buffers: Min: 0, Avg: 0.7, Max: 3, Diff: 3, Sum: 4]
      [Scan RS (ms): Min: 0.0, Avg: 0.0, Max: 0.0, Diff: 0.0, Sum: 0.1]
      [Code Root Scanning (ms): Min: 0.2, Avg: 0.8, Max: 1.1, Diff: 0.9, Sum: 5.0]
      [Object Copy (ms): Min: 6.0, Avg: 6.4, Max: 7.1, Diff: 1.1, Sum: 38.5]
      [Termination (ms): Min: 0.0, Avg: 0.0, Max: 0.0, Diff: 0.0, Sum: 0.0]
         [Termination Attempts: Min: 1, Avg: 1.7, Max: 3, Diff: 2, Sum: 10]
      [GC Worker Other (ms): Min: 0.0, Avg: 0.0, Max: 0.0, Diff: 0.0, Sum: 0.1]
      [GC Worker Total (ms): Min: 9.8, Avg: 9.9, Max: 10.0, Diff: 0.2, Sum: 59.4]
      [GC Worker End (ms): Min: 6595.1, Avg: 6595.1, Max: 6595.1, Diff: 0.0]
   [Code Root Fixup: 0.1 ms]
   [Code Root Purge: 0.0 ms]
   [Clear CT: 0.6 ms]
   [Other: 10.3 ms]
      [Choose CSet: 0.0 ms]
      [Ref Proc: 8.3 ms]
      [Ref Enq: 0.5 ms]
      [Redirty Cards: 0.5 ms]
      [Humongous Register: 0.0 ms]
      [Humongous Reclaim: 0.0 ms]
      [Free CSet: 0.1 ms]
   [Eden: 56320.0K(1669.0M)->0.0B(1770.0M) Survivors: 32768.0K->27648.0K Heap: 92093.1K(2996.0M)->30653.1K(2996.0M)]
Heap after GC invocations=5 (full 0):
 garbage-first heap   total 3067904K, used 30653K [0x0000000704c00000, 0x0000000704d05da0, 0x00000007c0000000)
  region size 1024K, 27 young (27648K), 27 survivors (27648K)
 Metaspace       used 34753K, capacity 35729K, committed 35840K, reserved 1081344K
  class space    used 4189K, capacity 4438K, committed 4480K, reserved 1048576K
}
 [Times: user=0.07 sys=0.01, real=0.02 secs] 
2020-12-07T10:21:13.075+0000: 6.607: [GC concurrent-root-region-scan-start]
2020-12-07T10:21:13.075+0000: 6.607: Total time for which application threads were stopped: 0.0232880 seconds, Stopping threads took: 0.0002181 seconds
2020-12-07T10:21:13.083+0000: 6.616: [GC concurrent-root-region-scan-end, 0.0086594 secs]
2020-12-07T10:21:13.083+0000: 6.616: [GC concurrent-mark-start]
2020-12-07T10:21:13.086+0000: 6.619: [GC concurrent-mark-end, 0.0032124 secs]
2020-12-07T10:21:13.087+0000: 6.620: [GC remark 2020-12-07T10:21:13.088+0000: 6.620: [Finalize Marking, 0.0015527 secs] 2020-12-07T10:21:13.090+0000: 6.622: [GC ref-proc, 0.0098577 secs] 2020-12-07T10:21:13.100+0000: 6.633: [Unloading, 0.0070373 secs], 0.0214384 secs]
 [Times: user=0.06 sys=0.01, real=0.02 secs] 
2020-12-07T10:21:13.110+0000: 6.642: Total time for which application threads were stopped: 0.0232758 seconds, Stopping threads took: 0.0002249 seconds
2020-12-07T10:21:13.111+0000: 6.643: [GC cleanup 34749K->34304K(2996M), 0.0066972 secs]
 [Times: user=0.01 sys=0.01, real=0.01 secs] 
2020-12-07T10:21:13.119+0000: 6.651: Total time for which application threads were stopped: 0.0086869 seconds, Stopping threads took: 0.0003039 seconds
2020-12-07T10:21:13.119+0000: 6.651: [GC concurrent-cleanup-start]
2020-12-07T10:21:13.119+0000: 6.651: [GC concurrent-cleanup-end, 0.0000120 secs]
2020-12-07T10:21:13.159+0000: 6.691: Total time for which application threads were stopped: 0.0011087 seconds, Stopping threads took: 0.0002649 seconds
2020-12-07T10:21:13.260+0000: 6.792: Total time for which application threads were stopped: 0.0010276 seconds, Stopping threads took: 0.0001912 seconds
2020-12-07T10:21:13.639+0000: 7.172: Total time for which application threads were stopped: 0.0005654 seconds, Stopping threads took: 0.0001611 seconds
2020-12-07T10:21:14.072+0000: 7.604: Total time for which application threads were stopped: 0.0013655 seconds, Stopping threads took: 0.0000740 seconds
2020-12-07T10:21:14.284+0000: 7.816: Total time for which application threads were stopped: 0.0010506 seconds, Stopping threads took: 0.0000858 seconds
2020-12-07T10:21:14.298+0000: 7.830: Total time for which application threads were stopped: 0.0011633 seconds, Stopping threads took: 0.0002094 seconds
2020-12-07T10:21:14.366+0000: 7.899: Total time for which application threads were stopped: 0.0012029 seconds, Stopping threads took: 0.0002282 seconds
2020-12-07T10:21:14.409+0000: 7.941: Total time for which application threads were stopped: 0.0010896 seconds, Stopping threads took: 0.0000646 seconds
2020-12-07T10:21:14.479+0000: 8.011: Total time for which application threads were stopped: 0.0010684 seconds, Stopping threads took: 0.0001024 seconds
2020-12-07T10:21:14.549+0000: 8.082: Total time for which application threads were stopped: 0.0013392 seconds, Stopping threads took: 0.0002352 seconds
2020-12-07T10:21:14.553+0000: 8.086: Total time for which application threads were stopped: 0.0012717 seconds, Stopping threads took: 0.0001779 seconds
2020-12-07T10:21:14.661+0000: 8.193: Total time for which application threads were stopped: 0.0012125 seconds, Stopping threads took: 0.0002006 seconds
2020-12-07T10:21:14.702+0000: 8.234: Total time for which application threads were stopped: 0.0012675 seconds, Stopping threads took: 0.0002007 seconds
2020-12-07T10:21:14.727+0000: 8.260: Total time for which application threads were stopped: 0.0013168 seconds, Stopping threads took: 0.0002799 seconds
2020-12-07T10:21:15.504+0000: 9.036: Total time for which application threads were stopped: 0.0010200 seconds, Stopping threads took: 0.0000552 seconds
2020-12-07T10:21:16.524+0000: 10.057: Total time for which application threads were stopped: 0.0008286 seconds, Stopping threads took: 0.0002591 seconds
2020-12-07T10:21:17.876+0000: 11.408: Total time for which application threads were stopped: 0.0017454 seconds, Stopping threads took: 0.0004322 seconds
2020-12-07T10:21:18.206+0000: 11.739: Total time for which application threads were stopped: 0.0012030 seconds, Stopping threads took: 0.0001587 seconds
2020-12-07T10:21:18.403+0000: 11.936: Total time for which application threads were stopped: 0.0013979 seconds, Stopping threads took: 0.0002433 seconds
{Heap before GC invocations=6 (full 0):
 garbage-first heap   total 3067904K, used 714240K [0x0000000704c00000, 0x0000000704d05da0, 0x00000007c0000000)
  region size 1024K, 696 young (712704K), 27 survivors (27648K)
 Metaspace       used 57769K, capacity 60061K, committed 60236K, reserved 1101824K
  class space    used 7078K, capacity 7642K, committed 7756K, reserved 1048576K
2020-12-07T10:21:18.457+0000: 11.989: [GC pause (Metadata GC Threshold) (young) (initial-mark)
Desired survivor size 117964800 bytes, new threshold 15 (max 15)
- age   1:     683024 bytes,     683024 total
- age   2:   12984624 bytes,   13667648 total
- age   3:    1155560 bytes,   14823208 total
- age   4:    6582320 bytes,   21405528 total
, 0.0317948 secs]
   [Parallel Time: 18.2 ms, GC Workers: 6]
      [GC Worker Start (ms): Min: 11989.9, Avg: 11990.0, Max: 11990.1, Diff: 0.2]
      [Ext Root Scanning (ms): Min: 2.6, Avg: 2.8, Max: 3.5, Diff: 0.8, Sum: 17.1]
      [Update RS (ms): Min: 0.0, Avg: 0.0, Max: 0.0, Diff: 0.0, Sum: 0.0]
         [Processed Buffers: Min: 0, Avg: 0.3, Max: 1, Diff: 1, Sum: 2]
      [Scan RS (ms): Min: 0.1, Avg: 0.1, Max: 0.1, Diff: 0.0, Sum: 0.5]
      [Code Root Scanning (ms): Min: 0.8, Avg: 2.2, Max: 3.7, Diff: 2.9, Sum: 13.2]
      [Object Copy (ms): Min: 10.8, Avg: 12.2, Max: 13.8, Diff: 3.0, Sum: 73.5]
      [Termination (ms): Min: 0.0, Avg: 0.0, Max: 0.0, Diff: 0.0, Sum: 0.2]
         [Termination Attempts: Min: 1, Avg: 2.8, Max: 4, Diff: 3, Sum: 17]
      [GC Worker Other (ms): Min: 0.0, Avg: 0.0, Max: 0.1, Diff: 0.1, Sum: 0.1]
      [GC Worker Total (ms): Min: 17.3, Avg: 17.4, Max: 17.5, Diff: 0.2, Sum: 104.7]
      [GC Worker End (ms): Min: 12007.4, Avg: 12007.4, Max: 12007.5, Diff: 0.1]
   [Code Root Fixup: 0.3 ms]
   [Code Root Purge: 0.1 ms]
   [Clear CT: 0.5 ms]
   [Other: 12.7 ms]
      [Choose CSet: 0.0 ms]
      [Ref Proc: 10.1 ms]
      [Ref Enq: 0.6 ms]
      [Redirty Cards: 0.7 ms]
      [Humongous Register: 0.0 ms]
      [Humongous Reclaim: 0.0 ms]
      [Free CSet: 0.6 ms]
   [Eden: 669.0M(1770.0M)->0.0B(1740.0M) Survivors: 27648.0K->58368.0K Heap: 698.3M(2996.0M)->60416.1K(2996.0M)]
Heap after GC invocations=7 (full 0):
 garbage-first heap   total 3067904K, used 60416K [0x0000000704c00000, 0x0000000704d05da0, 0x00000007c0000000)
  region size 1024K, 57 young (58368K), 57 survivors (58368K)
 Metaspace       used 57769K, capacity 60061K, committed 60236K, reserved 1101824K
  class space    used 7078K, capacity 7642K, committed 7756K, reserved 1048576K
}
 [Times: user=0.11 sys=0.02, real=0.03 secs] 
2020-12-07T10:21:18.491+0000: 12.024: [GC concurrent-root-region-scan-start]
2020-12-07T10:21:18.494+0000: 12.027: Total time for which application threads were stopped: 0.0381853 seconds, Stopping threads took: 0.0003836 seconds
2020-12-07T10:21:18.508+0000: 12.041: [GC concurrent-root-region-scan-end, 0.0175076 secs]
2020-12-07T10:21:18.508+0000: 12.041: [GC concurrent-mark-start]
2020-12-07T10:21:18.512+0000: 12.045: [GC concurrent-mark-end, 0.0035232 secs]
2020-12-07T10:21:18.513+0000: 12.045: [GC remark 2020-12-07T10:21:18.514+0000: 12.046: [Finalize Marking, 0.0020786 secs] 2020-12-07T10:21:18.516+0000: 12.049: [GC ref-proc, 0.0139686 secs] 2020-12-07T10:21:18.531+0000: 12.063: [Unloading, 0.0094059 secs], 0.0285065 secs]
 [Times: user=0.07 sys=0.01, real=0.03 secs] 
2020-12-07T10:21:18.542+0000: 12.075: Total time for which application threads were stopped: 0.0301567 seconds, Stopping threads took: 0.0002607 seconds
2020-12-07T10:21:18.543+0000: 12.076: [GC cleanup 64002K->64002K(2996M), 0.0031274 secs]
 [Times: user=0.01 sys=0.00, real=0.00 secs] 
2020-12-07T10:21:18.547+0000: 12.080: Total time for which application threads were stopped: 0.0047897 seconds, Stopping threads took: 0.0002245 seconds
2020-12-07T10:21:18.645+0000: 12.178: Total time for which application threads were stopped: 0.0006542 seconds, Stopping threads took: 0.0002102 seconds
2020-12-07T10:21:18.759+0000: 12.292: Total time for which application threads were stopped: 0.0006389 seconds, Stopping threads took: 0.0002201 seconds
2020-12-07T10:21:19.235+0000: 12.768: Total time for which application threads were stopped: 0.0016568 seconds, Stopping threads took: 0.0002849 seconds
2020-12-07T10:21:20.487+0000: 14.020: Total time for which application threads were stopped: 0.0006491 seconds, Stopping threads took: 0.0001596 seconds
2020-12-07T10:21:20.907+0000: 14.439: Total time for which application threads were stopped: 0.0013900 seconds, Stopping threads took: 0.0001077 seconds
2020-12-07T10:21:20.909+0000: 14.442: Total time for which application threads were stopped: 0.0014892 seconds, Stopping threads took: 0.0003069 seconds
2020-12-07T10:21:20.918+0000: 14.450: Total time for which application threads were stopped: 0.0019070 seconds, Stopping threads took: 0.0005476 seconds
2020-12-07T10:21:20.921+0000: 14.453: Total time for which application threads were stopped: 0.0015179 seconds, Stopping threads took: 0.0003805 seconds
2020-12-07T10:21:20.949+0000: 14.482: Total time for which application threads were stopped: 0.0014917 seconds, Stopping threads took: 0.0002055 seconds
2020-12-07T10:21:21.120+0000: 14.653: Total time for which application threads were stopped: 0.0009641 seconds, Stopping threads took: 0.0004122 seconds
2020-12-07T10:21:21.252+0000: 14.784: Total time for which application threads were stopped: 0.0008944 seconds, Stopping threads took: 0.0002887 seconds
2020-12-07T10:21:21.497+0000: 15.030: Total time for which application threads were stopped: 0.0013792 seconds, Stopping threads took: 0.0000604 seconds
2020-12-07T10:21:21.516+0000: 15.049: Total time for which application threads were stopped: 0.0015902 seconds, Stopping threads took: 0.0002909 seconds
2020-12-07T10:21:21.542+0000: 15.074: Total time for which application threads were stopped: 0.0065323 seconds, Stopping threads took: 0.0037951 seconds
2020-12-07T10:21:21.790+0000: 15.323: Total time for which application threads were stopped: 0.0016322 seconds, Stopping threads took: 0.0000679 seconds
2020-12-07T10:21:22.019+0000: 15.552: Total time for which application threads were stopped: 0.0022650 seconds, Stopping threads took: 0.0005181 seconds
2020-12-07T10:21:22.024+0000: 15.556: Total time for which application threads were stopped: 0.0028467 seconds, Stopping threads took: 0.0003737 seconds
2020-12-07T10:21:22.145+0000: 15.678: Total time for which application threads were stopped: 0.0020614 seconds, Stopping threads took: 0.0004227 seconds
2020-12-07T10:21:22.320+0000: 15.853: Total time for which application threads were stopped: 0.0017105 seconds, Stopping threads took: 0.0002186 seconds
2020-12-07T10:21:22.467+0000: 16.000: Total time for which application threads were stopped: 0.0017398 seconds, Stopping threads took: 0.0002189 seconds
2020-12-07T10:21:22.717+0000: 16.249: Total time for which application threads were stopped: 0.0016411 seconds, Stopping threads took: 0.0002567 seconds
2020-12-07T10:21:22.838+0000: 16.371: Total time for which application threads were stopped: 0.0021311 seconds, Stopping threads took: 0.0001665 seconds
2020-12-07T10:21:32.534+0000: 26.067: Total time for which application threads were stopped: 0.0019812 seconds, Stopping threads took: 0.0000833 seconds
2020-12-07T10:21:43.197+0000: 36.751: Total time for which application threads were stopped: 0.0009981 seconds, Stopping threads took: 0.0004153 seconds
2020-12-07T10:21:43.219+0000: 36.773: Total time for which application threads were stopped: 0.0019166 seconds, Stopping threads took: 0.0004063 seconds
2020-12-07T10:21:43.396+0000: 36.950: Total time for which application threads were stopped: 0.0007684 seconds, Stopping threads took: 0.0002156 seconds
2020-12-07T10:21:43.528+0000: 37.082: Total time for which application threads were stopped: 0.0064723 seconds, Stopping threads took: 0.0039254 seconds
2020-12-07T10:21:43.791+0000: 37.345: Total time for which application threads were stopped: 0.0020284 seconds, Stopping threads took: 0.0004158 seconds
2020-12-07T10:21:44.601+0000: 38.155: Total time for which application threads were stopped: 0.0008418 seconds, Stopping threads took: 0.0001317 seconds
2020-12-07T10:21:44.617+0000: 38.171: Total time for which application threads were stopped: 0.0021268 seconds, Stopping threads took: 0.0002361 seconds
2020-12-07T10:21:44.660+0000: 38.214: Total time for which application threads were stopped: 0.0018086 seconds, Stopping threads took: 0.0002955 seconds
2020-12-07T10:21:44.907+0000: 38.461: Total time for which application threads were stopped: 0.0018407 seconds, Stopping threads took: 0.0001981 seconds
2020-12-07T10:21:55.252+0000: 48.806: Total time for which application threads were stopped: 0.0024001 seconds, Stopping threads took: 0.0011774 seconds
2020-12-07T10:21:55.839+0000: 49.393: Total time for which application threads were stopped: 0.0008778 seconds, Stopping threads took: 0.0002290 seconds
2020-12-07T10:21:56.722+0000: 50.276: Total time for which application threads were stopped: 0.0007625 seconds, Stopping threads took: 0.0001951 seconds
2020-12-07T10:21:56.920+0000: 50.474: Total time for which application threads were stopped: 0.0007988 seconds, Stopping threads took: 0.0001909 seconds
2020-12-07T10:21:57.174+0000: 50.728: Total time for which application threads were stopped: 0.0008270 seconds, Stopping threads took: 0.0002749 seconds
2020-12-07T10:21:57.303+0000: 50.857: Total time for which application threads were stopped: 0.0019724 seconds, Stopping threads took: 0.0002760 seconds
2020-12-07T10:21:57.390+0000: 50.944: Total time for which application threads were stopped: 0.0020257 seconds, Stopping threads took: 0.0001933 seconds
2020-12-07T10:21:57.443+0000: 50.996: Total time for which application threads were stopped: 0.0021879 seconds, Stopping threads took: 0.0002838 seconds
2020-12-07T10:21:57.508+0000: 51.061: Total time for which application threads were stopped: 0.0028891 seconds, Stopping threads took: 0.0010626 seconds
2020-12-07T10:21:57.716+0000: 51.270: Total time for which application threads were stopped: 0.0066517 seconds, Stopping threads took: 0.0009896 seconds
2020-12-07T10:21:57.847+0000: 51.401: Total time for which application threads were stopped: 0.0021934 seconds, Stopping threads took: 0.0003567 seconds
2020-12-07T10:21:58.675+0000: 52.228: Total time for which application threads were stopped: 0.0025270 seconds, Stopping threads took: 0.0004758 seconds
2020-12-07T10:21:58.690+0000: 52.244: Total time for which application threads were stopped: 0.0021407 seconds, Stopping threads took: 0.0004153 seconds
2020-12-07T10:21:58.701+0000: 52.255: Total time for which application threads were stopped: 0.0028670 seconds, Stopping threads took: 0.0007945 seconds
2020-12-07T10:21:59.377+0000: 52.931: Total time for which application threads were stopped: 0.0018209 seconds, Stopping threads took: 0.0001025 seconds
2020-12-07T10:21:59.392+0000: 52.945: Total time for which application threads were stopped: 0.0024759 seconds, Stopping threads took: 0.0005930 seconds
2020-12-07T10:21:59.793+0000: 53.347: Total time for which application threads were stopped: 0.0020324 seconds, Stopping threads took: 0.0002523 seconds
2020-12-07T10:21:59.978+0000: 53.532: Total time for which application threads were stopped: 0.0017947 seconds, Stopping threads took: 0.0001200 seconds
2020-12-07T10:21:59.981+0000: 53.535: Total time for which application threads were stopped: 0.0018948 seconds, Stopping threads took: 0.0001772 seconds
2020-12-07T10:22:00.126+0000: 53.680: Total time for which application threads were stopped: 0.0024520 seconds, Stopping threads took: 0.0003365 seconds
2020-12-07T10:22:00.155+0000: 53.709: Total time for which application threads were stopped: 0.0045196 seconds, Stopping threads took: 0.0007131 seconds
2020-12-07T10:22:00.240+0000: 53.794: Total time for which application threads were stopped: 0.0025652 seconds, Stopping threads took: 0.0005695 seconds
{Heap before GC invocations=8 (full 0):
 garbage-first heap   total 3067904K, used 1882113K [0x0000000704c00000, 0x0000000704d05da0, 0x00000007c0000000)
  region size 1024K, 1753 young (1795072K), 57 survivors (58368K)
 Metaspace       used 95311K, capacity 100562K, committed 100820K, reserved 1136640K
  class space    used 12504K, capacity 13524K, committed 13524K, reserved 1048576K
2020-12-07T10:22:00.512+0000: 54.066: [GC pause (Metadata GC Threshold) (young) (initial-mark)
Desired survivor size 117964800 bytes, new threshold 15 (max 15)
- age   1:   16428640 bytes,   16428640 total
- age   2:     602176 bytes,   17030816 total
- age   3:   12780256 bytes,   29811072 total
- age   4:    1132512 bytes,   30943584 total
- age   5:    6558088 bytes,   37501672 total
, 0.0864679 secs]
   [Parallel Time: 68.0 ms, GC Workers: 6]
      [GC Worker Start (ms): Min: 54066.5, Avg: 54066.6, Max: 54066.8, Diff: 0.3]
      [Ext Root Scanning (ms): Min: 5.0, Avg: 5.9, Max: 8.2, Diff: 3.2, Sum: 35.6]
      [Update RS (ms): Min: 0.0, Avg: 0.0, Max: 0.0, Diff: 0.0, Sum: 0.0]
         [Processed Buffers: Min: 0, Avg: 0.0, Max: 0, Diff: 0, Sum: 0]
      [Scan RS (ms): Min: 0.3, Avg: 0.5, Max: 0.7, Diff: 0.4, Sum: 2.7]
      [Code Root Scanning (ms): Min: 2.9, Avg: 11.4, Max: 19.5, Diff: 16.7, Sum: 68.3]
      [Object Copy (ms): Min: 38.5, Avg: 49.0, Max: 58.6, Diff: 20.1, Sum: 294.3]
      [Termination (ms): Min: 0.0, Avg: 0.0, Max: 0.1, Diff: 0.0, Sum: 0.1]
         [Termination Attempts: Min: 2, Avg: 28.3, Max: 44, Diff: 42, Sum: 170]
      [GC Worker Other (ms): Min: 0.0, Avg: 0.1, Max: 0.3, Diff: 0.3, Sum: 0.8]
      [GC Worker Total (ms): Min: 66.8, Avg: 67.0, Max: 67.1, Diff: 0.3, Sum: 401.8]
      [GC Worker End (ms): Min: 54133.5, Avg: 54133.6, Max: 54133.8, Diff: 0.3]
   [Code Root Fixup: 1.0 ms]
   [Code Root Purge: 0.0 ms]
   [Clear CT: 0.6 ms]
   [Other: 16.9 ms]
      [Choose CSet: 0.0 ms]
      [Ref Proc: 12.6 ms]
      [Ref Enq: 0.8 ms]
      [Redirty Cards: 0.7 ms]
      [Humongous Register: 0.1 ms]
      [Humongous Reclaim: 0.2 ms]
      [Free CSet: 1.6 ms]
   [Eden: 1696.0M(1740.0M)->0.0B(1594.0M) Survivors: 58368.0K->139.0M Heap: 1838.5M(2996.0M)->141.5M(2996.0M)]
Heap after GC invocations=9 (full 0):
 garbage-first heap   total 3067904K, used 144896K [0x0000000704c00000, 0x0000000704d05da0, 0x00000007c0000000)
  region size 1024K, 139 young (142336K), 139 survivors (142336K)
 Metaspace       used 95311K, capacity 100562K, committed 100820K, reserved 1136640K
  class space    used 12504K, capacity 13524K, committed 13524K, reserved 1048576K
}
 [Times: user=0.39 sys=0.02, real=0.08 secs] 
2020-12-07T10:22:00.600+0000: 54.154: [GC concurrent-root-region-scan-start]
2020-12-07T10:22:00.600+0000: 54.154: Total time for which application threads were stopped: 0.0895848 seconds, Stopping threads took: 0.0003753 seconds
2020-12-07T10:22:00.647+0000: 54.201: Total time for which application threads were stopped: 0.0012476 seconds, Stopping threads took: 0.0005094 seconds
2020-12-07T10:22:00.648+0000: 54.202: Total time for which application threads were stopped: 0.0008317 seconds, Stopping threads took: 0.0003176 seconds
2020-12-07T10:22:00.653+0000: 54.207: [GC concurrent-root-region-scan-end, 0.0529599 secs]
2020-12-07T10:22:00.653+0000: 54.207: [GC concurrent-mark-start]
2020-12-07T10:22:00.659+0000: 54.213: [GC concurrent-mark-end, 0.0063980 secs]
2020-12-07T10:22:00.661+0000: 54.214: [GC remark 2020-12-07T10:22:00.661+0000: 54.215: [Finalize Marking, 0.0012606 secs] 2020-12-07T10:22:00.663+0000: 54.217: [GC ref-proc, 0.0120432 secs] 2020-12-07T10:22:00.676+0000: 54.230: [Unloading, 0.0184036 secs], 0.0356736 secs]
 [Times: user=0.12 sys=0.01, real=0.03 secs] 
2020-12-07T10:22:00.698+0000: 54.252: Total time for which application threads were stopped: 0.0381730 seconds, Stopping threads took: 0.0003962 seconds
2020-12-07T10:22:00.699+0000: 54.253: [GC cleanup 150M->150M(2996M), 0.0049640 secs]
 [Times: user=0.01 sys=0.01, real=0.01 secs] 
2020-12-07T10:22:00.706+0000: 54.260: Total time for which application threads were stopped: 0.0074726 seconds, Stopping threads took: 0.0001671 seconds
2020-12-07T10:22:01.112+0000: 54.666: Total time for which application threads were stopped: 0.0009554 seconds, Stopping threads took: 0.0002925 seconds
2020-12-07T10:22:01.522+0000: 55.076: Total time for which application threads were stopped: 0.0020375 seconds, Stopping threads took: 0.0002565 seconds
2020-12-07T10:22:01.882+0000: 55.436: Total time for which application threads were stopped: 0.0009419 seconds, Stopping threads took: 0.0004000 seconds
2020-12-07T10:22:02.381+0000: 55.935: Total time for which application threads were stopped: 0.0035693 seconds, Stopping threads took: 0.0006751 seconds
2020-12-07T10:22:02.615+0000: 56.169: Total time for which application threads were stopped: 0.0008854 seconds, Stopping threads took: 0.0002196 seconds
2020-12-07T10:22:04.491+0000: 58.066: Total time for which application threads were stopped: 0.0030211 seconds, Stopping threads took: 0.0003429 seconds
2020-12-07T10:22:04.937+0000: 58.512: Total time for which application threads were stopped: 0.0026063 seconds, Stopping threads took: 0.0002133 seconds
2020-12-07T10:22:05.110+0000: 58.686: Total time for which application threads were stopped: 0.0022801 seconds, Stopping threads took: 0.0004041 seconds
2020-12-07T10:22:05.238+0000: 58.813: Total time for which application threads were stopped: 0.0025871 seconds, Stopping threads took: 0.0002171 seconds
2020-12-07T10:22:05.586+0000: 59.161: Total time for which application threads were stopped: 0.0023915 seconds, Stopping threads took: 0.0004415 seconds
2020-12-07T10:22:05.614+0000: 59.190: Total time for which application threads were stopped: 0.0024255 seconds, Stopping threads took: 0.0003059 seconds
2020-12-07T10:22:06.097+0000: 59.672: Total time for which application threads were stopped: 0.0021829 seconds, Stopping threads took: 0.0001575 seconds
2020-12-07T10:22:06.157+0000: 59.732: Total time for which application threads were stopped: 0.0021756 seconds, Stopping threads took: 0.0001542 seconds
2020-12-07T10:22:06.379+0000: 59.954: Total time for which application threads were stopped: 0.0009752 seconds, Stopping threads took: 0.0002925 seconds
2020-12-07T10:22:06.568+0000: 60.143: Total time for which application threads were stopped: 0.0029895 seconds, Stopping threads took: 0.0009873 seconds
2020-12-07T10:22:14.839+0000: 68.414: Total time for which application threads were stopped: 0.0019583 seconds, Stopping threads took: 0.0001514 seconds
2020-12-07T10:22:14.873+0000: 68.448: Total time for which application threads were stopped: 0.0018901 seconds, Stopping threads took: 0.0000626 seconds
2020-12-07T10:22:15.034+0000: 68.610: Total time for which application threads were stopped: 0.0019697 seconds, Stopping threads took: 0.0002149 seconds
2020-12-07T10:22:29.495+0000: 83.070: Total time for which application threads were stopped: 0.0007255 seconds, Stopping threads took: 0.0003238 seconds
2020-12-07T10:22:29.664+0000: 83.240: Total time for which application threads were stopped: 0.0016421 seconds, Stopping threads took: 0.0000508 seconds
2020-12-07T10:22:30.159+0000: 83.734: Total time for which application threads were stopped: 0.0007922 seconds, Stopping threads took: 0.0003038 seconds
2020-12-07T10:22:32.455+0000: 86.031: Total time for which application threads were stopped: 0.0004710 seconds, Stopping threads took: 0.0000637 seconds
2020-12-07T10:22:57.503+0000: 111.099: Total time for which application threads were stopped: 0.0005205 seconds, Stopping threads took: 0.0000685 seconds
2020-12-07T10:22:57.534+0000: 111.131: Total time for which application threads were stopped: 0.0017512 seconds, Stopping threads took: 0.0001294 seconds
2020-12-07T10:23:00.528+0000: 114.124: Total time for which application threads were stopped: 0.0008252 seconds, Stopping threads took: 0.0003114 seconds
2020-12-07T10:23:18.267+0000: 131.885: Total time for which application threads were stopped: 0.0006673 seconds, Stopping threads took: 0.0002506 seconds
2020-12-07T10:23:26.021+0000: 139.638: Total time for which application threads were stopped: 0.0005316 seconds, Stopping threads took: 0.0001711 seconds
2020-12-07T10:23:30.408+0000: 144.025: Total time for which application threads were stopped: 0.0004926 seconds, Stopping threads took: 0.0000617 seconds
2020-12-07T10:23:49.191+0000: 162.830: Total time for which application threads were stopped: 0.0007507 seconds, Stopping threads took: 0.0003325 seconds
2020-12-07T10:23:56.426+0000: 170.065: Total time for which application threads were stopped: 0.0021189 seconds, Stopping threads took: 0.0001941 seconds
2020-12-07T10:23:56.435+0000: 170.074: Total time for which application threads were stopped: 0.0020798 seconds, Stopping threads took: 0.0002204 seconds
2020-12-07T10:23:56.778+0000: 170.417: Total time for which application threads were stopped: 0.0032639 seconds, Stopping threads took: 0.0006033 seconds
2020-12-07T10:23:56.791+0000: 170.430: Total time for which application threads were stopped: 0.0019597 seconds, Stopping threads took: 0.0001677 seconds
2020-12-07T10:23:58.157+0000: 171.796: Total time for which application threads were stopped: 0.0010059 seconds, Stopping threads took: 0.0004853 seconds
{Heap before GC invocations=10 (full 0):
 garbage-first heap   total 3067904K, used 1828317K [0x0000000704c00000, 0x0000000704d05da0, 0x00000007c0000000)
  region size 1024K, 1733 young (1774592K), 139 survivors (142336K)
 Metaspace       used 121920K, capacity 128162K, committed 128416K, reserved 1161216K
  class space    used 16318K, capacity 17498K, committed 17620K, reserved 1048576K
2020-12-07T10:24:04.770+0000: 178.430: [GC pause (G1 Evacuation Pause) (young) (initial-mark)
Desired survivor size 113770496 bytes, new threshold 15 (max 15)
- age   1:   71715896 bytes,   71715896 total
- age   2:   14688928 bytes,   86404824 total
- age   3:     594960 bytes,   86999784 total
- age   4:   12711840 bytes,   99711624 total
- age   5:    1116016 bytes,  100827640 total
- age   6:    6541312 bytes,  107368952 total
, 0.0747649 secs]
   [Parallel Time: 57.7 ms, GC Workers: 6]
      [GC Worker Start (ms): Min: 178430.6, Avg: 178430.7, Max: 178430.9, Diff: 0.3]
      [Ext Root Scanning (ms): Min: 6.0, Avg: 6.5, Max: 7.6, Diff: 1.6, Sum: 39.1]
      [Update RS (ms): Min: 0.0, Avg: 0.1, Max: 0.2, Diff: 0.2, Sum: 0.4]
         [Processed Buffers: Min: 0, Avg: 1.2, Max: 2, Diff: 2, Sum: 7]
      [Scan RS (ms): Min: 0.2, Avg: 0.3, Max: 0.5, Diff: 0.3, Sum: 1.9]
      [Code Root Scanning (ms): Min: 2.0, Avg: 7.8, Max: 16.5, Diff: 14.5, Sum: 47.0]
      [Object Copy (ms): Min: 33.3, Avg: 42.1, Max: 48.1, Diff: 14.8, Sum: 252.5]
      [Termination (ms): Min: 0.0, Avg: 0.0, Max: 0.1, Diff: 0.1, Sum: 0.2]
         [Termination Attempts: Min: 1, Avg: 62.2, Max: 79, Diff: 78, Sum: 373]
      [GC Worker Other (ms): Min: 0.0, Avg: 0.1, Max: 0.3, Diff: 0.3, Sum: 0.8]
      [GC Worker Total (ms): Min: 56.8, Avg: 57.0, Max: 57.2, Diff: 0.3, Sum: 341.9]
      [GC Worker End (ms): Min: 178487.6, Avg: 178487.7, Max: 178487.8, Diff: 0.2]
   [Code Root Fixup: 1.6 ms]
   [Code Root Purge: 0.1 ms]
   [Clear CT: 0.7 ms]
   [Other: 14.7 ms]
      [Choose CSet: 0.0 ms]
      [Ref Proc: 10.9 ms]
      [Ref Enq: 0.5 ms]
      [Redirty Cards: 0.7 ms]
      [Humongous Register: 0.0 ms]
      [Humongous Reclaim: 0.1 ms]
      [Free CSet: 1.9 ms]
   [Eden: 1594.0M(1594.0M)->0.0B(1611.0M) Survivors: 139.0M->156.0M Heap: 1785.5M(2996.0M)->206.0M(2996.0M)]
Heap after GC invocations=11 (full 0):
 garbage-first heap   total 3067904K, used 210944K [0x0000000704c00000, 0x0000000704d05da0, 0x00000007c0000000)
  region size 1024K, 156 young (159744K), 156 survivors (159744K)
 Metaspace       used 121920K, capacity 128162K, committed 128416K, reserved 1161216K
  class space    used 16318K, capacity 17498K, committed 17620K, reserved 1048576K
}
 [Times: user=0.33 sys=0.02, real=0.08 secs] 
2020-12-07T10:24:04.846+0000: 178.506: Total time for which application threads were stopped: 0.0769443 seconds, Stopping threads took: 0.0002002 seconds
2020-12-07T10:24:04.846+0000: 178.506: [GC concurrent-root-region-scan-start]
2020-12-07T10:24:04.897+0000: 178.557: [GC concurrent-root-region-scan-end, 0.0510448 secs]
2020-12-07T10:24:04.897+0000: 178.557: [GC concurrent-mark-start]
2020-12-07T10:24:04.900+0000: 178.561: [GC concurrent-mark-end, 0.0035334 secs]
2020-12-07T10:24:04.901+0000: 178.561: [GC remark 2020-12-07T10:24:04.902+0000: 178.562: [Finalize Marking, 0.0032035 secs] 2020-12-07T10:24:04.906+0000: 178.566: [GC ref-proc, 0.0109475 secs] 2020-12-07T10:24:04.917+0000: 178.578: [Unloading, 0.0195098 secs], 0.0376336 secs]
 [Times: user=0.13 sys=0.02, real=0.04 secs] 
2020-12-07T10:24:04.940+0000: 178.601: Total time for which application threads were stopped: 0.0397284 seconds, Stopping threads took: 0.0001655 seconds
2020-12-07T10:24:04.942+0000: 178.602: [GC cleanup 212M->212M(2996M), 0.0047450 secs]
 [Times: user=0.00 sys=0.00, real=0.01 secs] 
2020-12-07T10:24:04.948+0000: 178.608: Total time for which application threads were stopped: 0.0068500 seconds, Stopping threads took: 0.0003228 seconds
2020-12-07T10:24:38.024+0000: 211.706: Total time for which application threads were stopped: 0.0005889 seconds, Stopping threads took: 0.0000761 seconds
2020-12-07T10:25:31.232+0000: 264.935: Total time for which application threads were stopped: 0.0010889 seconds, Stopping threads took: 0.0004048 seconds
2020-12-07T10:26:43.144+0000: 336.910: Total time for which application threads were stopped: 0.0025556 seconds, Stopping threads took: 0.0007913 seconds
2020-12-07T10:27:19.487+0000: 373.275: Total time for which application threads were stopped: 0.0005186 seconds, Stopping threads took: 0.0000923 seconds
2020-12-07T10:28:32.408+0000: 446.239: Total time for which application threads were stopped: 0.0014868 seconds, Stopping threads took: 0.0007383 seconds
{Heap before GC invocations=12 (full 0):
 garbage-first heap   total 3067904K, used 1860608K [0x0000000704c00000, 0x0000000704d05da0, 0x00000007c0000000)
  region size 1024K, 1767 young (1809408K), 156 survivors (159744K)
 Metaspace       used 123042K, capacity 129342K, committed 129696K, reserved 1161216K
  class space    used 16333K, capacity 17512K, committed 17620K, reserved 1048576K
2020-12-07T10:29:25.470+0000: 499.343: [GC pause (G1 Evacuation Pause) (young)
Desired survivor size 115867648 bytes, new threshold 5 (max 15)
- age   1:   25145880 bytes,   25145880 total
- age   2:   64171560 bytes,   89317440 total
- age   3:   14587272 bytes,  103904712 total
- age   4:     496336 bytes,  104401048 total
- age   5:   12492104 bytes,  116893152 total
- age   6:    1114680 bytes,  118007832 total
- age   7:    6537080 bytes,  124544912 total
, 0.0587214 secs]
   [Parallel Time: 46.2 ms, GC Workers: 6]
      [GC Worker Start (ms): Min: 499343.2, Avg: 499343.3, Max: 499343.5, Diff: 0.3]
      [Ext Root Scanning (ms): Min: 2.0, Avg: 3.1, Max: 8.0, Diff: 6.0, Sum: 18.4]
      [Update RS (ms): Min: 0.0, Avg: 0.0, Max: 0.0, Diff: 0.0, Sum: 0.0]
         [Processed Buffers: Min: 0, Avg: 0.0, Max: 0, Diff: 0, Sum: 0]
      [Scan RS (ms): Min: 0.3, Avg: 0.3, Max: 0.4, Diff: 0.1, Sum: 2.0]
      [Code Root Scanning (ms): Min: 5.6, Avg: 7.5, Max: 10.1, Diff: 4.5, Sum: 44.7]
      [Object Copy (ms): Min: 27.3, Avg: 34.6, Max: 37.6, Diff: 10.3, Sum: 207.8]
      [Termination (ms): Min: 0.1, Avg: 0.2, Max: 0.2, Diff: 0.2, Sum: 1.1]
         [Termination Attempts: Min: 36, Avg: 215.2, Max: 281, Diff: 245, Sum: 1291]
      [GC Worker Other (ms): Min: 0.0, Avg: 0.1, Max: 0.2, Diff: 0.2, Sum: 0.6]
      [GC Worker Total (ms): Min: 45.6, Avg: 45.8, Max: 46.0, Diff: 0.4, Sum: 274.7]
      [GC Worker End (ms): Min: 499389.0, Avg: 499389.1, Max: 499389.2, Diff: 0.2]
   [Code Root Fixup: 1.7 ms]
   [Code Root Purge: 0.0 ms]
   [Clear CT: 0.4 ms]
   [Other: 10.4 ms]
      [Choose CSet: 0.0 ms]
      [Ref Proc: 7.3 ms]
      [Ref Enq: 0.6 ms]
      [Redirty Cards: 0.6 ms]
      [Humongous Register: 0.1 ms]
      [Humongous Reclaim: 0.1 ms]
      [Free CSet: 1.4 ms]
   [Eden: 1611.0M(1611.0M)->0.0B(1686.0M) Survivors: 156.0M->111.0M Heap: 1817.0M(2996.0M)->181.0M(2996.0M)]
Heap after GC invocations=13 (full 0):
 garbage-first heap   total 3067904K, used 185319K [0x0000000704c00000, 0x0000000704d05da0, 0x00000007c0000000)
  region size 1024K, 111 young (113664K), 111 survivors (113664K)
 Metaspace       used 123042K, capacity 129342K, committed 129696K, reserved 1161216K
  class space    used 16333K, capacity 17512K, committed 17620K, reserved 1048576K
}
 [Times: user=0.25 sys=0.03, real=0.06 secs] 
2020-12-07T10:29:25.531+0000: 499.404: Total time for which application threads were stopped: 0.0612266 seconds, Stopping threads took: 0.0000629 seconds
2020-12-07T10:30:33.151+0000: 567.088: Total time for which application threads were stopped: 0.0005362 seconds, Stopping threads took: 0.0000612 seconds
2020-12-07T10:32:04.649+0000: 658.650: Total time for which application threads were stopped: 0.0006550 seconds, Stopping threads took: 0.0001700 seconds
2020-12-07T10:32:54.843+0000: 708.865: Total time for which application threads were stopped: 0.0081831 seconds, Stopping threads took: 0.0076213 seconds
2020-12-07T10:32:57.687+0000: 711.709: Total time for which application threads were stopped: 0.0005699 seconds, Stopping threads took: 0.0000715 seconds
{Heap before GC invocations=13 (full 0):
 garbage-first heap   total 3067904K, used 1352679K [0x0000000704c00000, 0x0000000704d05da0, 0x00000007c0000000)
  region size 1024K, 1251 young (1281024K), 111 survivors (113664K)
 Metaspace       used 123662K, capacity 129964K, committed 130208K, reserved 1161216K
  class space    used 16337K, capacity 17517K, committed 17620K, reserved 1048576K
2020-12-07T10:33:07.869+0000: 721.913: [GC pause (G1 Evacuation Pause) (young)
Desired survivor size 82313216 bytes, new threshold 3 (max 15)
- age   1:    6914424 bytes,    6914424 total
- age   2:   18461536 bytes,   25375960 total
- age   3:   64008896 bytes,   89384856 total
- age   4:   14587272 bytes,  103972128 total
- age   5:     496336 bytes,  104468464 total
, 0.0462688 secs]
   [Parallel Time: 34.5 ms, GC Workers: 6]
      [GC Worker Start (ms): Min: 721913.0, Avg: 721913.2, Max: 721913.3, Diff: 0.3]
      [Ext Root Scanning (ms): Min: 2.0, Avg: 2.7, Max: 5.3, Diff: 3.3, Sum: 16.0]
      [Update RS (ms): Min: 0.0, Avg: 0.0, Max: 0.1, Diff: 0.1, Sum: 0.3]
         [Processed Buffers: Min: 0, Avg: 5.3, Max: 15, Diff: 15, Sum: 32]
      [Scan RS (ms): Min: 0.1, Avg: 0.7, Max: 1.0, Diff: 0.8, Sum: 4.4]
      [Code Root Scanning (ms): Min: 0.0, Avg: 2.3, Max: 4.0, Diff: 4.0, Sum: 14.1]
      [Object Copy (ms): Min: 26.6, Avg: 28.1, Max: 29.8, Diff: 3.1, Sum: 168.4]
      [Termination (ms): Min: 0.0, Avg: 0.0, Max: 0.0, Diff: 0.0, Sum: 0.0]
         [Termination Attempts: Min: 1, Avg: 13.0, Max: 20, Diff: 19, Sum: 78]
      [GC Worker Other (ms): Min: 0.0, Avg: 0.1, Max: 0.2, Diff: 0.2, Sum: 0.6]
      [GC Worker Total (ms): Min: 33.7, Avg: 34.0, Max: 34.1, Diff: 0.4, Sum: 203.8]
      [GC Worker End (ms): Min: 721947.0, Avg: 721947.1, Max: 721947.2, Diff: 0.2]
   [Code Root Fixup: 0.5 ms]
   [Code Root Purge: 0.0 ms]
   [Clear CT: 0.6 ms]
   [Other: 10.6 ms]
      [Choose CSet: 0.0 ms]
      [Ref Proc: 8.1 ms]
      [Ref Enq: 0.5 ms]
      [Redirty Cards: 0.5 ms]
      [Humongous Register: 0.2 ms]
      [Humongous Reclaim: 0.1 ms]
      [Free CSet: 0.8 ms]
   [Eden: 1140.0M(1140.0M)->0.0B(1765.0M) Survivors: 111.0M->32768.0K Heap: 1321.0M(2996.0M)->185.0M(2996.0M)]
Heap after GC invocations=14 (full 0):
 garbage-first heap   total 3067904K, used 189440K [0x0000000704c00000, 0x0000000704d05da0, 0x00000007c0000000)
  region size 1024K, 32 young (32768K), 32 survivors (32768K)
 Metaspace       used 123662K, capacity 129964K, committed 130208K, reserved 1161216K
  class space    used 16337K, capacity 17517K, committed 17620K, reserved 1048576K
}
 [Times: user=0.20 sys=0.02, real=0.05 secs] 
2020-12-07T10:33:07.918+0000: 721.961: Total time for which application threads were stopped: 0.0487628 seconds, Stopping threads took: 0.0001235 seconds
2020-12-07T10:33:35.645+0000: 749.709: Total time for which application threads were stopped: 0.0012370 seconds, Stopping threads took: 0.0007135 seconds
2020-12-07T10:34:36.387+0000: 810.494: Total time for which application threads were stopped: 0.0008714 seconds, Stopping threads took: 0.0002697 seconds
2020-12-07T10:36:17.535+0000: 911.706: Total time for which application threads were stopped: 0.0006670 seconds, Stopping threads took: 0.0000890 seconds
2020-12-07T10:38:34.513+0000: 1048.790: Total time for which application threads were stopped: 0.0007117 seconds, Stopping threads took: 0.0001237 seconds
{Heap before GC invocations=14 (full 0):
 garbage-first heap   total 3067904K, used 1996800K [0x0000000704c00000, 0x0000000704d05da0, 0x00000007c0000000)
  region size 1024K, 1797 young (1840128K), 32 survivors (32768K)
 Metaspace       used 124205K, capacity 130516K, committed 130720K, reserved 1163264K
  class space    used 16344K, capacity 17525K, committed 17620K, reserved 1048576K
2020-12-07T10:39:06.673+0000: 1080.972: [GC pause (G1 Evacuation Pause) (young)
Desired survivor size 117964800 bytes, new threshold 15 (max 15)
- age   1:    7419728 bytes,    7419728 total
- age   2:     707928 bytes,    8127656 total
- age   3:   18262184 bytes,   26389840 total
, 0.0277317 secs]
   [Parallel Time: 15.3 ms, GC Workers: 6]
      [GC Worker Start (ms): Min: 1080972.1, Avg: 1080972.3, Max: 1080972.5, Diff: 0.4]
      [Ext Root Scanning (ms): Min: 2.6, Avg: 2.8, Max: 3.4, Diff: 0.8, Sum: 17.1]
      [Update RS (ms): Min: 0.5, Avg: 0.7, Max: 0.8, Diff: 0.3, Sum: 4.1]
         [Processed Buffers: Min: 3, Avg: 11.7, Max: 23, Diff: 20, Sum: 70]
      [Scan RS (ms): Min: 1.0, Avg: 1.5, Max: 1.7, Diff: 0.7, Sum: 8.9]
      [Code Root Scanning (ms): Min: 0.1, Avg: 0.9, Max: 1.7, Diff: 1.6, Sum: 5.7]
      [Object Copy (ms): Min: 7.9, Avg: 8.7, Max: 9.6, Diff: 1.7, Sum: 52.1]
      [Termination (ms): Min: 0.0, Avg: 0.0, Max: 0.0, Diff: 0.0, Sum: 0.0]
         [Termination Attempts: Min: 1, Avg: 2.5, Max: 4, Diff: 3, Sum: 15]
      [GC Worker Other (ms): Min: 0.0, Avg: 0.1, Max: 0.3, Diff: 0.2, Sum: 0.7]
      [GC Worker Total (ms): Min: 14.6, Avg: 14.8, Max: 15.0, Diff: 0.5, Sum: 88.7]
      [GC Worker End (ms): Min: 1080987.0, Avg: 1080987.1, Max: 1080987.2, Diff: 0.2]
   [Code Root Fixup: 0.1 ms]
   [Code Root Purge: 0.0 ms]
   [Clear CT: 0.6 ms]
   [Other: 11.7 ms]
      [Choose CSet: 0.0 ms]
      [Ref Proc: 8.8 ms]
      [Ref Enq: 0.7 ms]
      [Redirty Cards: 0.6 ms]
      [Humongous Register: 0.1 ms]
      [Humongous Reclaim: 0.1 ms]
      [Free CSet: 1.0 ms]
   [Eden: 1765.0M(1765.0M)->0.0B(1763.0M) Survivors: 32768.0K->34816.0K Heap: 1950.0M(2996.0M)->187.0M(2996.0M)]
Heap after GC invocations=15 (full 0):
 garbage-first heap   total 3067904K, used 191488K [0x0000000704c00000, 0x0000000704d05da0, 0x00000007c0000000)
  region size 1024K, 34 young (34816K), 34 survivors (34816K)
 Metaspace       used 124205K, capacity 130516K, committed 130720K, reserved 1163264K
  class space    used 16344K, capacity 17525K, committed 17620K, reserved 1048576K
}
 [Times: user=0.09 sys=0.01, real=0.03 secs] 
2020-12-07T10:39:06.703+0000: 1081.002: Total time for which application threads were stopped: 0.0307421 seconds, Stopping threads took: 0.0001131 seconds
2020-12-07T10:42:18.429+0000: 1272.828: Total time for which application threads were stopped: 0.0007260 seconds, Stopping threads took: 0.0001616 seconds
{Heap before GC invocations=15 (full 0):
 garbage-first heap   total 3067904K, used 1996800K [0x0000000704c00000, 0x0000000704d05da0, 0x00000007c0000000)
  region size 1024K, 1797 young (1840128K), 34 survivors (34816K)
 Metaspace       used 124494K, capacity 130804K, committed 130976K, reserved 1163264K
  class space    used 16346K, capacity 17525K, committed 17620K, reserved 1048576K
2020-12-07T10:45:05.459+0000: 1439.961: [GC pause (G1 Evacuation Pause) (young)
Desired survivor size 117964800 bytes, new threshold 15 (max 15)
- age   1:    6928568 bytes,    6928568 total
- age   2:    1052336 bytes,    7980904 total
- age   3:     704520 bytes,    8685424 total
- age   4:   18234256 bytes,   26919680 total
, 0.0313064 secs]
   [Parallel Time: 13.7 ms, GC Workers: 6]
      [GC Worker Start (ms): Min: 1439961.4, Avg: 1439961.5, Max: 1439961.6, Diff: 0.2]
      [Ext Root Scanning (ms): Min: 2.6, Avg: 2.8, Max: 3.3, Diff: 0.6, Sum: 16.7]
      [Update RS (ms): Min: 0.4, Avg: 0.5, Max: 0.7, Diff: 0.3, Sum: 3.3]
         [Processed Buffers: Min: 1, Avg: 11.0, Max: 23, Diff: 22, Sum: 66]
      [Scan RS (ms): Min: 1.2, Avg: 1.5, Max: 1.8, Diff: 0.6, Sum: 9.2]
      [Code Root Scanning (ms): Min: 0.0, Avg: 0.8, Max: 1.7, Diff: 1.7, Sum: 4.7]
      [Object Copy (ms): Min: 6.0, Avg: 6.7, Max: 7.4, Diff: 1.4, Sum: 40.3]
      [Termination (ms): Min: 0.0, Avg: 0.0, Max: 0.0, Diff: 0.0, Sum: 0.1]
         [Termination Attempts: Min: 1, Avg: 25.3, Max: 40, Diff: 39, Sum: 152]
      [GC Worker Other (ms): Min: 0.0, Avg: 0.1, Max: 0.3, Diff: 0.3, Sum: 0.7]
      [GC Worker Total (ms): Min: 12.4, Avg: 12.5, Max: 12.6, Diff: 0.3, Sum: 75.0]
      [GC Worker End (ms): Min: 1439973.9, Avg: 1439974.0, Max: 1439974.2, Diff: 0.3]
   [Code Root Fixup: 0.3 ms]
   [Code Root Purge: 0.0 ms]
   [Clear CT: 0.8 ms]
   [Other: 16.6 ms]
      [Choose CSet: 0.0 ms]
      [Ref Proc: 14.0 ms]
      [Ref Enq: 0.6 ms]
      [Redirty Cards: 0.6 ms]
      [Humongous Register: 0.1 ms]
      [Humongous Reclaim: 0.1 ms]
      [Free CSet: 0.9 ms]
   [Eden: 1763.0M(1763.0M)->0.0B(1765.0M) Survivors: 34816.0K->32768.0K Heap: 1950.0M(2996.0M)->185.0M(2996.0M)]
Heap after GC invocations=16 (full 0):
 garbage-first heap   total 3067904K, used 189440K [0x0000000704c00000, 0x0000000704d05da0, 0x00000007c0000000)
  region size 1024K, 32 young (32768K), 32 survivors (32768K)
 Metaspace       used 124494K, capacity 130804K, committed 130976K, reserved 1163264K
  class space    used 16346K, capacity 17525K, committed 17620K, reserved 1048576K
}
 [Times: user=0.09 sys=0.01, real=0.04 secs] 
2020-12-07T10:45:05.492+0000: 1439.994: Total time for which application threads were stopped: 0.0341219 seconds, Stopping threads took: 0.0001317 seconds
2020-12-07T10:48:47.055+0000: 1661.703: Total time for which application threads were stopped: 0.0007845 seconds, Stopping threads took: 0.0003047 seconds
2020-12-07T10:50:10.687+0000: 1745.397: Total time for which application threads were stopped: 0.0007577 seconds, Stopping threads took: 0.0001127 seconds
{Heap before GC invocations=16 (full 0):
 garbage-first heap   total 3067904K, used 1996800K [0x0000000704c00000, 0x0000000704d05da0, 0x00000007c0000000)
  region size 1024K, 1797 young (1840128K), 32 survivors (32768K)
 Metaspace       used 124843K, capacity 131192K, committed 131488K, reserved 1163264K
  class space    used 16369K, capacity 17557K, committed 17620K, reserved 1048576K
2020-12-07T10:51:05.245+0000: 1799.996: [GC pause (G1 Evacuation Pause) (young)
Desired survivor size 117964800 bytes, new threshold 15 (max 15)
- age   1:    6338240 bytes,    6338240 total
- age   2:     734072 bytes,    7072312 total
- age   3:    1051456 bytes,    8123768 total
- age   4:     702744 bytes,    8826512 total
- age   5:   18233952 bytes,   27060464 total
, 0.0317165 secs]
   [Parallel Time: 16.9 ms, GC Workers: 6]
      [GC Worker Start (ms): Min: 1799996.0, Avg: 1799996.1, Max: 1799996.3, Diff: 0.3]
      [Ext Root Scanning (ms): Min: 2.8, Avg: 4.1, Max: 9.9, Diff: 7.1, Sum: 24.6]
      [Update RS (ms): Min: 0.0, Avg: 0.6, Max: 0.8, Diff: 0.8, Sum: 3.5]
         [Processed Buffers: Min: 0, Avg: 11.2, Max: 22, Diff: 22, Sum: 67]
      [Scan RS (ms): Min: 0.3, Avg: 1.3, Max: 1.8, Diff: 1.5, Sum: 7.9]
      [Code Root Scanning (ms): Min: 0.0, Avg: 0.7, Max: 1.4, Diff: 1.4, Sum: 4.2]
      [Object Copy (ms): Min: 3.3, Avg: 7.2, Max: 10.1, Diff: 6.8, Sum: 43.1]
      [Termination (ms): Min: 0.0, Avg: 2.6, Max: 3.2, Diff: 3.2, Sum: 15.7]
         [Termination Attempts: Min: 1, Avg: 1.0, Max: 1, Diff: 0, Sum: 6]
      [GC Worker Other (ms): Min: 0.0, Avg: 0.0, Max: 0.0, Diff: 0.0, Sum: 0.1]
      [GC Worker Total (ms): Min: 16.3, Avg: 16.5, Max: 16.7, Diff: 0.4, Sum: 99.1]
      [GC Worker End (ms): Min: 1800012.5, Avg: 1800012.6, Max: 1800012.7, Diff: 0.2]
   [Code Root Fixup: 0.2 ms]
   [Code Root Purge: 0.0 ms]
   [Clear CT: 0.5 ms]
   [Other: 14.1 ms]
      [Choose CSet: 0.0 ms]
      [Ref Proc: 11.2 ms]
      [Ref Enq: 0.7 ms]
      [Redirty Cards: 0.6 ms]
      [Humongous Register: 0.1 ms]
      [Humongous Reclaim: 0.1 ms]
      [Free CSet: 1.0 ms]
   [Eden: 1765.0M(1765.0M)->0.0B(1763.0M) Survivors: 32768.0K->34816.0K Heap: 1950.0M(2996.0M)->186.5M(2996.0M)]
Heap after GC invocations=17 (full 0):
 garbage-first heap   total 3067904K, used 190976K [0x0000000704c00000, 0x0000000704d05da0, 0x00000007c0000000)
  region size 1024K, 34 young (34816K), 34 survivors (34816K)
 Metaspace       used 124843K, capacity 131192K, committed 131488K, reserved 1163264K
  class space    used 16369K, capacity 17557K, committed 17620K, reserved 1048576K
}
 [Times: user=0.10 sys=0.01, real=0.03 secs] 
2020-12-07T10:51:05.278+0000: 1800.029: Total time for which application threads were stopped: 0.0343304 seconds, Stopping threads took: 0.0000840 seconds
2020-12-07T10:55:04.912+0000: 2039.829: Total time for which application threads were stopped: 0.0007004 seconds, Stopping threads took: 0.0001754 seconds
{Heap before GC invocations=17 (full 0):
 garbage-first heap   total 3067904K, used 1996288K [0x0000000704c00000, 0x0000000704d05da0, 0x00000007c0000000)
  region size 1024K, 1797 young (1840128K), 34 survivors (34816K)
 Metaspace       used 124981K, capacity 131352K, committed 131488K, reserved 1163264K
  class space    used 16371K, capacity 17557K, committed 17620K, reserved 1048576K
2020-12-07T10:57:09.771+0000: 2164.771: [GC pause (G1 Evacuation Pause) (young)
Desired survivor size 117964800 bytes, new threshold 15 (max 15)
- age   1:    6377848 bytes,    6377848 total
- age   2:     147504 bytes,    6525352 total
- age   3:     722384 bytes,    7247736 total
- age   4:    1050672 bytes,    8298408 total
- age   5:     700744 bytes,    8999152 total
- age   6:   18232816 bytes,   27231968 total
, 0.0432544 secs]
   [Parallel Time: 24.2 ms, GC Workers: 6]
      [GC Worker Start (ms): Min: 2164771.0, Avg: 2164777.7, Max: 2164781.1, Diff: 10.1]
      [Ext Root Scanning (ms): Min: 0.0, Avg: 1.9, Max: 6.0, Diff: 6.0, Sum: 11.6]
      [Update RS (ms): Min: 0.0, Avg: 0.6, Max: 1.9, Diff: 1.9, Sum: 3.8]
         [Processed Buffers: Min: 0, Avg: 11.3, Max: 44, Diff: 44, Sum: 68]
      [Scan RS (ms): Min: 0.3, Avg: 3.2, Max: 11.5, Diff: 11.2, Sum: 19.4]
      [Code Root Scanning (ms): Min: 0.2, Avg: 1.0, Max: 1.8, Diff: 1.7, Sum: 5.8]
      [Object Copy (ms): Min: 3.4, Avg: 9.7, Max: 12.4, Diff: 9.0, Sum: 58.5]
      [Termination (ms): Min: 0.0, Avg: 0.8, Max: 1.0, Diff: 1.0, Sum: 4.8]
         [Termination Attempts: Min: 1, Avg: 1.3, Max: 3, Diff: 2, Sum: 8]
      [GC Worker Other (ms): Min: 0.0, Avg: 0.0, Max: 0.0, Diff: 0.0, Sum: 0.1]
      [GC Worker Total (ms): Min: 13.9, Avg: 17.4, Max: 24.0, Diff: 10.1, Sum: 104.1]
      [GC Worker End (ms): Min: 2164795.0, Avg: 2164795.0, Max: 2164795.1, Diff: 0.1]
   [Code Root Fixup: 0.2 ms]
   [Code Root Purge: 0.0 ms]
   [Clear CT: 0.7 ms]
   [Other: 18.2 ms]
      [Choose CSet: 0.0 ms]
      [Ref Proc: 15.1 ms]
      [Ref Enq: 0.8 ms]
      [Redirty Cards: 0.6 ms]
      [Humongous Register: 0.2 ms]
      [Humongous Reclaim: 0.1 ms]
      [Free CSet: 1.0 ms]
   [Eden: 1763.0M(1763.0M)->0.0B(1764.0M) Survivors: 34816.0K->33792.0K Heap: 1949.5M(2996.0M)->185.5M(2996.0M)]
Heap after GC invocations=18 (full 0):
 garbage-first heap   total 3067904K, used 189952K [0x0000000704c00000, 0x0000000704d05da0, 0x00000007c0000000)
  region size 1024K, 33 young (33792K), 33 survivors (33792K)
 Metaspace       used 124981K, capacity 131352K, committed 131488K, reserved 1163264K
  class space    used 16371K, capacity 17557K, committed 17620K, reserved 1048576K
}
 [Times: user=0.12 sys=0.01, real=0.05 secs] 
2020-12-07T10:57:09.817+0000: 2164.817: Total time for which application threads were stopped: 0.0466086 seconds, Stopping threads took: 0.0001712 seconds
2020-12-07T11:02:09.599+0000: 2464.820: Total time for which application threads were stopped: 0.0005477 seconds, Stopping threads took: 0.0000811 seconds
{Heap before GC invocations=18 (full 0):
 garbage-first heap   total 3067904K, used 1996288K [0x0000000704c00000, 0x0000000704d05da0, 0x00000007c0000000)
  region size 1024K, 1797 young (1840128K), 33 survivors (33792K)
 Metaspace       used 125109K, capacity 131486K, committed 131744K, reserved 1163264K
  class space    used 16373K, capacity 17558K, committed 17620K, reserved 1048576K
2020-12-07T11:03:16.173+0000: 2531.437: [GC pause (G1 Evacuation Pause) (young)
Desired survivor size 117964800 bytes, new threshold 15 (max 15)
- age   1:    6329968 bytes,    6329968 total
- age   2:     172208 bytes,    6502176 total
- age   3:     146848 bytes,    6649024 total
- age   4:     722384 bytes,    7371408 total
- age   5:    1050608 bytes,    8422016 total
- age   6:     700568 bytes,    9122584 total
- age   7:   18232640 bytes,   27355224 total
, 0.0337420 secs]
   [Parallel Time: 17.6 ms, GC Workers: 6]
      [GC Worker Start (ms): Min: 2531437.7, Avg: 2531439.4, Max: 2531447.0, Diff: 9.3]
      [Ext Root Scanning (ms): Min: 0.0, Avg: 2.6, Max: 3.5, Diff: 3.5, Sum: 15.6]
      [Update RS (ms): Min: 0.0, Avg: 1.0, Max: 1.3, Diff: 1.3, Sum: 5.9]
         [Processed Buffers: Min: 0, Avg: 11.5, Max: 21, Diff: 21, Sum: 69]
      [Scan RS (ms): Min: 0.2, Avg: 1.8, Max: 2.4, Diff: 2.3, Sum: 11.0]
      [Code Root Scanning (ms): Min: 0.0, Avg: 1.0, Max: 2.9, Diff: 2.9, Sum: 6.3]
      [Object Copy (ms): Min: 7.0, Avg: 8.6, Max: 10.0, Diff: 3.0, Sum: 51.3]
      [Termination (ms): Min: 0.0, Avg: 0.7, Max: 0.8, Diff: 0.8, Sum: 3.9]
         [Termination Attempts: Min: 1, Avg: 9.5, Max: 17, Diff: 16, Sum: 57]
      [GC Worker Other (ms): Min: 0.0, Avg: 0.0, Max: 0.0, Diff: 0.0, Sum: 0.1]
      [GC Worker Total (ms): Min: 8.1, Avg: 15.7, Max: 17.4, Diff: 9.3, Sum: 94.0]
      [GC Worker End (ms): Min: 2531455.0, Avg: 2531455.0, Max: 2531455.1, Diff: 0.1]
   [Code Root Fixup: 0.2 ms]
   [Code Root Purge: 0.0 ms]
   [Clear CT: 0.9 ms]
   [Other: 15.1 ms]
      [Choose CSet: 0.0 ms]
      [Ref Proc: 12.7 ms]
      [Ref Enq: 0.5 ms]
      [Redirty Cards: 0.5 ms]
      [Humongous Register: 0.1 ms]
      [Humongous Reclaim: 0.2 ms]
      [Free CSet: 0.7 ms]
   [Eden: 1764.0M(1764.0M)->0.0B(1764.0M) Survivors: 33792.0K->33792.0K Heap: 1949.5M(2996.0M)->186.0M(2996.0M)]
Heap after GC invocations=19 (full 0):
 garbage-first heap   total 3067904K, used 190464K [0x0000000704c00000, 0x0000000704d05da0, 0x00000007c0000000)
  region size 1024K, 33 young (33792K), 33 survivors (33792K)
 Metaspace       used 125109K, capacity 131486K, committed 131744K, reserved 1163264K
  class space    used 16373K, capacity 17558K, committed 17620K, reserved 1048576K
}
 [Times: user=0.11 sys=0.01, real=0.03 secs] 
2020-12-07T11:03:16.208+0000: 2531.473: Total time for which application threads were stopped: 0.0363444 seconds, Stopping threads took: 0.0002124 seconds
2020-12-07T11:08:16.002+0000: 2831.474: Total time for which application threads were stopped: 0.0010820 seconds, Stopping threads took: 0.0001846 seconds
2020-12-07T11:08:42.941+0000: 2858.434: Total time for which application threads were stopped: 0.0006842 seconds, Stopping threads took: 0.0000644 seconds
{Heap before GC invocations=19 (full 0):
 garbage-first heap   total 3067904K, used 1996800K [0x0000000704c00000, 0x0000000704d05da0, 0x00000007c0000000)
  region size 1024K, 1797 young (1840128K), 33 survivors (33792K)
 Metaspace       used 126167K, capacity 132518K, committed 132640K, reserved 1165312K
  class space    used 16492K, capacity 17686K, committed 17748K, reserved 1048576K
2020-12-07T11:09:11.974+0000: 2887.488: [GC pause (G1 Evacuation Pause) (young)
Desired survivor size 117964800 bytes, new threshold 15 (max 15)
- age   1:    6419608 bytes,    6419608 total
- age   2:     136944 bytes,    6556552 total
- age   3:     159424 bytes,    6715976 total
- age   4:     146656 bytes,    6862632 total
- age   5:     721456 bytes,    7584088 total
- age   6:    1050352 bytes,    8634440 total
- age   7:     700304 bytes,    9334744 total
- age   8:   18232376 bytes,   27567120 total
, 0.0349439 secs]
   [Parallel Time: 16.6 ms, GC Workers: 6]
      [GC Worker Start (ms): Min: 2887488.1, Avg: 2887490.1, Max: 2887494.0, Diff: 5.9]
      [Ext Root Scanning (ms): Min: 0.0, Avg: 2.1, Max: 3.6, Diff: 3.5, Sum: 12.8]
      [Update RS (ms): Min: 0.0, Avg: 0.9, Max: 1.4, Diff: 1.4, Sum: 5.3]
         [Processed Buffers: Min: 0, Avg: 12.0, Max: 29, Diff: 29, Sum: 72]
      [Scan RS (ms): Min: 0.9, Avg: 3.2, Max: 11.0, Diff: 10.1, Sum: 19.0]
      [Code Root Scanning (ms): Min: 0.0, Avg: 0.9, Max: 2.1, Diff: 2.1, Sum: 5.5]
      [Object Copy (ms): Min: 0.3, Avg: 6.3, Max: 8.8, Diff: 8.5, Sum: 37.9]
      [Termination (ms): Min: 0.0, Avg: 0.7, Max: 0.9, Diff: 0.9, Sum: 4.3]
         [Termination Attempts: Min: 1, Avg: 22.5, Max: 28, Diff: 27, Sum: 135]
      [GC Worker Other (ms): Min: 0.0, Avg: 0.0, Max: 0.1, Diff: 0.0, Sum: 0.2]
      [GC Worker Total (ms): Min: 10.3, Avg: 14.2, Max: 16.2, Diff: 5.9, Sum: 85.0]
      [GC Worker End (ms): Min: 2887504.2, Avg: 2887504.3, Max: 2887504.3, Diff: 0.1]
   [Code Root Fixup: 0.3 ms]
   [Code Root Purge: 0.0 ms]
   [Clear CT: 0.8 ms]
   [Other: 17.2 ms]
      [Choose CSet: 0.0 ms]
      [Ref Proc: 14.7 ms]
      [Ref Enq: 0.6 ms]
      [Redirty Cards: 0.5 ms]
      [Humongous Register: 0.1 ms]
      [Humongous Reclaim: 0.0 ms]
      [Free CSet: 0.8 ms]
   [Eden: 1764.0M(1764.0M)->0.0B(1761.0M) Survivors: 33792.0K->36864.0K Heap: 1950.0M(2996.0M)->188.5M(2996.0M)]
Heap after GC invocations=20 (full 0):
 garbage-first heap   total 3067904K, used 193024K [0x0000000704c00000, 0x0000000704d05da0, 0x00000007c0000000)
  region size 1024K, 36 young (36864K), 36 survivors (36864K)
 Metaspace       used 126167K, capacity 132518K, committed 132640K, reserved 1165312K
  class space    used 16492K, capacity 17686K, committed 17748K, reserved 1048576K
}
 [Times: user=0.10 sys=0.02, real=0.04 secs] 
2020-12-07T11:09:12.012+0000: 2887.525: Total time for which application threads were stopped: 0.0439636 seconds, Stopping threads took: 0.0060269 seconds
2020-12-07T11:14:11.805+0000: 3187.526: Total time for which application threads were stopped: 0.0007906 seconds, Stopping threads took: 0.0002115 seconds
{Heap before GC invocations=20 (full 0):
 garbage-first heap   total 3067904K, used 1996288K [0x0000000704c00000, 0x0000000704d05da0, 0x00000007c0000000)
  region size 1024K, 1797 young (1840128K), 36 survivors (36864K)
 Metaspace       used 126213K, capacity 132582K, committed 132896K, reserved 1165312K
  class space    used 16493K, capacity 17686K, committed 17748K, reserved 1048576K
2020-12-07T11:15:02.074+0000: 3237.837: [GC pause (G1 Evacuation Pause) (young)
Desired survivor size 117964800 bytes, new threshold 15 (max 15)
- age   1:    6744448 bytes,    6744448 total
- age   2:     182976 bytes,    6927424 total
- age   3:     136448 bytes,    7063872 total
- age   4:     157864 bytes,    7221736 total
- age   5:     146160 bytes,    7367896 total
- age   6:     597728 bytes,    7965624 total
- age   7:    1049376 bytes,    9015000 total
- age   8:     674816 bytes,    9689816 total
- age   9:   18195384 bytes,   27885200 total
, 0.0287532 secs]
   [Parallel Time: 15.0 ms, GC Workers: 6]
      [GC Worker Start (ms): Min: 3237837.5, Avg: 3237840.4, Max: 3237846.0, Diff: 8.5]
      [Ext Root Scanning (ms): Min: 0.0, Avg: 2.1, Max: 3.4, Diff: 3.4, Sum: 12.4]
      [Update RS (ms): Min: 0.0, Avg: 1.0, Max: 1.6, Diff: 1.6, Sum: 6.2]
         [Processed Buffers: Min: 0, Avg: 11.5, Max: 31, Diff: 31, Sum: 69]
      [Scan RS (ms): Min: 0.1, Avg: 0.7, Max: 1.1, Diff: 1.0, Sum: 4.4]
      [Code Root Scanning (ms): Min: 0.0, Avg: 0.8, Max: 1.7, Diff: 1.7, Sum: 4.6]
      [Object Copy (ms): Min: 5.5, Avg: 6.7, Max: 8.5, Diff: 3.0, Sum: 39.9]
      [Termination (ms): Min: 0.0, Avg: 0.5, Max: 0.6, Diff: 0.6, Sum: 3.1]
         [Termination Attempts: Min: 1, Avg: 1.2, Max: 2, Diff: 1, Sum: 7]
      [GC Worker Other (ms): Min: 0.0, Avg: 0.0, Max: 0.0, Diff: 0.0, Sum: 0.1]
      [GC Worker Total (ms): Min: 6.2, Avg: 11.8, Max: 14.7, Diff: 8.5, Sum: 70.8]
      [GC Worker End (ms): Min: 3237852.2, Avg: 3237852.2, Max: 3237852.2, Diff: 0.0]
   [Code Root Fixup: 0.2 ms]
   [Code Root Purge: 0.0 ms]
   [Clear CT: 0.6 ms]
   [Other: 12.9 ms]
      [Choose CSet: 0.0 ms]
      [Ref Proc: 10.7 ms]
      [Ref Enq: 0.5 ms]
      [Redirty Cards: 0.5 ms]
      [Humongous Register: 0.1 ms]
      [Humongous Reclaim: 0.0 ms]
      [Free CSet: 0.7 ms]
   [Eden: 1761.0M(1761.0M)->0.0B(1765.0M) Survivors: 36864.0K->32768.0K Heap: 1949.5M(2996.0M)->185.0M(2996.0M)]
Heap after GC invocations=21 (full 0):
 garbage-first heap   total 3067904K, used 189440K [0x0000000704c00000, 0x0000000704d05da0, 0x00000007c0000000)
  region size 1024K, 32 young (32768K), 32 survivors (32768K)
 Metaspace       used 126213K, capacity 132582K, committed 132896K, reserved 1165312K
  class space    used 16493K, capacity 17686K, committed 17748K, reserved 1048576K
}
 [Times: user=0.08 sys=0.01, real=0.03 secs] 
2020-12-07T11:15:02.104+0000: 3237.867: Total time for which application threads were stopped: 0.0304610 seconds, Stopping threads took: 0.0001622 seconds
2020-12-07T11:16:46.153+0000: 3341.978: Total time for which application threads were stopped: 0.0031412 seconds, Stopping threads took: 0.0003908 seconds
2020-12-07T11:16:46.227+0000: 3342.052: Total time for which application threads were stopped: 0.0031918 seconds, Stopping threads took: 0.0002370 seconds
2020-12-07T11:17:59.386+0000: 3415.253: Total time for which application threads were stopped: 0.0009021 seconds, Stopping threads took: 0.0002452 seconds
{Heap before GC invocations=21 (full 0):
 garbage-first heap   total 3067904K, used 1996800K [0x0000000704c00000, 0x0000000704d05da0, 0x00000007c0000000)
  region size 1024K, 1797 young (1840128K), 32 survivors (32768K)
 Metaspace       used 127609K, capacity 134004K, committed 134432K, reserved 1165312K
  class space    used 16685K, capacity 17879K, committed 18004K, reserved 1048576K
2020-12-07T11:20:50.177+0000: 3586.168: [GC pause (G1 Evacuation Pause) (young)
Desired survivor size 117964800 bytes, new threshold 15 (max 15)
- age   1:    6276808 bytes,    6276808 total
- age   2:     509016 bytes,    6785824 total
- age   3:     182640 bytes,    6968464 total
- age   4:     136320 bytes,    7104784 total
- age   5:     156896 bytes,    7261680 total
- age   6:     145776 bytes,    7407456 total
- age   7:     591864 bytes,    7999320 total
- age   8:    1026136 bytes,    9025456 total
- age   9:     665368 bytes,    9690824 total
- age  10:   17163280 bytes,   26854104 total
, 0.0297481 secs]
   [Parallel Time: 16.5 ms, GC Workers: 6]
      [GC Worker Start (ms): Min: 3586168.4, Avg: 3586168.7, Max: 3586169.1, Diff: 0.7]
      [Ext Root Scanning (ms): Min: 2.7, Avg: 4.3, Max: 6.6, Diff: 3.9, Sum: 25.7]
      [Update RS (ms): Min: 0.0, Avg: 1.0, Max: 1.6, Diff: 1.6, Sum: 5.7]
         [Processed Buffers: Min: 0, Avg: 13.7, Max: 28, Diff: 28, Sum: 82]
      [Scan RS (ms): Min: 0.2, Avg: 2.7, Max: 10.8, Diff: 10.6, Sum: 16.0]
      [Code Root Scanning (ms): Min: 0.0, Avg: 0.8, Max: 2.3, Diff: 2.3, Sum: 5.0]
      [Object Copy (ms): Min: 0.3, Avg: 6.3, Max: 8.2, Diff: 7.9, Sum: 37.8]
      [Termination (ms): Min: 0.0, Avg: 1.0, Max: 1.3, Diff: 1.3, Sum: 6.3]
         [Termination Attempts: Min: 1, Avg: 34.0, Max: 47, Diff: 46, Sum: 204]
      [GC Worker Other (ms): Min: 0.0, Avg: 0.0, Max: 0.1, Diff: 0.1, Sum: 0.3]
      [GC Worker Total (ms): Min: 15.6, Avg: 16.1, Max: 16.4, Diff: 0.7, Sum: 96.8]
      [GC Worker End (ms): Min: 3586184.8, Avg: 3586184.8, Max: 3586184.8, Diff: 0.1]
   [Code Root Fixup: 0.1 ms]
   [Code Root Purge: 0.0 ms]
   [Clear CT: 0.7 ms]
   [Other: 12.4 ms]
      [Choose CSet: 0.0 ms]
      [Ref Proc: 9.9 ms]
      [Ref Enq: 0.5 ms]
      [Redirty Cards: 0.5 ms]
      [Humongous Register: 0.1 ms]
      [Humongous Reclaim: 0.1 ms]
      [Free CSet: 0.9 ms]
   [Eden: 1765.0M(1765.0M)->0.0B(1763.0M) Survivors: 32768.0K->34816.0K Heap: 1950.0M(2996.0M)->186.5M(2996.0M)]
Heap after GC invocations=22 (full 0):
 garbage-first heap   total 3067904K, used 190976K [0x0000000704c00000, 0x0000000704d05da0, 0x00000007c0000000)
  region size 1024K, 34 young (34816K), 34 survivors (34816K)
 Metaspace       used 127609K, capacity 134004K, committed 134432K, reserved 1165312K
  class space    used 16685K, capacity 17879K, committed 18004K, reserved 1048576K
}
 [Times: user=0.10 sys=0.01, real=0.03 secs] 
2020-12-07T11:20:50.209+0000: 3586.200: Total time for which application threads were stopped: 0.0324039 seconds, Stopping threads took: 0.0000931 seconds
2020-12-07T11:21:25.496+0000: 3621.509: Total time for which application threads were stopped: 0.0006716 seconds, Stopping threads took: 0.0001687 seconds
2020-12-07T11:25:35.508+0000: 3871.707: Total time for which application threads were stopped: 0.0007736 seconds, Stopping threads took: 0.0003248 seconds
{Heap before GC invocations=22 (full 0):
 garbage-first heap   total 3067904K, used 2015297K [0x0000000704c00000, 0x0000000704d05da0, 0x00000007c0000000)
  region size 1024K, 1797 young (1840128K), 34 survivors (34816K)
 Metaspace       used 127873K, capacity 134218K, committed 134432K, reserved 1165312K
  class space    used 16689K, capacity 17880K, committed 18004K, reserved 1048576K
2020-12-07T11:26:37.175+0000: 3933.416: [GC pause (G1 Evacuation Pause) (young)
Desired survivor size 117964800 bytes, new threshold 15 (max 15)
- age   1:    6543688 bytes,    6543688 total
- age   2:      80496 bytes,    6624184 total
- age   3:     496776 bytes,    7120960 total
- age   4:     181776 bytes,    7302736 total
- age   5:     136208 bytes,    7438944 total
- age   6:     156488 bytes,    7595432 total
- age   7:     140080 bytes,    7735512 total
- age   8:     557104 bytes,    8292616 total
- age   9:    1022904 bytes,    9315520 total
- age  10:     647240 bytes,    9962760 total
- age  11:   17156968 bytes,   27119728 total
, 0.0350604 secs]
   [Parallel Time: 19.6 ms, GC Workers: 6]
      [GC Worker Start (ms): Min: 3933416.3, Avg: 3933419.1, Max: 3933424.7, Diff: 8.4]
      [Ext Root Scanning (ms): Min: 0.0, Avg: 2.2, Max: 3.7, Diff: 3.7, Sum: 13.4]
      [Update RS (ms): Min: 0.0, Avg: 0.9, Max: 1.5, Diff: 1.5, Sum: 5.3]
         [Processed Buffers: Min: 0, Avg: 12.7, Max: 31, Diff: 31, Sum: 76]
      [Scan RS (ms): Min: 0.2, Avg: 1.8, Max: 2.8, Diff: 2.6, Sum: 10.6]
      [Code Root Scanning (ms): Min: 0.0, Avg: 2.7, Max: 11.6, Diff: 11.6, Sum: 16.0]
      [Object Copy (ms): Min: 0.4, Avg: 7.7, Max: 10.7, Diff: 10.3, Sum: 46.5]
      [Termination (ms): Min: 0.0, Avg: 0.9, Max: 1.2, Diff: 1.2, Sum: 5.5]
         [Termination Attempts: Min: 1, Avg: 10.5, Max: 15, Diff: 14, Sum: 63]
      [GC Worker Other (ms): Min: 0.0, Avg: 0.0, Max: 0.0, Diff: 0.0, Sum: 0.1]
      [GC Worker Total (ms): Min: 10.7, Avg: 16.2, Max: 19.2, Diff: 8.5, Sum: 97.4]
      [GC Worker End (ms): Min: 3933435.3, Avg: 3933435.4, Max: 3933435.5, Diff: 0.2]
   [Code Root Fixup: 0.3 ms]
   [Code Root Purge: 0.0 ms]
   [Clear CT: 0.8 ms]
   [Other: 14.4 ms]
      [Choose CSet: 0.0 ms]
      [Ref Proc: 11.9 ms]
      [Ref Enq: 0.5 ms]
      [Redirty Cards: 0.5 ms]
      [Humongous Register: 0.1 ms]
      [Humongous Reclaim: 0.1 ms]
      [Free CSet: 0.8 ms]
   [Eden: 1763.0M(1763.0M)->0.0B(1762.0M) Survivors: 34816.0K->35840.0K Heap: 1968.1M(2996.0M)->187.5M(2996.0M)]
Heap after GC invocations=23 (full 0):
 garbage-first heap   total 3067904K, used 192000K [0x0000000704c00000, 0x0000000704d05da0, 0x00000007c0000000)
  region size 1024K, 35 young (35840K), 35 survivors (35840K)
 Metaspace       used 127873K, capacity 134218K, committed 134432K, reserved 1165312K
  class space    used 16689K, capacity 17880K, committed 18004K, reserved 1048576K
}
 [Times: user=0.11 sys=0.01, real=0.03 secs] 
2020-12-07T11:26:37.213+0000: 3933.453: Total time for which application threads were stopped: 0.0377230 seconds, Stopping threads took: 0.0001408 seconds
2020-12-07T11:31:37.006+0000: 4233.454: Total time for which application threads were stopped: 0.0007579 seconds, Stopping threads took: 0.0001820 seconds
{Heap before GC invocations=23 (full 0):
 garbage-first heap   total 3067904K, used 1996288K [0x0000000704c00000, 0x0000000704d05da0, 0x00000007c0000000)
  region size 1024K, 1797 young (1840128K), 35 survivors (35840K)
 Metaspace       used 127920K, capacity 134282K, committed 134688K, reserved 1165312K
  class space    used 16689K, capacity 17880K, committed 18004K, reserved 1048576K
2020-12-07T11:32:33.743+0000: 4290.232: [GC pause (G1 Evacuation Pause) (young)
Desired survivor size 117964800 bytes, new threshold 15 (max 15)
- age   1:    7712616 bytes,    7712616 total
- age   2:     259952 bytes,    7972568 total
- age   3:      20976 bytes,    7993544 total
- age   4:     274432 bytes,    8267976 total
- age   5:     104168 bytes,    8372144 total
- age   6:      73952 bytes,    8446096 total
- age   7:      83048 bytes,    8529144 total
- age   8:      84000 bytes,    8613144 total
- age   9:     501240 bytes,    9114384 total
- age  10:     972840 bytes,   10087224 total
- age  11:     641600 bytes,   10728824 total
- age  12:   16971184 bytes,   27700008 total
, 0.0328625 secs]
   [Parallel Time: 17.9 ms, GC Workers: 6]
      [GC Worker Start (ms): Min: 4290232.7, Avg: 4290234.9, Max: 4290239.1, Diff: 6.4]
      [Ext Root Scanning (ms): Min: 0.0, Avg: 2.0, Max: 3.8, Diff: 3.8, Sum: 12.0]
      [Update RS (ms): Min: 0.0, Avg: 0.9, Max: 1.2, Diff: 1.2, Sum: 5.5]
         [Processed Buffers: Min: 0, Avg: 11.2, Max: 19, Diff: 19, Sum: 67]
      [Scan RS (ms): Min: 0.1, Avg: 1.1, Max: 1.4, Diff: 1.3, Sum: 6.6]
      [Code Root Scanning (ms): Min: 0.0, Avg: 2.3, Max: 10.4, Diff: 10.4, Sum: 14.1]
      [Object Copy (ms): Min: 0.0, Avg: 6.2, Max: 8.3, Diff: 8.3, Sum: 37.1]
      [Termination (ms): Min: 0.0, Avg: 2.4, Max: 3.1, Diff: 3.1, Sum: 14.2]
         [Termination Attempts: Min: 1, Avg: 6.3, Max: 11, Diff: 10, Sum: 38]
      [GC Worker Other (ms): Min: 0.0, Avg: 0.0, Max: 0.1, Diff: 0.0, Sum: 0.1]
      [GC Worker Total (ms): Min: 10.6, Avg: 14.9, Max: 17.3, Diff: 6.8, Sum: 89.6]
      [GC Worker End (ms): Min: 4290249.6, Avg: 4290249.8, Max: 4290250.1, Diff: 0.5]
   [Code Root Fixup: 0.2 ms]
   [Code Root Purge: 0.0 ms]
   [Clear CT: 0.7 ms]
   [Other: 14.2 ms]
      [Choose CSet: 0.0 ms]
      [Ref Proc: 12.0 ms]
      [Ref Enq: 0.4 ms]
      [Redirty Cards: 0.4 ms]
      [Humongous Register: 0.1 ms]
      [Humongous Reclaim: 0.0 ms]
      [Free CSet: 0.8 ms]
   [Eden: 1762.0M(1762.0M)->0.0B(1764.0M) Survivors: 35840.0K->33792.0K Heap: 1949.5M(2996.0M)->186.0M(2996.0M)]
Heap after GC invocations=24 (full 0):
 garbage-first heap   total 3067904K, used 190464K [0x0000000704c00000, 0x0000000704d05da0, 0x00000007c0000000)
  region size 1024K, 33 young (33792K), 33 survivors (33792K)
 Metaspace       used 127920K, capacity 134282K, committed 134688K, reserved 1165312K
  class space    used 16689K, capacity 17880K, committed 18004K, reserved 1048576K
}
 [Times: user=0.10 sys=0.01, real=0.04 secs] 
2020-12-07T11:32:33.778+0000: 4290.267: Total time for which application threads were stopped: 0.0355162 seconds, Stopping threads took: 0.0002182 seconds
2020-12-07T11:37:33.495+0000: 4590.268: Total time for which application threads were stopped: 0.0005920 seconds, Stopping threads took: 0.0000762 seconds
{Heap before GC invocations=24 (full 0):
 garbage-first heap   total 3067904K, used 1996800K [0x0000000704c00000, 0x0000000704d05da0, 0x00000007c0000000)
  region size 1024K, 1797 young (1840128K), 33 survivors (33792K)
 Metaspace       used 127943K, capacity 134286K, committed 134688K, reserved 1165312K
  class space    used 16689K, capacity 17880K, committed 18004K, reserved 1048576K
2020-12-07T11:38:31.008+0000: 4647.824: [GC pause (G1 Evacuation Pause) (young)
Desired survivor size 117964800 bytes, new threshold 15 (max 15)
- age   1:    6270096 bytes,    6270096 total
- age   2:    1465552 bytes,    7735648 total
- age   3:     252624 bytes,    7988272 total
- age   4:      18344 bytes,    8006616 total
- age   5:     274240 bytes,    8280856 total
- age   6:     103584 bytes,    8384440 total
- age   7:      73648 bytes,    8458088 total
- age   8:      83048 bytes,    8541136 total
- age   9:      83880 bytes,    8625016 total
- age  10:     501176 bytes,    9126192 total
- age  11:     972776 bytes,   10098968 total
- age  12:     641600 bytes,   10740568 total
- age  13:   16971144 bytes,   27711712 total
, 0.0273918 secs]
   [Parallel Time: 15.0 ms, GC Workers: 6]
      [GC Worker Start (ms): Min: 4647824.1, Avg: 4647827.6, Max: 4647828.4, Diff: 4.3]
      [Ext Root Scanning (ms): Min: 2.1, Avg: 2.8, Max: 6.1, Diff: 4.1, Sum: 17.0]
      [Update RS (ms): Min: 1.0, Avg: 1.0, Max: 1.1, Diff: 0.1, Sum: 6.0]
         [Processed Buffers: Min: 7, Avg: 11.3, Max: 20, Diff: 13, Sum: 68]
      [Scan RS (ms): Min: 0.6, Avg: 0.6, Max: 0.7, Diff: 0.1, Sum: 3.7]
      [Code Root Scanning (ms): Min: 0.0, Avg: 0.7, Max: 1.5, Diff: 1.5, Sum: 4.0]
      [Object Copy (ms): Min: 4.9, Avg: 5.9, Max: 6.5, Diff: 1.6, Sum: 35.3]
      [Termination (ms): Min: 0.0, Avg: 0.0, Max: 0.0, Diff: 0.0, Sum: 0.1]
         [Termination Attempts: Min: 1, Avg: 20.7, Max: 30, Diff: 29, Sum: 124]
      [GC Worker Other (ms): Min: 0.0, Avg: 0.2, Max: 0.4, Diff: 0.3, Sum: 1.2]
      [GC Worker Total (ms): Min: 10.4, Avg: 11.2, Max: 14.7, Diff: 4.3, Sum: 67.2]
      [GC Worker End (ms): Min: 4647838.6, Avg: 4647838.8, Max: 4647839.0, Diff: 0.3]
   [Code Root Fixup: 0.2 ms]
   [Code Root Purge: 0.0 ms]
   [Clear CT: 0.8 ms]
   [Other: 11.4 ms]
      [Choose CSet: 0.0 ms]
      [Ref Proc: 9.0 ms]
      [Ref Enq: 0.5 ms]
      [Redirty Cards: 0.6 ms]
      [Humongous Register: 0.1 ms]
      [Humongous Reclaim: 0.0 ms]
      [Free CSet: 0.8 ms]
   [Eden: 1764.0M(1764.0M)->0.0B(1762.0M) Survivors: 33792.0K->35840.0K Heap: 1950.0M(2996.0M)->187.5M(2996.0M)]
Heap after GC invocations=25 (full 0):
 garbage-first heap   total 3067904K, used 192000K [0x0000000704c00000, 0x0000000704d05da0, 0x00000007c0000000)
  region size 1024K, 35 young (35840K), 35 survivors (35840K)
 Metaspace       used 127943K, capacity 134286K, committed 134688K, reserved 1165312K
  class space    used 16689K, capacity 17880K, committed 18004K, reserved 1048576K
}
 [Times: user=0.06 sys=0.04, real=0.03 secs] 
2020-12-07T11:38:31.038+0000: 4647.853: Total time for which application threads were stopped: 0.0299488 seconds, Stopping threads took: 0.0001643 seconds
2020-12-07T11:43:30.852+0000: 4947.854: Total time for which application threads were stopped: 0.0006768 seconds, Stopping threads took: 0.0001799 seconds
{Heap before GC invocations=25 (full 0):
 garbage-first heap   total 3067904K, used 1996288K [0x0000000704c00000, 0x0000000704d05da0, 0x00000007c0000000)
  region size 1024K, 1797 young (1840128K), 35 survivors (35840K)
 Metaspace       used 127951K, capacity 134350K, committed 134688K, reserved 1165312K
  class space    used 16690K, capacity 17880K, committed 18004K, reserved 1048576K
2020-12-07T11:44:19.772+0000: 4996.794: [GC pause (G1 Evacuation Pause) (young)
Desired survivor size 117964800 bytes, new threshold 15 (max 15)
- age   1:    6266432 bytes,    6266432 total
- age   2:      93256 bytes,    6359688 total
- age   3:    1398944 bytes,    7758632 total
- age   4:     252496 bytes,    8011128 total
- age   5:      17784 bytes,    8028912 total
- age   6:     273712 bytes,    8302624 total
- age   7:     103232 bytes,    8405856 total
- age   8:      73648 bytes,    8479504 total
- age   9:      83048 bytes,    8562552 total
- age  10:      83880 bytes,    8646432 total
- age  11:     490064 bytes,    9136496 total
- age  12:     953208 bytes,   10089704 total
- age  13:     641600 bytes,   10731304 total
- age  14:   16935672 bytes,   27666976 total
, 0.0229200 secs]
   [Parallel Time: 12.6 ms, GC Workers: 6]
      [GC Worker Start (ms): Min: 4996794.4, Avg: 4996794.5, Max: 4996794.6, Diff: 0.3]
      [Ext Root Scanning (ms): Min: 2.5, Avg: 2.7, Max: 3.1, Diff: 0.6, Sum: 15.9]
      [Update RS (ms): Min: 1.0, Avg: 1.0, Max: 1.1, Diff: 0.1, Sum: 6.0]
         [Processed Buffers: Min: 2, Avg: 10.8, Max: 22, Diff: 20, Sum: 65]
      [Scan RS (ms): Min: 0.8, Avg: 1.1, Max: 1.3, Diff: 0.4, Sum: 6.9]
      [Code Root Scanning (ms): Min: 0.0, Avg: 1.0, Max: 1.8, Diff: 1.8, Sum: 5.7]
      [Object Copy (ms): Min: 5.6, Avg: 6.2, Max: 7.1, Diff: 1.5, Sum: 37.3]
      [Termination (ms): Min: 0.0, Avg: 0.0, Max: 0.0, Diff: 0.0, Sum: 0.1]
         [Termination Attempts: Min: 1, Avg: 34.8, Max: 54, Diff: 53, Sum: 209]
      [GC Worker Other (ms): Min: 0.0, Avg: 0.1, Max: 0.2, Diff: 0.2, Sum: 0.7]
      [GC Worker Total (ms): Min: 11.9, Avg: 12.1, Max: 12.2, Diff: 0.3, Sum: 72.6]
      [GC Worker End (ms): Min: 4996806.5, Avg: 4996806.6, Max: 4996806.7, Diff: 0.2]
   [Code Root Fixup: 0.2 ms]
   [Code Root Purge: 0.0 ms]
   [Clear CT: 0.4 ms]
   [Other: 9.7 ms]
      [Choose CSet: 0.0 ms]
      [Ref Proc: 7.4 ms]
      [Ref Enq: 0.4 ms]
      [Redirty Cards: 0.6 ms]
      [Humongous Register: 0.1 ms]
      [Humongous Reclaim: 0.0 ms]
      [Free CSet: 0.8 ms]
   [Eden: 1762.0M(1762.0M)->0.0B(1763.0M) Survivors: 35840.0K->34816.0K Heap: 1949.5M(2996.0M)->187.0M(2996.0M)]
Heap after GC invocations=26 (full 0):
 garbage-first heap   total 3067904K, used 191488K [0x0000000704c00000, 0x0000000704d05da0, 0x00000007c0000000)
  region size 1024K, 34 young (34816K), 34 survivors (34816K)
 Metaspace       used 127951K, capacity 134350K, committed 134688K, reserved 1165312K
  class space    used 16690K, capacity 17880K, committed 18004K, reserved 1048576K
}
 [Times: user=0.08 sys=0.02, real=0.02 secs] 
2020-12-07T11:44:19.797+0000: 4996.819: Total time for which application threads were stopped: 0.0256949 seconds, Stopping threads took: 0.0001202 seconds
2020-12-07T11:49:19.588+0000: 5296.821: Total time for which application threads were stopped: 0.0004721 seconds, Stopping threads took: 0.0000731 seconds
{Heap before GC invocations=26 (full 0):
 garbage-first heap   total 3067904K, used 1996800K [0x0000000704c00000, 0x0000000704d05da0, 0x00000007c0000000)
  region size 1024K, 1797 young (1840128K), 34 survivors (34816K)
 Metaspace       used 127995K, capacity 134354K, committed 134688K, reserved 1165312K
  class space    used 16691K, capacity 17880K, committed 18004K, reserved 1048576K
2020-12-07T11:50:07.998+0000: 5345.273: [GC pause (G1 Evacuation Pause) (young)
Desired survivor size 117964800 bytes, new threshold 15 (max 15)
- age   1:    6319224 bytes,    6319224 total
- age   2:      68880 bytes,    6388104 total
- age   3:      90224 bytes,    6478328 total
- age   4:    1296288 bytes,    7774616 total
- age   5:     250968 bytes,    8025584 total
- age   6:      17504 bytes,    8043088 total
- age   7:     273488 bytes,    8316576 total
- age   8:     103232 bytes,    8419808 total
- age   9:      73648 bytes,    8493456 total
- age  10:      81640 bytes,    8575096 total
- age  11:      83880 bytes,    8658976 total
- age  12:     490064 bytes,    9149040 total
- age  13:     953208 bytes,   10102248 total
- age  14:     641600 bytes,   10743848 total
- age  15:   16935672 bytes,   27679520 total
, 0.0253706 secs]
   [Parallel Time: 13.1 ms, GC Workers: 6]
      [GC Worker Start (ms): Min: 5345273.0, Avg: 5345273.1, Max: 5345273.2, Diff: 0.3]
      [Ext Root Scanning (ms): Min: 2.4, Avg: 2.6, Max: 3.1, Diff: 0.7, Sum: 15.9]
      [Update RS (ms): Min: 1.2, Avg: 1.2, Max: 1.2, Diff: 0.1, Sum: 7.2]
         [Processed Buffers: Min: 4, Avg: 11.2, Max: 25, Diff: 21, Sum: 67]
      [Scan RS (ms): Min: 0.7, Avg: 0.8, Max: 1.0, Diff: 0.2, Sum: 4.9]
      [Code Root Scanning (ms): Min: 0.0, Avg: 0.8, Max: 1.6, Diff: 1.6, Sum: 5.1]
      [Object Copy (ms): Min: 6.5, Avg: 7.0, Max: 7.8, Diff: 1.3, Sum: 42.1]
      [Termination (ms): Min: 0.0, Avg: 0.0, Max: 0.0, Diff: 0.0, Sum: 0.1]
         [Termination Attempts: Min: 1, Avg: 12.5, Max: 24, Diff: 23, Sum: 75]
      [GC Worker Other (ms): Min: 0.0, Avg: 0.1, Max: 0.3, Diff: 0.3, Sum: 0.7]
      [GC Worker Total (ms): Min: 12.4, Avg: 12.7, Max: 12.9, Diff: 0.4, Sum: 76.0]
      [GC Worker End (ms): Min: 5345285.6, Avg: 5345285.7, Max: 5345285.9, Diff: 0.3]
   [Code Root Fixup: 0.2 ms]
   [Code Root Purge: 0.0 ms]
   [Clear CT: 0.5 ms]
   [Other: 11.6 ms]
      [Choose CSet: 0.0 ms]
      [Ref Proc: 8.9 ms]
      [Ref Enq: 0.7 ms]
      [Redirty Cards: 0.6 ms]
      [Humongous Register: 0.1 ms]
      [Humongous Reclaim: 0.1 ms]
      [Free CSet: 0.7 ms]
   [Eden: 1763.0M(1763.0M)->0.0B(1783.0M) Survivors: 34816.0K->14336.0K Heap: 1950.0M(2996.0M)->183.6M(2996.0M)]
Heap after GC invocations=27 (full 0):
 garbage-first heap   total 3067904K, used 188021K [0x0000000704c00000, 0x0000000704d05da0, 0x00000007c0000000)
  region size 1024K, 14 young (14336K), 14 survivors (14336K)
 Metaspace       used 127995K, capacity 134354K, committed 134688K, reserved 1165312K
  class space    used 16691K, capacity 17880K, committed 18004K, reserved 1048576K
}
 [Times: user=0.06 sys=0.04, real=0.03 secs] 
2020-12-07T11:50:08.026+0000: 5345.300: Total time for which application threads were stopped: 0.0281109 seconds, Stopping threads took: 0.0000803 seconds
2020-12-07T11:55:07.817+0000: 5645.301: Total time for which application threads were stopped: 0.0006617 seconds, Stopping threads took: 0.0001869 seconds
{Heap before GC invocations=27 (full 0):
 garbage-first heap   total 3067904K, used 2013813K [0x0000000704c00000, 0x0000000704d05da0, 0x00000007c0000000)
  region size 1024K, 1797 young (1840128K), 14 survivors (14336K)
 Metaspace       used 128022K, capacity 134358K, committed 134688K, reserved 1165312K
  class space    used 16691K, capacity 17880K, committed 18004K, reserved 1048576K
2020-12-07T11:56:00.273+0000: 5697.799: [GC pause (G1 Evacuation Pause) (young)
Desired survivor size 117964800 bytes, new threshold 15 (max 15)
- age   1:    6257696 bytes,    6257696 total
- age   2:     117944 bytes,    6375640 total
- age   3:      68640 bytes,    6444280 total
- age   4:      90160 bytes,    6534440 total
- age   5:    1230880 bytes,    7765320 total
- age   6:     250688 bytes,    8016008 total
- age   7:      17376 bytes,    8033384 total
- age   8:     273488 bytes,    8306872 total
- age   9:     103152 bytes,    8410024 total
- age  10:      73648 bytes,    8483672 total
- age  11:      81640 bytes,    8565312 total
- age  12:      83880 bytes,    8649192 total
- age  13:     490064 bytes,    9139256 total
- age  14:     953208 bytes,   10092464 total
- age  15:     641600 bytes,   10734064 total
, 0.0200683 secs]
   [Parallel Time: 8.7 ms, GC Workers: 6]
      [GC Worker Start (ms): Min: 5697799.9, Avg: 5697800.0, Max: 5697800.1, Diff: 0.2]
      [Ext Root Scanning (ms): Min: 2.5, Avg: 2.6, Max: 2.8, Diff: 0.3, Sum: 15.7]
      [Update RS (ms): Min: 1.6, Avg: 1.6, Max: 1.7, Diff: 0.1, Sum: 9.8]
         [Processed Buffers: Min: 14, Avg: 19.7, Max: 31, Diff: 17, Sum: 118]
      [Scan RS (ms): Min: 0.8, Avg: 0.9, Max: 1.0, Diff: 0.2, Sum: 5.6]
      [Code Root Scanning (ms): Min: 0.0, Avg: 0.5, Max: 1.0, Diff: 1.0, Sum: 2.9]
      [Object Copy (ms): Min: 1.6, Avg: 2.1, Max: 2.6, Diff: 1.1, Sum: 12.9]
      [Termination (ms): Min: 0.0, Avg: 0.0, Max: 0.0, Diff: 0.0, Sum: 0.0]
         [Termination Attempts: Min: 1, Avg: 1.0, Max: 1, Diff: 0, Sum: 6]
      [GC Worker Other (ms): Min: 0.0, Avg: 0.2, Max: 0.4, Diff: 0.3, Sum: 1.4]
      [GC Worker Total (ms): Min: 7.9, Avg: 8.0, Max: 8.3, Diff: 0.4, Sum: 48.3]
      [GC Worker End (ms): Min: 5697807.8, Avg: 5697808.0, Max: 5697808.2, Diff: 0.3]
   [Code Root Fixup: 0.1 ms]
   [Code Root Purge: 0.0 ms]
   [Clear CT: 0.4 ms]
   [Other: 11.0 ms]
      [Choose CSet: 0.0 ms]
      [Ref Proc: 8.4 ms]
      [Ref Enq: 0.7 ms]
      [Redirty Cards: 0.5 ms]
      [Humongous Register: 0.1 ms]
      [Humongous Reclaim: 0.0 ms]
      [Free CSet: 0.7 ms]
   [Eden: 1783.0M(1783.0M)->0.0B(1783.0M) Survivors: 14336.0K->14336.0K Heap: 1966.6M(2996.0M)->187.0M(2996.0M)]
Heap after GC invocations=28 (full 0):
 garbage-first heap   total 3067904K, used 191488K [0x0000000704c00000, 0x0000000704d05da0, 0x00000007c0000000)
  region size 1024K, 14 young (14336K), 14 survivors (14336K)
 Metaspace       used 128022K, capacity 134358K, committed 134688K, reserved 1165312K
  class space    used 16691K, capacity 17880K, committed 18004K, reserved 1048576K
}
 [Times: user=0.05 sys=0.02, real=0.02 secs] 
2020-12-07T11:56:00.295+0000: 5697.822: Total time for which application threads were stopped: 0.0226359 seconds, Stopping threads took: 0.0000997 seconds
2020-12-07T12:01:00.110+0000: 5997.823: Total time for which application threads were stopped: 0.0011881 seconds, Stopping threads took: 0.0003775 seconds
{Heap before GC invocations=28 (full 0):
 garbage-first heap   total 3067904K, used 2017280K [0x0000000704c00000, 0x0000000704d05da0, 0x00000007c0000000)
  region size 1024K, 1797 young (1840128K), 14 survivors (14336K)
 Metaspace       used 128112K, capacity 134486K, committed 134688K, reserved 1165312K
  class space    used 16692K, capacity 17880K, committed 18004K, reserved 1048576K
2020-12-07T12:01:53.975+0000: 6051.705: [GC pause (G1 Evacuation Pause) (young)
Desired survivor size 117964800 bytes, new threshold 15 (max 15)
- age   1:    6260080 bytes,    6260080 total
- age   2:      69384 bytes,    6329464 total
- age   3:     117552 bytes,    6447016 total
- age   4:      68496 bytes,    6515512 total
- age   5:      90096 bytes,    6605608 total
- age   6:    1165240 bytes,    7770848 total
- age   7:     250624 bytes,    8021472 total
- age   8:      17376 bytes,    8038848 total
- age   9:     269976 bytes,    8308824 total
- age  10:     103152 bytes,    8411976 total
- age  11:      73648 bytes,    8485624 total
- age  12:      81640 bytes,    8567264 total
- age  13:      83880 bytes,    8651144 total
- age  14:     490064 bytes,    9141208 total
- age  15:     953208 bytes,   10094416 total
, 0.0230127 secs]
   [Parallel Time: 11.6 ms, GC Workers: 6]
      [GC Worker Start (ms): Min: 6051705.3, Avg: 6051705.4, Max: 6051705.6, Diff: 0.3]
      [Ext Root Scanning (ms): Min: 2.9, Avg: 4.4, Max: 10.8, Diff: 7.9, Sum: 26.3]
      [Update RS (ms): Min: 0.0, Avg: 2.4, Max: 3.0, Diff: 3.0, Sum: 14.4]
         [Processed Buffers: Min: 0, Avg: 17.7, Max: 33, Diff: 33, Sum: 106]
      [Scan RS (ms): Min: 0.1, Avg: 0.3, Max: 0.5, Diff: 0.4, Sum: 2.0]
      [Code Root Scanning (ms): Min: 0.0, Avg: 0.9, Max: 1.8, Diff: 1.8, Sum: 5.4]
      [Object Copy (ms): Min: 0.0, Avg: 2.0, Max: 3.5, Diff: 3.5, Sum: 11.9]
      [Termination (ms): Min: 0.0, Avg: 0.9, Max: 1.2, Diff: 1.2, Sum: 5.2]
         [Termination Attempts: Min: 1, Avg: 3.2, Max: 7, Diff: 6, Sum: 19]
      [GC Worker Other (ms): Min: 0.0, Avg: 0.0, Max: 0.1, Diff: 0.1, Sum: 0.2]
      [GC Worker Total (ms): Min: 10.7, Avg: 10.9, Max: 11.1, Diff: 0.3, Sum: 65.4]
      [GC Worker End (ms): Min: 6051716.3, Avg: 6051716.3, Max: 6051716.5, Diff: 0.2]
   [Code Root Fixup: 0.1 ms]
   [Code Root Purge: 0.0 ms]
   [Clear CT: 0.6 ms]
   [Other: 10.8 ms]
      [Choose CSet: 0.0 ms]
      [Ref Proc: 8.2 ms]
      [Ref Enq: 0.5 ms]
      [Redirty Cards: 0.5 ms]
      [Humongous Register: 0.1 ms]
      [Humongous Reclaim: 0.0 ms]
      [Free CSet: 0.8 ms]
   [Eden: 1783.0M(1783.0M)->0.0B(1783.0M) Survivors: 14336.0K->14336.0K Heap: 1970.0M(2996.0M)->189.0M(2996.0M)]
Heap after GC invocations=29 (full 0):
 garbage-first heap   total 3067904K, used 193528K [0x0000000704c00000, 0x0000000704d05da0, 0x00000007c0000000)
  region size 1024K, 14 young (14336K), 14 survivors (14336K)
 Metaspace       used 128112K, capacity 134486K, committed 134688K, reserved 1165312K
  class space    used 16692K, capacity 17880K, committed 18004K, reserved 1048576K
}
 [Times: user=0.07 sys=0.02, real=0.02 secs] 
2020-12-07T12:01:54.000+0000: 6051.730: Total time for which application threads were stopped: 0.0256264 seconds, Stopping threads took: 0.0000754 seconds
2020-12-07T12:06:53.792+0000: 6351.731: Total time for which application threads were stopped: 0.0007157 seconds, Stopping threads took: 0.0001722 seconds
{Heap before GC invocations=29 (full 0):
 garbage-first heap   total 3067904K, used 2019320K [0x0000000704c00000, 0x0000000704d05da0, 0x00000007c0000000)
  region size 1024K, 1797 young (1840128K), 14 survivors (14336K)
 Metaspace       used 128121K, capacity 134486K, committed 134688K, reserved 1165312K
  class space    used 16692K, capacity 17880K, committed 18004K, reserved 1048576K
2020-12-07T12:07:51.377+0000: 6409.357: [GC pause (G1 Evacuation Pause) (young)
Desired survivor size 117964800 bytes, new threshold 15 (max 15)
- age   1:    6280904 bytes,    6280904 total
- age   2:      68736 bytes,    6349640 total
- age   3:      69000 bytes,    6418640 total
- age   4:     115880 bytes,    6534520 total
- age   5:      68048 bytes,    6602568 total
- age   6:      89528 bytes,    6692096 total
- age   7:    1099392 bytes,    7791488 total
- age   8:     250624 bytes,    8042112 total
- age   9:      17376 bytes,    8059488 total
- age  10:     269976 bytes,    8329464 total
- age  11:     103152 bytes,    8432616 total
- age  12:      73648 bytes,    8506264 total
- age  13:      81640 bytes,    8587904 total
- age  14:      83880 bytes,    8671784 total
- age  15:     490064 bytes,    9161848 total
, 0.0206356 secs]
   [Parallel Time: 8.3 ms, GC Workers: 6]
      [GC Worker Start (ms): Min: 6409357.1, Avg: 6409357.3, Max: 6409357.4, Diff: 0.2]
      [Ext Root Scanning (ms): Min: 2.6, Avg: 2.7, Max: 2.9, Diff: 0.3, Sum: 16.2]
      [Update RS (ms): Min: 1.8, Avg: 1.8, Max: 1.9, Diff: 0.1, Sum: 11.1]
         [Processed Buffers: Min: 8, Avg: 19.0, Max: 30, Diff: 22, Sum: 114]
      [Scan RS (ms): Min: 0.2, Avg: 0.3, Max: 0.4, Diff: 0.1, Sum: 1.7]
      [Code Root Scanning (ms): Min: 0.0, Avg: 0.4, Max: 0.9, Diff: 0.9, Sum: 2.5]
      [Object Copy (ms): Min: 1.7, Avg: 2.3, Max: 2.8, Diff: 1.0, Sum: 13.9]
      [Termination (ms): Min: 0.0, Avg: 0.0, Max: 0.0, Diff: 0.0, Sum: 0.0]
         [Termination Attempts: Min: 1, Avg: 1.2, Max: 2, Diff: 1, Sum: 7]
      [GC Worker Other (ms): Min: 0.0, Avg: 0.2, Max: 0.4, Diff: 0.4, Sum: 1.1]
      [GC Worker Total (ms): Min: 7.5, Avg: 7.8, Max: 7.9, Diff: 0.5, Sum: 46.5]
      [GC Worker End (ms): Min: 6409364.8, Avg: 6409365.0, Max: 6409365.2, Diff: 0.4]
   [Code Root Fixup: 0.1 ms]
   [Code Root Purge: 0.0 ms]
   [Clear CT: 0.6 ms]
   [Other: 11.6 ms]
      [Choose CSet: 0.0 ms]
      [Ref Proc: 9.4 ms]
      [Ref Enq: 0.5 ms]
      [Redirty Cards: 0.5 ms]
      [Humongous Register: 0.1 ms]
      [Humongous Reclaim: 0.0 ms]
      [Free CSet: 0.8 ms]
   [Eden: 1783.0M(1783.0M)->0.0B(1784.0M) Survivors: 14336.0K->13312.0K Heap: 1972.0M(2996.0M)->188.4M(2996.0M)]
Heap after GC invocations=30 (full 0):
 garbage-first heap   total 3067904K, used 192876K [0x0000000704c00000, 0x0000000704d05da0, 0x00000007c0000000)
  region size 1024K, 13 young (13312K), 13 survivors (13312K)
 Metaspace       used 128121K, capacity 134486K, committed 134688K, reserved 1165312K
  class space    used 16692K, capacity 17880K, committed 18004K, reserved 1048576K
}
 [Times: user=0.05 sys=0.01, real=0.02 secs] 
2020-12-07T12:07:51.399+0000: 6409.380: Total time for which application threads were stopped: 0.0234387 seconds, Stopping threads took: 0.0002021 seconds
2020-12-07T12:12:51.193+0000: 6709.380: Total time for which application threads were stopped: 0.0006225 seconds, Stopping threads took: 0.0001830 seconds
{Heap before GC invocations=30 (full 0):
 garbage-first heap   total 3067904K, used 2019692K [0x0000000704c00000, 0x0000000704d05da0, 0x00000007c0000000)
  region size 1024K, 1797 young (1840128K), 13 survivors (13312K)
 Metaspace       used 128184K, capacity 134550K, committed 134944K, reserved 1167360K
  class space    used 16693K, capacity 17880K, committed 18004K, reserved 1048576K
2020-12-07T12:13:50.773+0000: 6769.002: [GC pause (G1 Evacuation Pause) (young)
Desired survivor size 117964800 bytes, new threshold 15 (max 15)
- age   1:    6270496 bytes,    6270496 total
- age   2:      74912 bytes,    6345408 total
- age   3:      68232 bytes,    6413640 total
- age   4:      69000 bytes,    6482640 total
- age   5:     115848 bytes,    6598488 total
- age   6:      67616 bytes,    6666104 total
- age   7:      89392 bytes,    6755496 total
- age   8:    1034048 bytes,    7789544 total
- age   9:     212072 bytes,    8001616 total
- age  10:      17376 bytes,    8018992 total
- age  11:     269976 bytes,    8288968 total
- age  12:     103152 bytes,    8392120 total
- age  13:      73648 bytes,    8465768 total
- age  14:      81640 bytes,    8547408 total
- age  15:      83880 bytes,    8631288 total
, 0.0222740 secs]
   [Parallel Time: 8.0 ms, GC Workers: 6]
      [GC Worker Start (ms): Min: 6769002.2, Avg: 6769002.3, Max: 6769002.5, Diff: 0.4]
      [Ext Root Scanning (ms): Min: 2.7, Avg: 2.9, Max: 3.1, Diff: 0.4, Sum: 17.2]
      [Update RS (ms): Min: 1.8, Avg: 1.9, Max: 2.1, Diff: 0.3, Sum: 11.1]
         [Processed Buffers: Min: 8, Avg: 19.7, Max: 37, Diff: 29, Sum: 118]
      [Scan RS (ms): Min: 0.1, Avg: 0.3, Max: 0.4, Diff: 0.3, Sum: 1.7]
      [Code Root Scanning (ms): Min: 0.0, Avg: 0.3, Max: 0.6, Diff: 0.6, Sum: 1.9]
      [Object Copy (ms): Min: 1.5, Avg: 1.8, Max: 2.2, Diff: 0.8, Sum: 11.0]
      [Termination (ms): Min: 0.0, Avg: 0.0, Max: 0.0, Diff: 0.0, Sum: 0.0]
         [Termination Attempts: Min: 1, Avg: 1.2, Max: 2, Diff: 1, Sum: 7]
      [GC Worker Other (ms): Min: 0.0, Avg: 0.1, Max: 0.3, Diff: 0.3, Sum: 0.9]
      [GC Worker Total (ms): Min: 7.1, Avg: 7.3, Max: 7.6, Diff: 0.5, Sum: 43.7]
      [GC Worker End (ms): Min: 6769009.5, Avg: 6769009.6, Max: 6769009.8, Diff: 0.3]
   [Code Root Fixup: 0.0 ms]
   [Code Root Purge: 0.0 ms]
   [Clear CT: 0.6 ms]
   [Other: 13.6 ms]
      [Choose CSet: 0.0 ms]
      [Ref Proc: 10.4 ms]
      [Ref Enq: 0.8 ms]
      [Redirty Cards: 0.7 ms]
      [Humongous Register: 0.1 ms]
      [Humongous Reclaim: 0.2 ms]
      [Free CSet: 0.9 ms]
   [Eden: 1784.0M(1784.0M)->0.0B(1784.0M) Survivors: 13312.0K->13312.0K Heap: 1972.4M(2996.0M)->189.2M(2996.0M)]
Heap after GC invocations=31 (full 0):
 garbage-first heap   total 3067904K, used 193749K [0x0000000704c00000, 0x0000000704d05da0, 0x00000007c0000000)
  region size 1024K, 13 young (13312K), 13 survivors (13312K)
 Metaspace       used 128184K, capacity 134550K, committed 134944K, reserved 1167360K
  class space    used 16693K, capacity 17880K, committed 18004K, reserved 1048576K
}
 [Times: user=0.06 sys=0.02, real=0.03 secs] 
2020-12-07T12:13:50.797+0000: 6769.026: Total time for which application threads were stopped: 0.0249062 seconds, Stopping threads took: 0.0001128 seconds
2020-12-07T12:18:50.591+0000: 7069.027: Total time for which application threads were stopped: 0.0007294 seconds, Stopping threads took: 0.0001922 seconds
{Heap before GC invocations=31 (full 0):
 garbage-first heap   total 3067904K, used 2020565K [0x0000000704c00000, 0x0000000704d05da0, 0x00000007c0000000)
  region size 1024K, 1797 young (1840128K), 13 survivors (13312K)
 Metaspace       used 128242K, capacity 134614K, committed 134944K, reserved 1167360K
  class space    used 16693K, capacity 17880K, committed 18004K, reserved 1048576K
2020-12-07T12:19:48.376+0000: 7126.854: [GC pause (G1 Evacuation Pause) (young)
Desired survivor size 117964800 bytes, new threshold 15 (max 15)
- age   1:    6332992 bytes,    6332992 total
- age   2:      73928 bytes,    6406920 total
- age   3:      74592 bytes,    6481512 total
- age   4:      68088 bytes,    6549600 total
- age   5:      68936 bytes,    6618536 total
- age   6:     112976 bytes,    6731512 total
- age   7:      67400 bytes,    6798912 total
- age   8:      52280 bytes,    6851192 total
- age   9:     843608 bytes,    7694800 total
- age  10:     210800 bytes,    7905600 total
- age  11:      17376 bytes,    7922976 total
- age  12:     247528 bytes,    8170504 total
- age  13:     103152 bytes,    8273656 total
- age  14:      73488 bytes,    8347144 total
- age  15:      81608 bytes,    8428752 total
, 0.0229907 secs]
   [Parallel Time: 7.3 ms, GC Workers: 6]
      [GC Worker Start (ms): Min: 7126854.2, Avg: 7126854.3, Max: 7126854.5, Diff: 0.3]
      [Ext Root Scanning (ms): Min: 2.6, Avg: 2.7, Max: 3.0, Diff: 0.4, Sum: 16.3]
      [Update RS (ms): Min: 1.5, Avg: 1.6, Max: 1.7, Diff: 0.2, Sum: 9.5]
         [Processed Buffers: Min: 5, Avg: 20.5, Max: 42, Diff: 37, Sum: 123]
      [Scan RS (ms): Min: 0.2, Avg: 0.3, Max: 0.4, Diff: 0.2, Sum: 1.9]
      [Code Root Scanning (ms): Min: 0.0, Avg: 0.1, Max: 0.3, Diff: 0.2, Sum: 0.8]
      [Object Copy (ms): Min: 1.7, Avg: 1.9, Max: 2.1, Diff: 0.4, Sum: 11.6]
      [Termination (ms): Min: 0.0, Avg: 0.0, Max: 0.0, Diff: 0.0, Sum: 0.0]
         [Termination Attempts: Min: 1, Avg: 1.3, Max: 2, Diff: 1, Sum: 8]
      [GC Worker Other (ms): Min: 0.0, Avg: 0.1, Max: 0.1, Diff: 0.1, Sum: 0.4]
      [GC Worker Total (ms): Min: 6.6, Avg: 6.7, Max: 6.9, Diff: 0.3, Sum: 40.4]
      [GC Worker End (ms): Min: 7126861.0, Avg: 7126861.1, Max: 7126861.2, Diff: 0.1]
   [Code Root Fixup: 0.0 ms]
   [Code Root Purge: 0.0 ms]
   [Clear CT: 0.5 ms]
   [Other: 15.1 ms]
      [Choose CSet: 0.0 ms]
      [Ref Proc: 12.2 ms]
      [Ref Enq: 0.9 ms]
      [Redirty Cards: 0.6 ms]
      [Humongous Register: 0.1 ms]
      [Humongous Reclaim: 0.1 ms]
      [Free CSet: 0.8 ms]
   [Eden: 1784.0M(1784.0M)->0.0B(1784.0M) Survivors: 13312.0K->13312.0K Heap: 1973.2M(2996.0M)->188.8M(2996.0M)]
Heap after GC invocations=32 (full 0):
 garbage-first heap   total 3067904K, used 193375K [0x0000000704c00000, 0x0000000704d05da0, 0x00000007c0000000)
  region size 1024K, 13 young (13312K), 13 survivors (13312K)
 Metaspace       used 128242K, capacity 134614K, committed 134944K, reserved 1167360K
  class space    used 16693K, capacity 17880K, committed 18004K, reserved 1048576K
}
 [Times: user=0.06 sys=0.01, real=0.03 secs] 
2020-12-07T12:19:48.402+0000: 7126.879: Total time for which application threads were stopped: 0.0264842 seconds, Stopping threads took: 0.0003678 seconds
2020-12-07T12:24:48.150+0000: 7426.881: Total time for which application threads were stopped: 0.0005651 seconds, Stopping threads took: 0.0001066 seconds
{Heap before GC invocations=32 (full 0):
 garbage-first heap   total 3067904K, used 2031007K [0x0000000704c00000, 0x0000000704d05da0, 0x00000007c0000000)
  region size 1024K, 1797 young (1840128K), 13 survivors (13312K)
 Metaspace       used 128342K, capacity 134764K, committed 135200K, reserved 1167360K
  class space    used 16699K, capacity 17885K, committed 18004K, reserved 1048576K
2020-12-07T12:25:41.054+0000: 7479.828: [GC pause (G1 Evacuation Pause) (young)
Desired survivor size 117964800 bytes, new threshold 15 (max 15)
- age   1:    6324992 bytes,    6324992 total
- age   2:     121336 bytes,    6446328 total
- age   3:      72080 bytes,    6518408 total
- age   4:      74592 bytes,    6593000 total
- age   5:      68088 bytes,    6661088 total
- age   6:      66920 bytes,    6728008 total
- age   7:     112784 bytes,    6840792 total
- age   8:      34104 bytes,    6874896 total
- age   9:      37640 bytes,    6912536 total
- age  10:     821080 bytes,    7733616 total
- age  11:     209552 bytes,    7943168 total
- age  12:      17376 bytes,    7960544 total
- age  13:     247240 bytes,    8207784 total
- age  14:     103056 bytes,    8310840 total
- age  15:      73488 bytes,    8384328 total
, 0.0178833 secs]
   [Parallel Time: 7.0 ms, GC Workers: 6]
      [GC Worker Start (ms): Min: 7479828.1, Avg: 7479828.2, Max: 7479828.3, Diff: 0.2]
      [Ext Root Scanning (ms): Min: 2.7, Avg: 2.8, Max: 3.0, Diff: 0.3, Sum: 16.7]
      [Update RS (ms): Min: 1.5, Avg: 1.6, Max: 1.7, Diff: 0.3, Sum: 9.4]
         [Processed Buffers: Min: 11, Avg: 21.3, Max: 29, Diff: 18, Sum: 128]
      [Scan RS (ms): Min: 0.2, Avg: 0.3, Max: 0.4, Diff: 0.2, Sum: 1.9]
      [Code Root Scanning (ms): Min: 0.0, Avg: 0.1, Max: 0.2, Diff: 0.2, Sum: 0.7]
      [Object Copy (ms): Min: 1.5, Avg: 1.6, Max: 1.8, Diff: 0.3, Sum: 9.8]
      [Termination (ms): Min: 0.0, Avg: 0.0, Max: 0.0, Diff: 0.0, Sum: 0.0]
         [Termination Attempts: Min: 1, Avg: 1.0, Max: 1, Diff: 0, Sum: 6]
      [GC Worker Other (ms): Min: 0.0, Avg: 0.1, Max: 0.2, Diff: 0.2, Sum: 0.5]
      [GC Worker Total (ms): Min: 6.4, Avg: 6.5, Max: 6.7, Diff: 0.3, Sum: 39.0]
      [GC Worker End (ms): Min: 7479834.6, Avg: 7479834.7, Max: 7479834.8, Diff: 0.2]
   [Code Root Fixup: 0.0 ms]
   [Code Root Purge: 0.0 ms]
   [Clear CT: 0.4 ms]
   [Other: 10.5 ms]
      [Choose CSet: 0.0 ms]
      [Ref Proc: 8.0 ms]
      [Ref Enq: 0.6 ms]
      [Redirty Cards: 0.6 ms]
      [Humongous Register: 0.1 ms]
      [Humongous Reclaim: 0.1 ms]
      [Free CSet: 0.7 ms]
   [Eden: 1784.0M(1784.0M)->0.0B(1784.0M) Survivors: 13312.0K->13312.0K Heap: 1983.4M(2996.0M)->189.4M(2996.0M)]
Heap after GC invocations=33 (full 0):
 garbage-first heap   total 3067904K, used 193987K [0x0000000704c00000, 0x0000000704d05da0, 0x00000007c0000000)
  region size 1024K, 13 young (13312K), 13 survivors (13312K)
 Metaspace       used 128342K, capacity 134764K, committed 135200K, reserved 1167360K
  class space    used 16699K, capacity 17885K, committed 18004K, reserved 1048576K
}
 [Times: user=0.04 sys=0.02, real=0.02 secs] 
2020-12-07T12:25:41.074+0000: 7479.848: Total time for which application threads were stopped: 0.0203025 seconds, Stopping threads took: 0.0000729 seconds
2020-12-07T12:30:40.860+0000: 7779.848: Total time for which application threads were stopped: 0.0007037 seconds, Stopping threads took: 0.0003063 seconds
{Heap before GC invocations=33 (full 0):
 garbage-first heap   total 3067904K, used 2020803K [0x0000000704c00000, 0x0000000704d05da0, 0x00000007c0000000)
  region size 1024K, 1797 young (1840128K), 13 survivors (13312K)
 Metaspace       used 128450K, capacity 134844K, committed 135200K, reserved 1167360K
  class space    used 16699K, capacity 17885K, committed 18004K, reserved 1048576K
2020-12-07T12:31:43.221+0000: 7842.252: [GC pause (G1 Evacuation Pause) (young)
Desired survivor size 117964800 bytes, new threshold 15 (max 15)
- age   1:    7369936 bytes,    7369936 total
- age   2:      41176 bytes,    7411112 total
- age   3:      40560 bytes,    7451672 total
- age   4:       5568 bytes,    7457240 total
- age   5:       8792 bytes,    7466032 total
- age   6:       2256 bytes,    7468288 total
- age   7:       2776 bytes,    7471064 total
- age   8:      47984 bytes,    7519048 total
- age   9:       1584 bytes,    7520632 total
- age  10:      14720 bytes,    7535352 total
- age  11:     520968 bytes,    8056320 total
- age  12:     209552 bytes,    8265872 total
- age  13:      17376 bytes,    8283248 total
- age  14:     247176 bytes,    8530424 total
- age  15:     103056 bytes,    8633480 total
, 0.0187389 secs]
   [Parallel Time: 6.9 ms, GC Workers: 6]
      [GC Worker Start (ms): Min: 7842252.4, Avg: 7842252.6, Max: 7842252.7, Diff: 0.3]
      [Ext Root Scanning (ms): Min: 2.5, Avg: 2.7, Max: 2.9, Diff: 0.4, Sum: 16.2]
      [Update RS (ms): Min: 1.5, Avg: 1.6, Max: 1.7, Diff: 0.2, Sum: 9.6]
         [Processed Buffers: Min: 8, Avg: 19.2, Max: 47, Diff: 39, Sum: 115]
      [Scan RS (ms): Min: 0.1, Avg: 0.3, Max: 0.3, Diff: 0.2, Sum: 1.5]
      [Code Root Scanning (ms): Min: 0.0, Avg: 0.1, Max: 0.3, Diff: 0.3, Sum: 0.9]
      [Object Copy (ms): Min: 1.5, Avg: 1.7, Max: 1.9, Diff: 0.4, Sum: 10.0]
      [Termination (ms): Min: 0.0, Avg: 0.0, Max: 0.0, Diff: 0.0, Sum: 0.0]
         [Termination Attempts: Min: 1, Avg: 1.0, Max: 1, Diff: 0, Sum: 6]
      [GC Worker Other (ms): Min: 0.0, Avg: 0.1, Max: 0.4, Diff: 0.3, Sum: 0.9]
      [GC Worker Total (ms): Min: 6.4, Avg: 6.5, Max: 6.8, Diff: 0.4, Sum: 39.1]
      [GC Worker End (ms): Min: 7842259.0, Avg: 7842259.1, Max: 7842259.3, Diff: 0.3]
   [Code Root Fixup: 0.2 ms]
   [Code Root Purge: 0.0 ms]
   [Clear CT: 0.6 ms]
   [Other: 11.0 ms]
      [Choose CSet: 0.0 ms]
      [Ref Proc: 8.6 ms]
      [Ref Enq: 0.5 ms]
      [Redirty Cards: 0.7 ms]
      [Humongous Register: 0.1 ms]
      [Humongous Reclaim: 0.0 ms]
      [Free CSet: 0.6 ms]
   [Eden: 1784.0M(1784.0M)->0.0B(1784.0M) Survivors: 13312.0K->13312.0K Heap: 1973.4M(2996.0M)->189.6M(2996.0M)]
Heap after GC invocations=34 (full 0):
 garbage-first heap   total 3067904K, used 194127K [0x0000000704c00000, 0x0000000704d05da0, 0x00000007c0000000)
  region size 1024K, 13 young (13312K), 13 survivors (13312K)
 Metaspace       used 128450K, capacity 134844K, committed 135200K, reserved 1167360K
  class space    used 16699K, capacity 17885K, committed 18004K, reserved 1048576K
}
 [Times: user=0.05 sys=0.00, real=0.02 secs] 
2020-12-07T12:31:43.242+0000: 7842.273: Total time for which application threads were stopped: 0.0217995 seconds, Stopping threads took: 0.0001098 seconds
2020-12-07T12:36:43.028+0000: 8142.274: Total time for which application threads were stopped: 0.0007560 seconds, Stopping threads took: 0.0001936 seconds
{Heap before GC invocations=34 (full 0):
 garbage-first heap   total 3067904K, used 2020943K [0x0000000704c00000, 0x0000000704d05da0, 0x00000007c0000000)
  region size 1024K, 1797 young (1840128K), 13 survivors (13312K)
 Metaspace       used 128700K, capacity 135136K, committed 135456K, reserved 1167360K
  class space    used 16713K, capacity 17927K, committed 18004K, reserved 1048576K
2020-12-07T12:37:44.776+0000: 8204.064: [GC pause (G1 Evacuation Pause) (young)
Desired survivor size 117964800 bytes, new threshold 15 (max 15)
- age   1:    6284032 bytes,    6284032 total
- age   2:    1102952 bytes,    7386984 total
- age   3:      27488 bytes,    7414472 total
- age   4:      39744 bytes,    7454216 total
- age   5:       5568 bytes,    7459784 total
- age   6:       8424 bytes,    7468208 total
- age   7:       2104 bytes,    7470312 total
- age   8:       2776 bytes,    7473088 total
- age   9:      47984 bytes,    7521072 total
- age  10:       1584 bytes,    7522656 total
- age  11:      14720 bytes,    7537376 total
- age  12:     519888 bytes,    8057264 total
- age  13:     209552 bytes,    8266816 total
- age  14:      17312 bytes,    8284128 total
- age  15:     247176 bytes,    8531304 total
, 0.0189119 secs]
   [Parallel Time: 7.1 ms, GC Workers: 6]
      [GC Worker Start (ms): Min: 8204064.8, Avg: 8204064.9, Max: 8204065.1, Diff: 0.3]
      [Ext Root Scanning (ms): Min: 2.7, Avg: 2.9, Max: 3.1, Diff: 0.4, Sum: 17.1]
      [Update RS (ms): Min: 1.6, Avg: 1.7, Max: 1.9, Diff: 0.3, Sum: 10.2]
         [Processed Buffers: Min: 6, Avg: 19.7, Max: 49, Diff: 43, Sum: 118]
      [Scan RS (ms): Min: 0.1, Avg: 0.3, Max: 0.4, Diff: 0.3, Sum: 1.9]
      [Code Root Scanning (ms): Min: 0.0, Avg: 0.1, Max: 0.2, Diff: 0.2, Sum: 0.6]
      [Object Copy (ms): Min: 1.5, Avg: 1.6, Max: 1.8, Diff: 0.3, Sum: 9.7]
      [Termination (ms): Min: 0.0, Avg: 0.0, Max: 0.0, Diff: 0.0, Sum: 0.0]
         [Termination Attempts: Min: 1, Avg: 1.3, Max: 2, Diff: 1, Sum: 8]
      [GC Worker Other (ms): Min: 0.0, Avg: 0.2, Max: 0.3, Diff: 0.3, Sum: 1.0]
      [GC Worker Total (ms): Min: 6.5, Avg: 6.8, Max: 7.0, Diff: 0.4, Sum: 40.5]
      [GC Worker End (ms): Min: 8204071.6, Avg: 8204071.7, Max: 8204071.8, Diff: 0.3]
   [Code Root Fixup: 0.1 ms]
   [Code Root Purge: 0.0 ms]
   [Clear CT: 0.3 ms]
   [Other: 11.4 ms]
      [Choose CSet: 0.0 ms]
      [Ref Proc: 9.0 ms]
      [Ref Enq: 0.6 ms]
      [Redirty Cards: 0.6 ms]
      [Humongous Register: 0.1 ms]
      [Humongous Reclaim: 0.1 ms]
      [Free CSet: 0.7 ms]
   [Eden: 1784.0M(1784.0M)->0.0B(1784.0M) Survivors: 13312.0K->13312.0K Heap: 1973.6M(2996.0M)->189.3M(2996.0M)]
Heap after GC invocations=35 (full 0):
 garbage-first heap   total 3067904K, used 193888K [0x0000000704c00000, 0x0000000704d05da0, 0x00000007c0000000)
  region size 1024K, 13 young (13312K), 13 survivors (13312K)
 Metaspace       used 128700K, capacity 135136K, committed 135456K, reserved 1167360K
  class space    used 16713K, capacity 17927K, committed 18004K, reserved 1048576K
}
 [Times: user=0.04 sys=0.02, real=0.02 secs] 
2020-12-07T12:37:44.797+0000: 8204.085: Total time for which application threads were stopped: 0.0213640 seconds, Stopping threads took: 0.0000712 seconds
2020-12-07T12:38:12.438+0000: 8231.748: Total time for which application threads were stopped: 0.0028692 seconds, Stopping threads took: 0.0002250 seconds
2020-12-07T12:43:12.224+0000: 8531.749: Total time for which application threads were stopped: 0.0007035 seconds, Stopping threads took: 0.0001933 seconds
{Heap before GC invocations=35 (full 0):
 garbage-first heap   total 3067904K, used 2020704K [0x0000000704c00000, 0x0000000704d05da0, 0x00000007c0000000)
  region size 1024K, 1797 young (1840128K), 13 survivors (13312K)
 Metaspace       used 128874K, capacity 135336K, committed 135456K, reserved 1167360K
  class space    used 16730K, capacity 17927K, committed 18004K, reserved 1048576K
2020-12-07T12:43:48.174+0000: 8567.720: [GC pause (G1 Evacuation Pause) (young)
Desired survivor size 117964800 bytes, new threshold 15 (max 15)
- age   1:    6486408 bytes,    6486408 total
- age   2:      79088 bytes,    6565496 total
- age   3:     907640 bytes,    7473136 total
- age   4:      27488 bytes,    7500624 total
- age   5:      39616 bytes,    7540240 total
- age   6:       5312 bytes,    7545552 total
- age   7:       8296 bytes,    7553848 total
- age   8:       2104 bytes,    7555952 total
- age   9:       2776 bytes,    7558728 total
- age  10:      47984 bytes,    7606712 total
- age  11:       1584 bytes,    7608296 total
- age  12:      14592 bytes,    7622888 total
- age  13:     519560 bytes,    8142448 total
- age  14:     209488 bytes,    8351936 total
- age  15:      17184 bytes,    8369120 total
, 0.0202956 secs]
   [Parallel Time: 7.9 ms, GC Workers: 6]
      [GC Worker Start (ms): Min: 8567720.6, Avg: 8567720.7, Max: 8567720.9, Diff: 0.3]
      [Ext Root Scanning (ms): Min: 2.9, Avg: 3.1, Max: 3.4, Diff: 0.5, Sum: 18.5]
      [Update RS (ms): Min: 1.7, Avg: 1.8, Max: 2.0, Diff: 0.3, Sum: 11.0]
         [Processed Buffers: Min: 5, Avg: 20.0, Max: 39, Diff: 34, Sum: 120]
      [Scan RS (ms): Min: 0.2, Avg: 0.3, Max: 0.4, Diff: 0.2, Sum: 1.9]
      [Code Root Scanning (ms): Min: 0.0, Avg: 0.1, Max: 0.3, Diff: 0.3, Sum: 0.7]
      [Object Copy (ms): Min: 1.7, Avg: 1.8, Max: 1.9, Diff: 0.2, Sum: 10.8]
      [Termination (ms): Min: 0.0, Avg: 0.0, Max: 0.0, Diff: 0.0, Sum: 0.0]
         [Termination Attempts: Min: 1, Avg: 1.5, Max: 3, Diff: 2, Sum: 9]
      [GC Worker Other (ms): Min: 0.0, Avg: 0.1, Max: 0.2, Diff: 0.1, Sum: 0.4]
      [GC Worker Total (ms): Min: 7.0, Avg: 7.2, Max: 7.3, Diff: 0.3, Sum: 43.3]
      [GC Worker End (ms): Min: 8567727.9, Avg: 8567728.0, Max: 8567728.1, Diff: 0.1]
   [Code Root Fixup: 0.0 ms]
   [Code Root Purge: 0.0 ms]
   [Clear CT: 0.7 ms]
   [Other: 11.7 ms]
      [Choose CSet: 0.0 ms]
      [Ref Proc: 9.2 ms]
      [Ref Enq: 0.6 ms]
      [Redirty Cards: 0.6 ms]
      [Humongous Register: 0.1 ms]
      [Humongous Reclaim: 0.1 ms]
      [Free CSet: 0.8 ms]
   [Eden: 1784.0M(1784.0M)->0.0B(1784.0M) Survivors: 13312.0K->13312.0K Heap: 1973.3M(2996.0M)->190.0M(2996.0M)]
Heap after GC invocations=36 (full 0):
 garbage-first heap   total 3067904K, used 194584K [0x0000000704c00000, 0x0000000704d05da0, 0x00000007c0000000)
  region size 1024K, 13 young (13312K), 13 survivors (13312K)
 Metaspace       used 128874K, capacity 135336K, committed 135456K, reserved 1167360K
  class space    used 16730K, capacity 17927K, committed 18004K, reserved 1048576K
}
 [Times: user=0.06 sys=0.01, real=0.02 secs] 
2020-12-07T12:43:48.196+0000: 8567.743: Total time for which application threads were stopped: 0.0230107 seconds, Stopping threads took: 0.0001993 seconds
2020-12-07T12:48:47.983+0000: 8867.744: Total time for which application threads were stopped: 0.0006828 seconds, Stopping threads took: 0.0002618 seconds
{Heap before GC invocations=36 (full 0):
 garbage-first heap   total 3067904K, used 2021400K [0x0000000704c00000, 0x0000000704d05da0, 0x00000007c0000000)
  region size 1024K, 1797 young (1840128K), 13 survivors (13312K)
 Metaspace       used 128877K, capacity 135336K, committed 135456K, reserved 1167360K
  class space    used 16730K, capacity 17927K, committed 18004K, reserved 1048576K
2020-12-07T12:49:47.571+0000: 8927.375: [GC pause (G1 Evacuation Pause) (young)
Desired survivor size 117964800 bytes, new threshold 15 (max 15)
- age   1:    6335456 bytes,    6335456 total
- age   2:     273664 bytes,    6609120 total
- age   3:      73704 bytes,    6682824 total
- age   4:     836720 bytes,    7519544 total
- age   5:      25224 bytes,    7544768 total
- age   6:      39360 bytes,    7584128 total
- age   7:       5184 bytes,    7589312 total
- age   8:       8296 bytes,    7597608 total
- age   9:       2104 bytes,    7599712 total
- age  10:       2776 bytes,    7602488 total
- age  11:      47984 bytes,    7650472 total
- age  12:       1584 bytes,    7652056 total
- age  13:      14592 bytes,    7666648 total
- age  14:     519496 bytes,    8186144 total
- age  15:     209488 bytes,    8395632 total
, 0.0192757 secs]
   [Parallel Time: 7.2 ms, GC Workers: 6]
      [GC Worker Start (ms): Min: 8927375.5, Avg: 8927375.6, Max: 8927375.9, Diff: 0.5]
      [Ext Root Scanning (ms): Min: 2.6, Avg: 2.9, Max: 3.1, Diff: 0.5, Sum: 17.2]
      [Update RS (ms): Min: 1.4, Avg: 1.5, Max: 1.6, Diff: 0.2, Sum: 8.9]
         [Processed Buffers: Min: 7, Avg: 18.7, Max: 46, Diff: 39, Sum: 112]
      [Scan RS (ms): Min: 0.2, Avg: 0.3, Max: 0.4, Diff: 0.2, Sum: 1.7]
      [Code Root Scanning (ms): Min: 0.0, Avg: 0.1, Max: 0.3, Diff: 0.3, Sum: 0.7]
      [Object Copy (ms): Min: 1.4, Avg: 1.6, Max: 1.8, Diff: 0.3, Sum: 9.3]
      [Termination (ms): Min: 0.0, Avg: 0.0, Max: 0.0, Diff: 0.0, Sum: 0.0]
         [Termination Attempts: Min: 1, Avg: 2.0, Max: 3, Diff: 2, Sum: 12]
      [GC Worker Other (ms): Min: 0.0, Avg: 0.2, Max: 0.3, Diff: 0.3, Sum: 1.1]
      [GC Worker Total (ms): Min: 6.1, Avg: 6.5, Max: 6.7, Diff: 0.6, Sum: 38.9]
      [GC Worker End (ms): Min: 8927382.0, Avg: 8927382.1, Max: 8927382.3, Diff: 0.3]
   [Code Root Fixup: 0.0 ms]
   [Code Root Purge: 0.0 ms]
   [Clear CT: 0.4 ms]
   [Other: 11.6 ms]
      [Choose CSet: 0.0 ms]
      [Ref Proc: 9.1 ms]
      [Ref Enq: 0.8 ms]
      [Redirty Cards: 0.6 ms]
      [Humongous Register: 0.1 ms]
      [Humongous Reclaim: 0.0 ms]
      [Free CSet: 0.7 ms]
   [Eden: 1784.0M(1784.0M)->0.0B(1784.0M) Survivors: 13312.0K->13312.0K Heap: 1974.0M(2996.0M)->189.7M(2996.0M)]
Heap after GC invocations=37 (full 0):
 garbage-first heap   total 3067904K, used 194303K [0x0000000704c00000, 0x0000000704d05da0, 0x00000007c0000000)
  region size 1024K, 13 young (13312K), 13 survivors (13312K)
 Metaspace       used 128877K, capacity 135336K, committed 135456K, reserved 1167360K
  class space    used 16730K, capacity 17927K, committed 18004K, reserved 1048576K
}
 [Times: user=0.05 sys=0.01, real=0.02 secs] 
2020-12-07T12:49:47.593+0000: 8927.397: Total time for which application threads were stopped: 0.0221190 seconds, Stopping threads took: 0.0001252 seconds
2020-12-07T12:54:47.379+0000: 9227.398: Total time for which application threads were stopped: 0.0009264 seconds, Stopping threads took: 0.0002667 seconds
{Heap before GC invocations=37 (full 0):
 garbage-first heap   total 3067904K, used 2021119K [0x0000000704c00000, 0x0000000704d05da0, 0x00000007c0000000)
  region size 1024K, 1797 young (1840128K), 13 survivors (13312K)
 Metaspace       used 128888K, capacity 135336K, committed 135456K, reserved 1167360K
  class space    used 16730K, capacity 17927K, committed 18004K, reserved 1048576K
2020-12-07T12:55:45.275+0000: 9285.336: [GC pause (G1 Evacuation Pause) (young)
Desired survivor size 117964800 bytes, new threshold 15 (max 15)
- age   1:    6271496 bytes,    6271496 total
- age   2:     132576 bytes,    6404072 total
- age   3:     273360 bytes,    6677432 total
- age   4:      73624 bytes,    6751056 total
- age   5:     768576 bytes,    7519632 total
- age   6:      24832 bytes,    7544464 total
- age   7:      39232 bytes,    7583696 total
- age   8:       5184 bytes,    7588880 total
- age   9:       8032 bytes,    7596912 total
- age  10:       2104 bytes,    7599016 total
- age  11:       2776 bytes,    7601792 total
- age  12:      47984 bytes,    7649776 total
- age  13:       1520 bytes,    7651296 total
- age  14:      14528 bytes,    7665824 total
- age  15:     519496 bytes,    8185320 total
, 0.0181759 secs]
   [Parallel Time: 6.8 ms, GC Workers: 6]
      [GC Worker Start (ms): Min: 9285336.7, Avg: 9285336.8, Max: 9285336.9, Diff: 0.2]
      [Ext Root Scanning (ms): Min: 2.5, Avg: 2.7, Max: 2.9, Diff: 0.3, Sum: 16.1]
      [Update RS (ms): Min: 1.5, Avg: 1.6, Max: 1.7, Diff: 0.2, Sum: 9.4]
         [Processed Buffers: Min: 9, Avg: 19.8, Max: 44, Diff: 35, Sum: 119]
      [Scan RS (ms): Min: 0.1, Avg: 0.3, Max: 0.3, Diff: 0.2, Sum: 1.5]
      [Code Root Scanning (ms): Min: 0.0, Avg: 0.1, Max: 0.2, Diff: 0.2, Sum: 0.5]
      [Object Copy (ms): Min: 1.4, Avg: 1.5, Max: 1.6, Diff: 0.2, Sum: 8.8]
      [Termination (ms): Min: 0.0, Avg: 0.0, Max: 0.0, Diff: 0.0, Sum: 0.1]
         [Termination Attempts: Min: 1, Avg: 1.0, Max: 1, Diff: 0, Sum: 6]
      [GC Worker Other (ms): Min: 0.0, Avg: 0.1, Max: 0.2, Diff: 0.2, Sum: 0.6]
      [GC Worker Total (ms): Min: 6.1, Avg: 6.2, Max: 6.4, Diff: 0.3, Sum: 37.1]
      [GC Worker End (ms): Min: 9285342.9, Avg: 9285343.0, Max: 9285343.1, Diff: 0.2]
   [Code Root Fixup: 0.0 ms]
   [Code Root Purge: 0.0 ms]
   [Clear CT: 0.6 ms]
   [Other: 10.8 ms]
      [Choose CSet: 0.0 ms]
      [Ref Proc: 8.6 ms]
      [Ref Enq: 0.4 ms]
      [Redirty Cards: 0.5 ms]
      [Humongous Register: 0.1 ms]
      [Humongous Reclaim: 0.0 ms]
      [Free CSet: 0.7 ms]
   [Eden: 1784.0M(1784.0M)->0.0B(1784.0M) Survivors: 13312.0K->13312.0K Heap: 1973.7M(2996.0M)->190.4M(2996.0M)]
Heap after GC invocations=38 (full 0):
 garbage-first heap   total 3067904K, used 194928K [0x0000000704c00000, 0x0000000704d05da0, 0x00000007c0000000)
  region size 1024K, 13 young (13312K), 13 survivors (13312K)
 Metaspace       used 128888K, capacity 135336K, committed 135456K, reserved 1167360K
  class space    used 16730K, capacity 17927K, committed 18004K, reserved 1048576K
}
 [Times: user=0.04 sys=0.01, real=0.02 secs] 
2020-12-07T12:55:45.295+0000: 9285.356: Total time for which application threads were stopped: 0.0203396 seconds, Stopping threads took: 0.0002538 seconds
2020-12-07T13:00:45.083+0000: 9585.359: Total time for which application threads were stopped: 0.0005688 seconds, Stopping threads took: 0.0001655 seconds
{Heap before GC invocations=38 (full 0):
 garbage-first heap   total 3067904K, used 2021744K [0x0000000704c00000, 0x0000000704d05da0, 0x00000007c0000000)
  region size 1024K, 1797 young (1840128K), 13 survivors (13312K)
 Metaspace       used 128901K, capacity 135336K, committed 135456K, reserved 1167360K
  class space    used 16730K, capacity 17927K, committed 18004K, reserved 1048576K
2020-12-07T13:01:45.476+0000: 9645.795: [GC pause (G1 Evacuation Pause) (young)
Desired survivor size 117964800 bytes, new threshold 15 (max 15)
- age   1:    6266488 bytes,    6266488 total
- age   2:      71176 bytes,    6337664 total
- age   3:     132184 bytes,    6469848 total
- age   4:     273296 bytes,    6743144 total
- age   5:      73624 bytes,    6816768 total
- age   6:     661160 bytes,    7477928 total
- age   7:      24768 bytes,    7502696 total
- age   8:      39232 bytes,    7541928 total
- age   9:       5184 bytes,    7547112 total
- age  10:       8032 bytes,    7555144 total
- age  11:       2104 bytes,    7557248 total
- age  12:       2712 bytes,    7559960 total
- age  13:      47920 bytes,    7607880 total
- age  14:       1520 bytes,    7609400 total
- age  15:      14528 bytes,    7623928 total
, 0.0223058 secs]
   [Parallel Time: 7.1 ms, GC Workers: 6]
      [GC Worker Start (ms): Min: 9645795.2, Avg: 9645795.3, Max: 9645795.5, Diff: 0.2]
      [Ext Root Scanning (ms): Min: 2.6, Avg: 2.7, Max: 2.9, Diff: 0.3, Sum: 16.3]
      [Update RS (ms): Min: 1.4, Avg: 1.5, Max: 1.7, Diff: 0.3, Sum: 9.0]
         [Processed Buffers: Min: 9, Avg: 19.3, Max: 44, Diff: 35, Sum: 116]
      [Scan RS (ms): Min: 0.1, Avg: 0.3, Max: 0.4, Diff: 0.3, Sum: 1.9]
      [Code Root Scanning (ms): Min: 0.0, Avg: 0.1, Max: 0.1, Diff: 0.1, Sum: 0.4]
      [Object Copy (ms): Min: 1.2, Avg: 1.3, Max: 1.4, Diff: 0.2, Sum: 7.6]
      [Termination (ms): Min: 0.0, Avg: 0.0, Max: 0.0, Diff: 0.0, Sum: 0.0]
         [Termination Attempts: Min: 1, Avg: 1.2, Max: 2, Diff: 1, Sum: 7]
      [GC Worker Other (ms): Min: 0.0, Avg: 0.3, Max: 0.7, Diff: 0.7, Sum: 1.7]
      [GC Worker Total (ms): Min: 5.8, Avg: 6.2, Max: 6.7, Diff: 0.9, Sum: 36.9]
      [GC Worker End (ms): Min: 9645801.2, Avg: 9645801.5, Max: 9645801.9, Diff: 0.7]
   [Code Root Fixup: 0.0 ms]
   [Code Root Purge: 0.0 ms]
   [Clear CT: 1.0 ms]
   [Other: 14.3 ms]
      [Choose CSet: 0.0 ms]
      [Ref Proc: 11.9 ms]
      [Ref Enq: 0.5 ms]
      [Redirty Cards: 0.6 ms]
      [Humongous Register: 0.1 ms]
      [Humongous Reclaim: 0.0 ms]
      [Free CSet: 0.7 ms]
   [Eden: 1784.0M(1784.0M)->0.0B(1785.0M) Survivors: 13312.0K->12288.0K Heap: 1974.4M(2996.0M)->189.7M(2996.0M)]
Heap after GC invocations=39 (full 0):
 garbage-first heap   total 3067904K, used 194277K [0x0000000704c00000, 0x0000000704d05da0, 0x00000007c0000000)
  region size 1024K, 12 young (12288K), 12 survivors (12288K)
 Metaspace       used 128901K, capacity 135336K, committed 135456K, reserved 1167360K
  class space    used 16730K, capacity 17927K, committed 18004K, reserved 1048576K
}
 [Times: user=0.05 sys=0.02, real=0.02 secs] 
2020-12-07T13:01:45.499+0000: 9645.819: Total time for which application threads were stopped: 0.0243095 seconds, Stopping threads took: 0.0001434 seconds
2020-12-07T13:06:45.309+0000: 9945.820: Total time for which application threads were stopped: 0.0004967 seconds, Stopping threads took: 0.0000779 seconds
{Heap before GC invocations=39 (full 0):
 garbage-first heap   total 3067904K, used 2022117K [0x0000000704c00000, 0x0000000704d05da0, 0x00000007c0000000)
  region size 1024K, 1797 young (1840128K), 12 survivors (12288K)
 Metaspace       used 128902K, capacity 135336K, committed 135456K, reserved 1167360K
  class space    used 16731K, capacity 17927K, committed 18004K, reserved 1048576K
2020-12-07T13:07:45.174+0000: 10005.726: [GC pause (G1 Evacuation Pause) (young)
Desired survivor size 117964800 bytes, new threshold 15 (max 15)
- age   1:    6259056 bytes,    6259056 total
- age   2:      69400 bytes,    6328456 total
- age   3:      69280 bytes,    6397736 total
- age   4:     132184 bytes,    6529920 total
- age   5:     273296 bytes,    6803216 total
- age   6:      73176 bytes,    6876392 total
- age   7:     594264 bytes,    7470656 total
- age   8:      24768 bytes,    7495424 total
- age   9:      39232 bytes,    7534656 total
- age  10:       5184 bytes,    7539840 total
- age  11:       7856 bytes,    7547696 total
- age  12:       2104 bytes,    7549800 total
- age  13:       2712 bytes,    7552512 total
- age  14:      47920 bytes,    7600432 total
- age  15:       1520 bytes,    7601952 total
, 0.0176188 secs]
   [Parallel Time: 6.6 ms, GC Workers: 6]
      [GC Worker Start (ms): Min: 10005726.8, Avg: 10005727.0, Max: 10005727.1, Diff: 0.3]
      [Ext Root Scanning (ms): Min: 2.7, Avg: 2.8, Max: 3.0, Diff: 0.4, Sum: 16.9]
      [Update RS (ms): Min: 1.4, Avg: 1.5, Max: 1.8, Diff: 0.4, Sum: 9.0]
         [Processed Buffers: Min: 6, Avg: 19.5, Max: 32, Diff: 26, Sum: 117]
      [Scan RS (ms): Min: 0.2, Avg: 0.3, Max: 0.4, Diff: 0.2, Sum: 1.9]
      [Code Root Scanning (ms): Min: 0.0, Avg: 0.1, Max: 0.3, Diff: 0.3, Sum: 0.7]
      [Object Copy (ms): Min: 1.1, Avg: 1.1, Max: 1.2, Diff: 0.2, Sum: 6.8]
      [Termination (ms): Min: 0.0, Avg: 0.0, Max: 0.0, Diff: 0.0, Sum: 0.0]
         [Termination Attempts: Min: 1, Avg: 1.0, Max: 1, Diff: 0, Sum: 6]
      [GC Worker Other (ms): Min: 0.0, Avg: 0.1, Max: 0.3, Diff: 0.2, Sum: 0.9]
      [GC Worker Total (ms): Min: 5.9, Avg: 6.0, Max: 6.3, Diff: 0.4, Sum: 36.2]
      [GC Worker End (ms): Min: 10005732.9, Avg: 10005733.0, Max: 10005733.1, Diff: 0.2]
   [Code Root Fixup: 0.0 ms]
   [Code Root Purge: 0.0 ms]
   [Clear CT: 0.4 ms]
   [Other: 10.6 ms]
      [Choose CSet: 0.0 ms]
      [Ref Proc: 8.1 ms]
      [Ref Enq: 0.5 ms]
      [Redirty Cards: 0.6 ms]
      [Humongous Register: 0.1 ms]
      [Humongous Reclaim: 0.0 ms]
      [Free CSet: 0.7 ms]
   [Eden: 1785.0M(1785.0M)->0.0B(1785.0M) Survivors: 12288.0K->12288.0K Heap: 1974.7M(2996.0M)->190.3M(2996.0M)]
Heap after GC invocations=40 (full 0):
 garbage-first heap   total 3067904K, used 194869K [0x0000000704c00000, 0x0000000704d05da0, 0x00000007c0000000)
  region size 1024K, 12 young (12288K), 12 survivors (12288K)
 Metaspace       used 128902K, capacity 135336K, committed 135456K, reserved 1167360K
  class space    used 16731K, capacity 17927K, committed 18004K, reserved 1048576K
}
 [Times: user=0.04 sys=0.01, real=0.02 secs] 
2020-12-07T13:07:45.193+0000: 10005.745: Total time for which application threads were stopped: 0.0196276 seconds, Stopping threads took: 0.0002738 seconds
2020-12-07T13:09:05.634+0000: 10086.249: Total time for which application threads were stopped: 0.0008685 seconds, Stopping threads took: 0.0002462 seconds
2020-12-07T13:09:10.700+0000: 10091.315: Total time for which application threads were stopped: 0.0006411 seconds, Stopping threads took: 0.0001362 seconds
2020-12-07T13:12:34.961+0000: 10295.722: Total time for which application threads were stopped: 0.0006836 seconds, Stopping threads took: 0.0000958 seconds
{Heap before GC invocations=40 (full 0):
 garbage-first heap   total 3067904K, used 2090294K [0x0000000704c00000, 0x0000000704d05da0, 0x00000007c0000000)
  region size 1024K, 1797 young (1840128K), 12 survivors (12288K)
 Metaspace       used 129518K, capacity 136292K, committed 136608K, reserved 1167360K
  class space    used 16803K, capacity 18047K, committed 18132K, reserved 1048576K
2020-12-07T13:13:25.976+0000: 10346.758: [GC pause (G1 Evacuation Pause) (young)
Desired survivor size 117964800 bytes, new threshold 15 (max 15)
- age   1:    6282408 bytes,    6282408 total
- age   2:      70184 bytes,    6352592 total
- age   3:      69008 bytes,    6421600 total
- age   4:      69248 bytes,    6490848 total
- age   5:     132152 bytes,    6623000 total
- age   6:     272928 bytes,    6895928 total
- age   7:      72560 bytes,    6968488 total
- age   8:     527424 bytes,    7495912 total
- age   9:       8168 bytes,    7504080 total
- age  10:      39232 bytes,    7543312 total
- age  11:       5184 bytes,    7548496 total
- age  12:       7856 bytes,    7556352 total
- age  13:       2040 bytes,    7558392 total
- age  14:       2712 bytes,    7561104 total
- age  15:      47920 bytes,    7609024 total
, 0.0192638 secs]
   [Parallel Time: 7.7 ms, GC Workers: 6]
      [GC Worker Start (ms): Min: 10346758.2, Avg: 10346758.3, Max: 10346758.5, Diff: 0.3]
      [Ext Root Scanning (ms): Min: 2.7, Avg: 2.8, Max: 3.0, Diff: 0.3, Sum: 17.0]
      [Update RS (ms): Min: 1.8, Avg: 1.9, Max: 1.9, Diff: 0.1, Sum: 11.2]
         [Processed Buffers: Min: 8, Avg: 24.3, Max: 43, Diff: 35, Sum: 146]
      [Scan RS (ms): Min: 0.2, Avg: 0.3, Max: 0.3, Diff: 0.1, Sum: 1.5]
      [Code Root Scanning (ms): Min: 0.0, Avg: 0.1, Max: 0.2, Diff: 0.1, Sum: 0.5]
      [Object Copy (ms): Min: 1.9, Avg: 2.0, Max: 2.2, Diff: 0.3, Sum: 12.2]
      [Termination (ms): Min: 0.0, Avg: 0.0, Max: 0.0, Diff: 0.0, Sum: 0.0]
         [Termination Attempts: Min: 1, Avg: 1.0, Max: 1, Diff: 0, Sum: 6]
      [GC Worker Other (ms): Min: 0.0, Avg: 0.1, Max: 0.3, Diff: 0.3, Sum: 0.9]
      [GC Worker Total (ms): Min: 7.1, Avg: 7.2, Max: 7.4, Diff: 0.3, Sum: 43.2]
      [GC Worker End (ms): Min: 10346765.4, Avg: 10346765.5, Max: 10346765.7, Diff: 0.3]
   [Code Root Fixup: 0.0 ms]
   [Code Root Purge: 0.0 ms]
   [Clear CT: 0.5 ms]
   [Other: 11.1 ms]
      [Choose CSet: 0.0 ms]
      [Ref Proc: 8.8 ms]
      [Ref Enq: 0.5 ms]
      [Redirty Cards: 0.5 ms]
      [Humongous Register: 0.1 ms]
      [Humongous Reclaim: 0.1 ms]
      [Free CSet: 0.7 ms]
   [Eden: 1785.0M(1785.0M)->0.0B(1784.0M) Survivors: 12288.0K->13312.0K Heap: 2041.3M(2996.0M)->191.4M(2996.0M)]
Heap after GC invocations=41 (full 0):
 garbage-first heap   total 3067904K, used 195954K [0x0000000704c00000, 0x0000000704d05da0, 0x00000007c0000000)
  region size 1024K, 13 young (13312K), 13 survivors (13312K)
 Metaspace       used 129518K, capacity 136292K, committed 136608K, reserved 1167360K
  class space    used 16803K, capacity 18047K, committed 18132K, reserved 1048576K
}
 [Times: user=0.06 sys=0.01, real=0.02 secs] 
2020-12-07T13:13:25.996+0000: 10346.778: Total time for which application threads were stopped: 0.0211572 seconds, Stopping threads took: 0.0001168 seconds
2020-12-07T13:18:25.789+0000: 10646.779: Total time for which application threads were stopped: 0.0009028 seconds, Stopping threads took: 0.0001294 seconds
{Heap before GC invocations=41 (full 0):
 garbage-first heap   total 3067904K, used 2022770K [0x0000000704c00000, 0x0000000704d05da0, 0x00000007c0000000)
  region size 1024K, 1797 young (1840128K), 13 survivors (13312K)
 Metaspace       used 129526K, capacity 136292K, committed 136608K, reserved 1167360K
  class space    used 16806K, capacity 18047K, committed 18132K, reserved 1048576K
2020-12-07T13:19:20.071+0000: 10701.103: [GC pause (G1 Evacuation Pause) (young)
Desired survivor size 117964800 bytes, new threshold 15 (max 15)
- age   1:    8506352 bytes,    8506352 total
- age   2:     131008 bytes,    8637360 total
- age   3:      69800 bytes,    8707160 total
- age   4:      68624 bytes,    8775784 total
- age   5:      68672 bytes,    8844456 total
- age   6:     106184 bytes,    8950640 total
- age   7:     145664 bytes,    9096304 total
- age   8:      34504 bytes,    9130808 total
- age   9:     283624 bytes,    9414432 total
- age  10:       7768 bytes,    9422200 total
- age  11:      35288 bytes,    9457488 total
- age  12:       5184 bytes,    9462672 total
- age  13:       7832 bytes,    9470504 total
- age  14:       1848 bytes,    9472352 total
- age  15:       2712 bytes,    9475064 total
, 0.0201058 secs]
   [Parallel Time: 7.7 ms, GC Workers: 6]
      [GC Worker Start (ms): Min: 10701103.4, Avg: 10701103.6, Max: 10701103.7, Diff: 0.3]
      [Ext Root Scanning (ms): Min: 2.8, Avg: 2.9, Max: 3.1, Diff: 0.3, Sum: 17.1]
      [Update RS (ms): Min: 1.7, Avg: 1.8, Max: 1.8, Diff: 0.1, Sum: 10.6]
         [Processed Buffers: Min: 8, Avg: 20.3, Max: 43, Diff: 35, Sum: 122]
      [Scan RS (ms): Min: 0.3, Avg: 0.3, Max: 0.3, Diff: 0.1, Sum: 1.7]
      [Code Root Scanning (ms): Min: 0.0, Avg: 0.1, Max: 0.3, Diff: 0.3, Sum: 0.7]
      [Object Copy (ms): Min: 1.6, Avg: 1.8, Max: 2.1, Diff: 0.4, Sum: 11.0]
      [Termination (ms): Min: 0.0, Avg: 0.0, Max: 0.0, Diff: 0.0, Sum: 0.0]
         [Termination Attempts: Min: 1, Avg: 1.5, Max: 3, Diff: 2, Sum: 9]
      [GC Worker Other (ms): Min: 0.0, Avg: 0.2, Max: 0.4, Diff: 0.3, Sum: 1.3]
      [GC Worker Total (ms): Min: 6.7, Avg: 7.1, Max: 7.3, Diff: 0.6, Sum: 42.4]
      [GC Worker End (ms): Min: 10701110.4, Avg: 10701110.6, Max: 10701110.8, Diff: 0.4]
   [Code Root Fixup: 0.0 ms]
   [Code Root Purge: 0.0 ms]
   [Clear CT: 0.4 ms]
   [Other: 11.9 ms]
      [Choose CSet: 0.0 ms]
      [Ref Proc: 9.4 ms]
      [Ref Enq: 0.6 ms]
      [Redirty Cards: 0.5 ms]
      [Humongous Register: 0.1 ms]
      [Humongous Reclaim: 0.0 ms]
      [Free CSet: 0.8 ms]
   [Eden: 1784.0M(1784.0M)->0.0B(1783.0M) Survivors: 13312.0K->14336.0K Heap: 1975.4M(2996.0M)->192.4M(2996.0M)]
Heap after GC invocations=42 (full 0):
 garbage-first heap   total 3067904K, used 197019K [0x0000000704c00000, 0x0000000704d05da0, 0x00000007c0000000)
  region size 1024K, 14 young (14336K), 14 survivors (14336K)
 Metaspace       used 129526K, capacity 136292K, committed 136608K, reserved 1167360K
  class space    used 16806K, capacity 18047K, committed 18132K, reserved 1048576K
}
 [Times: user=0.06 sys=0.01, real=0.03 secs] 
2020-12-07T13:19:20.093+0000: 10701.125: Total time for which application threads were stopped: 0.0226625 seconds, Stopping threads took: 0.0001568 seconds
2020-12-07T13:24:19.885+0000: 11001.126: Total time for which application threads were stopped: 0.0007564 seconds, Stopping threads took: 0.0001776 seconds
{Heap before GC invocations=42 (full 0):
 garbage-first heap   total 3067904K, used 2025435K [0x0000000704c00000, 0x0000000704d05da0, 0x00000007c0000000)
  region size 1024K, 1797 young (1840128K), 14 survivors (14336K)
 Metaspace       used 129614K, capacity 136386K, committed 136608K, reserved 1167360K
  class space    used 16811K, capacity 18048K, committed 18132K, reserved 1048576K
2020-12-07T13:25:08.968+0000: 11050.251: [GC pause (G1 Evacuation Pause) (young)
Desired survivor size 117964800 bytes, new threshold 15 (max 15)
- age   1:    6493496 bytes,    6493496 total
- age   2:    2151448 bytes,    8644944 total
- age   3:     124672 bytes,    8769616 total
- age   4:      69688 bytes,    8839304 total
- age   5:      68624 bytes,    8907928 total
- age   6:      68192 bytes,    8976120 total
- age   7:     105048 bytes,    9081168 total
- age   8:     110176 bytes,    9191344 total
- age   9:      24320 bytes,    9215664 total
- age  10:     255736 bytes,    9471400 total
- age  11:       7768 bytes,    9479168 total
- age  12:      35288 bytes,    9514456 total
- age  13:       5184 bytes,    9519640 total
- age  14:       7832 bytes,    9527472 total
- age  15:       1848 bytes,    9529320 total
, 0.0216940 secs]
   [Parallel Time: 8.2 ms, GC Workers: 6]
      [GC Worker Start (ms): Min: 11050251.0, Avg: 11050251.1, Max: 11050251.2, Diff: 0.2]
      [Ext Root Scanning (ms): Min: 2.7, Avg: 2.8, Max: 3.1, Diff: 0.3, Sum: 17.1]
      [Update RS (ms): Min: 2.1, Avg: 2.3, Max: 2.5, Diff: 0.3, Sum: 13.7]
         [Processed Buffers: Min: 8, Avg: 22.0, Max: 45, Diff: 37, Sum: 132]
      [Scan RS (ms): Min: 0.3, Avg: 0.5, Max: 0.6, Diff: 0.4, Sum: 2.7]
      [Code Root Scanning (ms): Min: 0.0, Avg: 0.1, Max: 0.2, Diff: 0.2, Sum: 0.8]
      [Object Copy (ms): Min: 1.8, Avg: 1.9, Max: 1.9, Diff: 0.1, Sum: 11.2]
      [Termination (ms): Min: 0.0, Avg: 0.0, Max: 0.0, Diff: 0.0, Sum: 0.0]
         [Termination Attempts: Min: 1, Avg: 1.0, Max: 1, Diff: 0, Sum: 6]
      [GC Worker Other (ms): Min: 0.0, Avg: 0.1, Max: 0.3, Diff: 0.3, Sum: 0.8]
      [GC Worker Total (ms): Min: 7.5, Avg: 7.7, Max: 8.0, Diff: 0.5, Sum: 46.4]
      [GC Worker End (ms): Min: 11050258.7, Avg: 11050258.9, Max: 11050259.0, Diff: 0.3]
   [Code Root Fixup: 0.0 ms]
   [Code Root Purge: 0.0 ms]
   [Clear CT: 0.5 ms]
   [Other: 13.0 ms]
      [Choose CSet: 0.0 ms]
      [Ref Proc: 10.5 ms]
      [Ref Enq: 0.6 ms]
      [Redirty Cards: 0.6 ms]
      [Humongous Register: 0.1 ms]
      [Humongous Reclaim: 0.1 ms]
      [Free CSet: 0.8 ms]
   [Eden: 1783.0M(1783.0M)->0.0B(1782.0M) Survivors: 14336.0K->15360.0K Heap: 1978.0M(2996.0M)->192.9M(2996.0M)]
Heap after GC invocations=43 (full 0):
 garbage-first heap   total 3067904K, used 197543K [0x0000000704c00000, 0x0000000704d05da0, 0x00000007c0000000)
  region size 1024K, 15 young (15360K), 15 survivors (15360K)
 Metaspace       used 129614K, capacity 136386K, committed 136608K, reserved 1167360K
  class space    used 16811K, capacity 18048K, committed 18132K, reserved 1048576K
}
 [Times: user=0.05 sys=0.01, real=0.03 secs] 
2020-12-07T13:25:08.992+0000: 11050.275: Total time for which application threads were stopped: 0.0245695 seconds, Stopping threads took: 0.0001114 seconds
2020-12-07T13:30:08.784+0000: 11350.275: Total time for which application threads were stopped: 0.0006103 seconds, Stopping threads took: 0.0001726 seconds
{Heap before GC invocations=43 (full 0):
 garbage-first heap   total 3067904K, used 2028455K [0x0000000704c00000, 0x0000000704d05da0, 0x00000007c0000000)
  region size 1024K, 1797 young (1840128K), 15 survivors (15360K)
 Metaspace       used 129717K, capacity 136554K, committed 136864K, reserved 1167360K
  class space    used 16818K, capacity 18058K, committed 18132K, reserved 1048576K
2020-12-07T13:31:03.672+0000: 11405.205: [GC pause (G1 Evacuation Pause) (young)
Desired survivor size 117964800 bytes, new threshold 15 (max 15)
- age   1:    7269056 bytes,    7269056 total
- age   2:     102744 bytes,    7371800 total
- age   3:    1983928 bytes,    9355728 total
- age   4:      57776 bytes,    9413504 total
- age   5:       2832 bytes,    9416336 total
- age   6:       2392 bytes,    9418728 total
- age   7:       2200 bytes,    9420928 total
- age   8:      33448 bytes,    9454376 total
- age   9:      72816 bytes,    9527192 total
- age  10:       2280 bytes,    9529472 total
- age  11:     145208 bytes,    9674680 total
- age  12:       7600 bytes,    9682280 total
- age  13:      35288 bytes,    9717568 total
- age  14:       5184 bytes,    9722752 total
- age  15:       7832 bytes,    9730584 total
, 0.0217347 secs]
   [Parallel Time: 6.7 ms, GC Workers: 6]
      [GC Worker Start (ms): Min: 11405205.4, Avg: 11405205.5, Max: 11405205.7, Diff: 0.2]
      [Ext Root Scanning (ms): Min: 2.6, Avg: 2.7, Max: 2.9, Diff: 0.3, Sum: 16.5]
      [Update RS (ms): Min: 1.5, Avg: 1.6, Max: 1.7, Diff: 0.2, Sum: 9.4]
         [Processed Buffers: Min: 10, Avg: 22.3, Max: 49, Diff: 39, Sum: 134]
      [Scan RS (ms): Min: 0.1, Avg: 0.2, Max: 0.3, Diff: 0.1, Sum: 1.4]
      [Code Root Scanning (ms): Min: 0.0, Avg: 0.1, Max: 0.2, Diff: 0.1, Sum: 0.5]
      [Object Copy (ms): Min: 1.4, Avg: 1.5, Max: 1.5, Diff: 0.1, Sum: 8.8]
      [Termination (ms): Min: 0.0, Avg: 0.0, Max: 0.0, Diff: 0.0, Sum: 0.0]
         [Termination Attempts: Min: 1, Avg: 1.0, Max: 1, Diff: 0, Sum: 6]
      [GC Worker Other (ms): Min: 0.0, Avg: 0.2, Max: 0.4, Diff: 0.4, Sum: 1.2]
      [GC Worker Total (ms): Min: 6.0, Avg: 6.3, Max: 6.5, Diff: 0.6, Sum: 37.6]
      [GC Worker End (ms): Min: 11405211.6, Avg: 11405211.8, Max: 11405212.0, Diff: 0.4]
   [Code Root Fixup: 0.0 ms]
   [Code Root Purge: 0.0 ms]
   [Clear CT: 0.4 ms]
   [Other: 14.6 ms]
      [Choose CSet: 0.0 ms]
      [Ref Proc: 12.1 ms]
      [Ref Enq: 0.7 ms]
      [Redirty Cards: 0.5 ms]
      [Humongous Register: 0.1 ms]
      [Humongous Reclaim: 0.1 ms]
      [Free CSet: 0.6 ms]
   [Eden: 1782.0M(1782.0M)->0.0B(1783.0M) Survivors: 15360.0K->14336.0K Heap: 1980.9M(2996.0M)->191.9M(2996.0M)]
Heap after GC invocations=44 (full 0):
 garbage-first heap   total 3067904K, used 196538K [0x0000000704c00000, 0x0000000704d05da0, 0x00000007c0000000)
  region size 1024K, 14 young (14336K), 14 survivors (14336K)
 Metaspace       used 129717K, capacity 136554K, committed 136864K, reserved 1167360K
  class space    used 16818K, capacity 18058K, committed 18132K, reserved 1048576K
}
 [Times: user=0.03 sys=0.03, real=0.02 secs] 
2020-12-07T13:31:03.696+0000: 11405.229: Total time for which application threads were stopped: 0.0246054 seconds, Stopping threads took: 0.0002100 seconds
2020-12-07T13:36:03.488+0000: 11705.230: Total time for which application threads were stopped: 0.0007293 seconds, Stopping threads took: 0.0002443 seconds
{Heap before GC invocations=44 (full 0):
 garbage-first heap   total 3067904K, used 2024378K [0x0000000704c00000, 0x0000000704d05da0, 0x00000007c0000000)
  region size 1024K, 1797 young (1840128K), 14 survivors (14336K)
 Metaspace       used 129780K, capacity 136578K, committed 136864K, reserved 1167360K
  class space    used 16818K, capacity 18058K, committed 18132K, reserved 1048576K
2020-12-07T13:36:55.471+0000: 11757.234: [GC pause (G1 Evacuation Pause) (young)
Desired survivor size 117964800 bytes, new threshold 15 (max 15)
- age   1:    6518368 bytes,    6518368 total
- age   2:     931048 bytes,    7449416 total
- age   3:     102024 bytes,    7551440 total
- age   4:    1924088 bytes,    9475528 total
- age   5:      57776 bytes,    9533304 total
- age   6:       2512 bytes,    9535816 total
- age   7:        912 bytes,    9536728 total
- age   8:       2200 bytes,    9538928 total
- age   9:      33376 bytes,    9572304 total
- age  10:      72816 bytes,    9645120 total
- age  11:       2208 bytes,    9647328 total
- age  12:     145208 bytes,    9792536 total
- age  13:       7432 bytes,    9799968 total
- age  14:      35288 bytes,    9835256 total
- age  15:       5184 bytes,    9840440 total
, 0.0191040 secs]
   [Parallel Time: 7.4 ms, GC Workers: 6]
      [GC Worker Start (ms): Min: 11757234.3, Avg: 11757234.4, Max: 11757234.6, Diff: 0.3]
      [Ext Root Scanning (ms): Min: 2.6, Avg: 2.8, Max: 3.0, Diff: 0.4, Sum: 16.7]
      [Update RS (ms): Min: 1.7, Avg: 1.8, Max: 1.9, Diff: 0.2, Sum: 10.7]
         [Processed Buffers: Min: 5, Avg: 21.5, Max: 43, Diff: 38, Sum: 129]
      [Scan RS (ms): Min: 0.2, Avg: 0.3, Max: 0.3, Diff: 0.2, Sum: 1.6]
      [Code Root Scanning (ms): Min: 0.0, Avg: 0.1, Max: 0.2, Diff: 0.2, Sum: 0.6]
      [Object Copy (ms): Min: 1.7, Avg: 1.8, Max: 2.0, Diff: 0.3, Sum: 11.1]
      [Termination (ms): Min: 0.0, Avg: 0.0, Max: 0.0, Diff: 0.0, Sum: 0.1]
         [Termination Attempts: Min: 1, Avg: 1.0, Max: 1, Diff: 0, Sum: 6]
      [GC Worker Other (ms): Min: 0.0, Avg: 0.2, Max: 0.3, Diff: 0.3, Sum: 1.0]
      [GC Worker Total (ms): Min: 6.6, Avg: 6.9, Max: 7.3, Diff: 0.6, Sum: 41.7]
      [GC Worker End (ms): Min: 11757241.2, Avg: 11757241.4, Max: 11757241.6, Diff: 0.3]
   [Code Root Fixup: 0.1 ms]
   [Code Root Purge: 0.0 ms]
   [Clear CT: 0.4 ms]
   [Other: 11.3 ms]
      [Choose CSet: 0.0 ms]
      [Ref Proc: 8.9 ms]
      [Ref Enq: 0.6 ms]
      [Redirty Cards: 0.6 ms]
      [Humongous Register: 0.1 ms]
      [Humongous Reclaim: 0.0 ms]
      [Free CSet: 0.7 ms]
   [Eden: 1783.0M(1783.0M)->0.0B(1783.0M) Survivors: 14336.0K->14336.0K Heap: 1976.9M(2996.0M)->192.4M(2996.0M)]
Heap after GC invocations=45 (full 0):
 garbage-first heap   total 3067904K, used 197062K [0x0000000704c00000, 0x0000000704d05da0, 0x00000007c0000000)
  region size 1024K, 14 young (14336K), 14 survivors (14336K)
 Metaspace       used 129780K, capacity 136578K, committed 136864K, reserved 1167360K
  class space    used 16818K, capacity 18058K, committed 18132K, reserved 1048576K
}
 [Times: user=0.05 sys=0.01, real=0.02 secs] 
2020-12-07T13:36:55.491+0000: 11757.254: Total time for which application threads were stopped: 0.0211035 seconds, Stopping threads took: 0.0002412 seconds
2020-12-07T13:41:55.262+0000: 12057.255: Total time for which application threads were stopped: 0.0006029 seconds, Stopping threads took: 0.0000995 seconds
{Heap before GC invocations=45 (full 0):
 garbage-first heap   total 3067904K, used 2022854K [0x0000000704c00000, 0x0000000704d05da0, 0x00000007c0000000)
  region size 1024K, 1797 young (1840128K), 14 survivors (14336K)
 Metaspace       used 129785K, capacity 136578K, committed 136864K, reserved 1167360K
  class space    used 16818K, capacity 18058K, committed 18132K, reserved 1048576K
2020-12-07T13:42:46.707+0000: 12108.742: [GC pause (G1 Evacuation Pause) (young)
Desired survivor size 117964800 bytes, new threshold 15 (max 15)
- age   1:    6416712 bytes,    6416712 total
- age   2:     161248 bytes,    6577960 total
- age   3:     863376 bytes,    7441336 total
- age   4:     101912 bytes,    7543248 total
- age   5:    1884032 bytes,    9427280 total
- age   6:      55928 bytes,    9483208 total
- age   7:       2448 bytes,    9485656 total
- age   8:        912 bytes,    9486568 total
- age   9:       2200 bytes,    9488768 total
- age  10:      33328 bytes,    9522096 total
- age  11:      72816 bytes,    9594912 total
- age  12:       2160 bytes,    9597072 total
- age  13:     145208 bytes,    9742280 total
- age  14:       7240 bytes,    9749520 total
- age  15:      34952 bytes,    9784472 total
, 0.0190109 secs]
   [Parallel Time: 7.6 ms, GC Workers: 6]
      [GC Worker Start (ms): Min: 12108742.2, Avg: 12108742.4, Max: 12108742.5, Diff: 0.3]
      [Ext Root Scanning (ms): Min: 2.6, Avg: 2.8, Max: 3.0, Diff: 0.4, Sum: 16.8]
      [Update RS (ms): Min: 1.7, Avg: 1.8, Max: 1.9, Diff: 0.2, Sum: 10.6]
         [Processed Buffers: Min: 6, Avg: 19.3, Max: 46, Diff: 40, Sum: 116]
      [Scan RS (ms): Min: 0.1, Avg: 0.3, Max: 0.3, Diff: 0.2, Sum: 1.5]
      [Code Root Scanning (ms): Min: 0.0, Avg: 0.1, Max: 0.2, Diff: 0.2, Sum: 0.5]
      [Object Copy (ms): Min: 1.8, Avg: 1.9, Max: 2.0, Diff: 0.2, Sum: 11.5]
      [Termination (ms): Min: 0.0, Avg: 0.0, Max: 0.0, Diff: 0.0, Sum: 0.0]
         [Termination Attempts: Min: 1, Avg: 1.0, Max: 1, Diff: 0, Sum: 6]
      [GC Worker Other (ms): Min: 0.0, Avg: 0.2, Max: 0.3, Diff: 0.3, Sum: 1.0]
      [GC Worker Total (ms): Min: 6.8, Avg: 7.0, Max: 7.2, Diff: 0.4, Sum: 41.8]
      [GC Worker End (ms): Min: 12108749.2, Avg: 12108749.3, Max: 12108749.5, Diff: 0.3]
   [Code Root Fixup: 0.0 ms]
   [Code Root Purge: 0.0 ms]
   [Clear CT: 0.6 ms]
   [Other: 10.8 ms]
      [Choose CSet: 0.0 ms]
      [Ref Proc: 8.4 ms]
      [Ref Enq: 0.7 ms]
      [Redirty Cards: 0.6 ms]
      [Humongous Register: 0.1 ms]
      [Humongous Reclaim: 0.0 ms]
      [Free CSet: 0.7 ms]
   [Eden: 1783.0M(1783.0M)->0.0B(1782.0M) Survivors: 14336.0K->15360.0K Heap: 1975.4M(2996.0M)->193.0M(2996.0M)]
Heap after GC invocations=46 (full 0):
 garbage-first heap   total 3067904K, used 197616K [0x0000000704c00000, 0x0000000704d05da0, 0x00000007c0000000)
  region size 1024K, 15 young (15360K), 15 survivors (15360K)
 Metaspace       used 129785K, capacity 136578K, committed 136864K, reserved 1167360K
  class space    used 16818K, capacity 18058K, committed 18132K, reserved 1048576K
}
 [Times: user=0.04 sys=0.01, real=0.02 secs] 
2020-12-07T13:42:46.727+0000: 12108.762: Total time for which application threads were stopped: 0.0210326 seconds, Stopping threads took: 0.0002519 seconds
2020-12-07T13:47:46.520+0000: 12408.763: Total time for which application threads were stopped: 0.0006564 seconds, Stopping threads took: 0.0001480 seconds
{Heap before GC invocations=46 (full 0):
 garbage-first heap   total 3067904K, used 2022384K [0x0000000704c00000, 0x0000000704d05da0, 0x00000007c0000000)
  region size 1024K, 1797 young (1840128K), 15 survivors (15360K)
 Metaspace       used 129788K, capacity 136578K, committed 136864K, reserved 1167360K
  class space    used 16818K, capacity 18058K, committed 18132K, reserved 1048576K
2020-12-07T13:48:41.376+0000: 12463.661: [GC pause (G1 Evacuation Pause) (young)
Desired survivor size 117964800 bytes, new threshold 15 (max 15)
- age   1:    6400968 bytes,    6400968 total
- age   2:     157120 bytes,    6558088 total
- age   3:     158688 bytes,    6716776 total
- age   4:     797896 bytes,    7514672 total
- age   5:     101848 bytes,    7616520 total
- age   6:    1883216 bytes,    9499736 total
- age   7:      55864 bytes,    9555600 total
- age   8:       2448 bytes,    9558048 total
- age   9:        912 bytes,    9558960 total
- age  10:       2200 bytes,    9561160 total
- age  11:      33328 bytes,    9594488 total
- age  12:      72816 bytes,    9667304 total
- age  13:       2160 bytes,    9669464 total
- age  14:     145208 bytes,    9814672 total
- age  15:       7240 bytes,    9821912 total
, 0.0223874 secs]
   [Parallel Time: 8.3 ms, GC Workers: 6]
      [GC Worker Start (ms): Min: 12463661.4, Avg: 12463661.5, Max: 12463661.7, Diff: 0.3]
      [Ext Root Scanning (ms): Min: 2.7, Avg: 2.8, Max: 3.0, Diff: 0.3, Sum: 16.9]
      [Update RS (ms): Min: 1.9, Avg: 1.9, Max: 2.1, Diff: 0.2, Sum: 11.5]
         [Processed Buffers: Min: 5, Avg: 19.5, Max: 35, Diff: 30, Sum: 117]
      [Scan RS (ms): Min: 0.1, Avg: 0.3, Max: 0.4, Diff: 0.2, Sum: 1.7]
      [Code Root Scanning (ms): Min: 0.0, Avg: 0.1, Max: 0.3, Diff: 0.3, Sum: 0.7]
      [Object Copy (ms): Min: 2.2, Avg: 2.3, Max: 2.5, Diff: 0.3, Sum: 14.0]
      [Termination (ms): Min: 0.0, Avg: 0.0, Max: 0.0, Diff: 0.0, Sum: 0.1]
         [Termination Attempts: Min: 1, Avg: 1.0, Max: 1, Diff: 0, Sum: 6]
      [GC Worker Other (ms): Min: 0.0, Avg: 0.1, Max: 0.4, Diff: 0.3, Sum: 0.7]
      [GC Worker Total (ms): Min: 7.3, Avg: 7.6, Max: 7.9, Diff: 0.6, Sum: 45.6]
      [GC Worker End (ms): Min: 12463669.0, Avg: 12463669.1, Max: 12463669.3, Diff: 0.3]
   [Code Root Fixup: 0.0 ms]
   [Code Root Purge: 0.0 ms]
   [Clear CT: 0.5 ms]
   [Other: 13.5 ms]
      [Choose CSet: 0.0 ms]
      [Ref Proc: 11.0 ms]
      [Ref Enq: 0.7 ms]
      [Redirty Cards: 0.6 ms]
      [Humongous Register: 0.1 ms]
      [Humongous Reclaim: 0.1 ms]
      [Free CSet: 0.8 ms]
   [Eden: 1782.0M(1782.0M)->0.0B(1783.0M) Survivors: 15360.0K->14336.0K Heap: 1975.0M(2996.0M)->192.5M(2996.0M)]
Heap after GC invocations=47 (full 0):
 garbage-first heap   total 3067904K, used 197119K [0x0000000704c00000, 0x0000000704d05da0, 0x00000007c0000000)
  region size 1024K, 14 young (14336K), 14 survivors (14336K)
 Metaspace       used 129788K, capacity 136578K, committed 136864K, reserved 1167360K
  class space    used 16818K, capacity 18058K, committed 18132K, reserved 1048576K
}
 [Times: user=0.06 sys=0.01, real=0.03 secs] 
2020-12-07T13:48:41.401+0000: 12463.686: Total time for which application threads were stopped: 0.0252353 seconds, Stopping threads took: 0.0001932 seconds
2020-12-07T13:53:41.193+0000: 12763.686: Total time for which application threads were stopped: 0.0005659 seconds, Stopping threads took: 0.0001822 seconds
{Heap before GC invocations=47 (full 0):
 garbage-first heap   total 3067904K, used 2022911K [0x0000000704c00000, 0x0000000704d05da0, 0x00000007c0000000)
  region size 1024K, 1797 young (1840128K), 14 survivors (14336K)
 Metaspace       used 129800K, capacity 136646K, committed 136864K, reserved 1167360K
  class space    used 16818K, capacity 18058K, committed 18132K, reserved 1048576K
2020-12-07T13:54:41.700+0000: 12824.235: [GC pause (G1 Evacuation Pause) (young)
Desired survivor size 117964800 bytes, new threshold 15 (max 15)
- age   1:    6325368 bytes,    6325368 total
- age   2:     100992 bytes,    6426360 total
- age   3:     155272 bytes,    6581632 total
- age   4:     158688 bytes,    6740320 total
- age   5:     732344 bytes,    7472664 total
- age   6:     101592 bytes,    7574256 total
- age   7:    1882808 bytes,    9457064 total
- age   8:      55864 bytes,    9512928 total
- age   9:       2184 bytes,    9515112 total
- age  10:        912 bytes,    9516024 total
- age  11:       2200 bytes,    9518224 total
- age  12:      33328 bytes,    9551552 total
- age  13:      72816 bytes,    9624368 total
- age  14:       2160 bytes,    9626528 total
- age  15:     145208 bytes,    9771736 total
, 0.0255141 secs]
   [Parallel Time: 9.2 ms, GC Workers: 6]
      [GC Worker Start (ms): Min: 12824235.0, Avg: 12824235.1, Max: 12824235.2, Diff: 0.3]
      [Ext Root Scanning (ms): Min: 2.7, Avg: 2.8, Max: 3.0, Diff: 0.3, Sum: 16.9]
      [Update RS (ms): Min: 2.2, Avg: 2.3, Max: 2.4, Diff: 0.2, Sum: 13.9]
         [Processed Buffers: Min: 5, Avg: 20.5, Max: 32, Diff: 27, Sum: 123]
      [Scan RS (ms): Min: 0.3, Avg: 0.3, Max: 0.4, Diff: 0.2, Sum: 2.1]
      [Code Root Scanning (ms): Min: 0.0, Avg: 0.1, Max: 0.4, Diff: 0.4, Sum: 0.8]
      [Object Copy (ms): Min: 1.8, Avg: 2.0, Max: 2.0, Diff: 0.2, Sum: 11.7]
      [Termination (ms): Min: 0.0, Avg: 0.1, Max: 0.1, Diff: 0.1, Sum: 0.4]
         [Termination Attempts: Min: 1, Avg: 1.0, Max: 1, Diff: 0, Sum: 6]
      [GC Worker Other (ms): Min: 0.0, Avg: 0.3, Max: 0.6, Diff: 0.6, Sum: 2.1]
      [GC Worker Total (ms): Min: 7.6, Avg: 8.0, Max: 8.3, Diff: 0.8, Sum: 47.9]
      [GC Worker End (ms): Min: 12824242.7, Avg: 12824243.1, Max: 12824243.4, Diff: 0.7]
   [Code Root Fixup: 0.1 ms]
   [Code Root Purge: 0.0 ms]
   [Clear CT: 0.6 ms]
   [Other: 15.7 ms]
      [Choose CSet: 0.0 ms]
      [Ref Proc: 13.0 ms]
      [Ref Enq: 0.6 ms]
      [Redirty Cards: 0.6 ms]
      [Humongous Register: 0.1 ms]
      [Humongous Reclaim: 0.1 ms]
      [Free CSet: 0.8 ms]
   [Eden: 1783.0M(1783.0M)->0.0B(1783.0M) Survivors: 14336.0K->14336.0K Heap: 1975.5M(2996.0M)->192.6M(2996.0M)]
Heap after GC invocations=48 (full 0):
 garbage-first heap   total 3067904K, used 197268K [0x0000000704c00000, 0x0000000704d05da0, 0x00000007c0000000)
  region size 1024K, 14 young (14336K), 14 survivors (14336K)
 Metaspace       used 129800K, capacity 136646K, committed 136864K, reserved 1167360K
  class space    used 16818K, capacity 18058K, committed 18132K, reserved 1048576K
}
 [Times: user=0.06 sys=0.01, real=0.02 secs] 
2020-12-07T13:54:41.727+0000: 12824.262: Total time for which application threads were stopped: 0.0275611 seconds, Stopping threads took: 0.0000793 seconds
2020-12-07T13:59:41.520+0000: 13124.262: Total time for which application threads were stopped: 0.0005966 seconds, Stopping threads took: 0.0001898 seconds
{Heap before GC invocations=48 (full 0):
 garbage-first heap   total 3067904K, used 2023060K [0x0000000704c00000, 0x0000000704d05da0, 0x00000007c0000000)
  region size 1024K, 1797 young (1840128K), 14 survivors (14336K)
 Metaspace       used 129805K, capacity 136646K, committed 136864K, reserved 1167360K
  class space    used 16819K, capacity 18058K, committed 18132K, reserved 1048576K
2020-12-07T14:00:41.172+0000: 13183.956: [GC pause (G1 Evacuation Pause) (young)
Desired survivor size 117964800 bytes, new threshold 15 (max 15)
- age   1:    6327568 bytes,    6327568 total
- age   2:      97016 bytes,    6424584 total
- age   3:     100600 bytes,    6525184 total
- age   4:     155096 bytes,    6680280 total
- age   5:     158688 bytes,    6838968 total
- age   6:     666048 bytes,    7505016 total
- age   7:     101464 bytes,    7606480 total
- age   8:    1882808 bytes,    9489288 total
- age   9:      55864 bytes,    9545152 total
- age  10:       2184 bytes,    9547336 total
- age  11:        912 bytes,    9548248 total
- age  12:       2200 bytes,    9550448 total
- age  13:      33328 bytes,    9583776 total
- age  14:      72816 bytes,    9656592 total
- age  15:       2160 bytes,    9658752 total
, 0.0195039 secs]
   [Parallel Time: 8.5 ms, GC Workers: 6]
      [GC Worker Start (ms): Min: 13183956.2, Avg: 13183956.3, Max: 13183956.5, Diff: 0.3]
      [Ext Root Scanning (ms): Min: 3.1, Avg: 3.2, Max: 3.4, Diff: 0.3, Sum: 19.0]
      [Update RS (ms): Min: 2.0, Avg: 2.1, Max: 2.3, Diff: 0.3, Sum: 12.3]
         [Processed Buffers: Min: 7, Avg: 20.0, Max: 37, Diff: 30, Sum: 120]
      [Scan RS (ms): Min: 0.2, Avg: 0.4, Max: 0.4, Diff: 0.3, Sum: 2.2]
      [Code Root Scanning (ms): Min: 0.0, Avg: 0.1, Max: 0.2, Diff: 0.2, Sum: 0.5]
      [Object Copy (ms): Min: 2.1, Avg: 2.1, Max: 2.3, Diff: 0.2, Sum: 12.8]
      [Termination (ms): Min: 0.0, Avg: 0.0, Max: 0.0, Diff: 0.0, Sum: 0.0]
         [Termination Attempts: Min: 1, Avg: 1.2, Max: 2, Diff: 1, Sum: 7]
      [GC Worker Other (ms): Min: 0.0, Avg: 0.1, Max: 0.2, Diff: 0.2, Sum: 0.6]
      [GC Worker Total (ms): Min: 7.8, Avg: 7.9, Max: 8.0, Diff: 0.2, Sum: 47.4]
      [GC Worker End (ms): Min: 13183964.2, Avg: 13183964.3, Max: 13183964.4, Diff: 0.2]
   [Code Root Fixup: 0.0 ms]
   [Code Root Purge: 0.0 ms]
   [Clear CT: 0.5 ms]
   [Other: 10.6 ms]
      [Choose CSet: 0.0 ms]
      [Ref Proc: 8.1 ms]
      [Ref Enq: 0.7 ms]
      [Redirty Cards: 0.6 ms]
      [Humongous Register: 0.1 ms]
      [Humongous Reclaim: 0.1 ms]
      [Free CSet: 0.7 ms]
   [Eden: 1783.0M(1783.0M)->0.0B(1782.0M) Survivors: 14336.0K->15360.0K Heap: 1975.6M(2996.0M)->193.2M(2996.0M)]
Heap after GC invocations=49 (full 0):
 garbage-first heap   total 3067904K, used 197851K [0x0000000704c00000, 0x0000000704d05da0, 0x00000007c0000000)
  region size 1024K, 15 young (15360K), 15 survivors (15360K)
 Metaspace       used 129805K, capacity 136646K, committed 136864K, reserved 1167360K
  class space    used 16819K, capacity 18058K, committed 18132K, reserved 1048576K
}
 [Times: user=0.06 sys=0.01, real=0.02 secs] 
2020-12-07T14:00:41.194+0000: 13183.978: Total time for which application threads were stopped: 0.0231039 seconds, Stopping threads took: 0.0000838 seconds
2020-12-07T14:05:40.987+0000: 13483.979: Total time for which application threads were stopped: 0.0006751 seconds, Stopping threads took: 0.0001575 seconds
{Heap before GC invocations=49 (full 0):
 garbage-first heap   total 3067904K, used 2022619K [0x0000000704c00000, 0x0000000704d05da0, 0x00000007c0000000)
  region size 1024K, 1797 young (1840128K), 15 survivors (15360K)
 Metaspace       used 129807K, capacity 136646K, committed 136864K, reserved 1167360K
  class space    used 16819K, capacity 18058K, committed 18132K, reserved 1048576K
2020-12-07T14:06:41.276+0000: 13544.310: [GC pause (G1 Evacuation Pause) (young)
Desired survivor size 117964800 bytes, new threshold 15 (max 15)
- age   1:    6331408 bytes,    6331408 total
- age   2:     102496 bytes,    6433904 total
- age   3:      96776 bytes,    6530680 total
- age   4:     100600 bytes,    6631280 total
- age   5:     154760 bytes,    6786040 total
- age   6:     158272 bytes,    6944312 total
- age   7:     598872 bytes,    7543184 total
- age   8:     101464 bytes,    7644648 total
- age   9:    1875800 bytes,    9520448 total
- age  10:      55864 bytes,    9576312 total
- age  11:       2184 bytes,    9578496 total
- age  12:        912 bytes,    9579408 total
- age  13:       2200 bytes,    9581608 total
- age  14:      33328 bytes,    9614936 total
- age  15:      72816 bytes,    9687752 total
, 0.0225577 secs]
   [Parallel Time: 9.5 ms, GC Workers: 6]
      [GC Worker Start (ms): Min: 13544310.4, Avg: 13544310.5, Max: 13544310.7, Diff: 0.3]
      [Ext Root Scanning (ms): Min: 3.4, Avg: 3.5, Max: 3.7, Diff: 0.3, Sum: 21.0]
      [Update RS (ms): Min: 2.3, Avg: 2.4, Max: 2.6, Diff: 0.3, Sum: 14.2]
         [Processed Buffers: Min: 8, Avg: 19.3, Max: 36, Diff: 28, Sum: 116]
      [Scan RS (ms): Min: 0.2, Avg: 0.4, Max: 0.5, Diff: 0.2, Sum: 2.3]
      [Code Root Scanning (ms): Min: 0.0, Avg: 0.1, Max: 0.2, Diff: 0.2, Sum: 0.6]
      [Object Copy (ms): Min: 2.3, Avg: 2.4, Max: 2.5, Diff: 0.3, Sum: 14.2]
      [Termination (ms): Min: 0.0, Avg: 0.0, Max: 0.0, Diff: 0.0, Sum: 0.0]
         [Termination Attempts: Min: 1, Avg: 1.0, Max: 1, Diff: 0, Sum: 6]
      [GC Worker Other (ms): Min: 0.0, Avg: 0.2, Max: 0.4, Diff: 0.3, Sum: 1.0]
      [GC Worker Total (ms): Min: 8.6, Avg: 8.9, Max: 9.1, Diff: 0.5, Sum: 53.2]
      [GC Worker End (ms): Min: 13544319.2, Avg: 13544319.4, Max: 13544319.6, Diff: 0.3]
   [Code Root Fixup: 0.1 ms]
   [Code Root Purge: 0.0 ms]
   [Clear CT: 0.5 ms]
   [Other: 12.5 ms]
      [Choose CSet: 0.0 ms]
      [Ref Proc: 9.6 ms]
      [Ref Enq: 0.6 ms]
      [Redirty Cards: 0.7 ms]
      [Humongous Register: 0.1 ms]
      [Humongous Reclaim: 0.1 ms]
      [Free CSet: 0.9 ms]
   [Eden: 1782.0M(1782.0M)->0.0B(1783.0M) Survivors: 15360.0K->14336.0K Heap: 1975.2M(2996.0M)->192.8M(2996.0M)]
Heap after GC invocations=50 (full 0):
 garbage-first heap   total 3067904K, used 197422K [0x0000000704c00000, 0x0000000704d05da0, 0x00000007c0000000)
  region size 1024K, 14 young (14336K), 14 survivors (14336K)
 Metaspace       used 129807K, capacity 136646K, committed 136864K, reserved 1167360K
  class space    used 16819K, capacity 18058K, committed 18132K, reserved 1048576K
}
 [Times: user=0.06 sys=0.01, real=0.03 secs] 
2020-12-07T14:06:41.302+0000: 13544.336: Total time for which application threads were stopped: 0.0268261 seconds, Stopping threads took: 0.0001796 seconds
2020-12-07T14:11:41.095+0000: 13844.337: Total time for which application threads were stopped: 0.0007216 seconds, Stopping threads took: 0.0000852 seconds
{Heap before GC invocations=50 (full 0):
 garbage-first heap   total 3067904K, used 2041646K [0x0000000704c00000, 0x0000000704d05da0, 0x00000007c0000000)
  region size 1024K, 1797 young (1840128K), 14 survivors (14336K)
 Metaspace       used 129850K, capacity 136646K, committed 136864K, reserved 1167360K
  class space    used 16820K, capacity 18058K, committed 18132K, reserved 1048576K
2020-12-07T14:12:43.670+0000: 13906.954: [GC pause (G1 Evacuation Pause) (young)
Desired survivor size 117964800 bytes, new threshold 15 (max 15)
- age   1:    6326960 bytes,    6326960 total
- age   2:      98584 bytes,    6425544 total
- age   3:     102104 bytes,    6527648 total
- age   4:      96776 bytes,    6624424 total
- age   5:      98960 bytes,    6723384 total
- age   6:     154080 bytes,    6877464 total
- age   7:     158144 bytes,    7035608 total
- age   8:     532288 bytes,    7567896 total
- age   9:      89480 bytes,    7657376 total
- age  10:    1875800 bytes,    9533176 total
- age  11:      55864 bytes,    9589040 total
- age  12:       2184 bytes,    9591224 total
- age  13:        912 bytes,    9592136 total
- age  14:       2200 bytes,    9594336 total
- age  15:      33328 bytes,    9627664 total
, 0.0221925 secs]
   [Parallel Time: 10.2 ms, GC Workers: 6]
      [GC Worker Start (ms): Min: 13906953.9, Avg: 13906954.0, Max: 13906954.1, Diff: 0.2]
      [Ext Root Scanning (ms): Min: 2.7, Avg: 2.8, Max: 3.0, Diff: 0.4, Sum: 16.8]
      [Update RS (ms): Min: 2.2, Avg: 2.3, Max: 2.5, Diff: 0.3, Sum: 13.7]
         [Processed Buffers: Min: 11, Avg: 21.3, Max: 37, Diff: 26, Sum: 128]
      [Scan RS (ms): Min: 0.2, Avg: 0.3, Max: 0.4, Diff: 0.2, Sum: 2.0]
      [Code Root Scanning (ms): Min: 0.0, Avg: 0.1, Max: 0.1, Diff: 0.1, Sum: 0.4]
      [Object Copy (ms): Min: 3.8, Avg: 4.0, Max: 4.1, Diff: 0.3, Sum: 23.8]
      [Termination (ms): Min: 0.0, Avg: 0.0, Max: 0.0, Diff: 0.0, Sum: 0.0]
         [Termination Attempts: Min: 1, Avg: 1.0, Max: 1, Diff: 0, Sum: 6]
      [GC Worker Other (ms): Min: 0.0, Avg: 0.1, Max: 0.3, Diff: 0.2, Sum: 0.7]
      [GC Worker Total (ms): Min: 9.5, Avg: 9.6, Max: 9.8, Diff: 0.3, Sum: 57.4]
      [GC Worker End (ms): Min: 13906963.5, Avg: 13906963.6, Max: 13906963.7, Diff: 0.2]
   [Code Root Fixup: 0.0 ms]
   [Code Root Purge: 0.0 ms]
   [Clear CT: 0.3 ms]
   [Other: 11.6 ms]
      [Choose CSet: 0.0 ms]
      [Ref Proc: 8.9 ms]
      [Ref Enq: 0.6 ms]
      [Redirty Cards: 0.6 ms]
      [Humongous Register: 0.1 ms]
      [Humongous Reclaim: 0.1 ms]
      [Free CSet: 0.7 ms]
   [Eden: 1783.0M(1783.0M)->0.0B(1783.0M) Survivors: 14336.0K->14336.0K Heap: 1993.8M(2996.0M)->192.9M(2996.0M)]
Heap after GC invocations=51 (full 0):
 garbage-first heap   total 3067904K, used 197490K [0x0000000704c00000, 0x0000000704d05da0, 0x00000007c0000000)
  region size 1024K, 14 young (14336K), 14 survivors (14336K)
 Metaspace       used 129850K, capacity 136646K, committed 136864K, reserved 1167360K
  class space    used 16820K, capacity 18058K, committed 18132K, reserved 1048576K
}
 [Times: user=0.06 sys=0.02, real=0.03 secs] 
2020-12-07T14:12:43.694+0000: 13906.978: Total time for which application threads were stopped: 0.0248161 seconds, Stopping threads took: 0.0001551 seconds
2020-12-07T14:17:43.463+0000: 14206.979: Total time for which application threads were stopped: 0.0008133 seconds, Stopping threads took: 0.0001003 seconds
{Heap before GC invocations=51 (full 0):
 garbage-first heap   total 3067904K, used 2023282K [0x0000000704c00000, 0x0000000704d05da0, 0x00000007c0000000)
  region size 1024K, 1797 young (1840128K), 14 survivors (14336K)
 Metaspace       used 129861K, capacity 136646K, committed 136864K, reserved 1167360K
  class space    used 16820K, capacity 18058K, committed 18132K, reserved 1048576K
2020-12-07T14:18:45.669+0000: 14269.227: [GC pause (G1 Evacuation Pause) (young)
Desired survivor size 117964800 bytes, new threshold 15 (max 15)
- age   1:    6680936 bytes,    6680936 total
- age   2:     102216 bytes,    6783152 total
- age   3:      98344 bytes,    6881496 total
- age   4:     101784 bytes,    6983280 total
- age   5:      96776 bytes,    7080056 total
- age   6:      98328 bytes,    7178384 total
- age   7:     140936 bytes,    7319320 total
- age   8:     124720 bytes,    7444040 total
- age   9:     355240 bytes,    7799280 total
- age  10:      89160 bytes,    7888440 total
- age  11:    1813024 bytes,    9701464 total
- age  12:      55864 bytes,    9757328 total
- age  13:       2184 bytes,    9759512 total
- age  14:        912 bytes,    9760424 total
- age  15:       2200 bytes,    9762624 total
, 0.0204346 secs]
   [Parallel Time: 8.7 ms, GC Workers: 6]
      [GC Worker Start (ms): Min: 14269227.2, Avg: 14269227.4, Max: 14269227.5, Diff: 0.3]
      [Ext Root Scanning (ms): Min: 2.9, Avg: 3.0, Max: 3.3, Diff: 0.4, Sum: 18.2]
      [Update RS (ms): Min: 1.7, Avg: 1.7, Max: 1.9, Diff: 0.2, Sum: 10.4]
         [Processed Buffers: Min: 7, Avg: 19.7, Max: 37, Diff: 30, Sum: 118]
      [Scan RS (ms): Min: 0.1, Avg: 0.3, Max: 0.4, Diff: 0.3, Sum: 1.6]
      [Code Root Scanning (ms): Min: 0.0, Avg: 0.1, Max: 0.2, Diff: 0.2, Sum: 0.7]
      [Object Copy (ms): Min: 2.5, Avg: 2.7, Max: 2.8, Diff: 0.3, Sum: 16.0]
      [Termination (ms): Min: 0.0, Avg: 0.0, Max: 0.0, Diff: 0.0, Sum: 0.0]
         [Termination Attempts: Min: 1, Avg: 1.0, Max: 1, Diff: 0, Sum: 6]
      [GC Worker Other (ms): Min: 0.0, Avg: 0.2, Max: 0.4, Diff: 0.3, Sum: 1.2]
      [GC Worker Total (ms): Min: 7.9, Avg: 8.0, Max: 8.3, Diff: 0.4, Sum: 48.2]
      [GC Worker End (ms): Min: 14269235.2, Avg: 14269235.4, Max: 14269235.6, Diff: 0.3]
   [Code Root Fixup: 0.0 ms]
   [Code Root Purge: 0.0 ms]
   [Clear CT: 0.4 ms]
   [Other: 11.3 ms]
      [Choose CSet: 0.0 ms]
      [Ref Proc: 9.0 ms]
      [Ref Enq: 0.6 ms]
      [Redirty Cards: 0.5 ms]
      [Humongous Register: 0.1 ms]
      [Humongous Reclaim: 0.0 ms]
      [Free CSet: 0.7 ms]
   [Eden: 1783.0M(1783.0M)->0.0B(1783.0M) Survivors: 14336.0K->14336.0K Heap: 1975.9M(2996.0M)->192.9M(2996.0M)]
Heap after GC invocations=52 (full 0):
 garbage-first heap   total 3067904K, used 197512K [0x0000000704c00000, 0x0000000704d05da0, 0x00000007c0000000)
  region size 1024K, 14 young (14336K), 14 survivors (14336K)
 Metaspace       used 129861K, capacity 136646K, committed 136864K, reserved 1167360K
  class space    used 16820K, capacity 18058K, committed 18132K, reserved 1048576K
}
 [Times: user=0.04 sys=0.02, real=0.02 secs] 
2020-12-07T14:18:45.692+0000: 14269.250: Total time for which application threads were stopped: 0.0235586 seconds, Stopping threads took: 0.0000752 seconds
2020-12-07T14:23:45.485+0000: 14569.251: Total time for which application threads were stopped: 0.0006510 seconds, Stopping threads took: 0.0002013 seconds
{Heap before GC invocations=52 (full 0):
 garbage-first heap   total 3067904K, used 2027977K [0x0000000704c00000, 0x0000000704d05da0, 0x00000007c0000000)
  region size 1024K, 1797 young (1840128K), 14 survivors (14336K)
 Metaspace       used 129872K, capacity 136646K, committed 136864K, reserved 1167360K
  class space    used 16820K, capacity 18058K, committed 18132K, reserved 1048576K
2020-12-07T14:24:36.871+0000: 14620.679: [GC pause (G1 Evacuation Pause) (young)
Desired survivor size 117964800 bytes, new threshold 15 (max 15)
- age   1:    6323960 bytes,    6323960 total
- age   2:     421160 bytes,    6745120 total
- age   3:     100592 bytes,    6845712 total
- age   4:      98344 bytes,    6944056 total
- age   5:     101784 bytes,    7045840 total
- age   6:      96320 bytes,    7142160 total
- age   7:      98136 bytes,    7240296 total
- age   8:     107832 bytes,    7348128 total
- age   9:     107488 bytes,    7455616 total
- age  10:     336640 bytes,    7792256 total
- age  11:      89160 bytes,    7881416 total
- age  12:    1810864 bytes,    9692280 total
- age  13:      55864 bytes,    9748144 total
- age  14:       2184 bytes,    9750328 total
- age  15:        912 bytes,    9751240 total
, 0.0203531 secs]
   [Parallel Time: 8.2 ms, GC Workers: 6]
      [GC Worker Start (ms): Min: 14620679.0, Avg: 14620679.2, Max: 14620679.4, Diff: 0.4]
      [Ext Root Scanning (ms): Min: 2.9, Avg: 3.1, Max: 3.4, Diff: 0.5, Sum: 18.9]
      [Update RS (ms): Min: 1.9, Avg: 1.9, Max: 2.0, Diff: 0.1, Sum: 11.6]
         [Processed Buffers: Min: 7, Avg: 21.5, Max: 36, Diff: 29, Sum: 129]
      [Scan RS (ms): Min: 0.3, Avg: 0.3, Max: 0.4, Diff: 0.1, Sum: 2.1]
      [Code Root Scanning (ms): Min: 0.0, Avg: 0.2, Max: 0.5, Diff: 0.5, Sum: 1.2]
      [Object Copy (ms): Min: 1.8, Avg: 2.1, Max: 2.3, Diff: 0.5, Sum: 12.7]
      [Termination (ms): Min: 0.0, Avg: 0.0, Max: 0.0, Diff: 0.0, Sum: 0.0]
         [Termination Attempts: Min: 1, Avg: 1.0, Max: 1, Diff: 0, Sum: 6]
      [GC Worker Other (ms): Min: 0.0, Avg: 0.1, Max: 0.2, Diff: 0.2, Sum: 0.7]
      [GC Worker Total (ms): Min: 7.5, Avg: 7.8, Max: 8.0, Diff: 0.5, Sum: 47.0]
      [GC Worker End (ms): Min: 14620686.9, Avg: 14620687.0, Max: 14620687.1, Diff: 0.2]
   [Code Root Fixup: 0.0 ms]
   [Code Root Purge: 0.0 ms]
   [Clear CT: 0.5 ms]
   [Other: 11.6 ms]
      [Choose CSet: 0.0 ms]
      [Ref Proc: 8.9 ms]
      [Ref Enq: 0.5 ms]
      [Redirty Cards: 0.5 ms]
      [Humongous Register: 0.1 ms]
      [Humongous Reclaim: 0.1 ms]
      [Free CSet: 0.6 ms]
   [Eden: 1783.0M(1783.0M)->0.0B(1782.0M) Survivors: 14336.0K->15360.0K Heap: 1980.4M(2996.0M)->193.4M(2996.0M)]
Heap after GC invocations=53 (full 0):
 garbage-first heap   total 3067904K, used 198033K [0x0000000704c00000, 0x0000000704d05da0, 0x00000007c0000000)
  region size 1024K, 15 young (15360K), 15 survivors (15360K)
 Metaspace       used 129872K, capacity 136646K, committed 136864K, reserved 1167360K
  class space    used 16820K, capacity 18058K, committed 18132K, reserved 1048576K
}
 [Times: user=0.06 sys=0.01, real=0.02 secs] 
2020-12-07T14:24:36.894+0000: 14620.701: Total time for which application threads were stopped: 0.0234586 seconds, Stopping threads took: 0.0001056 seconds
2020-12-07T14:29:36.687+0000: 14920.703: Total time for which application threads were stopped: 0.0012270 seconds, Stopping threads took: 0.0004045 seconds
{Heap before GC invocations=53 (full 0):
 garbage-first heap   total 3067904K, used 2022801K [0x0000000704c00000, 0x0000000704d05da0, 0x00000007c0000000)
  region size 1024K, 1797 young (1840128K), 15 survivors (15360K)
 Metaspace       used 129881K, capacity 136646K, committed 136864K, reserved 1167360K
  class space    used 16820K, capacity 18058K, committed 18132K, reserved 1048576K
2020-12-07T14:30:46.829+0000: 14990.887: [GC pause (G1 Evacuation Pause) (young)
Desired survivor size 117964800 bytes, new threshold 15 (max 15)
- age   1:    7298672 bytes,    7298672 total
- age   2:      33320 bytes,    7331992 total
- age   3:     299096 bytes,    7631088 total
- age   4:      33360 bytes,    7664448 total
- age   5:      31832 bytes,    7696280 total
- age   6:      32752 bytes,    7729032 total
- age   7:      30408 bytes,    7759440 total
- age   8:      33240 bytes,    7792680 total
- age   9:      70640 bytes,    7863320 total
- age  10:      77600 bytes,    7940920 total
- age  11:      82560 bytes,    8023480 total
- age  12:      89160 bytes,    8112640 total
- age  13:    1810640 bytes,    9923280 total
- age  14:      55864 bytes,    9979144 total
- age  15:       2184 bytes,    9981328 total
, 0.0208088 secs]
   [Parallel Time: 8.7 ms, GC Workers: 6]
      [GC Worker Start (ms): Min: 14990887.0, Avg: 14990887.1, Max: 14990887.2, Diff: 0.3]
      [Ext Root Scanning (ms): Min: 3.0, Avg: 3.2, Max: 3.4, Diff: 0.4, Sum: 19.1]
      [Update RS (ms): Min: 2.0, Avg: 2.1, Max: 2.5, Diff: 0.5, Sum: 12.8]
         [Processed Buffers: Min: 5, Avg: 19.5, Max: 34, Diff: 29, Sum: 117]
      [Scan RS (ms): Min: 0.1, Avg: 0.4, Max: 0.5, Diff: 0.4, Sum: 2.2]
      [Code Root Scanning (ms): Min: 0.0, Avg: 0.1, Max: 0.2, Diff: 0.2, Sum: 0.5]
      [Object Copy (ms): Min: 2.3, Avg: 2.4, Max: 2.5, Diff: 0.2, Sum: 14.5]
      [Termination (ms): Min: 0.0, Avg: 0.1, Max: 0.1, Diff: 0.1, Sum: 0.5]
         [Termination Attempts: Min: 1, Avg: 1.0, Max: 1, Diff: 0, Sum: 6]
      [GC Worker Other (ms): Min: 0.0, Avg: 0.1, Max: 0.1, Diff: 0.1, Sum: 0.4]
      [GC Worker Total (ms): Min: 8.2, Avg: 8.4, Max: 8.5, Diff: 0.3, Sum: 50.1]
      [GC Worker End (ms): Min: 14990895.3, Avg: 14990895.4, Max: 14990895.5, Diff: 0.2]
   [Code Root Fixup: 0.0 ms]
   [Code Root Purge: 0.0 ms]
   [Clear CT: 0.6 ms]
   [Other: 11.5 ms]
      [Choose CSet: 0.0 ms]
      [Ref Proc: 8.4 ms]
      [Ref Enq: 0.6 ms]
      [Redirty Cards: 0.6 ms]
      [Humongous Register: 0.1 ms]
      [Humongous Reclaim: 0.1 ms]
      [Free CSet: 1.1 ms]
   [Eden: 1782.0M(1782.0M)->0.0B(1782.0M) Survivors: 15360.0K->15360.0K Heap: 1975.4M(2996.0M)->193.4M(2996.0M)]
Heap after GC invocations=54 (full 0):
 garbage-first heap   total 3067904K, used 198043K [0x0000000704c00000, 0x0000000704d05da0, 0x00000007c0000000)
  region size 1024K, 15 young (15360K), 15 survivors (15360K)
 Metaspace       used 129881K, capacity 136646K, committed 136864K, reserved 1167360K
  class space    used 16820K, capacity 18058K, committed 18132K, reserved 1048576K
}
 [Times: user=0.05 sys=0.01, real=0.02 secs] 
2020-12-07T14:30:46.852+0000: 14990.909: Total time for which application threads were stopped: 0.0233462 seconds, Stopping threads took: 0.0001485 seconds
2020-12-07T14:35:46.645+0000: 15290.910: Total time for which application threads were stopped: 0.0007672 seconds, Stopping threads took: 0.0001098 seconds
{Heap before GC invocations=54 (full 0):
 garbage-first heap   total 3067904K, used 2022811K [0x0000000704c00000, 0x0000000704d05da0, 0x00000007c0000000)
  region size 1024K, 1797 young (1840128K), 15 survivors (15360K)
 Metaspace       used 129894K, capacity 136710K, committed 136864K, reserved 1167360K
  class space    used 16820K, capacity 18058K, committed 18132K, reserved 1048576K
2020-12-07T14:36:46.734+0000: 15351.041: [GC pause (G1 Evacuation Pause) (young)
Desired survivor size 117964800 bytes, new threshold 15 (max 15)
- age   1:    6360192 bytes,    6360192 total
- age   2:     971104 bytes,    7331296 total
- age   3:      33080 bytes,    7364376 total
- age   4:     298856 bytes,    7663232 total
- age   5:      33360 bytes,    7696592 total
- age   6:      31200 bytes,    7727792 total
- age   7:      32688 bytes,    7760480 total
- age   8:      30408 bytes,    7790888 total
- age   9:      33240 bytes,    7824128 total
- age  10:      70640 bytes,    7894768 total
- age  11:      77600 bytes,    7972368 total
- age  12:      82200 bytes,    8054568 total
- age  13:      89160 bytes,    8143728 total
- age  14:    1810640 bytes,    9954368 total
- age  15:      55864 bytes,   10010232 total
, 0.0209994 secs]
   [Parallel Time: 9.1 ms, GC Workers: 6]
      [GC Worker Start (ms): Min: 15351041.3, Avg: 15351041.4, Max: 15351041.5, Diff: 0.3]
      [Ext Root Scanning (ms): Min: 3.2, Avg: 3.3, Max: 3.5, Diff: 0.3, Sum: 19.9]
      [Update RS (ms): Min: 1.8, Avg: 1.9, Max: 2.3, Diff: 0.6, Sum: 11.5]
         [Processed Buffers: Min: 10, Avg: 19.5, Max: 37, Diff: 27, Sum: 117]
      [Scan RS (ms): Min: 0.1, Avg: 0.3, Max: 0.4, Diff: 0.3, Sum: 1.8]
      [Code Root Scanning (ms): Min: 0.0, Avg: 0.1, Max: 0.2, Diff: 0.2, Sum: 0.5]
      [Object Copy (ms): Min: 2.6, Avg: 2.8, Max: 2.9, Diff: 0.3, Sum: 16.6]
      [Termination (ms): Min: 0.0, Avg: 0.1, Max: 0.1, Diff: 0.1, Sum: 0.4]
         [Termination Attempts: Min: 1, Avg: 1.3, Max: 2, Diff: 1, Sum: 8]
      [GC Worker Other (ms): Min: 0.0, Avg: 0.0, Max: 0.1, Diff: 0.0, Sum: 0.1]
      [GC Worker Total (ms): Min: 8.4, Avg: 8.5, Max: 8.5, Diff: 0.2, Sum: 50.8]
      [GC Worker End (ms): Min: 15351049.8, Avg: 15351049.9, Max: 15351049.9, Diff: 0.1]
   [Code Root Fixup: 0.0 ms]
   [Code Root Purge: 0.0 ms]
   [Clear CT: 0.5 ms]
   [Other: 11.4 ms]
      [Choose CSet: 0.0 ms]
      [Ref Proc: 8.7 ms]
      [Ref Enq: 0.7 ms]
      [Redirty Cards: 0.6 ms]
      [Humongous Register: 0.1 ms]
      [Humongous Reclaim: 0.0 ms]
      [Free CSet: 0.7 ms]
   [Eden: 1782.0M(1782.0M)->0.0B(1782.0M) Survivors: 15360.0K->15360.0K Heap: 1975.4M(2996.0M)->193.5M(2996.0M)]
Heap after GC invocations=55 (full 0):
 garbage-first heap   total 3067904K, used 198105K [0x0000000704c00000, 0x0000000704d05da0, 0x00000007c0000000)
  region size 1024K, 15 young (15360K), 15 survivors (15360K)
 Metaspace       used 129894K, capacity 136710K, committed 136864K, reserved 1167360K
  class space    used 16820K, capacity 18058K, committed 18132K, reserved 1048576K
}
 [Times: user=0.05 sys=0.02, real=0.02 secs] 
2020-12-07T14:36:46.757+0000: 15351.064: Total time for which application threads were stopped: 0.0239257 seconds, Stopping threads took: 0.0002500 seconds
2020-12-07T14:41:46.550+0000: 15651.065: Total time for which application threads were stopped: 0.0007671 seconds, Stopping threads took: 0.0001308 seconds
{Heap before GC invocations=55 (full 0):
 garbage-first heap   total 3067904K, used 2022873K [0x0000000704c00000, 0x0000000704d05da0, 0x00000007c0000000)
  region size 1024K, 1797 young (1840128K), 15 survivors (15360K)
 Metaspace       used 129920K, capacity 136718K, committed 136864K, reserved 1167360K
  class space    used 16821K, capacity 18058K, committed 18132K, reserved 1048576K
2020-12-07T14:42:45.073+0000: 15709.630: [GC pause (G1 Evacuation Pause) (young)
Desired survivor size 117964800 bytes, new threshold 15 (max 15)
- age   1:    6361376 bytes,    6361376 total
- age   2:     101216 bytes,    6462592 total
- age   3:     903096 bytes,    7365688 total
- age   4:      33080 bytes,    7398768 total
- age   5:     298544 bytes,    7697312 total
- age   6:      32808 bytes,    7730120 total
- age   7:      31200 bytes,    7761320 total
- age   8:      32688 bytes,    7794008 total
- age   9:      30408 bytes,    7824416 total
- age  10:      33240 bytes,    7857656 total
- age  11:      70640 bytes,    7928296 total
- age  12:      77600 bytes,    8005896 total
- age  13:      82104 bytes,    8088000 total
- age  14:      89160 bytes,    8177160 total
- age  15:    1810640 bytes,    9987800 total
, 0.0238882 secs]
   [Parallel Time: 8.5 ms, GC Workers: 6]
      [GC Worker Start (ms): Min: 15709630.3, Avg: 15709630.5, Max: 15709630.6, Diff: 0.3]
      [Ext Root Scanning (ms): Min: 2.7, Avg: 2.9, Max: 3.0, Diff: 0.4, Sum: 17.2]
      [Update RS (ms): Min: 1.7, Avg: 1.7, Max: 1.8, Diff: 0.2, Sum: 10.3]
         [Processed Buffers: Min: 7, Avg: 19.8, Max: 37, Diff: 30, Sum: 119]
      [Scan RS (ms): Min: 0.2, Avg: 0.3, Max: 0.4, Diff: 0.2, Sum: 1.7]
      [Code Root Scanning (ms): Min: 0.0, Avg: 0.2, Max: 0.2, Diff: 0.2, Sum: 0.9]
      [Object Copy (ms): Min: 2.3, Avg: 2.4, Max: 2.6, Diff: 0.3, Sum: 14.3]
      [Termination (ms): Min: 0.0, Avg: 0.0, Max: 0.0, Diff: 0.0, Sum: 0.0]
         [Termination Attempts: Min: 1, Avg: 1.3, Max: 2, Diff: 1, Sum: 8]
      [GC Worker Other (ms): Min: 0.0, Avg: 0.2, Max: 0.4, Diff: 0.4, Sum: 1.1]
      [GC Worker Total (ms): Min: 7.3, Avg: 7.6, Max: 7.9, Diff: 0.6, Sum: 45.5]
      [GC Worker End (ms): Min: 15709637.9, Avg: 15709638.1, Max: 15709638.3, Diff: 0.4]
   [Code Root Fixup: 0.1 ms]
   [Code Root Purge: 0.0 ms]
   [Clear CT: 0.7 ms]
   [Other: 14.6 ms]
      [Choose CSet: 0.0 ms]
      [Ref Proc: 12.1 ms]
      [Ref Enq: 0.5 ms]
      [Redirty Cards: 0.5 ms]
      [Humongous Register: 0.1 ms]
      [Humongous Reclaim: 0.1 ms]
      [Free CSet: 0.7 ms]
   [Eden: 1782.0M(1782.0M)->0.0B(1785.0M) Survivors: 15360.0K->12288.0K Heap: 1975.5M(2996.0M)->192.7M(2996.0M)]
Heap after GC invocations=56 (full 0):
 garbage-first heap   total 3067904K, used 197349K [0x0000000704c00000, 0x0000000704d05da0, 0x00000007c0000000)
  region size 1024K, 12 young (12288K), 12 survivors (12288K)
 Metaspace       used 129920K, capacity 136718K, committed 136864K, reserved 1167360K
  class space    used 16821K, capacity 18058K, committed 18132K, reserved 1048576K
}
 [Times: user=0.06 sys=0.01, real=0.03 secs] 
2020-12-07T14:42:45.099+0000: 15709.656: Total time for which application threads were stopped: 0.0265455 seconds, Stopping threads took: 0.0001725 seconds
2020-12-07T14:47:44.839+0000: 16009.657: Total time for which application threads were stopped: 0.0006882 seconds, Stopping threads took: 0.0001903 seconds
{Heap before GC invocations=56 (full 0):
 garbage-first heap   total 3067904K, used 2025189K [0x0000000704c00000, 0x0000000704d05da0, 0x00000007c0000000)
  region size 1024K, 1797 young (1840128K), 12 survivors (12288K)
 Metaspace       used 129924K, capacity 136718K, committed 136864K, reserved 1167360K
  class space    used 16821K, capacity 18058K, committed 18132K, reserved 1048576K
2020-12-07T14:48:44.430+0000: 16069.291: [GC pause (G1 Evacuation Pause) (young)
Desired survivor size 117964800 bytes, new threshold 15 (max 15)
- age   1:    6349480 bytes,    6349480 total
- age   2:      99096 bytes,    6448576 total
- age   3:     100976 bytes,    6549552 total
- age   4:     837232 bytes,    7386784 total
- age   5:      33080 bytes,    7419864 total
- age   6:     297976 bytes,    7717840 total
- age   7:      32808 bytes,    7750648 total
- age   8:      31200 bytes,    7781848 total
- age   9:      32688 bytes,    7814536 total
- age  10:      30408 bytes,    7844944 total
- age  11:      33240 bytes,    7878184 total
- age  12:      70640 bytes,    7948824 total
- age  13:      77600 bytes,    8026424 total
- age  14:      82104 bytes,    8108528 total
- age  15:      89160 bytes,    8197688 total
, 0.0265416 secs]
   [Parallel Time: 11.2 ms, GC Workers: 6]
      [GC Worker Start (ms): Min: 16069291.3, Avg: 16069291.5, Max: 16069291.6, Diff: 0.3]
      [Ext Root Scanning (ms): Min: 2.9, Avg: 3.1, Max: 3.4, Diff: 0.5, Sum: 18.9]
      [Update RS (ms): Min: 2.8, Avg: 2.9, Max: 3.3, Diff: 0.5, Sum: 17.6]
         [Processed Buffers: Min: 8, Avg: 20.7, Max: 39, Diff: 31, Sum: 124]
      [Scan RS (ms): Min: 0.2, Avg: 0.5, Max: 0.6, Diff: 0.4, Sum: 2.7]
      [Code Root Scanning (ms): Min: 0.0, Avg: 0.0, Max: 0.1, Diff: 0.1, Sum: 0.3]
      [Object Copy (ms): Min: 2.4, Avg: 2.5, Max: 2.6, Diff: 0.3, Sum: 14.9]
      [Termination (ms): Min: 0.0, Avg: 0.0, Max: 0.0, Diff: 0.0, Sum: 0.0]
         [Termination Attempts: Min: 1, Avg: 1.3, Max: 2, Diff: 1, Sum: 8]
      [GC Worker Other (ms): Min: 0.0, Avg: 0.2, Max: 0.4, Diff: 0.3, Sum: 1.1]
      [GC Worker Total (ms): Min: 8.9, Avg: 9.3, Max: 9.5, Diff: 0.6, Sum: 55.6]
      [GC Worker End (ms): Min: 16069300.6, Avg: 16069300.7, Max: 16069300.9, Diff: 0.3]
   [Code Root Fixup: 0.0 ms]
   [Code Root Purge: 0.0 ms]
   [Clear CT: 0.6 ms]
   [Other: 14.7 ms]
      [Choose CSet: 0.0 ms]
      [Ref Proc: 11.4 ms]
      [Ref Enq: 0.8 ms]
      [Redirty Cards: 0.9 ms]
      [Humongous Register: 0.1 ms]
      [Humongous Reclaim: 0.1 ms]
      [Free CSet: 1.0 ms]
   [Eden: 1785.0M(1785.0M)->0.0B(1784.0M) Survivors: 12288.0K->13312.0K Heap: 1977.7M(2996.0M)->194.3M(2996.0M)]
Heap after GC invocations=57 (full 0):
 garbage-first heap   total 3067904K, used 199012K [0x0000000704c00000, 0x0000000704d05da0, 0x00000007c0000000)
  region size 1024K, 13 young (13312K), 13 survivors (13312K)
 Metaspace       used 129924K, capacity 136718K, committed 136864K, reserved 1167360K
  class space    used 16821K, capacity 18058K, committed 18132K, reserved 1048576K
}
 [Times: user=0.05 sys=0.02, real=0.03 secs] 
2020-12-07T14:48:44.459+0000: 16069.320: Total time for which application threads were stopped: 0.0297455 seconds, Stopping threads took: 0.0001860 seconds
2020-12-07T14:53:45.034+0000: 16370.106: Total time for which application threads were stopped: 0.0007966 seconds, Stopping threads took: 0.0000813 seconds
{Heap before GC invocations=57 (full 0):
 garbage-first heap   total 3067904K, used 2025828K [0x0000000704c00000, 0x0000000704d05da0, 0x00000007c0000000)
  region size 1024K, 1797 young (1840128K), 13 survivors (13312K)
 Metaspace       used 129926K, capacity 136718K, committed 136864K, reserved 1167360K
  class space    used 16821K, capacity 18058K, committed 18132K, reserved 1048576K
2020-12-07T14:54:46.177+0000: 16431.291: [GC pause (G1 Evacuation Pause) (young)
Desired survivor size 117964800 bytes, new threshold 15 (max 15)
- age   1:    6475704 bytes,    6475704 total
- age   2:     101576 bytes,    6577280 total
- age   3:      98888 bytes,    6676168 total
- age   4:     100976 bytes,    6777144 total
- age   5:     769320 bytes,    7546464 total
- age   6:      32648 bytes,    7579112 total
- age   7:     297976 bytes,    7877088 total
- age   8:      32808 bytes,    7909896 total
- age   9:      31200 bytes,    7941096 total
- age  10:      32688 bytes,    7973784 total
- age  11:      30408 bytes,    8004192 total
- age  12:      33240 bytes,    8037432 total
- age  13:      70640 bytes,    8108072 total
- age  14:      77600 bytes,    8185672 total
- age  15:      82104 bytes,    8267776 total
, 0.0195695 secs]
   [Parallel Time: 6.9 ms, GC Workers: 6]
      [GC Worker Start (ms): Min: 16431291.7, Avg: 16431291.8, Max: 16431291.9, Diff: 0.3]
      [Ext Root Scanning (ms): Min: 2.7, Avg: 2.8, Max: 3.1, Diff: 0.4, Sum: 16.9]
      [Update RS (ms): Min: 1.3, Avg: 1.4, Max: 1.5, Diff: 0.2, Sum: 8.3]
         [Processed Buffers: Min: 7, Avg: 19.5, Max: 44, Diff: 37, Sum: 117]
      [Scan RS (ms): Min: 0.2, Avg: 0.2, Max: 0.3, Diff: 0.1, Sum: 1.5]
      [Code Root Scanning (ms): Min: 0.0, Avg: 0.0, Max: 0.1, Diff: 0.1, Sum: 0.2]
      [Object Copy (ms): Min: 1.6, Avg: 1.7, Max: 1.8, Diff: 0.2, Sum: 10.0]
      [Termination (ms): Min: 0.0, Avg: 0.0, Max: 0.0, Diff: 0.0, Sum: 0.2]
         [Termination Attempts: Min: 1, Avg: 1.0, Max: 1, Diff: 0, Sum: 6]
      [GC Worker Other (ms): Min: 0.0, Avg: 0.1, Max: 0.3, Diff: 0.3, Sum: 0.6]
      [GC Worker Total (ms): Min: 6.1, Avg: 6.3, Max: 6.5, Diff: 0.3, Sum: 37.8]
      [GC Worker End (ms): Min: 16431298.0, Avg: 16431298.1, Max: 16431298.3, Diff: 0.3]
   [Code Root Fixup: 0.0 ms]
   [Code Root Purge: 0.0 ms]
   [Clear CT: 0.5 ms]
   [Other: 12.2 ms]
      [Choose CSet: 0.0 ms]
      [Ref Proc: 9.1 ms]
      [Ref Enq: 0.7 ms]
      [Redirty Cards: 0.7 ms]
      [Humongous Register: 0.1 ms]
      [Humongous Reclaim: 0.1 ms]
      [Free CSet: 0.9 ms]
   [Eden: 1784.0M(1784.0M)->0.0B(1784.0M) Survivors: 13312.0K->13312.0K Heap: 1978.3M(2996.0M)->194.6M(2996.0M)]
Heap after GC invocations=58 (full 0):
 garbage-first heap   total 3067904K, used 199295K [0x0000000704c00000, 0x0000000704d05da0, 0x00000007c0000000)
  region size 1024K, 13 young (13312K), 13 survivors (13312K)
 Metaspace       used 129926K, capacity 136718K, committed 136864K, reserved 1167360K
  class space    used 16821K, capacity 18058K, committed 18132K, reserved 1048576K
}
 [Times: user=0.05 sys=0.01, real=0.04 secs] 
2020-12-07T14:54:46.217+0000: 16431.332: Total time for which application threads were stopped: 0.0411420 seconds, Stopping threads took: 0.0001568 seconds
2020-12-07T14:59:46.006+0000: 16731.333: Total time for which application threads were stopped: 0.0005158 seconds, Stopping threads took: 0.0000933 seconds
{Heap before GC invocations=58 (full 0):
 garbage-first heap   total 3067904K, used 2026111K [0x0000000704c00000, 0x0000000704d05da0, 0x00000007c0000000)
  region size 1024K, 1797 young (1840128K), 13 survivors (13312K)
 Metaspace       used 129928K, capacity 136718K, committed 136864K, reserved 1167360K
  class space    used 16821K, capacity 18058K, committed 18132K, reserved 1048576K
2020-12-07T15:00:49.455+0000: 16794.824: [GC pause (G1 Evacuation Pause) (young)
Desired survivor size 117964800 bytes, new threshold 15 (max 15)
- age   1:    6330400 bytes,    6330400 total
- age   2:     101256 bytes,    6431656 total
- age   3:     101184 bytes,    6532840 total
- age   4:      98824 bytes,    6631664 total
- age   5:     100976 bytes,    6732640 total
- age   6:     701456 bytes,    7434096 total
- age   7:      32584 bytes,    7466680 total
- age   8:     297976 bytes,    7764656 total
- age   9:      32432 bytes,    7797088 total
- age  10:      30936 bytes,    7828024 total
- age  11:      32688 bytes,    7860712 total
- age  12:      30408 bytes,    7891120 total
- age  13:      33240 bytes,    7924360 total
- age  14:      70640 bytes,    7995000 total
- age  15:      77600 bytes,    8072600 total
, 0.0205125 secs]
   [Parallel Time: 7.6 ms, GC Workers: 6]
      [GC Worker Start (ms): Min: 16794824.0, Avg: 16794824.1, Max: 16794824.2, Diff: 0.2]
      [Ext Root Scanning (ms): Min: 2.8, Avg: 2.9, Max: 3.1, Diff: 0.3, Sum: 17.1]
      [Update RS (ms): Min: 1.4, Avg: 1.5, Max: 1.8, Diff: 0.4, Sum: 8.8]
         [Processed Buffers: Min: 7, Avg: 19.0, Max: 31, Diff: 24, Sum: 114]
      [Scan RS (ms): Min: 0.1, Avg: 0.4, Max: 0.5, Diff: 0.3, Sum: 2.4]
      [Code Root Scanning (ms): Min: 0.0, Avg: 0.0, Max: 0.1, Diff: 0.1, Sum: 0.3]
      [Object Copy (ms): Min: 1.7, Avg: 1.8, Max: 1.9, Diff: 0.2, Sum: 11.0]
      [Termination (ms): Min: 0.0, Avg: 0.1, Max: 0.3, Diff: 0.3, Sum: 0.6]
         [Termination Attempts: Min: 1, Avg: 1.5, Max: 2, Diff: 1, Sum: 9]
      [GC Worker Other (ms): Min: 0.0, Avg: 0.2, Max: 0.6, Diff: 0.5, Sum: 1.2]
      [GC Worker Total (ms): Min: 6.6, Avg: 6.9, Max: 7.3, Diff: 0.7, Sum: 41.4]
      [GC Worker End (ms): Min: 16794830.8, Avg: 16794831.0, Max: 16794831.3, Diff: 0.5]
   [Code Root Fixup: 0.1 ms]
   [Code Root Purge: 0.0 ms]
   [Clear CT: 0.7 ms]
   [Other: 12.2 ms]
      [Choose CSet: 0.0 ms]
      [Ref Proc: 9.7 ms]
      [Ref Enq: 0.5 ms]
      [Redirty Cards: 0.5 ms]
      [Humongous Register: 0.2 ms]
      [Humongous Reclaim: 0.0 ms]
      [Free CSet: 0.8 ms]
   [Eden: 1784.0M(1784.0M)->0.0B(1784.0M) Survivors: 13312.0K->13312.0K Heap: 1978.6M(2996.0M)->194.7M(2996.0M)]
Heap after GC invocations=59 (full 0):
 garbage-first heap   total 3067904K, used 199409K [0x0000000704c00000, 0x0000000704d05da0, 0x00000007c0000000)
  region size 1024K, 13 young (13312K), 13 survivors (13312K)
 Metaspace       used 129928K, capacity 136718K, committed 136864K, reserved 1167360K
  class space    used 16821K, capacity 18058K, committed 18132K, reserved 1048576K
}
 [Times: user=0.05 sys=0.01, real=0.03 secs] 
2020-12-07T15:00:49.477+0000: 16794.845: Total time for which application threads were stopped: 0.0223577 seconds, Stopping threads took: 0.0000787 seconds
2020-12-07T15:05:49.267+0000: 17094.847: Total time for which application threads were stopped: 0.0006727 seconds, Stopping threads took: 0.0000840 seconds
{Heap before GC invocations=59 (full 0):
 garbage-first heap   total 3067904K, used 2026225K [0x0000000704c00000, 0x0000000704d05da0, 0x00000007c0000000)
  region size 1024K, 1797 young (1840128K), 13 survivors (13312K)
 Metaspace       used 129928K, capacity 136718K, committed 136864K, reserved 1167360K
  class space    used 16821K, capacity 18058K, committed 18132K, reserved 1048576K
2020-12-07T15:06:53.097+0000: 17158.740: [GC pause (G1 Evacuation Pause) (young)
Desired survivor size 117964800 bytes, new threshold 15 (max 15)
- age   1:    6324408 bytes,    6324408 total
- age   2:     103784 bytes,    6428192 total
- age   3:     100936 bytes,    6529128 total
- age   4:     101184 bytes,    6630312 total
- age   5:      98824 bytes,    6729136 total
- age   6:     100400 bytes,    6829536 total
- age   7:     634784 bytes,    7464320 total
- age   8:      32584 bytes,    7496904 total
- age   9:     297976 bytes,    7794880 total
- age  10:      32432 bytes,    7827312 total
- age  11:      30936 bytes,    7858248 total
- age  12:      32688 bytes,    7890936 total
- age  13:      30408 bytes,    7921344 total
- age  14:      33240 bytes,    7954584 total
- age  15:      70640 bytes,    8025224 total
, 0.0243889 secs]
   [Parallel Time: 8.8 ms, GC Workers: 6]
      [GC Worker Start (ms): Min: 17158740.5, Avg: 17158740.7, Max: 17158740.9, Diff: 0.4]
      [Ext Root Scanning (ms): Min: 3.2, Avg: 3.4, Max: 3.7, Diff: 0.6, Sum: 20.2]
      [Update RS (ms): Min: 1.9, Avg: 2.0, Max: 2.1, Diff: 0.2, Sum: 12.1]
         [Processed Buffers: Min: 5, Avg: 19.0, Max: 27, Diff: 22, Sum: 114]
      [Scan RS (ms): Min: 0.3, Avg: 0.4, Max: 0.5, Diff: 0.2, Sum: 2.5]
      [Code Root Scanning (ms): Min: 0.0, Avg: 0.0, Max: 0.1, Diff: 0.1, Sum: 0.3]
      [Object Copy (ms): Min: 1.9, Avg: 2.1, Max: 2.3, Diff: 0.4, Sum: 12.8]
      [Termination (ms): Min: 0.0, Avg: 0.0, Max: 0.0, Diff: 0.0, Sum: 0.2]
         [Termination Attempts: Min: 1, Avg: 1.0, Max: 1, Diff: 0, Sum: 6]
      [GC Worker Other (ms): Min: 0.0, Avg: 0.2, Max: 0.4, Diff: 0.3, Sum: 1.1]
      [GC Worker Total (ms): Min: 7.9, Avg: 8.2, Max: 8.5, Diff: 0.6, Sum: 49.2]
      [GC Worker End (ms): Min: 17158748.8, Avg: 17158748.9, Max: 17158749.1, Diff: 0.3]
   [Code Root Fixup: 0.0 ms]
   [Code Root Purge: 0.0 ms]
   [Clear CT: 0.6 ms]
   [Other: 15.0 ms]
      [Choose CSet: 0.0 ms]
      [Ref Proc: 9.6 ms]
      [Ref Enq: 0.7 ms]
      [Redirty Cards: 0.7 ms]
      [Humongous Register: 0.1 ms]
      [Humongous Reclaim: 0.3 ms]
      [Free CSet: 2.5 ms]
   [Eden: 1784.0M(1784.0M)->0.0B(1785.0M) Survivors: 13312.0K->12288.0K Heap: 1978.7M(2996.0M)->194.3M(2996.0M)]
Heap after GC invocations=60 (full 0):
 garbage-first heap   total 3067904K, used 198998K [0x0000000704c00000, 0x0000000704d05da0, 0x00000007c0000000)
  region size 1024K, 12 young (12288K), 12 survivors (12288K)
 Metaspace       used 129928K, capacity 136718K, committed 136864K, reserved 1167360K
  class space    used 16821K, capacity 18058K, committed 18132K, reserved 1048576K
}
 [Times: user=0.06 sys=0.02, real=0.03 secs] 
2020-12-07T15:06:53.124+0000: 17158.767: Total time for which application threads were stopped: 0.0275909 seconds, Stopping threads took: 0.0001087 seconds
2020-12-07T15:11:52.857+0000: 17458.769: Total time for which application threads were stopped: 0.0006481 seconds, Stopping threads took: 0.0001668 seconds
{Heap before GC invocations=60 (full 0):
 garbage-first heap   total 3067904K, used 2041174K [0x0000000704c00000, 0x0000000704d05da0, 0x00000007c0000000)
  region size 1024K, 1797 young (1840128K), 12 survivors (12288K)
 Metaspace       used 129953K, capacity 136718K, committed 136864K, reserved 1167360K
  class space    used 16822K, capacity 18058K, committed 18132K, reserved 1048576K
2020-12-07T15:12:57.175+0000: 17523.129: [GC pause (G1 Evacuation Pause) (young)
Desired survivor size 117964800 bytes, new threshold 15 (max 15)
- age   1:    6304224 bytes,    6304224 total
- age   2:     100272 bytes,    6404496 total
- age   3:     103392 bytes,    6507888 total
- age   4:      99296 bytes,    6607184 total
- age   5:     101040 bytes,    6708224 total
- age   6:      98432 bytes,    6806656 total
- age   7:      99288 bytes,    6905944 total
- age   8:     568696 bytes,    7474640 total
- age   9:      32584 bytes,    7507224 total
- age  10:     297976 bytes,    7805200 total
- age  11:      32432 bytes,    7837632 total
- age  12:      30936 bytes,    7868568 total
- age  13:      32688 bytes,    7901256 total
- age  14:      30408 bytes,    7931664 total
- age  15:      33240 bytes,    7964904 total
, 0.0208801 secs]
   [Parallel Time: 8.4 ms, GC Workers: 6]
      [GC Worker Start (ms): Min: 17523129.5, Avg: 17523129.7, Max: 17523129.8, Diff: 0.3]
      [Ext Root Scanning (ms): Min: 3.0, Avg: 3.2, Max: 3.6, Diff: 0.5, Sum: 19.5]
      [Update RS (ms): Min: 1.6, Avg: 1.8, Max: 2.0, Diff: 0.4, Sum: 10.7]
         [Processed Buffers: Min: 8, Avg: 20.3, Max: 34, Diff: 26, Sum: 122]
      [Scan RS (ms): Min: 0.1, Avg: 0.3, Max: 0.4, Diff: 0.3, Sum: 1.8]
      [Code Root Scanning (ms): Min: 0.0, Avg: 0.0, Max: 0.1, Diff: 0.1, Sum: 0.2]
      [Object Copy (ms): Min: 2.2, Avg: 2.3, Max: 2.5, Diff: 0.2, Sum: 14.1]
      [Termination (ms): Min: 0.0, Avg: 0.0, Max: 0.0, Diff: 0.0, Sum: 0.0]
         [Termination Attempts: Min: 1, Avg: 1.0, Max: 1, Diff: 0, Sum: 6]
      [GC Worker Other (ms): Min: 0.0, Avg: 0.2, Max: 0.3, Diff: 0.3, Sum: 1.1]
      [GC Worker Total (ms): Min: 7.7, Avg: 7.9, Max: 8.3, Diff: 0.5, Sum: 47.4]
      [GC Worker End (ms): Min: 17523137.4, Avg: 17523137.6, Max: 17523137.8, Diff: 0.3]
   [Code Root Fixup: 0.1 ms]
   [Code Root Purge: 0.0 ms]
   [Clear CT: 0.4 ms]
   [Other: 12.0 ms]
      [Choose CSet: 0.0 ms]
      [Ref Proc: 9.3 ms]
      [Ref Enq: 0.7 ms]
      [Redirty Cards: 0.6 ms]
      [Humongous Register: 0.1 ms]
      [Humongous Reclaim: 0.1 ms]
      [Free CSet: 0.7 ms]
   [Eden: 1785.0M(1785.0M)->0.0B(1784.0M) Survivors: 12288.0K->13312.0K Heap: 1993.3M(2996.0M)->194.9M(2996.0M)]
Heap after GC invocations=61 (full 0):
 garbage-first heap   total 3067904K, used 199578K [0x0000000704c00000, 0x0000000704d05da0, 0x00000007c0000000)
  region size 1024K, 13 young (13312K), 13 survivors (13312K)
 Metaspace       used 129953K, capacity 136718K, committed 136864K, reserved 1167360K
  class space    used 16822K, capacity 18058K, committed 18132K, reserved 1048576K
}
 [Times: user=0.06 sys=0.01, real=0.02 secs] 
2020-12-07T15:12:57.198+0000: 17523.152: Total time for which application threads were stopped: 0.0233596 seconds, Stopping threads took: 0.0001172 seconds
2020-12-07T15:17:56.984+0000: 17823.152: Total time for which application threads were stopped: 0.0005183 seconds, Stopping threads took: 0.0000905 seconds
{Heap before GC invocations=61 (full 0):
 garbage-first heap   total 3067904K, used 2026394K [0x0000000704c00000, 0x0000000704d05da0, 0x00000007c0000000)
  region size 1024K, 1797 young (1840128K), 13 survivors (13312K)
 Metaspace       used 129953K, capacity 136718K, committed 136864K, reserved 1167360K
  class space    used 16822K, capacity 18058K, committed 18132K, reserved 1048576K
2020-12-07T15:19:06.074+0000: 17892.285: [GC pause (G1 Evacuation Pause) (young)
Desired survivor size 117964800 bytes, new threshold 15 (max 15)
- age   1:    6589688 bytes,    6589688 total
- age   2:     103088 bytes,    6692776 total
- age   3:     100064 bytes,    6792840 total
- age   4:     103264 bytes,    6896104 total
- age   5:      97128 bytes,    6993232 total
- age   6:     100368 bytes,    7093600 total
- age   7:      97552 bytes,    7191152 total
- age   8:      64624 bytes,    7255776 total
- age   9:     380928 bytes,    7636704 total
- age  10:      31880 bytes,    7668584 total
- age  11:     249688 bytes,    7918272 total
- age  12:      32432 bytes,    7950704 total
- age  13:      30936 bytes,    7981640 total
- age  14:      32688 bytes,    8014328 total
- age  15:      30408 bytes,    8044736 total
, 0.0186924 secs]
   [Parallel Time: 7.7 ms, GC Workers: 6]
      [GC Worker Start (ms): Min: 17892285.3, Avg: 17892285.5, Max: 17892285.6, Diff: 0.3]
      [Ext Root Scanning (ms): Min: 2.8, Avg: 3.0, Max: 3.2, Diff: 0.3, Sum: 17.7]
      [Update RS (ms): Min: 1.4, Avg: 1.5, Max: 1.7, Diff: 0.2, Sum: 9.0]
         [Processed Buffers: Min: 8, Avg: 18.3, Max: 36, Diff: 28, Sum: 110]
      [Scan RS (ms): Min: 0.1, Avg: 0.3, Max: 0.4, Diff: 0.3, Sum: 1.8]
      [Code Root Scanning (ms): Min: 0.0, Avg: 0.0, Max: 0.1, Diff: 0.1, Sum: 0.3]
      [Object Copy (ms): Min: 1.7, Avg: 1.7, Max: 1.8, Diff: 0.1, Sum: 10.2]
      [Termination (ms): Min: 0.0, Avg: 0.0, Max: 0.0, Diff: 0.0, Sum: 0.0]
         [Termination Attempts: Min: 1, Avg: 1.0, Max: 1, Diff: 0, Sum: 6]
      [GC Worker Other (ms): Min: 0.0, Avg: 0.3, Max: 0.5, Diff: 0.5, Sum: 1.5]
      [GC Worker Total (ms): Min: 6.5, Avg: 6.8, Max: 7.1, Diff: 0.6, Sum: 40.6]
      [GC Worker End (ms): Min: 17892292.0, Avg: 17892292.2, Max: 17892292.5, Diff: 0.5]
   [Code Root Fixup: 0.0 ms]
   [Code Root Purge: 0.0 ms]
   [Clear CT: 0.3 ms]
   [Other: 10.6 ms]
      [Choose CSet: 0.0 ms]
      [Ref Proc: 8.1 ms]
      [Ref Enq: 0.7 ms]
      [Redirty Cards: 0.5 ms]
      [Humongous Register: 0.1 ms]
      [Humongous Reclaim: 0.1 ms]
      [Free CSet: 0.7 ms]
   [Eden: 1784.0M(1784.0M)->0.0B(1784.0M) Survivors: 13312.0K->13312.0K Heap: 1978.9M(2996.0M)->194.9M(2996.0M)]
Heap after GC invocations=62 (full 0):
 garbage-first heap   total 3067904K, used 199622K [0x0000000704c00000, 0x0000000704d05da0, 0x00000007c0000000)
  region size 1024K, 13 young (13312K), 13 survivors (13312K)
 Metaspace       used 129953K, capacity 136718K, committed 136864K, reserved 1167360K
  class space    used 16822K, capacity 18058K, committed 18132K, reserved 1048576K
}
 [Times: user=0.05 sys=0.01, real=0.02 secs] 
2020-12-07T15:19:06.094+0000: 17892.305: Total time for which application threads were stopped: 0.0206422 seconds, Stopping threads took: 0.0000948 seconds
2020-12-07T15:24:05.880+0000: 18192.306: Total time for which application threads were stopped: 0.0006688 seconds, Stopping threads took: 0.0001273 seconds
{Heap before GC invocations=62 (full 0):
 garbage-first heap   total 3067904K, used 2027015K [0x0000000704c00000, 0x0000000704d05da0, 0x00000007c0000000)
  region size 1024K, 1797 young (1840128K), 13 survivors (13312K)
 Metaspace       used 130012K, capacity 136898K, committed 137120K, reserved 1169408K
  class space    used 16839K, capacity 18088K, committed 18132K, reserved 1048576K
2020-12-07T15:25:03.577+0000: 18250.046: [GC pause (G1 Evacuation Pause) (young)
Desired survivor size 117964800 bytes, new threshold 15 (max 15)
- age   1:    6348608 bytes,    6348608 total
- age   2:     330600 bytes,    6679208 total
- age   3:      99800 bytes,    6779008 total
- age   4:     100064 bytes,    6879072 total
- age   5:     103264 bytes,    6982336 total
- age   6:      96696 bytes,    7079032 total
- age   7:      99328 bytes,    7178360 total
- age   8:      62200 bytes,    7240560 total
- age   9:      49192 bytes,    7289752 total
- age  10:     364248 bytes,    7654000 total
- age  11:      31880 bytes,    7685880 total
- age  12:     247888 bytes,    7933768 total
- age  13:      32432 bytes,    7966200 total
- age  14:      30936 bytes,    7997136 total
- age  15:      32688 bytes,    8029824 total
, 0.0203916 secs]
   [Parallel Time: 7.8 ms, GC Workers: 6]
      [GC Worker Start (ms): Min: 18250046.0, Avg: 18250046.1, Max: 18250046.3, Diff: 0.2]
      [Ext Root Scanning (ms): Min: 2.8, Avg: 3.0, Max: 3.2, Diff: 0.4, Sum: 17.7]
      [Update RS (ms): Min: 1.5, Avg: 1.5, Max: 1.7, Diff: 0.3, Sum: 9.1]
         [Processed Buffers: Min: 5, Avg: 20.2, Max: 43, Diff: 38, Sum: 121]
      [Scan RS (ms): Min: 0.1, Avg: 0.3, Max: 0.3, Diff: 0.2, Sum: 1.6]
      [Code Root Scanning (ms): Min: 0.0, Avg: 0.0, Max: 0.1, Diff: 0.1, Sum: 0.2]
      [Object Copy (ms): Min: 2.1, Avg: 2.2, Max: 2.3, Diff: 0.1, Sum: 13.3]
      [Termination (ms): Min: 0.0, Avg: 0.0, Max: 0.0, Diff: 0.0, Sum: 0.0]
         [Termination Attempts: Min: 1, Avg: 1.2, Max: 2, Diff: 1, Sum: 7]
      [GC Worker Other (ms): Min: 0.0, Avg: 0.3, Max: 0.6, Diff: 0.6, Sum: 1.8]
      [GC Worker Total (ms): Min: 6.9, Avg: 7.3, Max: 7.7, Diff: 0.8, Sum: 43.8]
      [GC Worker End (ms): Min: 18250053.2, Avg: 18250053.4, Max: 18250053.7, Diff: 0.6]
   [Code Root Fixup: 0.2 ms]
   [Code Root Purge: 0.0 ms]
   [Clear CT: 0.5 ms]
   [Other: 11.9 ms]
      [Choose CSet: 0.0 ms]
      [Ref Proc: 9.1 ms]
      [Ref Enq: 0.8 ms]
      [Redirty Cards: 0.6 ms]
      [Humongous Register: 0.2 ms]
      [Humongous Reclaim: 0.1 ms]
      [Free CSet: 0.7 ms]
   [Eden: 1784.0M(1784.0M)->0.0B(1784.0M) Survivors: 13312.0K->13312.0K Heap: 1979.5M(2996.0M)->195.0M(2996.0M)]
Heap after GC invocations=63 (full 0):
 garbage-first heap   total 3067904K, used 199672K [0x0000000704c00000, 0x0000000704d05da0, 0x00000007c0000000)
  region size 1024K, 13 young (13312K), 13 survivors (13312K)
 Metaspace       used 130012K, capacity 136898K, committed 137120K, reserved 1169408K
  class space    used 16839K, capacity 18088K, committed 18132K, reserved 1048576K
}
 [Times: user=0.05 sys=0.01, real=0.02 secs] 
2020-12-07T15:25:03.599+0000: 18250.068: Total time for which application threads were stopped: 0.0228556 seconds, Stopping threads took: 0.0002261 seconds
{Heap before GC invocations=63 (full 0):
 garbage-first heap   total 3067904K, used 2026488K [0x0000000704c00000, 0x0000000704d05da0, 0x00000007c0000000)
  region size 1024K, 1797 young (1840128K), 13 survivors (13312K)
 Metaspace       used 130015K, capacity 136898K, committed 137120K, reserved 1169408K
  class space    used 16839K, capacity 18088K, committed 18132K, reserved 1048576K
2020-12-07T15:31:10.487+0000: 18617.132: [GC pause (G1 Evacuation Pause) (young)
Desired survivor size 117964800 bytes, new threshold 15 (max 15)
- age   1:    7134352 bytes,    7134352 total
- age   2:      34200 bytes,    7168552 total
- age   3:     261632 bytes,    7430184 total
- age   4:      32552 bytes,    7462736 total
- age   5:      32912 bytes,    7495648 total
- age   6:      35800 bytes,    7531448 total
- age   7:      30040 bytes,    7561488 total
- age   8:      33136 bytes,    7594624 total
- age   9:      30752 bytes,    7625376 total
- age  10:      31896 bytes,    7657272 total
- age  11:     214032 bytes,    7871304 total
- age  12:      31880 bytes,    7903184 total
- age  13:     247888 bytes,    8151072 total
- age  14:      32400 bytes,    8183472 total
- age  15:      30816 bytes,    8214288 total
, 0.0211050 secs]
   [Parallel Time: 7.9 ms, GC Workers: 6]
      [GC Worker Start (ms): Min: 18617132.1, Avg: 18617132.2, Max: 18617132.4, Diff: 0.3]
      [Ext Root Scanning (ms): Min: 3.1, Avg: 3.2, Max: 3.5, Diff: 0.5, Sum: 19.3]
      [Update RS (ms): Min: 1.5, Avg: 1.6, Max: 1.8, Diff: 0.3, Sum: 9.6]
         [Processed Buffers: Min: 7, Avg: 18.7, Max: 34, Diff: 27, Sum: 112]
      [Scan RS (ms): Min: 0.2, Avg: 0.3, Max: 0.3, Diff: 0.1, Sum: 1.8]
      [Code Root Scanning (ms): Min: 0.0, Avg: 0.0, Max: 0.1, Diff: 0.1, Sum: 0.3]
      [Object Copy (ms): Min: 1.6, Avg: 1.8, Max: 2.1, Diff: 0.5, Sum: 10.9]
      [Termination (ms): Min: 0.0, Avg: 0.0, Max: 0.0, Diff: 0.0, Sum: 0.0]
         [Termination Attempts: Min: 1, Avg: 2.7, Max: 4, Diff: 3, Sum: 16]
      [GC Worker Other (ms): Min: 0.0, Avg: 0.1, Max: 0.3, Diff: 0.3, Sum: 0.9]
      [GC Worker Total (ms): Min: 7.0, Avg: 7.1, Max: 7.3, Diff: 0.3, Sum: 42.7]
      [GC Worker End (ms): Min: 18617139.2, Avg: 18617139.3, Max: 18617139.5, Diff: 0.3]
   [Code Root Fixup: 0.0 ms]
   [Code Root Purge: 0.0 ms]
   [Clear CT: 0.5 ms]
   [Other: 12.6 ms]
      [Choose CSet: 0.0 ms]
      [Ref Proc: 9.5 ms]
      [Ref Enq: 0.8 ms]
      [Redirty Cards: 0.6 ms]
      [Humongous Register: 0.1 ms]
      [Humongous Reclaim: 0.1 ms]
      [Free CSet: 0.9 ms]
   [Eden: 1784.0M(1784.0M)->0.0B(1784.0M) Survivors: 13312.0K->13312.0K Heap: 1979.0M(2996.0M)->195.0M(2996.0M)]
Heap after GC invocations=64 (full 0):
 garbage-first heap   total 3067904K, used 199717K [0x0000000704c00000, 0x0000000704d05da0, 0x00000007c0000000)
  region size 1024K, 13 young (13312K), 13 survivors (13312K)
 Metaspace       used 130015K, capacity 136898K, committed 137120K, reserved 1169408K
  class space    used 16839K, capacity 18088K, committed 18132K, reserved 1048576K
}
 [Times: user=0.06 sys=0.01, real=0.02 secs] 
2020-12-07T15:31:10.509+0000: 18617.154: Total time for which application threads were stopped: 0.0232079 seconds, Stopping threads took: 0.0001054 seconds
2020-12-07T15:36:10.303+0000: 18917.155: Total time for which application threads were stopped: 0.0005237 seconds, Stopping threads took: 0.0000779 seconds
{Heap before GC invocations=64 (full 0):
 garbage-first heap   total 3067904K, used 2026533K [0x0000000704c00000, 0x0000000704d05da0, 0x00000007c0000000)
  region size 1024K, 1797 young (1840128K), 13 survivors (13312K)
 Metaspace       used 130019K, capacity 136962K, committed 137120K, reserved 1169408K
  class space    used 16839K, capacity 18088K, committed 18132K, reserved 1048576K
2020-12-07T15:37:10.170+0000: 18977.064: [GC pause (G1 Evacuation Pause) (young)
Desired survivor size 117964800 bytes, new threshold 15 (max 15)
- age   1:    6339768 bytes,    6339768 total
- age   2:     799824 bytes,    7139592 total
- age   3:      33960 bytes,    7173552 total
- age   4:     261552 bytes,    7435104 total
- age   5:      32520 bytes,    7467624 total
- age   6:      32448 bytes,    7500072 total
- age   7:      35736 bytes,    7535808 total
- age   8:      30040 bytes,    7565848 total
- age   9:      33136 bytes,    7598984 total
- age  10:      30752 bytes,    7629736 total
- age  11:      31896 bytes,    7661632 total
- age  12:     214032 bytes,    7875664 total
- age  13:      31880 bytes,    7907544 total
- age  14:     247888 bytes,    8155432 total
- age  15:      32400 bytes,    8187832 total
, 0.0200989 secs]
   [Parallel Time: 8.1 ms, GC Workers: 6]
      [GC Worker Start (ms): Min: 18977064.0, Avg: 18977064.1, Max: 18977064.3, Diff: 0.3]
      [Ext Root Scanning (ms): Min: 2.7, Avg: 2.9, Max: 3.1, Diff: 0.4, Sum: 17.3]
      [Update RS (ms): Min: 1.2, Avg: 1.3, Max: 1.4, Diff: 0.2, Sum: 7.9]
         [Processed Buffers: Min: 6, Avg: 18.0, Max: 32, Diff: 26, Sum: 108]
      [Scan RS (ms): Min: 0.2, Avg: 0.3, Max: 0.4, Diff: 0.2, Sum: 2.0]
      [Code Root Scanning (ms): Min: 0.0, Avg: 0.0, Max: 0.1, Diff: 0.1, Sum: 0.2]
      [Object Copy (ms): Min: 2.3, Avg: 2.4, Max: 2.5, Diff: 0.2, Sum: 14.1]
      [Termination (ms): Min: 0.0, Avg: 0.0, Max: 0.0, Diff: 0.0, Sum: 0.1]
         [Termination Attempts: Min: 1, Avg: 1.8, Max: 3, Diff: 2, Sum: 11]
      [GC Worker Other (ms): Min: 0.0, Avg: 0.1, Max: 0.3, Diff: 0.3, Sum: 0.8]
      [GC Worker Total (ms): Min: 6.9, Avg: 7.1, Max: 7.3, Diff: 0.4, Sum: 42.5]
      [GC Worker End (ms): Min: 18977071.1, Avg: 18977071.2, Max: 18977071.4, Diff: 0.3]
   [Code Root Fixup: 0.1 ms]
   [Code Root Purge: 0.0 ms]
   [Clear CT: 0.4 ms]
   [Other: 11.5 ms]
      [Choose CSet: 0.0 ms]
      [Ref Proc: 8.9 ms]
      [Ref Enq: 0.7 ms]
      [Redirty Cards: 0.5 ms]
      [Humongous Register: 0.2 ms]
      [Humongous Reclaim: 0.0 ms]
      [Free CSet: 0.7 ms]
   [Eden: 1784.0M(1784.0M)->0.0B(1785.0M) Survivors: 13312.0K->12288.0K Heap: 1979.0M(2996.0M)->194.6M(2996.0M)]
Heap after GC invocations=65 (full 0):
 garbage-first heap   total 3067904K, used 199261K [0x0000000704c00000, 0x0000000704d05da0, 0x00000007c0000000)
  region size 1024K, 12 young (12288K), 12 survivors (12288K)
 Metaspace       used 130019K, capacity 136962K, committed 137120K, reserved 1169408K
  class space    used 16839K, capacity 18088K, committed 18132K, reserved 1048576K
}
 [Times: user=0.05 sys=0.01, real=0.03 secs] 
2020-12-07T15:37:10.192+0000: 18977.085: Total time for which application threads were stopped: 0.0221390 seconds, Stopping threads took: 0.0000895 seconds
2020-12-07T15:42:09.993+0000: 19277.094: Total time for which application threads were stopped: 0.0085942 seconds, Stopping threads took: 0.0077874 seconds
{Heap before GC invocations=65 (full 0):
 garbage-first heap   total 3067904K, used 2027101K [0x0000000704c00000, 0x0000000704d05da0, 0x00000007c0000000)
  region size 1024K, 1797 young (1840128K), 12 survivors (12288K)
 Metaspace       used 130021K, capacity 136962K, committed 137120K, reserved 1169408K
  class space    used 16839K, capacity 18088K, committed 18132K, reserved 1048576K
2020-12-07T15:43:22.169+0000: 19349.332: [GC pause (G1 Evacuation Pause) (young)
Desired survivor size 117964800 bytes, new threshold 15 (max 15)
- age   1:    6465200 bytes,    6465200 total
- age   2:      98024 bytes,    6563224 total
- age   3:     732896 bytes,    7296120 total
- age   4:      32352 bytes,    7328472 total
- age   5:     260640 bytes,    7589112 total
- age   6:      31808 bytes,    7620920 total
- age   7:      32384 bytes,    7653304 total
- age   8:      35272 bytes,    7688576 total
- age   9:      30040 bytes,    7718616 total
- age  10:      32768 bytes,    7751384 total
- age  11:      30336 bytes,    7781720 total
- age  12:      31896 bytes,    7813616 total
- age  13:      99880 bytes,    7913496 total
- age  14:      31880 bytes,    7945376 total
- age  15:     247888 bytes,    8193264 total
, 0.0191268 secs]
   [Parallel Time: 7.2 ms, GC Workers: 6]
      [GC Worker Start (ms): Min: 19349332.2, Avg: 19349332.3, Max: 19349332.4, Diff: 0.3]
      [Ext Root Scanning (ms): Min: 3.0, Avg: 3.1, Max: 3.3, Diff: 0.3, Sum: 18.5]
      [Update RS (ms): Min: 1.4, Avg: 1.5, Max: 1.7, Diff: 0.3, Sum: 9.2]
         [Processed Buffers: Min: 4, Avg: 18.8, Max: 38, Diff: 34, Sum: 113]
      [Scan RS (ms): Min: 0.2, Avg: 0.3, Max: 0.3, Diff: 0.2, Sum: 1.6]
      [Code Root Scanning (ms): Min: 0.0, Avg: 0.0, Max: 0.1, Diff: 0.1, Sum: 0.2]
      [Object Copy (ms): Min: 1.7, Avg: 1.8, Max: 1.8, Diff: 0.1, Sum: 10.6]
      [Termination (ms): Min: 0.0, Avg: 0.1, Max: 0.1, Diff: 0.1, Sum: 0.4]
         [Termination Attempts: Min: 1, Avg: 2.2, Max: 4, Diff: 3, Sum: 13]
      [GC Worker Other (ms): Min: 0.0, Avg: 0.0, Max: 0.1, Diff: 0.1, Sum: 0.3]
      [GC Worker Total (ms): Min: 6.7, Avg: 6.8, Max: 6.9, Diff: 0.3, Sum: 40.8]
      [GC Worker End (ms): Min: 19349339.0, Avg: 19349339.1, Max: 19349339.2, Diff: 0.2]
   [Code Root Fixup: 0.0 ms]
   [Code Root Purge: 0.0 ms]
   [Clear CT: 0.4 ms]
   [Other: 11.4 ms]
      [Choose CSet: 0.0 ms]
      [Ref Proc: 8.3 ms]
      [Ref Enq: 0.6 ms]
      [Redirty Cards: 0.6 ms]
      [Humongous Register: 0.1 ms]
      [Humongous Reclaim: 0.1 ms]
      [Free CSet: 1.0 ms]
   [Eden: 1785.0M(1785.0M)->0.0B(1785.0M) Survivors: 12288.0K->12288.0K Heap: 1979.6M(2996.0M)->194.8M(2996.0M)]
Heap after GC invocations=66 (full 0):
 garbage-first heap   total 3067904K, used 199517K [0x0000000704c00000, 0x0000000704d05da0, 0x00000007c0000000)
  region size 1024K, 12 young (12288K), 12 survivors (12288K)
 Metaspace       used 130021K, capacity 136962K, committed 137120K, reserved 1169408K
  class space    used 16839K, capacity 18088K, committed 18132K, reserved 1048576K
}
 [Times: user=0.06 sys=0.01, real=0.02 secs] 
2020-12-07T15:43:22.190+0000: 19349.353: Total time for which application threads were stopped: 0.0214460 seconds, Stopping threads took: 0.0002172 seconds
2020-12-07T15:48:21.983+0000: 19649.353: Total time for which application threads were stopped: 0.0006196 seconds, Stopping threads took: 0.0002266 seconds
{Heap before GC invocations=66 (full 0):
 garbage-first heap   total 3067904K, used 2027357K [0x0000000704c00000, 0x0000000704d05da0, 0x00000007c0000000)
  region size 1024K, 1797 young (1840128K), 12 survivors (12288K)
 Metaspace       used 130021K, capacity 136962K, committed 137120K, reserved 1169408K
  class space    used 16839K, capacity 18088K, committed 18132K, reserved 1048576K
2020-12-07T15:49:24.971+0000: 19712.383: [GC pause (G1 Evacuation Pause) (young)
Desired survivor size 117964800 bytes, new threshold 15 (max 15)
- age   1:    6343472 bytes,    6343472 total
- age   2:     219904 bytes,    6563376 total
- age   3:      97624 bytes,    6661000 total
- age   4:     665536 bytes,    7326536 total
- age   5:      32352 bytes,    7358888 total
- age   6:     260176 bytes,    7619064 total
- age   7:      31744 bytes,    7650808 total
- age   8:      32384 bytes,    7683192 total
- age   9:      35008 bytes,    7718200 total
- age  10:      30040 bytes,    7748240 total
- age  11:      32768 bytes,    7781008 total
- age  12:      30336 bytes,    7811344 total
- age  13:      31896 bytes,    7843240 total
- age  14:      99880 bytes,    7943120 total
- age  15:      31880 bytes,    7975000 total
, 0.0193706 secs]
   [Parallel Time: 7.1 ms, GC Workers: 6]
      [GC Worker Start (ms): Min: 19712383.0, Avg: 19712383.2, Max: 19712383.4, Diff: 0.3]
      [Ext Root Scanning (ms): Min: 2.7, Avg: 2.9, Max: 3.2, Diff: 0.5, Sum: 17.3]
      [Update RS (ms): Min: 1.4, Avg: 1.5, Max: 1.7, Diff: 0.3, Sum: 9.1]
         [Processed Buffers: Min: 6, Avg: 19.5, Max: 32, Diff: 26, Sum: 117]
      [Scan RS (ms): Min: 0.1, Avg: 0.3, Max: 0.4, Diff: 0.2, Sum: 1.7]
      [Code Root Scanning (ms): Min: 0.0, Avg: 0.0, Max: 0.0, Diff: 0.0, Sum: 0.1]
      [Object Copy (ms): Min: 1.3, Avg: 1.4, Max: 1.6, Diff: 0.2, Sum: 8.7]
      [Termination (ms): Min: 0.0, Avg: 0.0, Max: 0.0, Diff: 0.0, Sum: 0.0]
         [Termination Attempts: Min: 1, Avg: 1.3, Max: 3, Diff: 2, Sum: 8]
      [GC Worker Other (ms): Min: 0.0, Avg: 0.1, Max: 0.3, Diff: 0.3, Sum: 0.8]
      [GC Worker Total (ms): Min: 6.1, Avg: 6.3, Max: 6.6, Diff: 0.5, Sum: 37.7]
      [GC Worker End (ms): Min: 19712389.4, Avg: 19712389.5, Max: 19712389.6, Diff: 0.3]
   [Code Root Fixup: 0.0 ms]
   [Code Root Purge: 0.0 ms]
   [Clear CT: 0.4 ms]
   [Other: 11.8 ms]
      [Choose CSet: 0.0 ms]
      [Ref Proc: 8.9 ms]
      [Ref Enq: 0.8 ms]
      [Redirty Cards: 0.6 ms]
      [Humongous Register: 0.1 ms]
      [Humongous Reclaim: 0.1 ms]
      [Free CSet: 0.8 ms]
   [Eden: 1785.0M(1785.0M)->0.0B(1784.0M) Survivors: 12288.0K->13312.0K Heap: 1979.8M(2996.0M)->195.5M(2996.0M)]
Heap after GC invocations=67 (full 0):
 garbage-first heap   total 3067904K, used 200202K [0x0000000704c00000, 0x0000000704d05da0, 0x00000007c0000000)
  region size 1024K, 13 young (13312K), 13 survivors (13312K)
 Metaspace       used 130021K, capacity 136962K, committed 137120K, reserved 1169408K
  class space    used 16839K, capacity 18088K, committed 18132K, reserved 1048576K
}
 [Times: user=0.04 sys=0.02, real=0.02 secs] 
2020-12-07T15:49:24.992+0000: 19712.404: Total time for which application threads were stopped: 0.0217162 seconds, Stopping threads took: 0.0000852 seconds
2020-12-07T15:54:24.786+0000: 20012.405: Total time for which application threads were stopped: 0.0005429 seconds, Stopping threads took: 0.0000894 seconds
{Heap before GC invocations=67 (full 0):
 garbage-first heap   total 3067904K, used 2027018K [0x0000000704c00000, 0x0000000704d05da0, 0x00000007c0000000)
  region size 1024K, 1797 young (1840128K), 13 survivors (13312K)
 Metaspace       used 130023K, capacity 136962K, committed 137120K, reserved 1169408K
  class space    used 16839K, capacity 18088K, committed 18132K, reserved 1048576K
2020-12-07T15:55:27.524+0000: 20075.184: [GC pause (G1 Evacuation Pause) (young)
Desired survivor size 117964800 bytes, new threshold 15 (max 15)
- age   1:    6337328 bytes,    6337328 total
- age   2:     101600 bytes,    6438928 total
- age   3:     219552 bytes,    6658480 total
- age   4:      97624 bytes,    6756104 total
- age   5:     598688 bytes,    7354792 total
- age   6:      31864 bytes,    7386656 total
- age   7:     260088 bytes,    7646744 total
- age   8:      31744 bytes,    7678488 total
- age   9:      32384 bytes,    7710872 total
- age  10:      35008 bytes,    7745880 total
- age  11:      30040 bytes,    7775920 total
- age  12:      32768 bytes,    7808688 total
- age  13:      30336 bytes,    7839024 total
- age  14:      31896 bytes,    7870920 total
- age  15:      99880 bytes,    7970800 total
, 0.0249281 secs]
   [Parallel Time: 10.1 ms, GC Workers: 6]
      [GC Worker Start (ms): Min: 20075184.3, Avg: 20075184.5, Max: 20075184.7, Diff: 0.4]
      [Ext Root Scanning (ms): Min: 3.6, Avg: 3.7, Max: 4.1, Diff: 0.5, Sum: 22.5]
      [Update RS (ms): Min: 2.2, Avg: 2.3, Max: 2.5, Diff: 0.3, Sum: 14.0]
         [Processed Buffers: Min: 4, Avg: 18.7, Max: 33, Diff: 29, Sum: 112]
      [Scan RS (ms): Min: 0.1, Avg: 0.3, Max: 0.5, Diff: 0.3, Sum: 1.7]
      [Code Root Scanning (ms): Min: 0.0, Avg: 0.0, Max: 0.1, Diff: 0.1, Sum: 0.2]
      [Object Copy (ms): Min: 2.2, Avg: 2.4, Max: 2.5, Diff: 0.3, Sum: 14.5]
      [Termination (ms): Min: 0.0, Avg: 0.0, Max: 0.0, Diff: 0.0, Sum: 0.0]
         [Termination Attempts: Min: 1, Avg: 2.3, Max: 4, Diff: 3, Sum: 14]
      [GC Worker Other (ms): Min: 0.0, Avg: 0.3, Max: 0.7, Diff: 0.7, Sum: 2.1]
      [GC Worker Total (ms): Min: 8.7, Avg: 9.2, Max: 9.6, Diff: 0.9, Sum: 55.0]
      [GC Worker End (ms): Min: 20075193.3, Avg: 20075193.7, Max: 20075194.1, Diff: 0.7]
   [Code Root Fixup: 0.0 ms]
   [Code Root Purge: 0.0 ms]
   [Clear CT: 0.6 ms]
   [Other: 14.2 ms]
      [Choose CSet: 0.0 ms]
      [Ref Proc: 11.2 ms]
      [Ref Enq: 0.8 ms]
      [Redirty Cards: 0.6 ms]
      [Humongous Register: 0.1 ms]
      [Humongous Reclaim: 0.1 ms]
      [Free CSet: 0.9 ms]
   [Eden: 1784.0M(1784.0M)->0.0B(1785.0M) Survivors: 13312.0K->12288.0K Heap: 1979.5M(2996.0M)->195.1M(2996.0M)]
Heap after GC invocations=68 (full 0):
 garbage-first heap   total 3067904K, used 199806K [0x0000000704c00000, 0x0000000704d05da0, 0x00000007c0000000)
  region size 1024K, 12 young (12288K), 12 survivors (12288K)
 Metaspace       used 130023K, capacity 136962K, committed 137120K, reserved 1169408K
  class space    used 16839K, capacity 18088K, committed 18132K, reserved 1048576K
}
 [Times: user=0.06 sys=0.02, real=0.02 secs] 
2020-12-07T15:55:27.551+0000: 20075.212: Total time for which application threads were stopped: 0.0283644 seconds, Stopping threads took: 0.0000827 seconds
2020-12-07T16:00:27.345+0000: 20375.212: Total time for which application threads were stopped: 0.0005686 seconds, Stopping threads took: 0.0001767 seconds
{Heap before GC invocations=68 (full 0):
 garbage-first heap   total 3067904K, used 2027646K [0x0000000704c00000, 0x0000000704d05da0, 0x00000007c0000000)
  region size 1024K, 1797 young (1840128K), 12 survivors (12288K)
 Metaspace       used 130025K, capacity 136962K, committed 137120K, reserved 1169408K
  class space    used 16840K, capacity 18088K, committed 18132K, reserved 1048576K
2020-12-07T16:01:38.975+0000: 20446.884: [GC pause (G1 Evacuation Pause) (young)
Desired survivor size 117964800 bytes, new threshold 15 (max 15)
- age   1:    6348464 bytes,    6348464 total
- age   2:      97600 bytes,    6446064 total
- age   3:     101096 bytes,    6547160 total
- age   4:     219488 bytes,    6766648 total
- age   5:      97624 bytes,    6864272 total
- age   6:     530904 bytes,    7395176 total
- age   7:      31800 bytes,    7426976 total
- age   8:     258480 bytes,    7685456 total
- age   9:      31744 bytes,    7717200 total
- age  10:      32384 bytes,    7749584 total
- age  11:      35008 bytes,    7784592 total
- age  12:      30040 bytes,    7814632 total
- age  13:      32768 bytes,    7847400 total
- age  14:      30336 bytes,    7877736 total
- age  15:      31896 bytes,    7909632 total
, 0.0193340 secs]
   [Parallel Time: 7.6 ms, GC Workers: 6]
      [GC Worker Start (ms): Min: 20446884.4, Avg: 20446884.5, Max: 20446884.7, Diff: 0.3]
      [Ext Root Scanning (ms): Min: 2.9, Avg: 3.1, Max: 3.3, Diff: 0.4, Sum: 18.3]
      [Update RS (ms): Min: 1.4, Avg: 1.5, Max: 1.6, Diff: 0.2, Sum: 8.9]
         [Processed Buffers: Min: 4, Avg: 18.3, Max: 37, Diff: 33, Sum: 110]
      [Scan RS (ms): Min: 0.2, Avg: 0.3, Max: 0.4, Diff: 0.2, Sum: 1.9]
      [Code Root Scanning (ms): Min: 0.0, Avg: 0.1, Max: 0.1, Diff: 0.1, Sum: 0.4]
      [Object Copy (ms): Min: 1.8, Avg: 1.9, Max: 2.0, Diff: 0.2, Sum: 11.4]
      [Termination (ms): Min: 0.0, Avg: 0.0, Max: 0.0, Diff: 0.0, Sum: 0.0]
         [Termination Attempts: Min: 1, Avg: 1.3, Max: 2, Diff: 1, Sum: 8]
      [GC Worker Other (ms): Min: 0.0, Avg: 0.1, Max: 0.3, Diff: 0.3, Sum: 0.9]
      [GC Worker Total (ms): Min: 6.7, Avg: 7.0, Max: 7.2, Diff: 0.5, Sum: 41.8]
      [GC Worker End (ms): Min: 20446891.4, Avg: 20446891.5, Max: 20446891.6, Diff: 0.3]
   [Code Root Fixup: 0.0 ms]
   [Code Root Purge: 0.0 ms]
   [Clear CT: 0.9 ms]
   [Other: 10.9 ms]
      [Choose CSet: 0.0 ms]
      [Ref Proc: 8.2 ms]
      [Ref Enq: 0.5 ms]
      [Redirty Cards: 0.7 ms]
      [Humongous Register: 0.1 ms]
      [Humongous Reclaim: 0.1 ms]
      [Free CSet: 0.8 ms]
   [Eden: 1785.0M(1785.0M)->0.0B(1784.0M) Survivors: 12288.0K->13312.0K Heap: 1980.1M(2996.0M)->195.7M(2996.0M)]
Heap after GC invocations=69 (full 0):
 garbage-first heap   total 3067904K, used 200402K [0x0000000704c00000, 0x0000000704d05da0, 0x00000007c0000000)
  region size 1024K, 13 young (13312K), 13 survivors (13312K)
 Metaspace       used 130025K, capacity 136962K, committed 137120K, reserved 1169408K
  class space    used 16840K, capacity 18088K, committed 18132K, reserved 1048576K
}
 [Times: user=0.04 sys=0.03, real=0.02 secs] 
2020-12-07T16:01:38.996+0000: 20446.905: Total time for which application threads were stopped: 0.0217879 seconds, Stopping threads took: 0.0001383 seconds
2020-12-07T16:06:38.790+0000: 20746.906: Total time for which application threads were stopped: 0.0006418 seconds, Stopping threads took: 0.0001130 seconds
{Heap before GC invocations=69 (full 0):
 garbage-first heap   total 3067904K, used 2027218K [0x0000000704c00000, 0x0000000704d05da0, 0x00000007c0000000)
  region size 1024K, 1797 young (1840128K), 13 survivors (13312K)
 Metaspace       used 130025K, capacity 136962K, committed 137120K, reserved 1169408K
  class space    used 16840K, capacity 18088K, committed 18132K, reserved 1048576K
2020-12-07T16:07:47.970+0000: 20816.128: [GC pause (G1 Evacuation Pause) (young)
Desired survivor size 117964800 bytes, new threshold 15 (max 15)
- age   1:    6327696 bytes,    6327696 total
- age   2:     102392 bytes,    6430088 total
- age   3:      97280 bytes,    6527368 total
- age   4:     101064 bytes,    6628432 total
- age   5:     217432 bytes,    6845864 total
- age   6:      97096 bytes,    6942960 total
- age   7:     461984 bytes,    7404944 total
- age   8:      31800 bytes,    7436744 total
- age   9:     258480 bytes,    7695224 total
- age  10:      31744 bytes,    7726968 total
- age  11:      32384 bytes,    7759352 total
- age  12:      35008 bytes,    7794360 total
- age  13:      30040 bytes,    7824400 total
- age  14:      32768 bytes,    7857168 total
- age  15:      30336 bytes,    7887504 total
, 0.0212669 secs]
   [Parallel Time: 7.9 ms, GC Workers: 6]
      [GC Worker Start (ms): Min: 20816127.9, Avg: 20816128.0, Max: 20816128.2, Diff: 0.3]
      [Ext Root Scanning (ms): Min: 2.8, Avg: 3.0, Max: 3.2, Diff: 0.4, Sum: 17.9]
      [Update RS (ms): Min: 1.3, Avg: 1.4, Max: 1.5, Diff: 0.2, Sum: 8.3]
         [Processed Buffers: Min: 7, Avg: 18.8, Max: 38, Diff: 31, Sum: 113]
      [Scan RS (ms): Min: 0.1, Avg: 0.3, Max: 0.4, Diff: 0.3, Sum: 1.9]
      [Code Root Scanning (ms): Min: 0.0, Avg: 0.0, Max: 0.1, Diff: 0.1, Sum: 0.2]
      [Object Copy (ms): Min: 1.6, Avg: 1.7, Max: 1.8, Diff: 0.2, Sum: 10.3]
      [Termination (ms): Min: 0.0, Avg: 0.0, Max: 0.0, Diff: 0.0, Sum: 0.0]
         [Termination Attempts: Min: 1, Avg: 1.7, Max: 3, Diff: 2, Sum: 10]
      [GC Worker Other (ms): Min: 0.1, Avg: 0.3, Max: 0.4, Diff: 0.3, Sum: 1.7]
      [GC Worker Total (ms): Min: 6.5, Avg: 6.8, Max: 7.0, Diff: 0.5, Sum: 40.5]
      [GC Worker End (ms): Min: 20816134.6, Avg: 20816134.8, Max: 20816134.9, Diff: 0.3]
   [Code Root Fixup: 0.0 ms]
   [Code Root Purge: 0.0 ms]
   [Clear CT: 0.3 ms]
   [Other: 13.0 ms]
      [Choose CSet: 0.0 ms]
      [Ref Proc: 10.4 ms]
      [Ref Enq: 0.6 ms]
      [Redirty Cards: 0.5 ms]
      [Humongous Register: 0.1 ms]
      [Humongous Reclaim: 0.1 ms]
      [Free CSet: 0.8 ms]
   [Eden: 1784.0M(1784.0M)->0.0B(1784.0M) Survivors: 13312.0K->13312.0K Heap: 1979.7M(2996.0M)->195.7M(2996.0M)]
Heap after GC invocations=70 (full 0):
 garbage-first heap   total 3067904K, used 200446K [0x0000000704c00000, 0x0000000704d05da0, 0x00000007c0000000)
  region size 1024K, 13 young (13312K), 13 survivors (13312K)
 Metaspace       used 130025K, capacity 136962K, committed 137120K, reserved 1169408K
  class space    used 16840K, capacity 18088K, committed 18132K, reserved 1048576K
}
 [Times: user=0.05 sys=0.01, real=0.02 secs] 
2020-12-07T16:07:47.993+0000: 20816.151: Total time for which application threads were stopped: 0.0234834 seconds, Stopping threads took: 0.0000792 seconds
2020-12-07T16:12:47.749+0000: 21116.151: Total time for which application threads were stopped: 0.0006053 seconds, Stopping threads took: 0.0002367 seconds
{Heap before GC invocations=70 (full 0):
 garbage-first heap   total 3067904K, used 2027262K [0x0000000704c00000, 0x0000000704d05da0, 0x00000007c0000000)
  region size 1024K, 1797 young (1840128K), 13 survivors (13312K)
 Metaspace       used 130027K, capacity 136962K, committed 137120K, reserved 1169408K
  class space    used 16840K, capacity 18088K, committed 18132K, reserved 1048576K
2020-12-07T16:13:53.946+0000: 21182.411: [GC pause (G1 Evacuation Pause) (young)
Desired survivor size 117964800 bytes, new threshold 15 (max 15)
- age   1:    6344240 bytes,    6344240 total
- age   2:     101272 bytes,    6445512 total
- age   3:     100392 bytes,    6545904 total
- age   4:      97280 bytes,    6643184 total
- age   5:     101032 bytes,    6744216 total
- age   6:     216888 bytes,    6961104 total
- age   7:      94704 bytes,    7055808 total
- age   8:     396072 bytes,    7451880 total
- age   9:      31800 bytes,    7483680 total
- age  10:     258480 bytes,    7742160 total
- age  11:      31744 bytes,    7773904 total
- age  12:      32384 bytes,    7806288 total
- age  13:      35008 bytes,    7841296 total
- age  14:      29928 bytes,    7871224 total
- age  15:      32768 bytes,    7903992 total
, 0.0212382 secs]
   [Parallel Time: 8.0 ms, GC Workers: 6]
      [GC Worker Start (ms): Min: 21182411.1, Avg: 21182411.3, Max: 21182411.4, Diff: 0.3]
      [Ext Root Scanning (ms): Min: 3.3, Avg: 3.5, Max: 3.8, Diff: 0.5, Sum: 21.1]
      [Update RS (ms): Min: 1.5, Avg: 1.6, Max: 1.8, Diff: 0.3, Sum: 9.3]
         [Processed Buffers: Min: 9, Avg: 18.7, Max: 47, Diff: 38, Sum: 112]
      [Scan RS (ms): Min: 0.2, Avg: 0.4, Max: 0.5, Diff: 0.3, Sum: 2.3]
      [Code Root Scanning (ms): Min: 0.0, Avg: 0.0, Max: 0.1, Diff: 0.1, Sum: 0.2]
      [Object Copy (ms): Min: 1.4, Avg: 1.5, Max: 1.6, Diff: 0.2, Sum: 9.2]
      [Termination (ms): Min: 0.0, Avg: 0.0, Max: 0.0, Diff: 0.0, Sum: 0.0]
         [Termination Attempts: Min: 1, Avg: 1.0, Max: 1, Diff: 0, Sum: 6]
      [GC Worker Other (ms): Min: 0.0, Avg: 0.1, Max: 0.3, Diff: 0.3, Sum: 0.8]
      [GC Worker Total (ms): Min: 6.9, Avg: 7.2, Max: 7.5, Diff: 0.6, Sum: 43.1]
      [GC Worker End (ms): Min: 21182418.3, Avg: 21182418.5, Max: 21182418.6, Diff: 0.3]
   [Code Root Fixup: 0.0 ms]
   [Code Root Purge: 0.0 ms]
   [Clear CT: 0.6 ms]
   [Other: 12.6 ms]
      [Choose CSet: 0.0 ms]
      [Ref Proc: 9.5 ms]
      [Ref Enq: 0.7 ms]
      [Redirty Cards: 0.6 ms]
      [Humongous Register: 0.1 ms]
      [Humongous Reclaim: 0.2 ms]
      [Free CSet: 1.0 ms]
   [Eden: 1784.0M(1784.0M)->0.0B(1785.0M) Survivors: 13312.0K->12288.0K Heap: 1979.7M(2996.0M)->194.8M(2996.0M)]
Heap after GC invocations=71 (full 0):
 garbage-first heap   total 3067904K, used 199476K [0x0000000704c00000, 0x0000000704d05da0, 0x00000007c0000000)
  region size 1024K, 12 young (12288K), 12 survivors (12288K)
 Metaspace       used 130027K, capacity 136962K, committed 137120K, reserved 1169408K
  class space    used 16840K, capacity 18088K, committed 18132K, reserved 1048576K
}
 [Times: user=0.05 sys=0.01, real=0.02 secs] 
2020-12-07T16:13:53.969+0000: 21182.434: Total time for which application threads were stopped: 0.0237208 seconds, Stopping threads took: 0.0002246 seconds
2020-12-07T16:18:53.762+0000: 21482.435: Total time for which application threads were stopped: 0.0005584 seconds, Stopping threads took: 0.0000875 seconds
{Heap before GC invocations=71 (full 0):
 garbage-first heap   total 3067904K, used 2027316K [0x0000000704c00000, 0x0000000704d05da0, 0x00000007c0000000)
  region size 1024K, 1797 young (1840128K), 12 survivors (12288K)
 Metaspace       used 130027K, capacity 136962K, committed 137120K, reserved 1169408K
  class space    used 16840K, capacity 18088K, committed 18132K, reserved 1048576K
2020-12-07T16:20:02.574+0000: 21551.289: [GC pause (G1 Evacuation Pause) (young)
Desired survivor size 117964800 bytes, new threshold 15 (max 15)
- age   1:    6340064 bytes,    6340064 total
- age   2:     104336 bytes,    6444400 total
- age   3:     101064 bytes,    6545464 total
- age   4:     100328 bytes,    6645792 total
- age   5:      97280 bytes,    6743072 total
- age   6:     100480 bytes,    6843552 total
- age   7:     214480 bytes,    7058032 total
- age   8:      59624 bytes,    7117656 total
- age   9:     224192 bytes,    7341848 total
- age  10:      31800 bytes,    7373648 total
- age  11:     257696 bytes,    7631344 total
- age  12:      31744 bytes,    7663088 total
- age  13:      32384 bytes,    7695472 total
- age  14:      35008 bytes,    7730480 total
- age  15:      29928 bytes,    7760408 total
, 0.0217686 secs]
   [Parallel Time: 7.3 ms, GC Workers: 6]
      [GC Worker Start (ms): Min: 21551289.4, Avg: 21551289.5, Max: 21551289.7, Diff: 0.3]
      [Ext Root Scanning (ms): Min: 2.7, Avg: 2.8, Max: 3.0, Diff: 0.3, Sum: 16.7]
      [Update RS (ms): Min: 1.6, Avg: 1.6, Max: 1.8, Diff: 0.2, Sum: 9.9]
         [Processed Buffers: Min: 9, Avg: 18.8, Max: 31, Diff: 22, Sum: 113]
      [Scan RS (ms): Min: 0.1, Avg: 0.3, Max: 0.3, Diff: 0.2, Sum: 1.6]
      [Code Root Scanning (ms): Min: 0.0, Avg: 0.0, Max: 0.0, Diff: 0.0, Sum: 0.1]
      [Object Copy (ms): Min: 1.2, Avg: 1.4, Max: 1.5, Diff: 0.3, Sum: 8.3]
      [Termination (ms): Min: 0.0, Avg: 0.0, Max: 0.0, Diff: 0.0, Sum: 0.1]
         [Termination Attempts: Min: 1, Avg: 1.7, Max: 3, Diff: 2, Sum: 10]
      [GC Worker Other (ms): Min: 0.0, Avg: 0.2, Max: 0.5, Diff: 0.4, Sum: 1.1]
      [GC Worker Total (ms): Min: 6.2, Avg: 6.3, Max: 6.5, Diff: 0.3, Sum: 37.7]
      [GC Worker End (ms): Min: 21551295.7, Avg: 21551295.8, Max: 21551296.1, Diff: 0.4]
   [Code Root Fixup: 0.0 ms]
   [Code Root Purge: 0.0 ms]
   [Clear CT: 0.4 ms]
   [Other: 14.0 ms]
      [Choose CSet: 0.0 ms]
      [Ref Proc: 11.2 ms]
      [Ref Enq: 0.8 ms]
      [Redirty Cards: 0.6 ms]
      [Humongous Register: 0.1 ms]
      [Humongous Reclaim: 0.1 ms]
      [Free CSet: 0.6 ms]
   [Eden: 1785.0M(1785.0M)->0.0B(1784.0M) Survivors: 12288.0K->13312.0K Heap: 1979.8M(2996.0M)->195.8M(2996.0M)]
Heap after GC invocations=72 (full 0):
 garbage-first heap   total 3067904K, used 200539K [0x0000000704c00000, 0x0000000704d05da0, 0x00000007c0000000)
  region size 1024K, 13 young (13312K), 13 survivors (13312K)
 Metaspace       used 130027K, capacity 136962K, committed 137120K, reserved 1169408K
  class space    used 16840K, capacity 18088K, committed 18132K, reserved 1048576K
}
 [Times: user=0.05 sys=0.01, real=0.02 secs] 
2020-12-07T16:20:02.598+0000: 21551.312: Total time for which application threads were stopped: 0.0238966 seconds, Stopping threads took: 0.0001199 seconds
2020-12-07T16:25:02.390+0000: 21851.314: Total time for which application threads were stopped: 0.0009645 seconds, Stopping threads took: 0.0003873 seconds
{Heap before GC invocations=72 (full 0):
 garbage-first heap   total 3067904K, used 2027932K [0x0000000704c00000, 0x0000000704d05da0, 0x00000007c0000000)
  region size 1024K, 1797 young (1840128K), 13 survivors (13312K)
 Metaspace       used 130033K, capacity 136966K, committed 137120K, reserved 1169408K
  class space    used 16840K, capacity 18088K, committed 18132K, reserved 1048576K
2020-12-07T16:26:06.169+0000: 21915.134: [GC pause (G1 Evacuation Pause) (young)
Desired survivor size 117964800 bytes, new threshold 15 (max 15)
- age   1:    6345256 bytes,    6345256 total
- age   2:     101752 bytes,    6447008 total
- age   3:     102488 bytes,    6549496 total
- age   4:     101064 bytes,    6650560 total
- age   5:     100216 bytes,    6750776 total
- age   6:      96824 bytes,    6847600 total
- age   7:      97920 bytes,    6945520 total
- age   8:     180160 bytes,    7125680 total
- age   9:      44832 bytes,    7170512 total
- age  10:     209112 bytes,    7379624 total
- age  11:      31800 bytes,    7411424 total
- age  12:     257696 bytes,    7669120 total
- age  13:      31744 bytes,    7700864 total
- age  14:      32384 bytes,    7733248 total
- age  15:      35008 bytes,    7768256 total
, 0.0187138 secs]
   [Parallel Time: 7.6 ms, GC Workers: 6]
      [GC Worker Start (ms): Min: 21915134.1, Avg: 21915134.2, Max: 21915134.4, Diff: 0.2]
      [Ext Root Scanning (ms): Min: 2.8, Avg: 2.9, Max: 3.2, Diff: 0.3, Sum: 17.7]
      [Update RS (ms): Min: 1.6, Avg: 1.7, Max: 1.9, Diff: 0.3, Sum: 10.2]
         [Processed Buffers: Min: 8, Avg: 19.5, Max: 39, Diff: 31, Sum: 117]
      [Scan RS (ms): Min: 0.1, Avg: 0.3, Max: 0.4, Diff: 0.3, Sum: 1.9]
      [Code Root Scanning (ms): Min: 0.0, Avg: 0.0, Max: 0.1, Diff: 0.1, Sum: 0.2]
      [Object Copy (ms): Min: 1.7, Avg: 1.8, Max: 1.9, Diff: 0.2, Sum: 10.8]
      [Termination (ms): Min: 0.0, Avg: 0.0, Max: 0.0, Diff: 0.0, Sum: 0.0]
         [Termination Attempts: Min: 1, Avg: 1.0, Max: 1, Diff: 0, Sum: 6]
      [GC Worker Other (ms): Min: 0.0, Avg: 0.1, Max: 0.3, Diff: 0.3, Sum: 0.9]
      [GC Worker Total (ms): Min: 6.7, Avg: 6.9, Max: 7.1, Diff: 0.4, Sum: 41.6]
      [GC Worker End (ms): Min: 21915141.1, Avg: 21915141.2, Max: 21915141.3, Diff: 0.3]
   [Code Root Fixup: 0.0 ms]
   [Code Root Purge: 0.0 ms]
   [Clear CT: 0.5 ms]
   [Other: 10.6 ms]
      [Choose CSet: 0.0 ms]
      [Ref Proc: 7.7 ms]
      [Ref Enq: 0.8 ms]
      [Redirty Cards: 0.6 ms]
      [Humongous Register: 0.1 ms]
      [Humongous Reclaim: 0.1 ms]
      [Free CSet: 0.8 ms]
   [Eden: 1784.0M(1784.0M)->0.0B(1785.0M) Survivors: 13312.0K->12288.0K Heap: 1980.4M(2996.0M)->195.4M(2996.0M)]
Heap after GC invocations=73 (full 0):
 garbage-first heap   total 3067904K, used 200086K [0x0000000704c00000, 0x0000000704d05da0, 0x00000007c0000000)
  region size 1024K, 12 young (12288K), 12 survivors (12288K)
 Metaspace       used 130033K, capacity 136966K, committed 137120K, reserved 1169408K
  class space    used 16840K, capacity 18088K, committed 18132K, reserved 1048576K
}
 [Times: user=0.05 sys=0.01, real=0.03 secs] 
2020-12-07T16:26:06.189+0000: 21915.154: Total time for which application threads were stopped: 0.0211918 seconds, Stopping threads took: 0.0001083 seconds
2020-12-07T16:31:05.984+0000: 22215.157: Total time for which application threads were stopped: 0.0027067 seconds, Stopping threads took: 0.0005994 seconds
{Heap before GC invocations=73 (full 0):
 garbage-first heap   total 3067904K, used 2027926K [0x0000000704c00000, 0x0000000704d05da0, 0x00000007c0000000)
  region size 1024K, 1797 young (1840128K), 12 survivors (12288K)
 Metaspace       used 130034K, capacity 136966K, committed 137120K, reserved 1169408K
  class space    used 16840K, capacity 18088K, committed 18132K, reserved 1048576K
2020-12-07T16:32:15.111+0000: 22284.326: [GC pause (G1 Evacuation Pause) (young)
Desired survivor size 117964800 bytes, new threshold 15 (max 15)
- age   1:    7082784 bytes,    7082784 total
- age   2:      31712 bytes,    7114496 total
- age   3:      32712 bytes,    7147208 total
- age   4:      32288 bytes,    7179496 total
- age   5:      31936 bytes,    7211432 total
- age   6:      32352 bytes,    7243784 total
- age   7:      30752 bytes,    7274536 total
- age   8:      31936 bytes,    7306472 total
- age   9:     151240 bytes,    7457712 total
- age  10:      29968 bytes,    7487680 total
- age  11:      59040 bytes,    7546720 total
- age  12:      31800 bytes,    7578520 total
- age  13:     257664 bytes,    7836184 total
- age  14:      31744 bytes,    7867928 total
- age  15:      32384 bytes,    7900312 total
, 0.0268108 secs]
   [Parallel Time: 13.1 ms, GC Workers: 6]
      [GC Worker Start (ms): Min: 22284326.2, Avg: 22284326.4, Max: 22284326.5, Diff: 0.3]
      [Ext Root Scanning (ms): Min: 6.4, Avg: 7.5, Max: 12.3, Diff: 5.9, Sum: 45.0]
      [Update RS (ms): Min: 0.0, Avg: 2.0, Max: 2.6, Diff: 2.6, Sum: 11.8]
         [Processed Buffers: Min: 0, Avg: 18.7, Max: 36, Diff: 36, Sum: 112]
      [Scan RS (ms): Min: 0.2, Avg: 0.4, Max: 0.6, Diff: 0.4, Sum: 2.5]
      [Code Root Scanning (ms): Min: 0.0, Avg: 0.0, Max: 0.1, Diff: 0.1, Sum: 0.2]
      [Object Copy (ms): Min: 0.0, Avg: 2.0, Max: 2.5, Diff: 2.5, Sum: 12.2]
      [Termination (ms): Min: 0.0, Avg: 0.6, Max: 0.8, Diff: 0.8, Sum: 3.9]
         [Termination Attempts: Min: 1, Avg: 1.8, Max: 3, Diff: 2, Sum: 11]
      [GC Worker Other (ms): Min: 0.0, Avg: 0.0, Max: 0.0, Diff: 0.0, Sum: 0.1]
      [GC Worker Total (ms): Min: 12.5, Avg: 12.6, Max: 12.8, Diff: 0.3, Sum: 75.6]
      [GC Worker End (ms): Min: 22284338.9, Avg: 22284339.0, Max: 22284339.1, Diff: 0.2]
   [Code Root Fixup: 0.0 ms]
   [Code Root Purge: 0.0 ms]
   [Clear CT: 0.5 ms]
   [Other: 13.2 ms]
      [Choose CSet: 0.0 ms]
      [Ref Proc: 9.7 ms]
      [Ref Enq: 0.9 ms]
      [Redirty Cards: 0.7 ms]
      [Humongous Register: 0.1 ms]
      [Humongous Reclaim: 0.1 ms]
      [Free CSet: 1.1 ms]
   [Eden: 1785.0M(1785.0M)->0.0B(1784.0M) Survivors: 12288.0K->13312.0K Heap: 1980.4M(2996.0M)->195.9M(2996.0M)]
Heap after GC invocations=74 (full 0):
 garbage-first heap   total 3067904K, used 200637K [0x0000000704c00000, 0x0000000704d05da0, 0x00000007c0000000)
  region size 1024K, 13 young (13312K), 13 survivors (13312K)
 Metaspace       used 130034K, capacity 136966K, committed 137120K, reserved 1169408K
  class space    used 16840K, capacity 18088K, committed 18132K, reserved 1048576K
}
 [Times: user=0.09 sys=0.01, real=0.02 secs] 
2020-12-07T16:32:15.140+0000: 22284.355: Total time for which application threads were stopped: 0.0297980 seconds, Stopping threads took: 0.0001225 seconds
2020-12-07T16:37:14.932+0000: 22584.356: Total time for which application threads were stopped: 0.0004684 seconds, Stopping threads took: 0.0001003 seconds
{Heap before GC invocations=74 (full 0):
 garbage-first heap   total 3067904K, used 2027453K [0x0000000704c00000, 0x0000000704d05da0, 0x00000007c0000000)
  region size 1024K, 1797 young (1840128K), 13 survivors (13312K)
 Metaspace       used 130039K, capacity 136966K, committed 137120K, reserved 1169408K
  class space    used 16841K, capacity 18088K, committed 18132K, reserved 1048576K
2020-12-07T16:38:06.587+0000: 22636.052: [GC pause (G1 Evacuation Pause) (young)
Desired survivor size 117964800 bytes, new threshold 15 (max 15)
- age   1:    6467552 bytes,    6467552 total
- age   2:     772104 bytes,    7239656 total
- age   3:      31472 bytes,    7271128 total
- age   4:      32360 bytes,    7303488 total
- age   5:      31800 bytes,    7335288 total
- age   6:      31528 bytes,    7366816 total
- age   7:      32032 bytes,    7398848 total
- age   8:      30752 bytes,    7429600 total
- age   9:      31568 bytes,    7461168 total
- age  10:      32568 bytes,    7493736 total
- age  11:      29968 bytes,    7523704 total
- age  12:      59040 bytes,    7582744 total
- age  13:      31800 bytes,    7614544 total
- age  14:     257664 bytes,    7872208 total
- age  15:      31744 bytes,    7903952 total
, 0.0207188 secs]
   [Parallel Time: 7.3 ms, GC Workers: 6]
      [GC Worker Start (ms): Min: 22636052.2, Avg: 22636052.3, Max: 22636052.5, Diff: 0.2]
      [Ext Root Scanning (ms): Min: 2.7, Avg: 2.8, Max: 3.0, Diff: 0.3, Sum: 16.8]
      [Update RS (ms): Min: 1.3, Avg: 1.4, Max: 1.6, Diff: 0.3, Sum: 8.3]
         [Processed Buffers: Min: 5, Avg: 17.7, Max: 40, Diff: 35, Sum: 106]
      [Scan RS (ms): Min: 0.1, Avg: 0.3, Max: 0.4, Diff: 0.3, Sum: 1.8]
      [Code Root Scanning (ms): Min: 0.0, Avg: 0.0, Max: 0.0, Diff: 0.0, Sum: 0.1]
      [Object Copy (ms): Min: 1.3, Avg: 1.4, Max: 1.6, Diff: 0.2, Sum: 8.6]
      [Termination (ms): Min: 0.0, Avg: 0.0, Max: 0.0, Diff: 0.0, Sum: 0.0]
         [Termination Attempts: Min: 1, Avg: 1.0, Max: 1, Diff: 0, Sum: 6]
      [GC Worker Other (ms): Min: 0.0, Avg: 0.3, Max: 0.6, Diff: 0.6, Sum: 1.6]
      [GC Worker Total (ms): Min: 5.9, Avg: 6.2, Max: 6.6, Diff: 0.7, Sum: 37.2]
      [GC Worker End (ms): Min: 22636058.3, Avg: 22636058.5, Max: 22636058.9, Diff: 0.6]
   [Code Root Fixup: 0.0 ms]
   [Code Root Purge: 0.0 ms]
   [Clear CT: 0.5 ms]
   [Other: 12.9 ms]
      [Choose CSet: 0.0 ms]
      [Ref Proc: 10.4 ms]
      [Ref Enq: 0.5 ms]
      [Redirty Cards: 0.6 ms]
      [Humongous Register: 0.1 ms]
      [Humongous Reclaim: 0.1 ms]
      [Free CSet: 0.7 ms]
   [Eden: 1784.0M(1784.0M)->0.0B(1784.0M) Survivors: 13312.0K->13312.0K Heap: 1979.9M(2996.0M)->196.0M(2996.0M)]
Heap after GC invocations=75 (full 0):
 garbage-first heap   total 3067904K, used 200690K [0x0000000704c00000, 0x0000000704d05da0, 0x00000007c0000000)
  region size 1024K, 13 young (13312K), 13 survivors (13312K)
 Metaspace       used 130039K, capacity 136966K, committed 137120K, reserved 1169408K
  class space    used 16841K, capacity 18088K, committed 18132K, reserved 1048576K
}
 [Times: user=0.05 sys=0.00, real=0.02 secs] 
2020-12-07T16:38:06.609+0000: 22636.074: Total time for which application threads were stopped: 0.0228176 seconds, Stopping threads took: 0.0001620 seconds
2020-12-07T16:43:06.401+0000: 22936.075: Total time for which application threads were stopped: 0.0004581 seconds, Stopping threads took: 0.0000751 seconds
{Heap before GC invocations=75 (full 0):
 garbage-first heap   total 3067904K, used 2027506K [0x0000000704c00000, 0x0000000704d05da0, 0x00000007c0000000)
  region size 1024K, 1797 young (1840128K), 13 survivors (13312K)
 Metaspace       used 130039K, capacity 136966K, committed 137120K, reserved 1169408K
  class space    used 16841K, capacity 18088K, committed 18132K, reserved 1048576K
2020-12-07T16:43:56.576+0000: 22986.292: [GC pause (G1 Evacuation Pause) (young)
Desired survivor size 117964800 bytes, new threshold 15 (max 15)
- age   1:    6407576 bytes,    6407576 total
- age   2:     222024 bytes,    6629600 total
- age   3:     707480 bytes,    7337080 total
- age   4:      31360 bytes,    7368440 total
- age   5:      32360 bytes,    7400800 total
- age   6:      31392 bytes,    7432192 total
- age   7:      31528 bytes,    7463720 total
- age   8:      32032 bytes,    7495752 total
- age   9:      30752 bytes,    7526504 total
- age  10:      31568 bytes,    7558072 total
- age  11:      32568 bytes,    7590640 total
- age  12:      29968 bytes,    7620608 total
- age  13:      59040 bytes,    7679648 total
- age  14:      31800 bytes,    7711448 total
- age  15:     257664 bytes,    7969112 total
, 0.0180879 secs]
   [Parallel Time: 6.5 ms, GC Workers: 6]
      [GC Worker Start (ms): Min: 22986292.0, Avg: 22986292.1, Max: 22986292.3, Diff: 0.3]
      [Ext Root Scanning (ms): Min: 2.7, Avg: 2.8, Max: 3.0, Diff: 0.3, Sum: 16.9]
      [Update RS (ms): Min: 1.2, Avg: 1.2, Max: 1.4, Diff: 0.2, Sum: 7.5]
         [Processed Buffers: Min: 6, Avg: 18.5, Max: 37, Diff: 31, Sum: 111]
      [Scan RS (ms): Min: 0.2, Avg: 0.3, Max: 0.3, Diff: 0.2, Sum: 1.6]
      [Code Root Scanning (ms): Min: 0.0, Avg: 0.0, Max: 0.1, Diff: 0.0, Sum: 0.1]
      [Object Copy (ms): Min: 1.4, Avg: 1.4, Max: 1.5, Diff: 0.1, Sum: 8.6]
      [Termination (ms): Min: 0.0, Avg: 0.0, Max: 0.0, Diff: 0.0, Sum: 0.0]
         [Termination Attempts: Min: 1, Avg: 1.0, Max: 1, Diff: 0, Sum: 6]
      [GC Worker Other (ms): Min: 0.0, Avg: 0.1, Max: 0.3, Diff: 0.2, Sum: 0.7]
      [GC Worker Total (ms): Min: 5.7, Avg: 5.9, Max: 6.1, Diff: 0.4, Sum: 35.5]
      [GC Worker End (ms): Min: 22986297.9, Avg: 22986298.1, Max: 22986298.2, Diff: 0.2]
   [Code Root Fixup: 0.0 ms]
   [Code Root Purge: 0.0 ms]
   [Clear CT: 0.8 ms]
   [Other: 10.8 ms]
      [Choose CSet: 0.0 ms]
      [Ref Proc: 8.3 ms]
      [Ref Enq: 0.6 ms]
      [Redirty Cards: 0.5 ms]
      [Humongous Register: 0.1 ms]
      [Humongous Reclaim: 0.0 ms]
      [Free CSet: 0.8 ms]
   [Eden: 1784.0M(1784.0M)->0.0B(1785.0M) Survivors: 13312.0K->12288.0K Heap: 1980.0M(2996.0M)->195.2M(2996.0M)]
Heap after GC invocations=76 (full 0):
 garbage-first heap   total 3067904K, used 199933K [0x0000000704c00000, 0x0000000704d05da0, 0x00000007c0000000)
  region size 1024K, 12 young (12288K), 12 survivors (12288K)
 Metaspace       used 130039K, capacity 136966K, committed 137120K, reserved 1169408K
  class space    used 16841K, capacity 18088K, committed 18132K, reserved 1048576K
}
 [Times: user=0.05 sys=0.00, real=0.02 secs] 
2020-12-07T16:43:56.597+0000: 22986.312: Total time for which application threads were stopped: 0.0207496 seconds, Stopping threads took: 0.0000744 seconds
2020-12-07T16:48:56.389+0000: 23286.313: Total time for which application threads were stopped: 0.0006697 seconds, Stopping threads took: 0.0002250 seconds
{Heap before GC invocations=76 (full 0):
 garbage-first heap   total 3067904K, used 2027773K [0x0000000704c00000, 0x0000000704d05da0, 0x00000007c0000000)
  region size 1024K, 1797 young (1840128K), 12 survivors (12288K)
 Metaspace       used 130053K, capacity 137030K, committed 137120K, reserved 1169408K
  class space    used 16841K, capacity 18088K, committed 18132K, reserved 1048576K
2020-12-07T16:49:41.786+0000: 23331.731: [GC pause (G1 Evacuation Pause) (young)
Desired survivor size 117964800 bytes, new threshold 15 (max 15)
- age   1:    6350408 bytes,    6350408 total
- age   2:      96952 bytes,    6447360 total
- age   3:     221552 bytes,    6668912 total
- age   4:     642040 bytes,    7310952 total
- age   5:      31360 bytes,    7342312 total
- age   6:      31872 bytes,    7374184 total
- age   7:      31328 bytes,    7405512 total
- age   8:      31528 bytes,    7437040 total
- age   9:      31768 bytes,    7468808 total
- age  10:      30752 bytes,    7499560 total
- age  11:      31568 bytes,    7531128 total
- age  12:      32568 bytes,    7563696 total
- age  13:      29968 bytes,    7593664 total
- age  14:      59040 bytes,    7652704 total
- age  15:      31800 bytes,    7684504 total
, 0.0192185 secs]
   [Parallel Time: 7.4 ms, GC Workers: 6]
      [GC Worker Start (ms): Min: 23331730.9, Avg: 23331731.0, Max: 23331731.2, Diff: 0.3]
      [Ext Root Scanning (ms): Min: 2.9, Avg: 3.1, Max: 3.2, Diff: 0.3, Sum: 18.4]
      [Update RS (ms): Min: 1.4, Avg: 1.5, Max: 1.7, Diff: 0.3, Sum: 8.9]
         [Processed Buffers: Min: 8, Avg: 19.2, Max: 33, Diff: 25, Sum: 115]
      [Scan RS (ms): Min: 0.1, Avg: 0.3, Max: 0.4, Diff: 0.3, Sum: 1.8]
      [Code Root Scanning (ms): Min: 0.0, Avg: 0.0, Max: 0.0, Diff: 0.0, Sum: 0.1]
      [Object Copy (ms): Min: 1.4, Avg: 1.4, Max: 1.5, Diff: 0.1, Sum: 8.6]
      [Termination (ms): Min: 0.0, Avg: 0.1, Max: 0.4, Diff: 0.4, Sum: 0.4]
         [Termination Attempts: Min: 1, Avg: 1.0, Max: 1, Diff: 0, Sum: 6]
      [GC Worker Other (ms): Min: 0.0, Avg: 0.1, Max: 0.4, Diff: 0.4, Sum: 0.7]
      [GC Worker Total (ms): Min: 6.2, Avg: 6.5, Max: 6.7, Diff: 0.5, Sum: 38.9]
      [GC Worker End (ms): Min: 23331737.3, Avg: 23331737.5, Max: 23331737.7, Diff: 0.4]
   [Code Root Fixup: 0.1 ms]
   [Code Root Purge: 0.0 ms]
   [Clear CT: 0.5 ms]
   [Other: 11.2 ms]
      [Choose CSet: 0.0 ms]
      [Ref Proc: 8.9 ms]
      [Ref Enq: 0.5 ms]
      [Redirty Cards: 0.6 ms]
      [Humongous Register: 0.1 ms]
      [Humongous Reclaim: 0.0 ms]
      [Free CSet: 0.6 ms]
   [Eden: 1785.0M(1785.0M)->0.0B(1785.0M) Survivors: 12288.0K->12288.0K Heap: 1980.2M(2996.0M)->195.9M(2996.0M)]
Heap after GC invocations=77 (full 0):
 garbage-first heap   total 3067904K, used 200606K [0x0000000704c00000, 0x0000000704d05da0, 0x00000007c0000000)
  region size 1024K, 12 young (12288K), 12 survivors (12288K)
 Metaspace       used 130053K, capacity 137030K, committed 137120K, reserved 1169408K
  class space    used 16841K, capacity 18088K, committed 18132K, reserved 1048576K
}
 [Times: user=0.04 sys=0.03, real=0.02 secs] 
2020-12-07T16:49:41.808+0000: 23331.752: Total time for which application threads were stopped: 0.0221774 seconds, Stopping threads took: 0.0001088 seconds
2020-12-07T16:54:41.600+0000: 23631.754: Total time for which application threads were stopped: 0.0005514 seconds, Stopping threads took: 0.0001997 seconds
{Heap before GC invocations=77 (full 0):
 garbage-first heap   total 3067904K, used 2028446K [0x0000000704c00000, 0x0000000704d05da0, 0x00000007c0000000)
  region size 1024K, 1797 young (1840128K), 12 survivors (12288K)
 Metaspace       used 130054K, capacity 137030K, committed 137120K, reserved 1169408K
  class space    used 16841K, capacity 18088K, committed 18132K, reserved 1048576K
2020-12-07T16:55:30.973+0000: 23681.168: [GC pause (G1 Evacuation Pause) (young)
Desired survivor size 117964800 bytes, new threshold 15 (max 15)
- age   1:    6645584 bytes,    6645584 total
- age   2:     100656 bytes,    6746240 total
- age   3:      94992 bytes,    6841232 total
- age   4:     221552 bytes,    7062784 total
- age   5:     577688 bytes,    7640472 total
- age   6:      30904 bytes,    7671376 total
- age   7:      31784 bytes,    7703160 total
- age   8:      31328 bytes,    7734488 total
- age   9:      31264 bytes,    7765752 total
- age  10:      31768 bytes,    7797520 total
- age  11:      30752 bytes,    7828272 total
- age  12:      31568 bytes,    7859840 total
- age  13:      32568 bytes,    7892408 total
- age  14:      29968 bytes,    7922376 total
- age  15:      59040 bytes,    7981416 total
, 0.0180423 secs]
   [Parallel Time: 7.0 ms, GC Workers: 6]
      [GC Worker Start (ms): Min: 23681168.1, Avg: 23681168.3, Max: 23681168.4, Diff: 0.3]
      [Ext Root Scanning (ms): Min: 3.1, Avg: 3.2, Max: 3.4, Diff: 0.3, Sum: 19.2]
      [Update RS (ms): Min: 1.3, Avg: 1.4, Max: 1.5, Diff: 0.1, Sum: 8.2]
         [Processed Buffers: Min: 7, Avg: 18.3, Max: 38, Diff: 31, Sum: 110]
      [Scan RS (ms): Min: 0.2, Avg: 0.3, Max: 0.3, Diff: 0.1, Sum: 1.5]
      [Code Root Scanning (ms): Min: 0.0, Avg: 0.0, Max: 0.0, Diff: 0.0, Sum: 0.1]
      [Object Copy (ms): Min: 1.1, Avg: 1.2, Max: 1.3, Diff: 0.2, Sum: 7.2]
      [Termination (ms): Min: 0.0, Avg: 0.0, Max: 0.0, Diff: 0.0, Sum: 0.0]
         [Termination Attempts: Min: 1, Avg: 1.2, Max: 2, Diff: 1, Sum: 7]
      [GC Worker Other (ms): Min: 0.0, Avg: 0.2, Max: 0.4, Diff: 0.4, Sum: 1.0]
      [GC Worker Total (ms): Min: 6.0, Avg: 6.2, Max: 6.5, Diff: 0.5, Sum: 37.1]
      [GC Worker End (ms): Min: 23681174.3, Avg: 23681174.4, Max: 23681174.7, Diff: 0.4]
   [Code Root Fixup: 0.0 ms]
   [Code Root Purge: 0.0 ms]
   [Clear CT: 0.4 ms]
   [Other: 10.6 ms]
      [Choose CSet: 0.0 ms]
      [Ref Proc: 8.4 ms]
      [Ref Enq: 0.6 ms]
      [Redirty Cards: 0.5 ms]
      [Humongous Register: 0.1 ms]
      [Humongous Reclaim: 0.1 ms]
      [Free CSet: 0.6 ms]
   [Eden: 1785.0M(1785.0M)->0.0B(1784.0M) Survivors: 12288.0K->13312.0K Heap: 1980.9M(2996.0M)->196.5M(2996.0M)]
Heap after GC invocations=78 (full 0):
 garbage-first heap   total 3067904K, used 201195K [0x0000000704c00000, 0x0000000704d05da0, 0x00000007c0000000)
  region size 1024K, 13 young (13312K), 13 survivors (13312K)
 Metaspace       used 130054K, capacity 137030K, committed 137120K, reserved 1169408K
  class space    used 16841K, capacity 18088K, committed 18132K, reserved 1048576K
}
 [Times: user=0.05 sys=0.01, real=0.02 secs] 
2020-12-07T16:55:30.993+0000: 23681.188: Total time for which application threads were stopped: 0.0207508 seconds, Stopping threads took: 0.0001877 seconds
2020-12-07T17:13:19.236+0000: 24750.584: Total time for which application threads were stopped: 0.0918034 seconds, Stopping threads took: 0.0586880 seconds
2020-12-07T17:13:19.325+0000: 24750.672: Total time for which application threads were stopped: 0.0395365 seconds, Stopping threads took: 0.0098369 seconds
2020-12-07T17:13:24.684+0000: 24756.415: Total time for which application threads were stopped: 0.0010816 seconds, Stopping threads took: 0.0004587 seconds
2020-12-07T17:13:30.373+0000: 24762.105: Total time for which application threads were stopped: 0.0040718 seconds, Stopping threads took: 0.0003710 seconds
{Heap before GC invocations=78 (full 0):
 garbage-first heap   total 3067904K, used 2044395K [0x0000000704c00000, 0x0000000704d05da0, 0x00000007c0000000)
  region size 1024K, 1797 young (1840128K), 13 survivors (13312K)
 Metaspace       used 130463K, capacity 137506K, committed 137760K, reserved 1169408K
  class space    used 16908K, capacity 18162K, committed 18260K, reserved 1048576K
2020-12-07T17:15:52.774+0000: 24903.929: [GC pause (G1 Evacuation Pause) (young)
Desired survivor size 117964800 bytes, new threshold 15 (max 15)
- age   1:    6319680 bytes,    6319680 total
- age   2:      94448 bytes,    6414128 total
- age   3:      98624 bytes,    6512752 total
- age   4:      94992 bytes,    6607744 total
- age   5:     221408 bytes,    6829152 total
- age   6:     512704 bytes,    7341856 total
- age   7:      30840 bytes,    7372696 total
- age   8:      31784 bytes,    7404480 total
- age   9:      31328 bytes,    7435808 total
- age  10:      31264 bytes,    7467072 total
- age  11:      31768 bytes,    7498840 total
- age  12:      30752 bytes,    7529592 total
- age  13:      31568 bytes,    7561160 total
- age  14:      32568 bytes,    7593728 total
- age  15:      29968 bytes,    7623696 total
, 0.0351172 secs]
   [Parallel Time: 16.9 ms, GC Workers: 6]
      [GC Worker Start (ms): Min: 24903930.0, Avg: 24903930.1, Max: 24903930.3, Diff: 0.4]
      [Ext Root Scanning (ms): Min: 3.8, Avg: 4.9, Max: 10.0, Diff: 6.2, Sum: 29.4]
      [Update RS (ms): Min: 0.0, Avg: 2.3, Max: 2.9, Diff: 2.9, Sum: 14.0]
         [Processed Buffers: Min: 0, Avg: 22.5, Max: 36, Diff: 36, Sum: 135]
      [Scan RS (ms): Min: 2.1, Avg: 3.2, Max: 3.6, Diff: 1.5, Sum: 19.2]
      [Code Root Scanning (ms): Min: 1.7, Avg: 2.8, Max: 3.2, Diff: 1.5, Sum: 16.6]
      [Object Copy (ms): Min: 1.9, Avg: 2.3, Max: 2.7, Diff: 0.8, Sum: 14.0]
      [Termination (ms): Min: 0.0, Avg: 0.1, Max: 0.1, Diff: 0.1, Sum: 0.6]
         [Termination Attempts: Min: 1, Avg: 1.0, Max: 1, Diff: 0, Sum: 6]
      [GC Worker Other (ms): Min: 0.1, Avg: 0.2, Max: 0.3, Diff: 0.2, Sum: 1.0]
      [GC Worker Total (ms): Min: 15.7, Avg: 15.8, Max: 16.0, Diff: 0.3, Sum: 94.8]
      [GC Worker End (ms): Min: 24903945.9, Avg: 24903946.0, Max: 24903946.0, Diff: 0.1]
   [Code Root Fixup: 0.0 ms]
   [Code Root Purge: 0.0 ms]
   [Clear CT: 0.9 ms]
   [Other: 17.3 ms]
      [Choose CSet: 0.0 ms]
      [Ref Proc: 13.8 ms]
      [Ref Enq: 0.9 ms]
      [Redirty Cards: 0.9 ms]
      [Humongous Register: 0.1 ms]
      [Humongous Reclaim: 0.1 ms]
      [Free CSet: 0.9 ms]
   [Eden: 1784.0M(1784.0M)->0.0B(1783.0M) Survivors: 13312.0K->14336.0K Heap: 1996.5M(2996.0M)->213.5M(2996.0M)]
Heap after GC invocations=79 (full 0):
 garbage-first heap   total 3067904K, used 218658K [0x0000000704c00000, 0x0000000704d05da0, 0x00000007c0000000)
  region size 1024K, 14 young (14336K), 14 survivors (14336K)
 Metaspace       used 130463K, capacity 137506K, committed 137760K, reserved 1169408K
  class space    used 16908K, capacity 18162K, committed 18260K, reserved 1048576K
}
 [Times: user=0.06 sys=0.06, real=0.04 secs] 
2020-12-07T17:15:52.812+0000: 24903.967: Total time for which application threads were stopped: 0.0389201 seconds, Stopping threads took: 0.0002947 seconds
2020-12-07T17:20:53.459+0000: 25204.958: Total time for which application threads were stopped: 0.0006608 seconds, Stopping threads took: 0.0001182 seconds
{Heap before GC invocations=79 (full 0):
 garbage-first heap   total 3067904K, used 2046498K [0x0000000704c00000, 0x0000000704d05da0, 0x00000007c0000000)
  region size 1024K, 1797 young (1840128K), 14 survivors (14336K)
 Metaspace       used 130477K, capacity 137506K, committed 137760K, reserved 1169408K
  class space    used 16908K, capacity 18162K, committed 18260K, reserved 1048576K
2020-12-07T17:22:24.281+0000: 25295.883: [GC pause (G1 Evacuation Pause) (young)
Desired survivor size 117964800 bytes, new threshold 15 (max 15)
- age   1:    8146240 bytes,    8146240 total
- age   2:      95056 bytes,    8241296 total
- age   3:      94008 bytes,    8335304 total
- age   4:      98088 bytes,    8433392 total
- age   5:      93760 bytes,    8527152 total
- age   6:     184448 bytes,    8711600 total
- age   7:     286096 bytes,    8997696 total
- age   8:      30840 bytes,    9028536 total
- age   9:      31560 bytes,    9060096 total
- age  10:      31328 bytes,    9091424 total
- age  11:      31264 bytes,    9122688 total
- age  12:      31592 bytes,    9154280 total
- age  13:      30752 bytes,    9185032 total
- age  14:      31568 bytes,    9216600 total
- age  15:      32568 bytes,    9249168 total
, 0.0286021 secs]
   [Parallel Time: 13.6 ms, GC Workers: 6]
      [GC Worker Start (ms): Min: 25295883.5, Avg: 25295883.7, Max: 25295884.0, Diff: 0.5]
      [Ext Root Scanning (ms): Min: 3.4, Avg: 3.7, Max: 4.1, Diff: 0.7, Sum: 22.0]
      [Update RS (ms): Min: 1.5, Avg: 1.6, Max: 1.8, Diff: 0.2, Sum: 9.7]
         [Processed Buffers: Min: 10, Avg: 19.5, Max: 32, Diff: 22, Sum: 117]
      [Scan RS (ms): Min: 2.5, Avg: 2.7, Max: 2.8, Diff: 0.3, Sum: 16.1]
      [Code Root Scanning (ms): Min: 2.1, Avg: 2.2, Max: 2.3, Diff: 0.2, Sum: 13.2]
      [Object Copy (ms): Min: 1.8, Avg: 2.0, Max: 2.1, Diff: 0.3, Sum: 12.0]
      [Termination (ms): Min: 0.0, Avg: 0.0, Max: 0.0, Diff: 0.0, Sum: 0.1]
         [Termination Attempts: Min: 1, Avg: 1.3, Max: 2, Diff: 1, Sum: 8]
      [GC Worker Other (ms): Min: 0.2, Avg: 0.3, Max: 0.5, Diff: 0.3, Sum: 1.8]
      [GC Worker Total (ms): Min: 12.2, Avg: 12.5, Max: 12.8, Diff: 0.7, Sum: 75.0]
      [GC Worker End (ms): Min: 25295896.0, Avg: 25295896.2, Max: 25295896.4, Diff: 0.4]
   [Code Root Fixup: 0.0 ms]
   [Code Root Purge: 0.0 ms]
   [Clear CT: 0.6 ms]
   [Other: 14.4 ms]
      [Choose CSet: 0.1 ms]
      [Ref Proc: 11.1 ms]
      [Ref Enq: 0.9 ms]
      [Redirty Cards: 0.8 ms]
      [Humongous Register: 0.1 ms]
      [Humongous Reclaim: 0.1 ms]
      [Free CSet: 0.9 ms]
   [Eden: 1783.0M(1783.0M)->0.0B(1784.0M) Survivors: 14336.0K->13312.0K Heap: 1998.5M(2996.0M)->212.6M(2996.0M)]
Heap after GC invocations=80 (full 0):
 garbage-first heap   total 3067904K, used 217684K [0x0000000704c00000, 0x0000000704d05da0, 0x00000007c0000000)
  region size 1024K, 13 young (13312K), 13 survivors (13312K)
 Metaspace       used 130477K, capacity 137506K, committed 137760K, reserved 1169408K
  class space    used 16908K, capacity 18162K, committed 18260K, reserved 1048576K
}
 [Times: user=0.06 sys=0.04, real=0.03 secs] 
2020-12-07T17:22:24.312+0000: 25295.914: Total time for which application threads were stopped: 0.0321115 seconds, Stopping threads took: 0.0002833 seconds
2020-12-07T17:27:23.970+0000: 25595.916: Total time for which application threads were stopped: 0.0006960 seconds, Stopping threads took: 0.0002442 seconds
{Heap before GC invocations=80 (full 0):
 garbage-first heap   total 3067904K, used 2045076K [0x0000000704c00000, 0x0000000704d05da0, 0x00000007c0000000)
  region size 1024K, 1797 young (1840128K), 13 survivors (13312K)
 Metaspace       used 130478K, capacity 137506K, committed 137760K, reserved 1169408K
  class space    used 16908K, capacity 18162K, committed 18260K, reserved 1048576K
2020-12-07T17:28:55.781+0000: 25687.830: [GC pause (G1 Evacuation Pause) (young)
Desired survivor size 117964800 bytes, new threshold 15 (max 15)
- age   1:    6926272 bytes,    6926272 total
- age   2:    1673408 bytes,    8599680 total
- age   3:      30720 bytes,    8630400 total
- age   4:      28376 bytes,    8658776 total
- age   5:      32288 bytes,    8691064 total
- age   6:      29576 bytes,    8720640 total
- age   7:     153000 bytes,    8873640 total
- age   8:      51336 bytes,    8924976 total
- age   9:      30840 bytes,    8955816 total
- age  10:      31296 bytes,    8987112 total
- age  11:      31328 bytes,    9018440 total
- age  12:      31264 bytes,    9049704 total
- age  13:      31592 bytes,    9081296 total
- age  14:      30752 bytes,    9112048 total
- age  15:      31568 bytes,    9143616 total
, 0.0336680 secs]
   [Parallel Time: 11.9 ms, GC Workers: 6]
      [GC Worker Start (ms): Min: 25687830.3, Avg: 25687830.5, Max: 25687830.7, Diff: 0.4]
      [Ext Root Scanning (ms): Min: 3.4, Avg: 3.6, Max: 4.0, Diff: 0.6, Sum: 21.7]
      [Update RS (ms): Min: 1.6, Avg: 1.8, Max: 1.9, Diff: 0.3, Sum: 10.7]
         [Processed Buffers: Min: 6, Avg: 20.5, Max: 38, Diff: 32, Sum: 123]
      [Scan RS (ms): Min: 1.9, Avg: 2.0, Max: 2.0, Diff: 0.2, Sum: 11.8]
      [Code Root Scanning (ms): Min: 1.8, Avg: 1.8, Max: 1.9, Diff: 0.1, Sum: 11.0]
      [Object Copy (ms): Min: 1.3, Avg: 1.4, Max: 1.7, Diff: 0.5, Sum: 8.6]
      [Termination (ms): Min: 0.0, Avg: 0.0, Max: 0.0, Diff: 0.0, Sum: 0.1]
         [Termination Attempts: Min: 1, Avg: 1.8, Max: 3, Diff: 2, Sum: 11]
      [GC Worker Other (ms): Min: 0.2, Avg: 0.4, Max: 0.7, Diff: 0.5, Sum: 2.6]
      [GC Worker Total (ms): Min: 10.8, Avg: 11.1, Max: 11.5, Diff: 0.7, Sum: 66.6]
      [GC Worker End (ms): Min: 25687841.3, Avg: 25687841.6, Max: 25687841.9, Diff: 0.6]
   [Code Root Fixup: 0.0 ms]
   [Code Root Purge: 0.0 ms]
   [Clear CT: 0.9 ms]
   [Other: 20.8 ms]
      [Choose CSet: 0.0 ms]
      [Ref Proc: 17.5 ms]
      [Ref Enq: 0.8 ms]
      [Redirty Cards: 0.8 ms]
      [Humongous Register: 0.1 ms]
      [Humongous Reclaim: 0.0 ms]
      [Free CSet: 0.8 ms]
   [Eden: 1784.0M(1784.0M)->0.0B(1783.0M) Survivors: 13312.0K->14336.0K Heap: 1997.1M(2996.0M)->214.1M(2996.0M)]
Heap after GC invocations=81 (full 0):
 garbage-first heap   total 3067904K, used 219270K [0x0000000704c00000, 0x0000000704d05da0, 0x00000007c0000000)
  region size 1024K, 14 young (14336K), 14 survivors (14336K)
 Metaspace       used 130478K, capacity 137506K, committed 137760K, reserved 1169408K
  class space    used 16908K, capacity 18162K, committed 18260K, reserved 1048576K
}
 [Times: user=0.05 sys=0.03, real=0.04 secs] 
2020-12-07T17:28:55.817+0000: 25687.866: Total time for which application threads were stopped: 0.0415699 seconds, Stopping threads took: 0.0048555 seconds
2020-12-07T17:33:55.475+0000: 25987.867: Total time for which application threads were stopped: 0.0007892 seconds, Stopping threads took: 0.0002002 seconds
{Heap before GC invocations=81 (full 0):
 garbage-first heap   total 3067904K, used 2045062K [0x0000000704c00000, 0x0000000704d05da0, 0x00000007c0000000)
  region size 1024K, 1797 young (1840128K), 14 survivors (14336K)
 Metaspace       used 130478K, capacity 137506K, committed 137760K, reserved 1169408K
  class space    used 16908K, capacity 18162K, committed 18260K, reserved 1048576K
2020-12-07T17:35:22.785+0000: 26075.280: [GC pause (G1 Evacuation Pause) (young)
Desired survivor size 117964800 bytes, new threshold 15 (max 15)
- age   1:    6554968 bytes,    6554968 total
- age   2:     621344 bytes,    7176312 total
- age   3:    1599320 bytes,    8775632 total
- age   4:      30392 bytes,    8806024 total
- age   5:      28376 bytes,    8834400 total
- age   6:      32288 bytes,    8866688 total
- age   7:      29576 bytes,    8896264 total
- age   8:     153000 bytes,    9049264 total
- age   9:      32584 bytes,    9081848 total
- age  10:      30576 bytes,    9112424 total
- age  11:      31296 bytes,    9143720 total
- age  12:      31328 bytes,    9175048 total
- age  13:      31264 bytes,    9206312 total
- age  14:      31472 bytes,    9237784 total
- age  15:      30752 bytes,    9268536 total
, 0.0621966 secs]
   [Parallel Time: 22.0 ms, GC Workers: 6]
      [GC Worker Start (ms): Min: 26075280.4, Avg: 26075280.7, Max: 26075281.3, Diff: 1.0]
      [Ext Root Scanning (ms): Min: 4.6, Avg: 6.6, Max: 10.6, Diff: 6.0, Sum: 39.9]
      [Update RS (ms): Min: 0.0, Avg: 1.9, Max: 3.0, Diff: 3.0, Sum: 11.7]
         [Processed Buffers: Min: 0, Avg: 18.5, Max: 49, Diff: 49, Sum: 111]
      [Scan RS (ms): Min: 3.3, Avg: 4.6, Max: 6.3, Diff: 3.0, Sum: 27.4]
      [Code Root Scanning (ms): Min: 2.6, Avg: 3.8, Max: 6.5, Diff: 3.9, Sum: 22.8]
      [Object Copy (ms): Min: 0.5, Avg: 2.7, Max: 3.5, Diff: 3.0, Sum: 16.4]
      [Termination (ms): Min: 0.0, Avg: 1.3, Max: 1.8, Diff: 1.8, Sum: 7.5]
         [Termination Attempts: Min: 1, Avg: 1.0, Max: 1, Diff: 0, Sum: 6]
      [GC Worker Other (ms): Min: 0.1, Avg: 0.2, Max: 0.3, Diff: 0.2, Sum: 1.2]
      [GC Worker Total (ms): Min: 20.6, Avg: 21.2, Max: 21.5, Diff: 0.9, Sum: 126.9]
      [GC Worker End (ms): Min: 26075301.7, Avg: 26075301.8, Max: 26075302.1, Diff: 0.4]
   [Code Root Fixup: 0.0 ms]
   [Code Root Purge: 0.0 ms]
   [Clear CT: 1.6 ms]
   [Other: 38.5 ms]
      [Choose CSet: 0.0 ms]
      [Ref Proc: 34.4 ms]
      [Ref Enq: 1.0 ms]
      [Redirty Cards: 0.8 ms]
      [Humongous Register: 0.1 ms]
      [Humongous Reclaim: 0.1 ms]
      [Free CSet: 1.2 ms]
   [Eden: 1783.0M(1783.0M)->0.0B(1784.0M) Survivors: 14336.0K->13312.0K Heap: 1997.1M(2996.0M)->213.2M(2996.0M)]
Heap after GC invocations=82 (full 0):
 garbage-first heap   total 3067904K, used 218287K [0x0000000704c00000, 0x0000000704d05da0, 0x00000007c0000000)
  region size 1024K, 13 young (13312K), 13 survivors (13312K)
 Metaspace       used 130478K, capacity 137506K, committed 137760K, reserved 1169408K
  class space    used 16908K, capacity 18162K, committed 18260K, reserved 1048576K
}
 [Times: user=0.11 sys=0.08, real=0.07 secs] 
2020-12-07T17:35:22.852+0000: 26075.347: Total time for which application threads were stopped: 0.0681793 seconds, Stopping threads took: 0.0002750 seconds
2020-12-07T17:40:22.877+0000: 26375.715: Total time for which application threads were stopped: 0.0009010 seconds, Stopping threads took: 0.0001564 seconds
{Heap before GC invocations=82 (full 0):
 garbage-first heap   total 3067904K, used 2045103K [0x0000000704c00000, 0x0000000704d05da0, 0x00000007c0000000)
  region size 1024K, 1797 young (1840128K), 13 survivors (13312K)
 Metaspace       used 130478K, capacity 137506K, committed 137760K, reserved 1169408K
  class space    used 16908K, capacity 18162K, committed 18260K, reserved 1048576K
2020-12-07T17:41:54.983+0000: 26467.924: [GC pause (G1 Evacuation Pause) (young)
Desired survivor size 117964800 bytes, new threshold 15 (max 15)
- age   1:    6420632 bytes,    6420632 total
- age   2:     316592 bytes,    6737224 total
- age   3:     569856 bytes,    7307080 total
- age   4:    1598104 bytes,    8905184 total
- age   5:      30072 bytes,    8935256 total
- age   6:      28376 bytes,    8963632 total
- age   7:      31896 bytes,    8995528 total
- age   8:      29576 bytes,    9025104 total
- age   9:      31280 bytes,    9056384 total
- age  10:      32584 bytes,    9088968 total
- age  11:      30576 bytes,    9119544 total
- age  12:      31296 bytes,    9150840 total
- age  13:      31328 bytes,    9182168 total
- age  14:      31264 bytes,    9213432 total
- age  15:      31472 bytes,    9244904 total
, 0.0422065 secs]
   [Parallel Time: 17.7 ms, GC Workers: 6]
      [GC Worker Start (ms): Min: 26467924.6, Avg: 26467925.7, Max: 26467929.9, Diff: 5.3]
      [Ext Root Scanning (ms): Min: 0.3, Avg: 6.2, Max: 16.4, Diff: 16.1, Sum: 36.9]
      [Update RS (ms): Min: 0.0, Avg: 1.5, Max: 2.0, Diff: 1.9, Sum: 9.1]
         [Processed Buffers: Min: 0, Avg: 19.0, Max: 35, Diff: 35, Sum: 114]
      [Scan RS (ms): Min: 0.1, Avg: 2.9, Max: 3.6, Diff: 3.5, Sum: 17.2]
      [Code Root Scanning (ms): Min: 0.0, Avg: 2.4, Max: 2.9, Diff: 2.9, Sum: 14.2]
      [Object Copy (ms): Min: 0.2, Avg: 1.9, Max: 2.3, Diff: 2.2, Sum: 11.4]
      [Termination (ms): Min: 0.0, Avg: 1.0, Max: 1.4, Diff: 1.4, Sum: 6.1]
         [Termination Attempts: Min: 1, Avg: 1.0, Max: 1, Diff: 0, Sum: 6]
      [GC Worker Other (ms): Min: 0.1, Avg: 0.1, Max: 0.2, Diff: 0.1, Sum: 0.6]
      [GC Worker Total (ms): Min: 11.6, Avg: 16.0, Max: 17.1, Diff: 5.5, Sum: 95.7]
      [GC Worker End (ms): Min: 26467941.5, Avg: 26467941.6, Max: 26467941.9, Diff: 0.4]
   [Code Root Fixup: 0.0 ms]
   [Code Root Purge: 0.0 ms]
   [Clear CT: 0.5 ms]
   [Other: 24.1 ms]
      [Choose CSet: 0.0 ms]
      [Ref Proc: 20.6 ms]
      [Ref Enq: 1.1 ms]
      [Redirty Cards: 0.8 ms]
      [Humongous Register: 0.1 ms]
      [Humongous Reclaim: 0.0 ms]
      [Free CSet: 0.8 ms]
   [Eden: 1784.0M(1784.0M)->0.0B(1783.0M) Survivors: 13312.0K->14336.0K Heap: 1997.2M(2996.0M)->213.7M(2996.0M)]
Heap after GC invocations=83 (full 0):
 garbage-first heap   total 3067904K, used 218845K [0x0000000704c00000, 0x0000000704d05da0, 0x00000007c0000000)
  region size 1024K, 14 young (14336K), 14 survivors (14336K)
 Metaspace       used 130478K, capacity 137506K, committed 137760K, reserved 1169408K
  class space    used 16908K, capacity 18162K, committed 18260K, reserved 1048576K
}
 [Times: user=0.08 sys=0.05, real=0.04 secs] 
2020-12-07T17:41:55.027+0000: 26467.968: Total time for which application threads were stopped: 0.0506748 seconds, Stopping threads took: 0.0062004 seconds
2020-12-07T17:46:54.684+0000: 26767.969: Total time for which application threads were stopped: 0.0007558 seconds, Stopping threads took: 0.0001825 seconds
{Heap before GC invocations=83 (full 0):
 garbage-first heap   total 3067904K, used 2044637K [0x0000000704c00000, 0x0000000704d05da0, 0x00000007c0000000)
  region size 1024K, 1797 young (1840128K), 14 survivors (14336K)
 Metaspace       used 130479K, capacity 137514K, committed 137760K, reserved 1169408K
  class space    used 16908K, capacity 18162K, committed 18260K, reserved 1048576K
2020-12-07T17:48:23.020+0000: 26856.408: [GC pause (G1 Evacuation Pause) (young)
Desired survivor size 117964800 bytes, new threshold 15 (max 15)
- age   1:    6322648 bytes,    6322648 total
- age   2:     205984 bytes,    6528632 total
- age   3:     316248 bytes,    6844880 total
- age   4:     516992 bytes,    7361872 total
- age   5:    1596496 bytes,    8958368 total
- age   6:      30072 bytes,    8988440 total
- age   7:      28376 bytes,    9016816 total
- age   8:      31896 bytes,    9048712 total
- age   9:      29576 bytes,    9078288 total
- age  10:      31280 bytes,    9109568 total
- age  11:      32584 bytes,    9142152 total
- age  12:      30576 bytes,    9172728 total
- age  13:      31296 bytes,    9204024 total
- age  14:      31328 bytes,    9235352 total
- age  15:      31264 bytes,    9266616 total
, 0.0363148 secs]
   [Parallel Time: 17.8 ms, GC Workers: 6]
      [GC Worker Start (ms): Min: 26856409.1, Avg: 26856409.6, Max: 26856410.2, Diff: 1.1]
      [Ext Root Scanning (ms): Min: 2.9, Avg: 4.6, Max: 10.8, Diff: 7.8, Sum: 27.9]
      [Update RS (ms): Min: 0.0, Avg: 1.5, Max: 1.9, Diff: 1.9, Sum: 8.9]
         [Processed Buffers: Min: 0, Avg: 18.5, Max: 56, Diff: 56, Sum: 111]
      [Scan RS (ms): Min: 0.7, Avg: 3.9, Max: 9.2, Diff: 8.5, Sum: 23.5]
      [Code Root Scanning (ms): Min: 0.6, Avg: 2.3, Max: 3.0, Diff: 2.4, Sum: 14.1]
      [Object Copy (ms): Min: 0.2, Avg: 1.9, Max: 2.4, Diff: 2.2, Sum: 11.6]
      [Termination (ms): Min: 0.0, Avg: 2.4, Max: 2.9, Diff: 2.9, Sum: 14.6]
         [Termination Attempts: Min: 1, Avg: 1.2, Max: 2, Diff: 1, Sum: 7]
      [GC Worker Other (ms): Min: 0.1, Avg: 0.1, Max: 0.1, Diff: 0.1, Sum: 0.6]
      [GC Worker Total (ms): Min: 16.3, Avg: 16.9, Max: 17.4, Diff: 1.1, Sum: 101.2]
      [GC Worker End (ms): Min: 26856426.4, Avg: 26856426.5, Max: 26856426.5, Diff: 0.1]
   [Code Root Fixup: 0.1 ms]
   [Code Root Purge: 0.0 ms]
   [Clear CT: 1.0 ms]
   [Other: 17.5 ms]
      [Choose CSet: 0.0 ms]
      [Ref Proc: 14.3 ms]
      [Ref Enq: 0.7 ms]
      [Redirty Cards: 0.7 ms]
      [Humongous Register: 0.1 ms]
      [Humongous Reclaim: 0.1 ms]
      [Free CSet: 0.8 ms]
   [Eden: 1783.0M(1783.0M)->0.0B(1784.0M) Survivors: 14336.0K->13312.0K Heap: 1996.7M(2996.0M)->213.3M(2996.0M)]
Heap after GC invocations=84 (full 0):
 garbage-first heap   total 3067904K, used 218379K [0x0000000704c00000, 0x0000000704d05da0, 0x00000007c0000000)
  region size 1024K, 13 young (13312K), 13 survivors (13312K)
 Metaspace       used 130479K, capacity 137514K, committed 137760K, reserved 1169408K
  class space    used 16908K, capacity 18162K, committed 18260K, reserved 1048576K
}
 [Times: user=0.09 sys=0.03, real=0.04 secs] 
2020-12-07T17:48:23.059+0000: 26856.447: Total time for which application threads were stopped: 0.0397263 seconds, Stopping threads took: 0.0003437 seconds
2020-12-07T17:53:22.717+0000: 27156.448: Total time for which application threads were stopped: 0.0007694 seconds, Stopping threads took: 0.0002196 seconds
{Heap before GC invocations=84 (full 0):
 garbage-first heap   total 3067904K, used 2045195K [0x0000000704c00000, 0x0000000704d05da0, 0x00000007c0000000)
  region size 1024K, 1797 young (1840128K), 13 survivors (13312K)
 Metaspace       used 130481K, capacity 137522K, committed 137760K, reserved 1169408K
  class space    used 16908K, capacity 18162K, committed 18260K, reserved 1048576K
2020-12-07T17:54:55.372+0000: 27249.206: [GC pause (G1 Evacuation Pause) (young)
Desired survivor size 117964800 bytes, new threshold 15 (max 15)
- age   1:    6303176 bytes,    6303176 total
- age   2:      86072 bytes,    6389248 total
- age   3:     205368 bytes,    6594616 total
- age   4:     316136 bytes,    6910752 total
- age   5:     465632 bytes,    7376384 total
- age   6:    1192840 bytes,    8569224 total
- age   7:      29808 bytes,    8599032 total
- age   8:      28376 bytes,    8627408 total
- age   9:      31896 bytes,    8659304 total
- age  10:      29576 bytes,    8688880 total
- age  11:      31280 bytes,    8720160 total
- age  12:      32584 bytes,    8752744 total
- age  13:      30576 bytes,    8783320 total
- age  14:      31296 bytes,    8814616 total
- age  15:      31328 bytes,    8845944 total
, 0.0362037 secs]
   [Parallel Time: 16.3 ms, GC Workers: 6]
      [GC Worker Start (ms): Min: 27249206.7, Avg: 27249210.4, Max: 27249219.2, Diff: 12.4]
      [Ext Root Scanning (ms): Min: 0.2, Avg: 2.5, Max: 3.9, Diff: 3.7, Sum: 14.8]
      [Update RS (ms): Min: 0.0, Avg: 1.5, Max: 2.3, Diff: 2.3, Sum: 9.0]
         [Processed Buffers: Min: 0, Avg: 18.3, Max: 39, Diff: 39, Sum: 110]
      [Scan RS (ms): Min: 0.4, Avg: 3.3, Max: 4.8, Diff: 4.4, Sum: 20.0]
      [Code Root Scanning (ms): Min: 0.1, Avg: 2.3, Max: 3.2, Diff: 3.1, Sum: 13.8]
      [Object Copy (ms): Min: 0.0, Avg: 1.7, Max: 2.3, Diff: 2.3, Sum: 10.3]
      [Termination (ms): Min: 0.0, Avg: 0.8, Max: 0.9, Diff: 0.9, Sum: 4.5]
         [Termination Attempts: Min: 1, Avg: 1.0, Max: 1, Diff: 0, Sum: 6]
      [GC Worker Other (ms): Min: 0.1, Avg: 0.1, Max: 0.2, Diff: 0.2, Sum: 0.7]
      [GC Worker Total (ms): Min: 3.5, Avg: 12.2, Max: 15.9, Diff: 12.4, Sum: 73.1]
      [GC Worker End (ms): Min: 27249222.6, Avg: 27249222.6, Max: 27249222.6, Diff: 0.1]
   [Code Root Fixup: 0.1 ms]
   [Code Root Purge: 0.0 ms]
   [Clear CT: 0.9 ms]
   [Other: 19.0 ms]
      [Choose CSet: 0.0 ms]
      [Ref Proc: 15.7 ms]
      [Ref Enq: 0.8 ms]
      [Redirty Cards: 0.8 ms]
      [Humongous Register: 0.1 ms]
      [Humongous Reclaim: 0.1 ms]
      [Free CSet: 0.9 ms]
   [Eden: 1784.0M(1784.0M)->0.0B(1784.0M) Survivors: 13312.0K->13312.0K Heap: 1997.3M(2996.0M)->213.3M(2996.0M)]
Heap after GC invocations=85 (full 0):
 garbage-first heap   total 3067904K, used 218425K [0x0000000704c00000, 0x0000000704d05da0, 0x00000007c0000000)
  region size 1024K, 13 young (13312K), 13 survivors (13312K)
 Metaspace       used 130481K, capacity 137522K, committed 137760K, reserved 1169408K
  class space    used 16908K, capacity 18162K, committed 18260K, reserved 1048576K
}
 [Times: user=0.03 sys=0.09, real=0.03 secs] 
2020-12-07T17:54:55.410+0000: 27249.244: Total time for which application threads were stopped: 0.0390350 seconds, Stopping threads took: 0.0001327 seconds
2020-12-07T17:59:55.068+0000: 27549.246: Total time for which application threads were stopped: 0.0010746 seconds, Stopping threads took: 0.0003351 seconds
{Heap before GC invocations=85 (full 0):
 garbage-first heap   total 3067904K, used 2045241K [0x0000000704c00000, 0x0000000704d05da0, 0x00000007c0000000)
  region size 1024K, 1797 young (1840128K), 13 survivors (13312K)
 Metaspace       used 130481K, capacity 137522K, committed 137760K, reserved 1169408K
  class space    used 16908K, capacity 18162K, committed 18260K, reserved 1048576K
2020-12-07T18:01:23.517+0000: 27637.798: [GC pause (G1 Evacuation Pause) (young)
Desired survivor size 117964800 bytes, new threshold 15 (max 15)
- age   1:    6323704 bytes,    6323704 total
- age   2:      84608 bytes,    6408312 total
- age   3:      85384 bytes,    6493696 total
- age   4:     205304 bytes,    6699000 total
- age   5:     315984 bytes,    7014984 total
- age   6:     415520 bytes,    7430504 total
- age   7:    1192840 bytes,    8623344 total
- age   8:      29808 bytes,    8653152 total
- age   9:      28376 bytes,    8681528 total
- age  10:      31896 bytes,    8713424 total
- age  11:      29576 bytes,    8743000 total
- age  12:      31280 bytes,    8774280 total
- age  13:      32584 bytes,    8806864 total
- age  14:      30576 bytes,    8837440 total
- age  15:      31296 bytes,    8868736 total
, 0.0449612 secs]
   [Parallel Time: 21.6 ms, GC Workers: 6]
      [GC Worker Start (ms): Min: 27637798.7, Avg: 27637799.0, Max: 27637799.3, Diff: 0.6]
      [Ext Root Scanning (ms): Min: 4.9, Avg: 6.8, Max: 8.4, Diff: 3.5, Sum: 40.5]
      [Update RS (ms): Min: 0.6, Avg: 2.9, Max: 8.7, Diff: 8.1, Sum: 17.3]
         [Processed Buffers: Min: 1, Avg: 18.8, Max: 36, Diff: 35, Sum: 113]
      [Scan RS (ms): Min: 1.8, Avg: 4.0, Max: 4.8, Diff: 3.0, Sum: 24.3]
      [Code Root Scanning (ms): Min: 1.2, Avg: 3.4, Max: 4.2, Diff: 2.9, Sum: 20.6]
      [Object Copy (ms): Min: 2.3, Avg: 2.5, Max: 2.9, Diff: 0.6, Sum: 14.9]
      [Termination (ms): Min: 0.0, Avg: 0.0, Max: 0.0, Diff: 0.0, Sum: 0.1]
         [Termination Attempts: Min: 1, Avg: 1.0, Max: 1, Diff: 0, Sum: 6]
      [GC Worker Other (ms): Min: 0.1, Avg: 0.3, Max: 0.5, Diff: 0.4, Sum: 1.9]
      [GC Worker Total (ms): Min: 19.8, Avg: 19.9, Max: 20.1, Diff: 0.3, Sum: 119.6]
      [GC Worker End (ms): Min: 27637818.8, Avg: 27637818.9, Max: 27637819.1, Diff: 0.3]
   [Code Root Fixup: 0.0 ms]
   [Code Root Purge: 0.0 ms]
   [Clear CT: 0.9 ms]
   [Other: 22.4 ms]
      [Choose CSet: 0.0 ms]
      [Ref Proc: 18.3 ms]
      [Ref Enq: 1.0 ms]
      [Redirty Cards: 0.9 ms]
      [Humongous Register: 0.2 ms]
      [Humongous Reclaim: 0.1 ms]
      [Free CSet: 0.9 ms]
   [Eden: 1784.0M(1784.0M)->0.0B(1784.0M) Survivors: 13312.0K->13312.0K Heap: 1997.3M(2996.0M)->213.4M(2996.0M)]
Heap after GC invocations=86 (full 0):
 garbage-first heap   total 3067904K, used 218471K [0x0000000704c00000, 0x0000000704d05da0, 0x00000007c0000000)
  region size 1024K, 13 young (13312K), 13 survivors (13312K)
 Metaspace       used 130481K, capacity 137522K, committed 137760K, reserved 1169408K
  class space    used 16908K, capacity 18162K, committed 18260K, reserved 1048576K
}
 [Times: user=0.07 sys=0.06, real=0.05 secs] 
2020-12-07T18:01:23.568+0000: 27637.849: Total time for which application threads were stopped: 0.0552808 seconds, Stopping threads took: 0.0029500 seconds
2020-12-07T18:06:23.228+0000: 27937.853: Total time for which application threads were stopped: 0.0031607 seconds, Stopping threads took: 0.0026020 seconds
{Heap before GC invocations=86 (full 0):
 garbage-first heap   total 3067904K, used 2045287K [0x0000000704c00000, 0x0000000704d05da0, 0x00000007c0000000)
  region size 1024K, 1797 young (1840128K), 13 survivors (13312K)
 Metaspace       used 130482K, capacity 137522K, committed 137760K, reserved 1169408K
  class space    used 16908K, capacity 18162K, committed 18260K, reserved 1048576K
2020-12-07T18:07:44.620+0000: 28019.313: [GC pause (G1 Evacuation Pause) (young)
Desired survivor size 117964800 bytes, new threshold 15 (max 15)
- age   1:    6348912 bytes,    6348912 total
- age   2:      86360 bytes,    6435272 total
- age   3:      84088 bytes,    6519360 total
- age   4:      83776 bytes,    6603136 total
- age   5:     205240 bytes,    6808376 total
- age   6:     315568 bytes,    7123944 total
- age   7:     365776 bytes,    7489720 total
- age   8:    1192688 bytes,    8682408 total
- age   9:      29808 bytes,    8712216 total
- age  10:      28376 bytes,    8740592 total
- age  11:      31896 bytes,    8772488 total
- age  12:      29576 bytes,    8802064 total
- age  13:      31280 bytes,    8833344 total
- age  14:      32584 bytes,    8865928 total
- age  15:      30576 bytes,    8896504 total
, 0.0496785 secs]
   [Parallel Time: 25.6 ms, GC Workers: 6]
      [GC Worker Start (ms): Min: 28019313.7, Avg: 28019315.9, Max: 28019320.0, Diff: 6.3]
      [Ext Root Scanning (ms): Min: 0.2, Avg: 3.2, Max: 5.1, Diff: 4.9, Sum: 19.5]
      [Update RS (ms): Min: 1.8, Avg: 6.0, Max: 15.0, Diff: 13.1, Sum: 36.0]
         [Processed Buffers: Min: 2, Avg: 19.3, Max: 46, Diff: 44, Sum: 116]
      [Scan RS (ms): Min: 0.2, Avg: 3.8, Max: 5.7, Diff: 5.6, Sum: 23.0]
      [Code Root Scanning (ms): Min: 0.0, Avg: 4.0, Max: 8.6, Diff: 8.6, Sum: 24.3]
      [Object Copy (ms): Min: 0.4, Avg: 3.2, Max: 5.7, Diff: 5.3, Sum: 19.2]
      [Termination (ms): Min: 0.0, Avg: 2.2, Max: 2.8, Diff: 2.8, Sum: 13.0]
         [Termination Attempts: Min: 1, Avg: 1.2, Max: 2, Diff: 1, Sum: 7]
      [GC Worker Other (ms): Min: 0.1, Avg: 0.1, Max: 0.3, Diff: 0.2, Sum: 0.8]
      [GC Worker Total (ms): Min: 18.5, Avg: 22.6, Max: 24.9, Diff: 6.4, Sum: 135.7]
      [GC Worker End (ms): Min: 28019338.5, Avg: 28019338.5, Max: 28019338.6, Diff: 0.1]
   [Code Root Fixup: 0.0 ms]
   [Code Root Purge: 0.0 ms]
   [Clear CT: 1.0 ms]
   [Other: 23.1 ms]
      [Choose CSet: 0.0 ms]
      [Ref Proc: 18.8 ms]
      [Ref Enq: 1.2 ms]
      [Redirty Cards: 1.1 ms]
      [Humongous Register: 0.1 ms]
      [Humongous Reclaim: 0.1 ms]
      [Free CSet: 1.0 ms]
   [Eden: 1784.0M(1784.0M)->0.0B(1784.0M) Survivors: 13312.0K->13312.0K Heap: 1997.4M(2996.0M)->213.4M(2996.0M)]
Heap after GC invocations=87 (full 0):
 garbage-first heap   total 3067904K, used 218522K [0x0000000704c00000, 0x0000000704d05da0, 0x00000007c0000000)
  region size 1024K, 13 young (13312K), 13 survivors (13312K)
 Metaspace       used 130482K, capacity 137522K, committed 137760K, reserved 1169408K
  class space    used 16908K, capacity 18162K, committed 18260K, reserved 1048576K
}
 [Times: user=0.08 sys=0.07, real=0.06 secs] 
2020-12-07T18:07:44.672+0000: 28019.365: Total time for which application threads were stopped: 0.0530133 seconds, Stopping threads took: 0.0003847 seconds
2020-12-07T18:12:44.329+0000: 28319.366: Total time for which application threads were stopped: 0.0009277 seconds, Stopping threads took: 0.0002584 seconds
{Heap before GC invocations=87 (full 0):
 garbage-first heap   total 3067904K, used 2045338K [0x0000000704c00000, 0x0000000704d05da0, 0x00000007c0000000)
  region size 1024K, 1797 young (1840128K), 13 survivors (13312K)
 Metaspace       used 130482K, capacity 137522K, committed 137760K, reserved 1169408K
  class space    used 16908K, capacity 18162K, committed 18260K, reserved 1048576K
2020-12-07T18:14:04.046+0000: 28399.186: [GC pause (G1 Evacuation Pause) (young)
Desired survivor size 117964800 bytes, new threshold 15 (max 15)
- age   1:    6322112 bytes,    6322112 total
- age   2:     101776 bytes,    6423888 total
- age   3:      83840 bytes,    6507728 total
- age   4:      84088 bytes,    6591816 total
- age   5:      83616 bytes,    6675432 total
- age   6:     204872 bytes,    6880304 total
- age   7:     315568 bytes,    7195872 total
- age   8:     315720 bytes,    7511592 total
- age   9:    1192688 bytes,    8704280 total
- age  10:      29808 bytes,    8734088 total
- age  11:      28376 bytes,    8762464 total
- age  12:      31896 bytes,    8794360 total
- age  13:      29576 bytes,    8823936 total
- age  14:      31280 bytes,    8855216 total
- age  15:      32584 bytes,    8887800 total
, 0.0409416 secs]
   [Parallel Time: 21.1 ms, GC Workers: 6]
      [GC Worker Start (ms): Min: 28399186.6, Avg: 28399186.8, Max: 28399187.1, Diff: 0.5]
      [Ext Root Scanning (ms): Min: 5.0, Avg: 7.8, Max: 10.4, Diff: 5.4, Sum: 46.8]
      [Update RS (ms): Min: 0.0, Avg: 2.1, Max: 4.3, Diff: 4.3, Sum: 12.5]
         [Processed Buffers: Min: 0, Avg: 19.0, Max: 52, Diff: 52, Sum: 114]
      [Scan RS (ms): Min: 3.2, Avg: 3.8, Max: 4.1, Diff: 0.9, Sum: 22.7]
      [Code Root Scanning (ms): Min: 3.1, Avg: 3.4, Max: 3.6, Diff: 0.5, Sum: 20.3]
      [Object Copy (ms): Min: 2.3, Avg: 2.6, Max: 3.0, Diff: 0.6, Sum: 15.6]
      [Termination (ms): Min: 0.0, Avg: 0.1, Max: 0.1, Diff: 0.1, Sum: 0.6]
         [Termination Attempts: Min: 1, Avg: 1.2, Max: 2, Diff: 1, Sum: 7]
      [GC Worker Other (ms): Min: 0.1, Avg: 0.2, Max: 0.3, Diff: 0.2, Sum: 1.1]
      [GC Worker Total (ms): Min: 19.7, Avg: 19.9, Max: 20.3, Diff: 0.6, Sum: 119.7]
      [GC Worker End (ms): Min: 28399206.7, Avg: 28399206.8, Max: 28399206.9, Diff: 0.2]
   [Code Root Fixup: 0.0 ms]
   [Code Root Purge: 0.0 ms]
   [Clear CT: 1.1 ms]
   [Other: 18.7 ms]
      [Choose CSet: 0.0 ms]
      [Ref Proc: 14.7 ms]
      [Ref Enq: 1.0 ms]
      [Redirty Cards: 1.1 ms]
      [Humongous Register: 0.1 ms]
      [Humongous Reclaim: 0.2 ms]
      [Free CSet: 0.9 ms]
   [Eden: 1784.0M(1784.0M)->0.0B(1784.0M) Survivors: 13312.0K->13312.0K Heap: 1997.4M(2996.0M)->213.4M(2996.0M)]
Heap after GC invocations=88 (full 0):
 garbage-first heap   total 3067904K, used 218563K [0x0000000704c00000, 0x0000000704d05da0, 0x00000007c0000000)
  region size 1024K, 13 young (13312K), 13 survivors (13312K)
 Metaspace       used 130482K, capacity 137522K, committed 137760K, reserved 1169408K
  class space    used 16908K, capacity 18162K, committed 18260K, reserved 1048576K
}
 [Times: user=0.07 sys=0.04, real=0.04 secs] 
2020-12-07T18:14:04.089+0000: 28399.229: Total time for which application threads were stopped: 0.0440849 seconds, Stopping threads took: 0.0001738 seconds
2020-12-07T22:56:14.649+0000: 28699.230: Total time for which application threads were stopped: 0.0008204 seconds, Stopping threads took: 0.0002945 seconds
{Heap before GC invocations=88 (full 0):
 garbage-first heap   total 3067904K, used 2045379K [0x0000000704c00000, 0x0000000704d05da0, 0x00000007c0000000)
  region size 1024K, 1797 young (1840128K), 13 survivors (13312K)
 Metaspace       used 130494K, capacity 137522K, committed 137760K, reserved 1169408K
  class space    used 16908K, capacity 18162K, committed 18260K, reserved 1048576K
2020-12-08T04:57:47.370+0000: 28801.784: [GC pause (G1 Evacuation Pause) (young)
Desired survivor size 117964800 bytes, new threshold 15 (max 15)
- age   1:    6334680 bytes,    6334680 total
- age   2:      83728 bytes,    6418408 total
- age   3:     101384 bytes,    6519792 total
- age   4:      83776 bytes,    6603568 total
- age   5:      84024 bytes,    6687592 total
- age   6:      83248 bytes,    6770840 total
- age   7:     204872 bytes,    6975712 total
- age   8:     313872 bytes,    7289584 total
- age   9:     267576 bytes,    7557160 total
- age  10:    1192208 bytes,    8749368 total
- age  11:      29808 bytes,    8779176 total
- age  12:      28376 bytes,    8807552 total
- age  13:      31896 bytes,    8839448 total
- age  14:      29576 bytes,    8869024 total
- age  15:      31280 bytes,    8900304 total
, 0.0310134 secs]
   [Parallel Time: 15.3 ms, GC Workers: 6]
      [GC Worker Start (ms): Min: 28801784.7, Avg: 28801784.9, Max: 28801785.1, Diff: 0.4]
      [Ext Root Scanning (ms): Min: 3.5, Avg: 3.6, Max: 3.9, Diff: 0.5, Sum: 21.5]
      [Update RS (ms): Min: 2.9, Avg: 3.1, Max: 3.3, Diff: 0.4, Sum: 18.4]
         [Processed Buffers: Min: 10, Avg: 19.0, Max: 39, Diff: 29, Sum: 114]
      [Scan RS (ms): Min: 2.6, Avg: 2.8, Max: 2.9, Diff: 0.3, Sum: 16.7]
      [Code Root Scanning (ms): Min: 2.3, Avg: 2.4, Max: 2.4, Diff: 0.1, Sum: 14.4]
      [Object Copy (ms): Min: 2.0, Avg: 2.2, Max: 2.3, Diff: 0.3, Sum: 13.1]
      [Termination (ms): Min: 0.0, Avg: 0.0, Max: 0.2, Diff: 0.2, Sum: 0.2]
         [Termination Attempts: Min: 1, Avg: 1.7, Max: 3, Diff: 2, Sum: 10]
      [GC Worker Other (ms): Min: 0.1, Avg: 0.3, Max: 0.6, Diff: 0.4, Sum: 1.9]
      [GC Worker Total (ms): Min: 14.2, Avg: 14.4, Max: 14.4, Diff: 0.3, Sum: 86.2]
      [GC Worker End (ms): Min: 28801799.1, Avg: 28801799.2, Max: 28801799.4, Diff: 0.4]
   [Code Root Fixup: 0.1 ms]
   [Code Root Purge: 0.0 ms]
   [Clear CT: 0.6 ms]
   [Other: 15.1 ms]
      [Choose CSet: 0.0 ms]
      [Ref Proc: 11.7 ms]
      [Ref Enq: 1.1 ms]
      [Redirty Cards: 0.8 ms]
      [Humongous Register: 0.1 ms]
      [Humongous Reclaim: 0.0 ms]
      [Free CSet: 0.8 ms]
   [Eden: 1784.0M(1784.0M)->0.0B(1784.0M) Survivors: 13312.0K->13312.0K Heap: 1997.4M(2996.0M)->213.0M(2996.0M)]
Heap after GC invocations=89 (full 0):
 garbage-first heap   total 3067904K, used 218109K [0x0000000704c00000, 0x0000000704d05da0, 0x00000007c0000000)
  region size 1024K, 13 young (13312K), 13 survivors (13312K)
 Metaspace       used 130494K, capacity 137522K, committed 137760K, reserved 1169408K
  class space    used 16908K, capacity 18162K, committed 18260K, reserved 1048576K
}
 [Times: user=0.04 sys=0.07, real=0.03 secs] 
2020-12-08T04:57:47.404+0000: 28801.818: Total time for which application threads were stopped: 0.0342170 seconds, Stopping threads took: 0.0002108 seconds
2020-12-08T07:52:33.633+0000: 29101.819: Total time for which application threads were stopped: 0.0007036 seconds, Stopping threads took: 0.0001148 seconds
{Heap before GC invocations=89 (full 0):
 garbage-first heap   total 3067904K, used 2045501K [0x0000000704c00000, 0x0000000704d05da0, 0x00000007c0000000)
  region size 1024K, 1797 young (1840128K), 13 survivors (13312K)
 Metaspace       used 130542K, capacity 137586K, committed 137760K, reserved 1169408K
  class space    used 16908K, capacity 18162K, committed 18260K, reserved 1048576K
2020-12-08T07:54:00.280+0000: 29188.535: [GC pause (G1 Evacuation Pause) (young)
Desired survivor size 117964800 bytes, new threshold 15 (max 15)
- age   1:    6540928 bytes,    6540928 total
- age   2:      83832 bytes,    6624760 total
- age   3:      82520 bytes,    6707280 total
- age   4:      90360 bytes,    6797640 total
- age   5:      83192 bytes,    6880832 total
- age   6:      83656 bytes,    6964488 total
- age   7:      83248 bytes,    7047736 total
- age   8:     202528 bytes,    7250264 total
- age   9:      80784 bytes,    7331048 total
- age  10:     229136 bytes,    7560184 total
- age  11:    1120760 bytes,    8680944 total
- age  12:      29808 bytes,    8710752 total
- age  13:      28376 bytes,    8739128 total
- age  14:      31896 bytes,    8771024 total
- age  15:      29576 bytes,    8800600 total
, 0.0294684 secs]
   [Parallel Time: 13.6 ms, GC Workers: 6]
      [GC Worker Start (ms): Min: 29188535.5, Avg: 29188535.7, Max: 29188536.0, Diff: 0.5]
      [Ext Root Scanning (ms): Min: 3.0, Avg: 3.2, Max: 3.5, Diff: 0.5, Sum: 19.4]
      [Update RS (ms): Min: 1.8, Avg: 1.9, Max: 2.0, Diff: 0.2, Sum: 11.1]
         [Processed Buffers: Min: 7, Avg: 21.3, Max: 38, Diff: 31, Sum: 128]
      [Scan RS (ms): Min: 2.8, Avg: 3.0, Max: 3.2, Diff: 0.4, Sum: 18.0]
      [Code Root Scanning (ms): Min: 2.3, Avg: 2.5, Max: 2.7, Diff: 0.4, Sum: 15.1]
      [Object Copy (ms): Min: 1.7, Avg: 1.9, Max: 2.0, Diff: 0.3, Sum: 11.2]
      [Termination (ms): Min: 0.0, Avg: 0.0, Max: 0.0, Diff: 0.0, Sum: 0.2]
         [Termination Attempts: Min: 1, Avg: 1.0, Max: 1, Diff: 0, Sum: 6]
      [GC Worker Other (ms): Min: 0.1, Avg: 0.2, Max: 0.3, Diff: 0.2, Sum: 1.0]
      [GC Worker Total (ms): Min: 12.5, Avg: 12.7, Max: 12.8, Diff: 0.3, Sum: 76.2]
      [GC Worker End (ms): Min: 29188548.3, Avg: 29188548.4, Max: 29188548.5, Diff: 0.2]
   [Code Root Fixup: 0.0 ms]
   [Code Root Purge: 0.0 ms]
   [Clear CT: 0.7 ms]
   [Other: 15.2 ms]
      [Choose CSet: 0.0 ms]
      [Ref Proc: 12.0 ms]
      [Ref Enq: 0.8 ms]
      [Redirty Cards: 0.7 ms]
      [Humongous Register: 0.1 ms]
      [Humongous Reclaim: 0.1 ms]
      [Free CSet: 0.8 ms]
   [Eden: 1784.0M(1784.0M)->0.0B(1784.0M) Survivors: 13312.0K->13312.0K Heap: 1997.6M(2996.0M)->213.0M(2996.0M)]
Heap after GC invocations=90 (full 0):
 garbage-first heap   total 3067904K, used 218149K [0x0000000704c00000, 0x0000000704d05da0, 0x00000007c0000000)
  region size 1024K, 13 young (13312K), 13 survivors (13312K)
 Metaspace       used 130542K, capacity 137586K, committed 137760K, reserved 1169408K
  class space    used 16908K, capacity 18162K, committed 18260K, reserved 1048576K
}
 [Times: user=0.04 sys=0.06, real=0.03 secs] 
2020-12-08T07:54:00.313+0000: 29188.567: Total time for which application threads were stopped: 0.0330883 seconds, Stopping threads took: 0.0002300 seconds
2020-12-08T07:58:59.968+0000: 29488.568: Total time for which application threads were stopped: 0.0007260 seconds, Stopping threads took: 0.0001359 seconds
{Heap before GC invocations=90 (full 0):
 garbage-first heap   total 3067904K, used 2044965K [0x0000000704c00000, 0x0000000704d05da0, 0x00000007c0000000)
  region size 1024K, 1797 young (1840128K), 13 survivors (13312K)
 Metaspace       used 130542K, capacity 137586K, committed 137760K, reserved 1169408K
  class space    used 16908K, capacity 18162K, committed 18260K, reserved 1048576K
2020-12-08T08:00:29.122+0000: 29577.826: [GC pause (G1 Evacuation Pause) (young)
Desired survivor size 117964800 bytes, new threshold 15 (max 15)
- age   1:    7132264 bytes,    7132264 total
- age   2:     106752 bytes,    7239016 total
- age   3:      33520 bytes,    7272536 total
- age   4:      33080 bytes,    7305616 total
- age   5:      40184 bytes,    7345800 total
- age   6:      32216 bytes,    7378016 total
- age   7:      32840 bytes,    7410856 total
- age   8:      32432 bytes,    7443288 total
- age   9:     154824 bytes,    7598112 total
- age  10:      34056 bytes,    7632168 total
- age  11:      93512 bytes,    7725680 total
- age  12:    1120760 bytes,    8846440 total
- age  13:      29808 bytes,    8876248 total
- age  14:      28376 bytes,    8904624 total
- age  15:      31896 bytes,    8936520 total
, 0.0288419 secs]
   [Parallel Time: 13.4 ms, GC Workers: 6]
      [GC Worker Start (ms): Min: 29577826.9, Avg: 29577827.1, Max: 29577827.3, Diff: 0.4]
      [Ext Root Scanning (ms): Min: 2.9, Avg: 3.2, Max: 3.5, Diff: 0.6, Sum: 19.4]
      [Update RS (ms): Min: 1.6, Avg: 1.7, Max: 1.8, Diff: 0.2, Sum: 10.3]
         [Processed Buffers: Min: 6, Avg: 19.0, Max: 46, Diff: 40, Sum: 114]
      [Scan RS (ms): Min: 2.4, Avg: 2.8, Max: 3.1, Diff: 0.7, Sum: 16.9]
      [Code Root Scanning (ms): Min: 2.2, Avg: 2.4, Max: 2.7, Diff: 0.4, Sum: 14.5]
      [Object Copy (ms): Min: 1.7, Avg: 1.9, Max: 2.0, Diff: 0.3, Sum: 11.4]
      [Termination (ms): Min: 0.0, Avg: 0.0, Max: 0.0, Diff: 0.0, Sum: 0.1]
         [Termination Attempts: Min: 1, Avg: 1.2, Max: 2, Diff: 1, Sum: 7]
      [GC Worker Other (ms): Min: 0.1, Avg: 0.3, Max: 0.4, Diff: 0.4, Sum: 1.6]
      [GC Worker Total (ms): Min: 12.1, Avg: 12.3, Max: 12.6, Diff: 0.5, Sum: 74.0]
      [GC Worker End (ms): Min: 29577839.2, Avg: 29577839.4, Max: 29577839.6, Diff: 0.4]
   [Code Root Fixup: 0.0 ms]
   [Code Root Purge: 0.0 ms]
   [Clear CT: 0.6 ms]
   [Other: 14.8 ms]
      [Choose CSet: 0.0 ms]
      [Ref Proc: 11.3 ms]
      [Ref Enq: 1.1 ms]
      [Redirty Cards: 0.8 ms]
      [Humongous Register: 0.1 ms]
      [Humongous Reclaim: 0.0 ms]
      [Free CSet: 0.9 ms]
   [Eden: 1784.0M(1784.0M)->0.0B(1784.0M) Survivors: 13312.0K->13312.0K Heap: 1997.0M(2996.0M)->213.6M(2996.0M)]
Heap after GC invocations=91 (full 0):
 garbage-first heap   total 3067904K, used 218714K [0x0000000704c00000, 0x0000000704d05da0, 0x00000007c0000000)
  region size 1024K, 13 young (13312K), 13 survivors (13312K)
 Metaspace       used 130542K, capacity 137586K, committed 137760K, reserved 1169408K
  class space    used 16908K, capacity 18162K, committed 18260K, reserved 1048576K
}
 [Times: user=0.04 sys=0.06, real=0.03 secs] 
2020-12-08T08:00:29.153+0000: 29577.857: Total time for which application threads were stopped: 0.0316122 seconds, Stopping threads took: 0.0004264 seconds
2020-12-08T08:05:28.814+0000: 29877.863: Total time for which application threads were stopped: 0.0059007 seconds, Stopping threads took: 0.0053606 seconds
{Heap before GC invocations=91 (full 0):
 garbage-first heap   total 3067904K, used 2045530K [0x0000000704c00000, 0x0000000704d05da0, 0x00000007c0000000)
  region size 1024K, 1797 young (1840128K), 13 survivors (13312K)
 Metaspace       used 130542K, capacity 137586K, committed 137760K, reserved 1169408K
  class space    used 16908K, capacity 18162K, committed 18260K, reserved 1048576K
2020-12-08T08:06:57.139+0000: 29966.293: [GC pause (G1 Evacuation Pause) (young)
Desired survivor size 117964800 bytes, new threshold 15 (max 15)
- age   1:    6339048 bytes,    6339048 total
- age   2:     865440 bytes,    7204488 total
- age   3:     104448 bytes,    7308936 total
- age   4:      33312 bytes,    7342248 total
- age   5:      33016 bytes,    7375264 total
- age   6:      40184 bytes,    7415448 total
- age   7:      32152 bytes,    7447600 total
- age   8:      32840 bytes,    7480440 total
- age   9:      32368 bytes,    7512808 total
- age  10:     135016 bytes,    7647824 total
- age  11:      34056 bytes,    7681880 total
- age  12:      93512 bytes,    7775392 total
- age  13:    1120760 bytes,    8896152 total
- age  14:      29808 bytes,    8925960 total
- age  15:      28376 bytes,    8954336 total
, 0.0296481 secs]
   [Parallel Time: 14.4 ms, GC Workers: 6]
      [GC Worker Start (ms): Min: 29966293.1, Avg: 29966293.3, Max: 29966293.4, Diff: 0.3]
      [Ext Root Scanning (ms): Min: 3.4, Avg: 3.5, Max: 3.8, Diff: 0.3, Sum: 21.0]
      [Update RS (ms): Min: 1.6, Avg: 1.7, Max: 1.9, Diff: 0.3, Sum: 10.4]
         [Processed Buffers: Min: 8, Avg: 18.2, Max: 29, Diff: 21, Sum: 109]
      [Scan RS (ms): Min: 2.8, Avg: 3.0, Max: 3.2, Diff: 0.4, Sum: 17.9]
      [Code Root Scanning (ms): Min: 2.4, Avg: 2.5, Max: 2.7, Diff: 0.3, Sum: 15.0]
      [Object Copy (ms): Min: 2.1, Avg: 2.3, Max: 2.4, Diff: 0.3, Sum: 14.0]
      [Termination (ms): Min: 0.0, Avg: 0.0, Max: 0.0, Diff: 0.0, Sum: 0.0]
         [Termination Attempts: Min: 1, Avg: 1.0, Max: 1, Diff: 0, Sum: 6]
      [GC Worker Other (ms): Min: 0.1, Avg: 0.3, Max: 0.6, Diff: 0.4, Sum: 2.1]
      [GC Worker Total (ms): Min: 13.2, Avg: 13.4, Max: 13.8, Diff: 0.6, Sum: 80.4]
      [GC Worker End (ms): Min: 29966306.5, Avg: 29966306.7, Max: 29966306.9, Diff: 0.5]
   [Code Root Fixup: 0.0 ms]
   [Code Root Purge: 0.0 ms]
   [Clear CT: 0.6 ms]
   [Other: 14.7 ms]
      [Choose CSet: 0.1 ms]
      [Ref Proc: 11.2 ms]
      [Ref Enq: 0.8 ms]
      [Redirty Cards: 0.8 ms]
      [Humongous Register: 0.1 ms]
      [Humongous Reclaim: 0.1 ms]
      [Free CSet: 0.9 ms]
   [Eden: 1784.0M(1784.0M)->0.0B(1784.0M) Survivors: 13312.0K->13312.0K Heap: 1997.6M(2996.0M)->213.1M(2996.0M)]
Heap after GC invocations=92 (full 0):
 garbage-first heap   total 3067904K, used 218236K [0x0000000704c00000, 0x0000000704d05da0, 0x00000007c0000000)
  region size 1024K, 13 young (13312K), 13 survivors (13312K)
 Metaspace       used 130542K, capacity 137586K, committed 137760K, reserved 1169408K
  class space    used 16908K, capacity 18162K, committed 18260K, reserved 1048576K
}
 [Times: user=0.08 sys=0.03, real=0.04 secs] 
2020-12-08T08:06:57.172+0000: 29966.325: Total time for which application threads were stopped: 0.0333275 seconds, Stopping threads took: 0.0003163 seconds
2020-12-08T08:11:56.827+0000: 30266.326: Total time for which application threads were stopped: 0.0008580 seconds, Stopping threads took: 0.0002252 seconds
{Heap before GC invocations=92 (full 0):
 garbage-first heap   total 3067904K, used 2045052K [0x0000000704c00000, 0x0000000704d05da0, 0x00000007c0000000)
  region size 1024K, 1797 young (1840128K), 13 survivors (13312K)
 Metaspace       used 130575K, capacity 137586K, committed 137760K, reserved 1169408K
  class space    used 16908K, capacity 18162K, committed 18260K, reserved 1048576K
2020-12-08T08:13:30.284+0000: 30359.887: [GC pause (G1 Evacuation Pause) (young)
Desired survivor size 117964800 bytes, new threshold 15 (max 15)
- age   1:    6315344 bytes,    6315344 total
- age   2:     102160 bytes,    6417504 total
- age   3:     821696 bytes,    7239200 total
- age   4:     104336 bytes,    7343536 total
- age   5:      33312 bytes,    7376848 total
- age   6:      33016 bytes,    7409864 total
- age   7:      40184 bytes,    7450048 total
- age   8:      32152 bytes,    7482200 total
- age   9:      32840 bytes,    7515040 total
- age  10:      32368 bytes,    7547408 total
- age  11:     135016 bytes,    7682424 total
- age  12:      34056 bytes,    7716480 total
- age  13:      93512 bytes,    7809992 total
- age  14:    1120760 bytes,    8930752 total
- age  15:      29808 bytes,    8960560 total
, 0.0305263 secs]
   [Parallel Time: 13.8 ms, GC Workers: 6]
      [GC Worker Start (ms): Min: 30359887.1, Avg: 30359887.3, Max: 30359887.5, Diff: 0.4]
      [Ext Root Scanning (ms): Min: 3.2, Avg: 3.4, Max: 3.8, Diff: 0.6, Sum: 20.4]
      [Update RS (ms): Min: 1.5, Avg: 1.6, Max: 1.9, Diff: 0.4, Sum: 9.9]
         [Processed Buffers: Min: 5, Avg: 18.8, Max: 36, Diff: 31, Sum: 113]
      [Scan RS (ms): Min: 2.7, Avg: 3.0, Max: 3.2, Diff: 0.5, Sum: 17.7]
      [Code Root Scanning (ms): Min: 2.4, Avg: 2.6, Max: 2.8, Diff: 0.4, Sum: 15.4]
      [Object Copy (ms): Min: 1.8, Avg: 2.0, Max: 2.1, Diff: 0.3, Sum: 12.2]
      [Termination (ms): Min: 0.0, Avg: 0.0, Max: 0.0, Diff: 0.0, Sum: 0.0]
         [Termination Attempts: Min: 1, Avg: 1.0, Max: 1, Diff: 0, Sum: 6]
      [GC Worker Other (ms): Min: 0.1, Avg: 0.3, Max: 0.4, Diff: 0.3, Sum: 1.6]
      [GC Worker Total (ms): Min: 12.6, Avg: 12.9, Max: 13.2, Diff: 0.6, Sum: 77.3]
      [GC Worker End (ms): Min: 30359900.0, Avg: 30359900.2, Max: 30359900.4, Diff: 0.3]
   [Code Root Fixup: 0.1 ms]
   [Code Root Purge: 0.0 ms]
   [Clear CT: 0.6 ms]
   [Other: 16.0 ms]
      [Choose CSet: 0.0 ms]
      [Ref Proc: 12.5 ms]
      [Ref Enq: 1.0 ms]
      [Redirty Cards: 0.8 ms]
      [Humongous Register: 0.1 ms]
      [Humongous Reclaim: 0.1 ms]
      [Free CSet: 0.7 ms]
   [Eden: 1784.0M(1784.0M)->0.0B(1783.0M) Survivors: 13312.0K->14336.0K Heap: 1997.1M(2996.0M)->214.2M(2996.0M)]
Heap after GC invocations=93 (full 0):
 garbage-first heap   total 3067904K, used 219307K [0x0000000704c00000, 0x0000000704d05da0, 0x00000007c0000000)
  region size 1024K, 14 young (14336K), 14 survivors (14336K)
 Metaspace       used 130575K, capacity 137586K, committed 137760K, reserved 1169408K
  class space    used 16908K, capacity 18162K, committed 18260K, reserved 1048576K
}
 [Times: user=0.03 sys=0.07, real=0.03 secs] 
2020-12-08T08:13:30.317+0000: 30359.919: Total time for which application threads were stopped: 0.0392160 seconds, Stopping threads took: 0.0061922 seconds
2020-12-08T08:18:29.972+0000: 30659.920: Total time for which application threads were stopped: 0.0009245 seconds, Stopping threads took: 0.0001666 seconds
{Heap before GC invocations=93 (full 0):
 garbage-first heap   total 3067904K, used 2045099K [0x0000000704c00000, 0x0000000704d05da0, 0x00000007c0000000)
  region size 1024K, 1797 young (1840128K), 14 survivors (14336K)
 Metaspace       used 130577K, capacity 137586K, committed 137760K, reserved 1169408K
  class space    used 16908K, capacity 18162K, committed 18260K, reserved 1048576K
2020-12-08T08:20:05.572+0000: 30755.658: [GC pause (G1 Evacuation Pause) (young)
Desired survivor size 117964800 bytes, new threshold 15 (max 15)
- age   1:    6343984 bytes,    6343984 total
- age   2:      82744 bytes,    6426728 total
- age   3:      99640 bytes,    6526368 total
- age   4:     770168 bytes,    7296536 total
- age   5:     104336 bytes,    7400872 total
- age   6:      33248 bytes,    7434120 total
- age   7:      32888 bytes,    7467008 total
- age   8:      40184 bytes,    7507192 total
- age   9:      32088 bytes,    7539280 total
- age  10:      32840 bytes,    7572120 total
- age  11:      32304 bytes,    7604424 total
- age  12:     111512 bytes,    7715936 total
- age  13:      34056 bytes,    7749992 total
- age  14:      93448 bytes,    7843440 total
- age  15:    1120760 bytes,    8964200 total
, 0.0303594 secs]
   [Parallel Time: 13.9 ms, GC Workers: 6]
      [GC Worker Start (ms): Min: 30755658.3, Avg: 30755658.4, Max: 30755658.6, Diff: 0.3]
      [Ext Root Scanning (ms): Min: 3.2, Avg: 3.4, Max: 3.7, Diff: 0.5, Sum: 20.2]
      [Update RS (ms): Min: 1.5, Avg: 1.6, Max: 1.8, Diff: 0.3, Sum: 9.5]
         [Processed Buffers: Min: 6, Avg: 19.0, Max: 46, Diff: 40, Sum: 114]
      [Scan RS (ms): Min: 2.8, Avg: 3.1, Max: 3.3, Diff: 0.5, Sum: 18.3]
      [Code Root Scanning (ms): Min: 2.4, Avg: 2.5, Max: 2.7, Diff: 0.3, Sum: 15.2]
      [Object Copy (ms): Min: 2.0, Avg: 2.2, Max: 2.4, Diff: 0.3, Sum: 13.1]
      [Termination (ms): Min: 0.0, Avg: 0.0, Max: 0.0, Diff: 0.0, Sum: 0.0]
         [Termination Attempts: Min: 1, Avg: 1.0, Max: 1, Diff: 0, Sum: 6]
      [GC Worker Other (ms): Min: 0.1, Avg: 0.3, Max: 0.5, Diff: 0.4, Sum: 1.9]
      [GC Worker Total (ms): Min: 12.7, Avg: 13.1, Max: 13.3, Diff: 0.6, Sum: 78.3]
      [GC Worker End (ms): Min: 30755671.3, Avg: 30755671.5, Max: 30755671.7, Diff: 0.4]
   [Code Root Fixup: 0.0 ms]
   [Code Root Purge: 0.0 ms]
   [Clear CT: 0.8 ms]
   [Other: 15.6 ms]
      [Choose CSet: 0.0 ms]
      [Ref Proc: 12.0 ms]
      [Ref Enq: 0.8 ms]
      [Redirty Cards: 0.8 ms]
      [Humongous Register: 0.1 ms]
      [Humongous Reclaim: 0.1 ms]
      [Free CSet: 1.0 ms]
   [Eden: 1783.0M(1783.0M)->0.0B(1784.0M) Survivors: 14336.0K->13312.0K Heap: 1997.2M(2996.0M)->214.3M(2996.0M)]
Heap after GC invocations=94 (full 0):
 garbage-first heap   total 3067904K, used 219400K [0x0000000704c00000, 0x0000000704d05da0, 0x00000007c0000000)
  region size 1024K, 13 young (13312K), 13 survivors (13312K)
 Metaspace       used 130577K, capacity 137586K, committed 137760K, reserved 1169408K
  class space    used 16908K, capacity 18162K, committed 18260K, reserved 1048576K
}
 [Times: user=0.07 sys=0.04, real=0.03 secs] 
2020-12-08T08:20:05.605+0000: 30755.691: Total time for which application threads were stopped: 0.0340346 seconds, Stopping threads took: 0.0004532 seconds
2020-12-08T08:25:05.235+0000: 31055.692: Total time for which application threads were stopped: 0.0007200 seconds, Stopping threads took: 0.0002384 seconds
{Heap before GC invocations=94 (full 0):
 garbage-first heap   total 3067904K, used 2046216K [0x0000000704c00000, 0x0000000704d05da0, 0x00000007c0000000)
  region size 1024K, 1797 young (1840128K), 13 survivors (13312K)
 Metaspace       used 130582K, capacity 137594K, committed 137760K, reserved 1169408K
  class space    used 16908K, capacity 18162K, committed 18260K, reserved 1048576K
2020-12-08T08:26:39.786+0000: 31150.346: [GC pause (G1 Evacuation Pause) (young)
Desired survivor size 117964800 bytes, new threshold 15 (max 15)
- age   1:    6301384 bytes,    6301384 total
- age   2:     102320 bytes,    6403704 total
- age   3:      82576 bytes,    6486280 total
- age   4:      99576 bytes,    6585856 total
- age   5:     718264 bytes,    7304120 total
- age   6:     104336 bytes,    7408456 total
- age   7:      33248 bytes,    7441704 total
- age   8:      32888 bytes,    7474592 total
- age   9:      40184 bytes,    7514776 total
- age  10:      32088 bytes,    7546864 total
- age  11:      32840 bytes,    7579704 total
- age  12:      32304 bytes,    7612008 total
- age  13:     111512 bytes,    7723520 total
- age  14:      34056 bytes,    7757576 total
- age  15:      93448 bytes,    7851024 total
, 0.0265755 secs]
   [Parallel Time: 11.0 ms, GC Workers: 6]
      [GC Worker Start (ms): Min: 31150347.1, Avg: 31150347.3, Max: 31150347.5, Diff: 0.4]
      [Ext Root Scanning (ms): Min: 3.1, Avg: 3.2, Max: 3.5, Diff: 0.5, Sum: 19.2]
      [Update RS (ms): Min: 1.2, Avg: 1.3, Max: 1.4, Diff: 0.2, Sum: 7.6]
         [Processed Buffers: Min: 7, Avg: 19.2, Max: 37, Diff: 30, Sum: 115]
      [Scan RS (ms): Min: 2.0, Avg: 2.1, Max: 2.2, Diff: 0.1, Sum: 12.7]
      [Code Root Scanning (ms): Min: 2.0, Avg: 2.0, Max: 2.1, Diff: 0.1, Sum: 12.1]
      [Object Copy (ms): Min: 1.4, Avg: 1.6, Max: 1.7, Diff: 0.3, Sum: 9.4]
      [Termination (ms): Min: 0.0, Avg: 0.2, Max: 0.2, Diff: 0.2, Sum: 1.0]
         [Termination Attempts: Min: 1, Avg: 1.0, Max: 1, Diff: 0, Sum: 6]
      [GC Worker Other (ms): Min: 0.1, Avg: 0.1, Max: 0.2, Diff: 0.1, Sum: 0.6]
      [GC Worker Total (ms): Min: 10.3, Avg: 10.4, Max: 10.7, Diff: 0.4, Sum: 62.5]
      [GC Worker End (ms): Min: 31150357.6, Avg: 31150357.7, Max: 31150357.8, Diff: 0.2]
   [Code Root Fixup: 0.0 ms]
   [Code Root Purge: 0.0 ms]
   [Clear CT: 0.7 ms]
   [Other: 14.9 ms]
      [Choose CSet: 0.0 ms]
      [Ref Proc: 11.4 ms]
      [Ref Enq: 1.0 ms]
      [Redirty Cards: 0.8 ms]
      [Humongous Register: 0.2 ms]
      [Humongous Reclaim: 0.1 ms]
      [Free CSet: 0.7 ms]
   [Eden: 1784.0M(1784.0M)->0.0B(1784.0M) Survivors: 13312.0K->13312.0K Heap: 1998.3M(2996.0M)->215.1M(2996.0M)]
Heap after GC invocations=95 (full 0):
 garbage-first heap   total 3067904K, used 220298K [0x0000000704c00000, 0x0000000704d05da0, 0x00000007c0000000)
  region size 1024K, 13 young (13312K), 13 survivors (13312K)
 Metaspace       used 130582K, capacity 137594K, committed 137760K, reserved 1169408K
  class space    used 16908K, capacity 18162K, committed 18260K, reserved 1048576K
}
 [Times: user=0.04 sys=0.04, real=0.03 secs] 
2020-12-08T08:26:39.816+0000: 31150.377: Total time for which application threads were stopped: 0.0312013 seconds, Stopping threads took: 0.0005069 seconds
2020-12-08T08:31:39.471+0000: 31450.378: Total time for which application threads were stopped: 0.0006007 seconds, Stopping threads took: 0.0001145 seconds
{Heap before GC invocations=95 (full 0):
 garbage-first heap   total 3067904K, used 2047114K [0x0000000704c00000, 0x0000000704d05da0, 0x00000007c0000000)
  region size 1024K, 1797 young (1840128K), 13 survivors (13312K)
 Metaspace       used 130584K, capacity 137594K, committed 137760K, reserved 1169408K
  class space    used 16908K, capacity 18162K, committed 18260K, reserved 1048576K
2020-12-08T08:33:18.070+0000: 31549.080: [GC pause (G1 Evacuation Pause) (young)
Desired survivor size 117964800 bytes, new threshold 15 (max 15)
- age   1:    6325920 bytes,    6325920 total
- age   2:      85240 bytes,    6411160 total
- age   3:     101624 bytes,    6512784 total
- age   4:      82464 bytes,    6595248 total
- age   5:      99448 bytes,    6694696 total
- age   6:     664496 bytes,    7359192 total
- age   7:     104336 bytes,    7463528 total
- age   8:      33248 bytes,    7496776 total
- age   9:      32888 bytes,    7529664 total
- age  10:      40184 bytes,    7569848 total
- age  11:      32088 bytes,    7601936 total
- age  12:      32840 bytes,    7634776 total
- age  13:      32304 bytes,    7667080 total
- age  14:     111512 bytes,    7778592 total
- age  15:      34056 bytes,    7812648 total
, 0.0328999 secs]
   [Parallel Time: 14.5 ms, GC Workers: 6]
      [GC Worker Start (ms): Min: 31549080.4, Avg: 31549080.6, Max: 31549080.8, Diff: 0.4]
      [Ext Root Scanning (ms): Min: 3.7, Avg: 4.0, Max: 4.3, Diff: 0.6, Sum: 23.8]
      [Update RS (ms): Min: 1.8, Avg: 1.9, Max: 2.1, Diff: 0.3, Sum: 11.4]
         [Processed Buffers: Min: 6, Avg: 20.5, Max: 38, Diff: 32, Sum: 123]
      [Scan RS (ms): Min: 2.7, Avg: 2.9, Max: 3.1, Diff: 0.4, Sum: 17.5]
      [Code Root Scanning (ms): Min: 2.4, Avg: 2.6, Max: 2.8, Diff: 0.4, Sum: 15.6]
      [Object Copy (ms): Min: 1.8, Avg: 1.9, Max: 2.1, Diff: 0.3, Sum: 11.6]
      [Termination (ms): Min: 0.0, Avg: 0.0, Max: 0.0, Diff: 0.0, Sum: 0.0]
         [Termination Attempts: Min: 1, Avg: 1.0, Max: 1, Diff: 0, Sum: 6]
      [GC Worker Other (ms): Min: 0.2, Avg: 0.3, Max: 0.4, Diff: 0.3, Sum: 1.9]
      [GC Worker Total (ms): Min: 13.2, Avg: 13.7, Max: 14.0, Diff: 0.7, Sum: 81.9]
      [GC Worker End (ms): Min: 31549094.1, Avg: 31549094.3, Max: 31549094.4, Diff: 0.4]
   [Code Root Fixup: 0.0 ms]
   [Code Root Purge: 0.0 ms]
   [Clear CT: 1.0 ms]
   [Other: 17.3 ms]
      [Choose CSet: 0.0 ms]
      [Ref Proc: 13.4 ms]
      [Ref Enq: 0.9 ms]
      [Redirty Cards: 1.2 ms]
      [Humongous Register: 0.1 ms]
      [Humongous Reclaim: 0.1 ms]
      [Free CSet: 0.9 ms]
   [Eden: 1784.0M(1784.0M)->0.0B(1785.0M) Survivors: 13312.0K->12288.0K Heap: 1999.1M(2996.0M)->213.8M(2996.0M)]
Heap after GC invocations=96 (full 0):
 garbage-first heap   total 3067904K, used 218882K [0x0000000704c00000, 0x0000000704d05da0, 0x00000007c0000000)
  region size 1024K, 12 young (12288K), 12 survivors (12288K)
 Metaspace       used 130584K, capacity 137594K, committed 137760K, reserved 1169408K
  class space    used 16908K, capacity 18162K, committed 18260K, reserved 1048576K
}
 [Times: user=0.04 sys=0.07, real=0.04 secs] 
2020-12-08T08:33:18.105+0000: 31549.115: Total time for which application threads were stopped: 0.0359346 seconds, Stopping threads took: 0.0002455 seconds
2020-12-08T08:38:17.760+0000: 31849.116: Total time for which application threads were stopped: 0.0007336 seconds, Stopping threads took: 0.0001040 seconds
{Heap before GC invocations=96 (full 0):
 garbage-first heap   total 3067904K, used 2046722K [0x0000000704c00000, 0x0000000704d05da0, 0x00000007c0000000)
  region size 1024K, 1797 young (1840128K), 12 survivors (12288K)
 Metaspace       used 130586K, capacity 137594K, committed 137760K, reserved 1169408K
  class space    used 16908K, capacity 18162K, committed 18260K, reserved 1048576K
2020-12-08T08:39:58.142+0000: 31949.602: [GC pause (G1 Evacuation Pause) (young)
Desired survivor size 117964800 bytes, new threshold 15 (max 15)
- age   1:    6305624 bytes,    6305624 total
- age   2:      89168 bytes,    6394792 total
- age   3:      84696 bytes,    6479488 total
- age   4:     101560 bytes,    6581048 total
- age   5:      82312 bytes,    6663360 total
- age   6:      99104 bytes,    6762464 total
- age   7:     611400 bytes,    7373864 total
- age   8:     104336 bytes,    7478200 total
- age   9:      33248 bytes,    7511448 total
- age  10:      32888 bytes,    7544336 total
- age  11:      40184 bytes,    7584520 total
- age  12:      32088 bytes,    7616608 total
- age  13:      32840 bytes,    7649448 total
- age  14:      32304 bytes,    7681752 total
- age  15:     111512 bytes,    7793264 total
, 0.0295265 secs]
   [Parallel Time: 13.7 ms, GC Workers: 6]
      [GC Worker Start (ms): Min: 31949602.1, Avg: 31949602.3, Max: 31949602.5, Diff: 0.4]
      [Ext Root Scanning (ms): Min: 3.4, Avg: 3.7, Max: 4.0, Diff: 0.6, Sum: 22.4]
      [Update RS (ms): Min: 1.7, Avg: 1.7, Max: 1.9, Diff: 0.2, Sum: 10.4]
         [Processed Buffers: Min: 7, Avg: 20.3, Max: 44, Diff: 37, Sum: 122]
      [Scan RS (ms): Min: 2.8, Avg: 2.9, Max: 3.0, Diff: 0.2, Sum: 17.6]
      [Code Root Scanning (ms): Min: 2.4, Avg: 2.5, Max: 2.7, Diff: 0.2, Sum: 15.3]
      [Object Copy (ms): Min: 1.8, Avg: 1.9, Max: 2.0, Diff: 0.3, Sum: 11.4]
      [Termination (ms): Min: 0.0, Avg: 0.0, Max: 0.0, Diff: 0.0, Sum: 0.0]
         [Termination Attempts: Min: 1, Avg: 1.0, Max: 1, Diff: 0, Sum: 6]
      [GC Worker Other (ms): Min: 0.1, Avg: 0.2, Max: 0.4, Diff: 0.3, Sum: 1.5]
      [GC Worker Total (ms): Min: 12.8, Avg: 13.1, Max: 13.4, Diff: 0.6, Sum: 78.5]
      [GC Worker End (ms): Min: 31949615.2, Avg: 31949615.4, Max: 31949615.6, Diff: 0.3]
   [Code Root Fixup: 0.0 ms]
   [Code Root Purge: 0.0 ms]
   [Clear CT: 0.8 ms]
   [Other: 15.0 ms]
      [Choose CSet: 0.0 ms]
      [Ref Proc: 11.5 ms]
      [Ref Enq: 0.7 ms]
      [Redirty Cards: 0.8 ms]
      [Humongous Register: 0.2 ms]
      [Humongous Reclaim: 0.1 ms]
      [Free CSet: 0.7 ms]
   [Eden: 1785.0M(1785.0M)->0.0B(1784.0M) Survivors: 12288.0K->13312.0K Heap: 1998.8M(2996.0M)->214.9M(2996.0M)]
Heap after GC invocations=97 (full 0):
 garbage-first heap   total 3067904K, used 220033K [0x0000000704c00000, 0x0000000704d05da0, 0x00000007c0000000)
  region size 1024K, 13 young (13312K), 13 survivors (13312K)
 Metaspace       used 130586K, capacity 137594K, committed 137760K, reserved 1169408K
  class space    used 16908K, capacity 18162K, committed 18260K, reserved 1048576K
}
 [Times: user=0.08 sys=0.01, real=0.03 secs] 
2020-12-08T08:39:58.174+0000: 31949.634: Total time for which application threads were stopped: 0.0330623 seconds, Stopping threads took: 0.0004189 seconds
2020-12-08T08:44:57.829+0000: 32249.635: Total time for which application threads were stopped: 0.0006979 seconds, Stopping threads took: 0.0001136 seconds
{Heap before GC invocations=97 (full 0):
 garbage-first heap   total 3067904K, used 2046849K [0x0000000704c00000, 0x0000000704d05da0, 0x00000007c0000000)
  region size 1024K, 1797 young (1840128K), 13 survivors (13312K)
 Metaspace       used 130586K, capacity 137594K, committed 137760K, reserved 1169408K
  class space    used 16908K, capacity 18162K, committed 18260K, reserved 1048576K
2020-12-08T08:46:34.082+0000: 32346.026: [GC pause (G1 Evacuation Pause) (young)
Desired survivor size 117964800 bytes, new threshold 15 (max 15)
- age   1:    6545672 bytes,    6545672 total
- age   2:      90656 bytes,    6636328 total
- age   3:      88632 bytes,    6724960 total
- age   4:      84632 bytes,    6809592 total
- age   5:     101432 bytes,    6911024 total
- age   6:      82056 bytes,    6993080 total
- age   7:      99104 bytes,    7092184 total
- age   8:     559424 bytes,    7651608 total
- age   9:     104072 bytes,    7755680 total
- age  10:      33248 bytes,    7788928 total
- age  11:      32888 bytes,    7821816 total
- age  12:      40184 bytes,    7862000 total
- age  13:      32088 bytes,    7894088 total
- age  14:      32840 bytes,    7926928 total
- age  15:      32304 bytes,    7959232 total
, 0.0389354 secs]
   [Parallel Time: 18.5 ms, GC Workers: 6]
      [GC Worker Start (ms): Min: 32346026.6, Avg: 32346026.9, Max: 32346027.2, Diff: 0.6]
      [Ext Root Scanning (ms): Min: 4.4, Avg: 4.7, Max: 5.2, Diff: 0.8, Sum: 28.5]
      [Update RS (ms): Min: 2.2, Avg: 2.4, Max: 2.8, Diff: 0.5, Sum: 14.5]
         [Processed Buffers: Min: 10, Avg: 19.5, Max: 38, Diff: 28, Sum: 117]
      [Scan RS (ms): Min: 3.6, Avg: 3.9, Max: 4.0, Diff: 0.5, Sum: 23.5]
      [Code Root Scanning (ms): Min: 3.0, Avg: 3.2, Max: 3.5, Diff: 0.4, Sum: 19.2]
      [Object Copy (ms): Min: 2.3, Avg: 2.5, Max: 2.9, Diff: 0.6, Sum: 14.9]
      [Termination (ms): Min: 0.1, Avg: 0.1, Max: 0.1, Diff: 0.0, Sum: 0.6]
         [Termination Attempts: Min: 1, Avg: 1.5, Max: 2, Diff: 1, Sum: 9]
      [GC Worker Other (ms): Min: 0.3, Avg: 0.4, Max: 0.7, Diff: 0.4, Sum: 2.2]
      [GC Worker Total (ms): Min: 16.8, Avg: 17.2, Max: 17.5, Diff: 0.7, Sum: 103.5]
      [GC Worker End (ms): Min: 32346044.1, Avg: 32346044.2, Max: 32346044.4, Diff: 0.3]
   [Code Root Fixup: 0.0 ms]
   [Code Root Purge: 0.0 ms]
   [Clear CT: 1.4 ms]
   [Other: 19.0 ms]
      [Choose CSet: 0.0 ms]
      [Ref Proc: 15.7 ms]
      [Ref Enq: 0.7 ms]
      [Redirty Cards: 0.6 ms]
      [Humongous Register: 0.1 ms]
      [Humongous Reclaim: 0.2 ms]
      [Free CSet: 0.9 ms]
   [Eden: 1784.0M(1784.0M)->0.0B(1784.0M) Survivors: 13312.0K->13312.0K Heap: 1998.9M(2996.0M)->215.0M(2996.0M)]
Heap after GC invocations=98 (full 0):
 garbage-first heap   total 3067904K, used 220125K [0x0000000704c00000, 0x0000000704d05da0, 0x00000007c0000000)
  region size 1024K, 13 young (13312K), 13 survivors (13312K)
 Metaspace       used 130586K, capacity 137594K, committed 137760K, reserved 1169408K
  class space    used 16908K, capacity 18162K, committed 18260K, reserved 1048576K
}
 [Times: user=0.14 sys=0.01, real=0.04 secs] 
2020-12-08T08:46:34.124+0000: 32346.068: Total time for which application threads were stopped: 0.0429431 seconds, Stopping threads took: 0.0003728 seconds
2020-12-08T08:51:33.732+0000: 32646.070: Total time for which application threads were stopped: 0.0009347 seconds, Stopping threads took: 0.0004351 seconds
{Heap before GC invocations=98 (full 0):
 garbage-first heap   total 3067904K, used 2047517K [0x0000000704c00000, 0x0000000704d05da0, 0x00000007c0000000)
  region size 1024K, 1797 young (1840128K), 13 survivors (13312K)
 Metaspace       used 130586K, capacity 137594K, committed 137760K, reserved 1169408K
  class space    used 16908K, capacity 18162K, committed 18260K, reserved 1048576K
2020-12-08T08:53:08.176+0000: 32740.619: [GC pause (G1 Evacuation Pause) (young)
Desired survivor size 117964800 bytes, new threshold 15 (max 15)
- age   1:    6374720 bytes,    6374720 total
- age   2:      93632 bytes,    6468352 total
- age   3:      89880 bytes,    6558232 total
- age   4:      85384 bytes,    6643616 total
- age   5:      84504 bytes,    6728120 total
- age   6:     101016 bytes,    6829136 total
- age   7:      82056 bytes,    6911192 total
- age   8:      95400 bytes,    7006592 total
- age   9:     372048 bytes,    7378640 total
- age  10:     104072 bytes,    7482712 total
- age  11:      33024 bytes,    7515736 total
- age  12:      32888 bytes,    7548624 total
- age  13:      40184 bytes,    7588808 total
- age  14:      32088 bytes,    7620896 total
- age  15:      32840 bytes,    7653736 total
, 0.0369028 secs]
   [Parallel Time: 17.8 ms, GC Workers: 6]
      [GC Worker Start (ms): Min: 32740620.0, Avg: 32740620.9, Max: 32740625.0, Diff: 5.0]
      [Ext Root Scanning (ms): Min: 0.2, Avg: 3.2, Max: 4.1, Diff: 3.9, Sum: 18.9]
      [Update RS (ms): Min: 1.1, Avg: 3.1, Max: 7.9, Diff: 6.8, Sum: 18.4]
         [Processed Buffers: Min: 2, Avg: 20.8, Max: 32, Diff: 30, Sum: 125]
      [Scan RS (ms): Min: 1.2, Avg: 4.3, Max: 8.2, Diff: 7.0, Sum: 25.9]
      [Code Root Scanning (ms): Min: 0.9, Avg: 3.0, Max: 3.8, Diff: 2.9, Sum: 17.8]
      [Object Copy (ms): Min: 0.1, Avg: 2.0, Max: 2.6, Diff: 2.5, Sum: 12.2]
      [Termination (ms): Min: 0.0, Avg: 0.9, Max: 1.2, Diff: 1.2, Sum: 5.6]
         [Termination Attempts: Min: 1, Avg: 1.0, Max: 1, Diff: 0, Sum: 6]
      [GC Worker Other (ms): Min: 0.1, Avg: 0.1, Max: 0.1, Diff: 0.0, Sum: 0.6]
      [GC Worker Total (ms): Min: 12.4, Avg: 16.6, Max: 17.6, Diff: 5.2, Sum: 99.6]
      [GC Worker End (ms): Min: 32740637.4, Avg: 32740637.5, Max: 32740637.6, Diff: 0.2]
   [Code Root Fixup: 0.1 ms]
   [Code Root Purge: 0.0 ms]
   [Clear CT: 1.3 ms]
   [Other: 17.6 ms]
      [Choose CSet: 0.0 ms]
      [Ref Proc: 14.4 ms]
      [Ref Enq: 0.7 ms]
      [Redirty Cards: 0.9 ms]
      [Humongous Register: 0.1 ms]
      [Humongous Reclaim: 0.1 ms]
      [Free CSet: 0.9 ms]
   [Eden: 1784.0M(1784.0M)->0.0B(1785.0M) Survivors: 13312.0K->12288.0K Heap: 1999.5M(2996.0M)->214.0M(2996.0M)]
Heap after GC invocations=99 (full 0):
 garbage-first heap   total 3067904K, used 219156K [0x0000000704c00000, 0x0000000704d05da0, 0x00000007c0000000)
  region size 1024K, 12 young (12288K), 12 survivors (12288K)
 Metaspace       used 130586K, capacity 137594K, committed 137760K, reserved 1169408K
  class space    used 16908K, capacity 18162K, committed 18260K, reserved 1048576K
}
 [Times: user=0.08 sys=0.04, real=0.04 secs] 
2020-12-08T08:53:08.216+0000: 32740.659: Total time for which application threads were stopped: 0.0405710 seconds, Stopping threads took: 0.0003067 seconds
2020-12-08T08:58:08.111+0000: 33040.903: Total time for which application threads were stopped: 0.0010633 seconds, Stopping threads took: 0.0002935 seconds
{Heap before GC invocations=99 (full 0):
 garbage-first heap   total 3067904K, used 2046996K [0x0000000704c00000, 0x0000000704d05da0, 0x00000007c0000000)
  region size 1024K, 1797 young (1840128K), 12 survivors (12288K)
 Metaspace       used 130587K, capacity 137594K, committed 137760K, reserved 1169408K
  class space    used 16908K, capacity 18162K, committed 18260K, reserved 1048576K
2020-12-08T08:59:43.336+0000: 33136.232: [GC pause (G1 Evacuation Pause) (young)
Desired survivor size 117964800 bytes, new threshold 15 (max 15)
- age   1:    7049800 bytes,    7049800 total
- age   2:      35744 bytes,    7085544 total
- age   3:      38920 bytes,    7124464 total
- age   4:      39360 bytes,    7163824 total
- age   5:      34424 bytes,    7198248 total
- age   6:      32168 bytes,    7230416 total
- age   7:      50760 bytes,    7281176 total
- age   8:      31800 bytes,    7312976 total
- age   9:      47120 bytes,    7360096 total
- age  10:     110408 bytes,    7470504 total
- age  11:      36144 bytes,    7506648 total
- age  12:      33024 bytes,    7539672 total
- age  13:      32888 bytes,    7572560 total
- age  14:      32048 bytes,    7604608 total
- age  15:      32088 bytes,    7636696 total
, 0.0353387 secs]
   [Parallel Time: 16.7 ms, GC Workers: 6]
      [GC Worker Start (ms): Min: 33136232.9, Avg: 33136233.2, Max: 33136233.5, Diff: 0.6]
      [Ext Root Scanning (ms): Min: 2.3, Avg: 3.7, Max: 4.3, Diff: 2.0, Sum: 22.5]
      [Update RS (ms): Min: 0.3, Avg: 2.2, Max: 5.6, Diff: 5.2, Sum: 13.4]
         [Processed Buffers: Min: 6, Avg: 20.0, Max: 48, Diff: 42, Sum: 120]
      [Scan RS (ms): Min: 1.5, Avg: 3.9, Max: 7.3, Diff: 5.7, Sum: 23.4]
      [Code Root Scanning (ms): Min: 1.5, Avg: 2.5, Max: 3.1, Diff: 1.6, Sum: 15.1]
      [Object Copy (ms): Min: 1.5, Avg: 1.9, Max: 3.1, Diff: 1.6, Sum: 11.4]
      [Termination (ms): Min: 0.0, Avg: 1.0, Max: 1.7, Diff: 1.7, Sum: 6.0]
         [Termination Attempts: Min: 1, Avg: 1.0, Max: 1, Diff: 0, Sum: 6]
      [GC Worker Other (ms): Min: 0.1, Avg: 0.1, Max: 0.2, Diff: 0.2, Sum: 0.9]
      [GC Worker Total (ms): Min: 14.9, Avg: 15.5, Max: 16.0, Diff: 1.1, Sum: 92.8]
      [GC Worker End (ms): Min: 33136248.4, Avg: 33136248.7, Max: 33136249.2, Diff: 0.8]
   [Code Root Fixup: 0.0 ms]
   [Code Root Purge: 0.0 ms]
   [Clear CT: 0.9 ms]
   [Other: 17.8 ms]
      [Choose CSet: 0.0 ms]
      [Ref Proc: 14.5 ms]
      [Ref Enq: 0.8 ms]
      [Redirty Cards: 0.9 ms]
      [Humongous Register: 0.1 ms]
      [Humongous Reclaim: 0.1 ms]
      [Free CSet: 0.8 ms]
   [Eden: 1785.0M(1785.0M)->0.0B(1785.0M) Survivors: 12288.0K->12288.0K Heap: 1999.0M(2996.0M)->214.6M(2996.0M)]
Heap after GC invocations=100 (full 0):
 garbage-first heap   total 3067904K, used 219716K [0x0000000704c00000, 0x0000000704d05da0, 0x00000007c0000000)
  region size 1024K, 12 young (12288K), 12 survivors (12288K)
 Metaspace       used 130587K, capacity 137594K, committed 137760K, reserved 1169408K
  class space    used 16908K, capacity 18162K, committed 18260K, reserved 1048576K
}
 [Times: user=0.08 sys=0.03, real=0.04 secs] 
2020-12-08T08:59:43.374+0000: 33136.270: Total time for which application threads were stopped: 0.0383885 seconds, Stopping threads took: 0.0003342 seconds
2020-12-08T09:04:43.026+0000: 33436.271: Total time for which application threads were stopped: 0.0008646 seconds, Stopping threads took: 0.0002560 seconds
{Heap before GC invocations=100 (full 0):
 garbage-first heap   total 3067904K, used 2047556K [0x0000000704c00000, 0x0000000704d05da0, 0x00000007c0000000)
  region size 1024K, 1797 young (1840128K), 12 survivors (12288K)
 Metaspace       used 130587K, capacity 137594K, committed 137760K, reserved 1169408K
  class space    used 16908K, capacity 18162K, committed 18260K, reserved 1048576K
2020-12-08T09:06:12.073+0000: 33525.423: [GC pause (G1 Evacuation Pause) (young)
Desired survivor size 117964800 bytes, new threshold 15 (max 15)
- age   1:    6326936 bytes,    6326936 total
- age   2:     739704 bytes,    7066640 total
- age   3:      34904 bytes,    7101544 total
- age   4:      38776 bytes,    7140320 total
- age   5:      39184 bytes,    7179504 total
- age   6:      34104 bytes,    7213608 total
- age   7:      32168 bytes,    7245776 total
- age   8:      50760 bytes,    7296536 total
- age   9:      31800 bytes,    7328336 total
- age  10:      47056 bytes,    7375392 total
- age  11:     110408 bytes,    7485800 total
- age  12:      35848 bytes,    7521648 total
- age  13:      33024 bytes,    7554672 total
- age  14:      32888 bytes,    7587560 total
- age  15:      32048 bytes,    7619608 total
, 0.0392950 secs]
   [Parallel Time: 21.4 ms, GC Workers: 6]
      [GC Worker Start (ms): Min: 33525423.2, Avg: 33525423.4, Max: 33525423.7, Diff: 0.5]
      [Ext Root Scanning (ms): Min: 3.8, Avg: 7.4, Max: 13.8, Diff: 10.0, Sum: 44.3]
      [Update RS (ms): Min: 0.0, Avg: 1.4, Max: 2.2, Diff: 2.2, Sum: 8.4]
         [Processed Buffers: Min: 0, Avg: 19.7, Max: 48, Diff: 48, Sum: 118]
      [Scan RS (ms): Min: 0.3, Avg: 4.0, Max: 10.9, Diff: 10.6, Sum: 23.8]
      [Code Root Scanning (ms): Min: 0.2, Avg: 2.3, Max: 3.7, Diff: 3.5, Sum: 14.0]
      [Object Copy (ms): Min: 0.1, Avg: 1.5, Max: 2.0, Diff: 1.9, Sum: 9.3]
      [Termination (ms): Min: 0.0, Avg: 4.2, Max: 5.1, Diff: 5.1, Sum: 24.9]
         [Termination Attempts: Min: 1, Avg: 1.3, Max: 2, Diff: 1, Sum: 8]
      [GC Worker Other (ms): Min: 0.1, Avg: 0.1, Max: 0.1, Diff: 0.0, Sum: 0.6]
      [GC Worker Total (ms): Min: 20.6, Avg: 20.9, Max: 21.2, Diff: 0.6, Sum: 125.4]
      [GC Worker End (ms): Min: 33525444.2, Avg: 33525444.3, Max: 33525444.4, Diff: 0.2]
   [Code Root Fixup: 0.0 ms]
   [Code Root Purge: 0.0 ms]
   [Clear CT: 0.7 ms]
   [Other: 17.2 ms]
      [Choose CSet: 0.0 ms]
      [Ref Proc: 13.9 ms]
      [Ref Enq: 0.8 ms]
      [Redirty Cards: 0.7 ms]
      [Humongous Register: 0.1 ms]
      [Humongous Reclaim: 0.1 ms]
      [Free CSet: 0.7 ms]
   [Eden: 1785.0M(1785.0M)->0.0B(1785.0M) Survivors: 12288.0K->12288.0K Heap: 1999.6M(2996.0M)->214.6M(2996.0M)]
Heap after GC invocations=101 (full 0):
 garbage-first heap   total 3067904K, used 219769K [0x0000000704c00000, 0x0000000704d05da0, 0x00000007c0000000)
  region size 1024K, 12 young (12288K), 12 survivors (12288K)
 Metaspace       used 130587K, capacity 137594K, committed 137760K, reserved 1169408K
  class space    used 16908K, capacity 18162K, committed 18260K, reserved 1048576K
}
 [Times: user=0.08 sys=0.05, real=0.04 secs] 
2020-12-08T09:06:12.115+0000: 33525.464: Total time for which application threads were stopped: 0.0424355 seconds, Stopping threads took: 0.0001420 seconds
2020-12-08T09:11:11.764+0000: 33825.465: Total time for which application threads were stopped: 0.0008286 seconds, Stopping threads took: 0.0004285 seconds
{Heap before GC invocations=101 (full 0):
 garbage-first heap   total 3067904K, used 2047609K [0x0000000704c00000, 0x0000000704d05da0, 0x00000007c0000000)
  region size 1024K, 1797 young (1840128K), 12 survivors (12288K)
 Metaspace       used 130587K, capacity 137594K, committed 137760K, reserved 1169408K
  class space    used 16908K, capacity 18162K, committed 18260K, reserved 1048576K
2020-12-08T09:12:40.983+0000: 33914.788: [GC pause (G1 Evacuation Pause) (young)
Desired survivor size 117964800 bytes, new threshold 15 (max 15)
- age   1:    6319256 bytes,    6319256 total
- age   2:      90160 bytes,    6409416 total
- age   3:     716152 bytes,    7125568 total
- age   4:      33264 bytes,    7158832 total
- age   5:      38664 bytes,    7197496 total
- age   6:      38768 bytes,    7236264 total
- age   7:      34104 bytes,    7270368 total
- age   8:      32168 bytes,    7302536 total
- age   9:      50760 bytes,    7353296 total
- age  10:      31800 bytes,    7385096 total
- age  11:      47056 bytes,    7432152 total
- age  12:     110152 bytes,    7542304 total
- age  13:      35848 bytes,    7578152 total
- age  14:      33024 bytes,    7611176 total
- age  15:      32888 bytes,    7644064 total
, 0.0408164 secs]
   [Parallel Time: 23.1 ms, GC Workers: 6]
      [GC Worker Start (ms): Min: 33914789.5, Avg: 33914789.9, Max: 33914790.4, Diff: 0.9]
      [Ext Root Scanning (ms): Min: 7.2, Avg: 9.4, Max: 10.5, Diff: 3.3, Sum: 56.1]
      [Update RS (ms): Min: 1.2, Avg: 3.7, Max: 12.9, Diff: 11.7, Sum: 21.9]
         [Processed Buffers: Min: 4, Avg: 20.3, Max: 40, Diff: 36, Sum: 122]
      [Scan RS (ms): Min: 0.1, Avg: 3.7, Max: 4.7, Diff: 4.6, Sum: 22.4]
      [Code Root Scanning (ms): Min: 0.0, Avg: 3.0, Max: 3.7, Diff: 3.7, Sum: 17.8]
      [Object Copy (ms): Min: 1.4, Avg: 2.2, Max: 2.9, Diff: 1.5, Sum: 13.0]
      [Termination (ms): Min: 0.0, Avg: 0.0, Max: 0.1, Diff: 0.0, Sum: 0.1]
         [Termination Attempts: Min: 1, Avg: 1.2, Max: 2, Diff: 1, Sum: 7]
      [GC Worker Other (ms): Min: 0.1, Avg: 0.3, Max: 0.5, Diff: 0.3, Sum: 1.6]
      [GC Worker Total (ms): Min: 21.7, Avg: 22.2, Max: 22.8, Diff: 1.1, Sum: 133.1]
      [GC Worker End (ms): Min: 33914811.9, Avg: 33914812.1, Max: 33914812.2, Diff: 0.3]
   [Code Root Fixup: 0.0 ms]
   [Code Root Purge: 0.0 ms]
   [Clear CT: 0.9 ms]
   [Other: 16.8 ms]
      [Choose CSet: 0.2 ms]
      [Ref Proc: 12.6 ms]
      [Ref Enq: 1.0 ms]
      [Redirty Cards: 1.0 ms]
      [Humongous Register: 0.1 ms]
      [Humongous Reclaim: 0.0 ms]
      [Free CSet: 0.7 ms]
   [Eden: 1785.0M(1785.0M)->0.0B(1785.0M) Survivors: 12288.0K->12288.0K Heap: 1999.6M(2996.0M)->214.7M(2996.0M)]
Heap after GC invocations=102 (full 0):
 garbage-first heap   total 3067904K, used 219821K [0x0000000704c00000, 0x0000000704d05da0, 0x00000007c0000000)
  region size 1024K, 12 young (12288K), 12 survivors (12288K)
 Metaspace       used 130587K, capacity 137594K, committed 137760K, reserved 1169408K
  class space    used 16908K, capacity 18162K, committed 18260K, reserved 1048576K
}
 [Times: user=0.07 sys=0.04, real=0.04 secs] 
2020-12-08T09:12:41.026+0000: 33914.832: Total time for which application threads were stopped: 0.0451908 seconds, Stopping threads took: 0.0002632 seconds
2020-12-08T09:17:40.679+0000: 34214.833: Total time for which application threads were stopped: 0.0007932 seconds, Stopping threads took: 0.0002017 seconds
{Heap before GC invocations=102 (full 0):
 garbage-first heap   total 3067904K, used 2047661K [0x0000000704c00000, 0x0000000704d05da0, 0x00000007c0000000)
  region size 1024K, 1797 young (1840128K), 12 survivors (12288K)
 Metaspace       used 130590K, capacity 137658K, committed 137760K, reserved 1169408K
  class space    used 16908K, capacity 18162K, committed 18260K, reserved 1048576K
2020-12-08T09:19:09.874+0000: 34304.132: [GC pause (G1 Evacuation Pause) (young)
Desired survivor size 117964800 bytes, new threshold 15 (max 15)
- age   1:    6325600 bytes,    6325600 total
- age   2:      84056 bytes,    6409656 total
- age   3:      88832 bytes,    6498488 total
- age   4:     677904 bytes,    7176392 total
- age   5:      33112 bytes,    7209504 total
- age   6:      37976 bytes,    7247480 total
- age   7:      38424 bytes,    7285904 total
- age   8:      34104 bytes,    7320008 total
- age   9:      31824 bytes,    7351832 total
- age  10:      50440 bytes,    7402272 total
- age  11:      31800 bytes,    7434072 total
- age  12:      46976 bytes,    7481048 total
- age  13:     110152 bytes,    7591200 total
- age  14:      35848 bytes,    7627048 total
- age  15:      33024 bytes,    7660072 total
, 0.0289256 secs]
   [Parallel Time: 12.9 ms, GC Workers: 6]
      [GC Worker Start (ms): Min: 34304132.5, Avg: 34304132.7, Max: 34304132.9, Diff: 0.4]
      [Ext Root Scanning (ms): Min: 3.2, Avg: 3.4, Max: 3.7, Diff: 0.5, Sum: 20.3]
      [Update RS (ms): Min: 1.5, Avg: 1.5, Max: 1.7, Diff: 0.2, Sum: 9.2]
         [Processed Buffers: Min: 7, Avg: 20.0, Max: 47, Diff: 40, Sum: 120]
      [Scan RS (ms): Min: 2.8, Avg: 2.9, Max: 3.0, Diff: 0.3, Sum: 17.5]
      [Code Root Scanning (ms): Min: 2.3, Avg: 2.5, Max: 2.6, Diff: 0.3, Sum: 14.8]
      [Object Copy (ms): Min: 1.4, Avg: 1.6, Max: 1.7, Diff: 0.3, Sum: 9.6]
      [Termination (ms): Min: 0.0, Avg: 0.0, Max: 0.0, Diff: 0.0, Sum: 0.2]
         [Termination Attempts: Min: 1, Avg: 1.3, Max: 2, Diff: 1, Sum: 8]
      [GC Worker Other (ms): Min: 0.1, Avg: 0.4, Max: 0.6, Diff: 0.5, Sum: 2.4]
      [GC Worker Total (ms): Min: 12.2, Avg: 12.3, Max: 12.5, Diff: 0.4, Sum: 74.1]
      [GC Worker End (ms): Min: 34304144.7, Avg: 34304145.0, Max: 34304145.2, Diff: 0.5]
   [Code Root Fixup: 0.0 ms]
   [Code Root Purge: 0.0 ms]
   [Clear CT: 0.9 ms]
   [Other: 15.0 ms]
      [Choose CSet: 0.0 ms]
      [Ref Proc: 11.6 ms]
      [Ref Enq: 0.8 ms]
      [Redirty Cards: 1.0 ms]
      [Humongous Register: 0.1 ms]
      [Humongous Reclaim: 0.1 ms]
      [Free CSet: 0.6 ms]
   [Eden: 1785.0M(1785.0M)->0.0B(1785.0M) Survivors: 12288.0K->12288.0K Heap: 1999.7M(2996.0M)->214.7M(2996.0M)]
Heap after GC invocations=103 (full 0):
 garbage-first heap   total 3067904K, used 219864K [0x0000000704c00000, 0x0000000704d05da0, 0x00000007c0000000)
  region size 1024K, 12 young (12288K), 12 survivors (12288K)
 Metaspace       used 130590K, capacity 137658K, committed 137760K, reserved 1169408K
  class space    used 16908K, capacity 18162K, committed 18260K, reserved 1048576K
}
 [Times: user=0.00 sys=0.10, real=0.03 secs] 
2020-12-08T09:19:09.906+0000: 34304.164: Total time for which application threads were stopped: 0.0322947 seconds, Stopping threads took: 0.0001578 seconds
2020-12-08T09:24:09.558+0000: 34604.164: Total time for which application threads were stopped: 0.0007143 seconds, Stopping threads took: 0.0002807 seconds
{Heap before GC invocations=103 (full 0):
 garbage-first heap   total 3067904K, used 2047704K [0x0000000704c00000, 0x0000000704d05da0, 0x00000007c0000000)
  region size 1024K, 1797 young (1840128K), 12 survivors (12288K)
 Metaspace       used 130596K, capacity 137658K, committed 137760K, reserved 1169408K
  class space    used 16908K, capacity 18162K, committed 18260K, reserved 1048576K
2020-12-08T09:25:37.670+0000: 34692.381: [GC pause (G1 Evacuation Pause) (young)
Desired survivor size 117964800 bytes, new threshold 15 (max 15)
- age   1:    6317536 bytes,    6317536 total
- age   2:      85592 bytes,    6403128 total
- age   3:      83888 bytes,    6487016 total
- age   4:      88768 bytes,    6575784 total
- age   5:     632816 bytes,    7208600 total
- age   6:      32696 bytes,    7241296 total
- age   7:      37976 bytes,    7279272 total
- age   8:      38424 bytes,    7317696 total
- age   9:      34104 bytes,    7351800 total
- age  10:      31824 bytes,    7383624 total
- age  11:      50440 bytes,    7434064 total
- age  12:      31800 bytes,    7465864 total
- age  13:      46976 bytes,    7512840 total
- age  14:     110152 bytes,    7622992 total
- age  15:      35848 bytes,    7658840 total
, 0.0281834 secs]
   [Parallel Time: 13.0 ms, GC Workers: 6]
      [GC Worker Start (ms): Min: 34692381.2, Avg: 34692381.3, Max: 34692381.5, Diff: 0.3]
      [Ext Root Scanning (ms): Min: 3.3, Avg: 3.4, Max: 3.7, Diff: 0.4, Sum: 20.4]
      [Update RS (ms): Min: 1.4, Avg: 1.5, Max: 1.6, Diff: 0.2, Sum: 8.8]
         [Processed Buffers: Min: 7, Avg: 19.8, Max: 37, Diff: 30, Sum: 119]
      [Scan RS (ms): Min: 2.6, Avg: 2.7, Max: 2.8, Diff: 0.2, Sum: 16.4]
      [Code Root Scanning (ms): Min: 2.3, Avg: 2.4, Max: 2.5, Diff: 0.2, Sum: 14.3]
      [Object Copy (ms): Min: 1.4, Avg: 1.6, Max: 1.8, Diff: 0.3, Sum: 9.7]
      [Termination (ms): Min: 0.0, Avg: 0.0, Max: 0.0, Diff: 0.0, Sum: 0.1]
         [Termination Attempts: Min: 1, Avg: 1.2, Max: 2, Diff: 1, Sum: 7]
      [GC Worker Other (ms): Min: 0.1, Avg: 0.3, Max: 0.5, Diff: 0.4, Sum: 1.7]
      [GC Worker Total (ms): Min: 11.7, Avg: 11.9, Max: 12.2, Diff: 0.5, Sum: 71.5]
      [GC Worker End (ms): Min: 34692393.1, Avg: 34692393.2, Max: 34692393.4, Diff: 0.4]
   [Code Root Fixup: 0.0 ms]
   [Code Root Purge: 0.0 ms]
   [Clear CT: 0.8 ms]
   [Other: 14.4 ms]
      [Choose CSet: 0.0 ms]
      [Ref Proc: 11.1 ms]
      [Ref Enq: 0.8 ms]
      [Redirty Cards: 0.8 ms]
      [Humongous Register: 0.1 ms]
      [Humongous Reclaim: 0.0 ms]
      [Free CSet: 0.7 ms]
   [Eden: 1785.0M(1785.0M)->0.0B(1785.0M) Survivors: 12288.0K->12288.0K Heap: 1999.7M(2996.0M)->214.3M(2996.0M)]
Heap after GC invocations=104 (full 0):
 garbage-first heap   total 3067904K, used 219412K [0x0000000704c00000, 0x0000000704d05da0, 0x00000007c0000000)
  region size 1024K, 12 young (12288K), 12 survivors (12288K)
 Metaspace       used 130596K, capacity 137658K, committed 137760K, reserved 1169408K
  class space    used 16908K, capacity 18162K, committed 18260K, reserved 1048576K
}
 [Times: user=0.07 sys=0.02, real=0.03 secs] 
2020-12-08T09:25:37.701+0000: 34692.411: Total time for which application threads were stopped: 0.0315827 seconds, Stopping threads took: 0.0002149 seconds
2020-12-08T10:56:16.614+0000: 34992.412: Total time for which application threads were stopped: 0.0008562 seconds, Stopping threads took: 0.0003479 seconds
{Heap before GC invocations=104 (full 0):
 garbage-first heap   total 3067904K, used 2063636K [0x0000000704c00000, 0x0000000704d05da0, 0x00000007c0000000)
  region size 1024K, 1797 young (1840128K), 12 survivors (12288K)
 Metaspace       used 130750K, capacity 137866K, committed 138016K, reserved 1169408K
  class space    used 16927K, capacity 18196K, committed 18260K, reserved 1048576K
2020-12-08T10:57:36.034+0000: 35071.937: [GC pause (G1 Evacuation Pause) (young)
Desired survivor size 117964800 bytes, new threshold 15 (max 15)
- age   1:    6322936 bytes,    6322936 total
- age   2:     102176 bytes,    6425112 total
- age   3:      84864 bytes,    6509976 total
- age   4:      83776 bytes,    6593752 total
- age   5:      88640 bytes,    6682392 total
- age   6:     586048 bytes,    7268440 total
- age   7:      32696 bytes,    7301136 total
- age   8:      37976 bytes,    7339112 total
- age   9:      38424 bytes,    7377536 total
- age  10:      34104 bytes,    7411640 total
- age  11:      31824 bytes,    7443464 total
- age  12:      50440 bytes,    7493904 total
- age  13:      31800 bytes,    7525704 total
- age  14:      46976 bytes,    7572680 total
- age  15:     110152 bytes,    7682832 total
, 0.0308475 secs]
   [Parallel Time: 14.0 ms, GC Workers: 6]
      [GC Worker Start (ms): Min: 35071938.1, Avg: 35071938.3, Max: 35071938.5, Diff: 0.5]
      [Ext Root Scanning (ms): Min: 3.2, Avg: 3.7, Max: 4.3, Diff: 1.0, Sum: 22.1]
      [Update RS (ms): Min: 1.7, Avg: 1.7, Max: 1.8, Diff: 0.1, Sum: 10.5]
         [Processed Buffers: Min: 11, Avg: 22.8, Max: 40, Diff: 29, Sum: 137]
      [Scan RS (ms): Min: 2.9, Avg: 3.2, Max: 3.3, Diff: 0.3, Sum: 18.9]
      [Code Root Scanning (ms): Min: 2.3, Avg: 2.5, Max: 2.8, Diff: 0.4, Sum: 14.8]
      [Object Copy (ms): Min: 1.6, Avg: 2.0, Max: 2.3, Diff: 0.7, Sum: 11.8]
      [Termination (ms): Min: 0.0, Avg: 0.0, Max: 0.0, Diff: 0.0, Sum: 0.1]
         [Termination Attempts: Min: 1, Avg: 1.0, Max: 1, Diff: 0, Sum: 6]
      [GC Worker Other (ms): Min: 0.1, Avg: 0.3, Max: 0.5, Diff: 0.3, Sum: 1.8]
      [GC Worker Total (ms): Min: 13.0, Avg: 13.3, Max: 13.6, Diff: 0.6, Sum: 80.0]
      [GC Worker End (ms): Min: 35071951.5, Avg: 35071951.6, Max: 35071951.8, Diff: 0.4]
   [Code Root Fixup: 0.0 ms]
   [Code Root Purge: 0.0 ms]
   [Clear CT: 0.8 ms]
   [Other: 15.9 ms]
      [Choose CSet: 0.0 ms]
      [Ref Proc: 12.1 ms]
      [Ref Enq: 0.8 ms]
      [Redirty Cards: 0.8 ms]
      [Humongous Register: 0.4 ms]
      [Humongous Reclaim: 0.2 ms]
      [Free CSet: 0.8 ms]
   [Eden: 1785.0M(1785.0M)->0.0B(1784.0M) Survivors: 12288.0K->13312.0K Heap: 2015.3M(2996.0M)->231.3M(2996.0M)]
Heap after GC invocations=105 (full 0):
 garbage-first heap   total 3067904K, used 236866K [0x0000000704c00000, 0x0000000704d05da0, 0x00000007c0000000)
  region size 1024K, 13 young (13312K), 13 survivors (13312K)
 Metaspace       used 130750K, capacity 137866K, committed 138016K, reserved 1169408K
  class space    used 16927K, capacity 18196K, committed 18260K, reserved 1048576K
}
 [Times: user=0.08 sys=0.03, real=0.03 secs] 
2020-12-08T10:57:36.067+0000: 35071.970: Total time for which application threads were stopped: 0.0338783 seconds, Stopping threads took: 0.0002788 seconds
2020-12-08T11:02:35.719+0000: 35371.971: Total time for which application threads were stopped: 0.0007871 seconds, Stopping threads took: 0.0001814 seconds
{Heap before GC invocations=105 (full 0):
 garbage-first heap   total 3067904K, used 2063682K [0x0000000704c00000, 0x0000000704d05da0, 0x00000007c0000000)
  region size 1024K, 1797 young (1840128K), 13 survivors (13312K)
 Metaspace       used 130750K, capacity 137866K, committed 138016K, reserved 1169408K
  class space    used 16927K, capacity 18196K, committed 18260K, reserved 1048576K
2020-12-08T11:04:09.878+0000: 35466.234: [GC pause (G1 Evacuation Pause) (young)
Desired survivor size 117964800 bytes, new threshold 15 (max 15)
- age   1:    7597624 bytes,    7597624 total
- age   2:      84424 bytes,    7682048 total
- age   3:      98920 bytes,    7780968 total
- age   4:      84312 bytes,    7865280 total
- age   5:      83224 bytes,    7948504 total
- age   6:      88144 bytes,    8036648 total
- age   7:     461632 bytes,    8498280 total
- age   8:      32696 bytes,    8530976 total
- age   9:      37976 bytes,    8568952 total
- age  10:      38424 bytes,    8607376 total
- age  11:      34104 bytes,    8641480 total
- age  12:      31824 bytes,    8673304 total
- age  13:      50408 bytes,    8723712 total
- age  14:      31800 bytes,    8755512 total
- age  15:      46976 bytes,    8802488 total
, 0.0291025 secs]
   [Parallel Time: 13.4 ms, GC Workers: 6]
      [GC Worker Start (ms): Min: 35466234.6, Avg: 35466234.8, Max: 35466235.0, Diff: 0.5]
      [Ext Root Scanning (ms): Min: 3.2, Avg: 3.4, Max: 3.9, Diff: 0.7, Sum: 20.3]
      [Update RS (ms): Min: 1.6, Avg: 1.6, Max: 1.7, Diff: 0.2, Sum: 9.9]
         [Processed Buffers: Min: 7, Avg: 20.2, Max: 30, Diff: 23, Sum: 121]
      [Scan RS (ms): Min: 2.7, Avg: 2.7, Max: 2.9, Diff: 0.2, Sum: 16.4]
      [Code Root Scanning (ms): Min: 2.3, Avg: 2.4, Max: 2.5, Diff: 0.2, Sum: 14.3]
      [Object Copy (ms): Min: 1.7, Avg: 2.0, Max: 2.2, Diff: 0.4, Sum: 12.1]
      [Termination (ms): Min: 0.0, Avg: 0.0, Max: 0.0, Diff: 0.0, Sum: 0.1]
         [Termination Attempts: Min: 1, Avg: 1.3, Max: 2, Diff: 1, Sum: 8]
      [GC Worker Other (ms): Min: 0.1, Avg: 0.3, Max: 0.5, Diff: 0.4, Sum: 1.9]
      [GC Worker Total (ms): Min: 12.1, Avg: 12.5, Max: 12.7, Diff: 0.6, Sum: 74.9]
      [GC Worker End (ms): Min: 35466247.1, Avg: 35466247.3, Max: 35466247.5, Diff: 0.4]
   [Code Root Fixup: 0.0 ms]
   [Code Root Purge: 0.0 ms]
   [Clear CT: 0.6 ms]
   [Other: 15.0 ms]
      [Choose CSet: 0.0 ms]
      [Ref Proc: 11.5 ms]
      [Ref Enq: 1.1 ms]
      [Redirty Cards: 0.9 ms]
      [Humongous Register: 0.1 ms]
      [Humongous Reclaim: 0.1 ms]
      [Free CSet: 0.9 ms]
   [Eden: 1784.0M(1784.0M)->0.0B(1783.0M) Survivors: 13312.0K->14336.0K Heap: 2015.3M(2996.0M)->232.4M(2996.0M)]
Heap after GC invocations=106 (full 0):
 garbage-first heap   total 3067904K, used 237957K [0x0000000704c00000, 0x0000000704d05da0, 0x00000007c0000000)
  region size 1024K, 14 young (14336K), 14 survivors (14336K)
 Metaspace       used 130750K, capacity 137866K, committed 138016K, reserved 1169408K
  class space    used 16927K, capacity 18196K, committed 18260K, reserved 1048576K
}
 [Times: user=0.09 sys=0.02, real=0.03 secs] 
2020-12-08T11:04:09.909+0000: 35466.266: Total time for which application threads were stopped: 0.0325363 seconds, Stopping threads took: 0.0002741 seconds
2020-12-08T11:09:09.562+0000: 35766.267: Total time for which application threads were stopped: 0.0005751 seconds, Stopping threads took: 0.0001020 seconds
{Heap before GC invocations=106 (full 0):
 garbage-first heap   total 3067904K, used 2063749K [0x0000000704c00000, 0x0000000704d05da0, 0x00000007c0000000)
  region size 1024K, 1797 young (1840128K), 14 survivors (14336K)
 Metaspace       used 130761K, capacity 137866K, committed 138016K, reserved 1169408K
  class space    used 16927K, capacity 18196K, committed 18260K, reserved 1048576K
2020-12-08T11:10:42.381+0000: 35859.191: [GC pause (G1 Evacuation Pause) (young)
Desired survivor size 117964800 bytes, new threshold 15 (max 15)
- age   1:    6328504 bytes,    6328504 total
- age   2:    1375096 bytes,    7703600 total
- age   3:      84112 bytes,    7787712 total
- age   4:      98856 bytes,    7886568 total
- age   5:      84312 bytes,    7970880 total
- age   6:      83224 bytes,    8054104 total
- age   7:      88144 bytes,    8142248 total
- age   8:     410736 bytes,    8552984 total
- age   9:      32696 bytes,    8585680 total
- age  10:      37712 bytes,    8623392 total
- age  11:      38424 bytes,    8661816 total
- age  12:      34104 bytes,    8695920 total
- age  13:      31824 bytes,    8727744 total
- age  14:      50408 bytes,    8778152 total
- age  15:      31800 bytes,    8809952 total
, 0.0313856 secs]
   [Parallel Time: 15.3 ms, GC Workers: 6]
      [GC Worker Start (ms): Min: 35859191.2, Avg: 35859191.4, Max: 35859191.5, Diff: 0.3]
      [Ext Root Scanning (ms): Min: 3.3, Avg: 3.5, Max: 3.8, Diff: 0.5, Sum: 21.3]
      [Update RS (ms): Min: 1.8, Avg: 2.1, Max: 2.4, Diff: 0.5, Sum: 12.4]
         [Processed Buffers: Min: 8, Avg: 19.7, Max: 45, Diff: 37, Sum: 118]
      [Scan RS (ms): Min: 3.0, Avg: 3.3, Max: 3.5, Diff: 0.5, Sum: 19.8]
      [Code Root Scanning (ms): Min: 2.5, Avg: 2.8, Max: 3.2, Diff: 0.8, Sum: 16.7]
      [Object Copy (ms): Min: 2.1, Avg: 2.3, Max: 2.6, Diff: 0.4, Sum: 14.1]
      [Termination (ms): Min: 0.0, Avg: 0.0, Max: 0.0, Diff: 0.0, Sum: 0.0]
         [Termination Attempts: Min: 1, Avg: 1.0, Max: 1, Diff: 0, Sum: 6]
      [GC Worker Other (ms): Min: 0.1, Avg: 0.3, Max: 0.6, Diff: 0.5, Sum: 1.9]
      [GC Worker Total (ms): Min: 14.0, Avg: 14.4, Max: 14.7, Diff: 0.7, Sum: 86.2]
      [GC Worker End (ms): Min: 35859205.5, Avg: 35859205.7, Max: 35859206.0, Diff: 0.4]
   [Code Root Fixup: 0.0 ms]
   [Code Root Purge: 0.0 ms]
   [Clear CT: 0.9 ms]
   [Other: 15.2 ms]
      [Choose CSet: 0.0 ms]
      [Ref Proc: 11.7 ms]
      [Ref Enq: 0.7 ms]
      [Redirty Cards: 0.9 ms]
      [Humongous Register: 0.1 ms]
      [Humongous Reclaim: 0.2 ms]
      [Free CSet: 1.0 ms]
   [Eden: 1783.0M(1783.0M)->0.0B(1784.0M) Survivors: 14336.0K->13312.0K Heap: 2015.4M(2996.0M)->231.4M(2996.0M)]
Heap after GC invocations=107 (full 0):
 garbage-first heap   total 3067904K, used 236991K [0x0000000704c00000, 0x0000000704d05da0, 0x00000007c0000000)
  region size 1024K, 13 young (13312K), 13 survivors (13312K)
 Metaspace       used 130761K, capacity 137866K, committed 138016K, reserved 1169408K
  class space    used 16927K, capacity 18196K, committed 18260K, reserved 1048576K
}
 [Times: user=0.08 sys=0.04, real=0.04 secs] 
2020-12-08T11:10:42.415+0000: 35859.225: Total time for which application threads were stopped: 0.0349481 seconds, Stopping threads took: 0.0004301 seconds
2020-12-08T11:15:42.069+0000: 36159.226: Total time for which application threads were stopped: 0.0011885 seconds, Stopping threads took: 0.0001581 seconds
{Heap before GC invocations=107 (full 0):
 garbage-first heap   total 3067904K, used 2064383K [0x0000000704c00000, 0x0000000704d05da0, 0x00000007c0000000)
  region size 1024K, 1797 young (1840128K), 13 survivors (13312K)
 Metaspace       used 130762K, capacity 137866K, committed 138016K, reserved 1169408K
  class space    used 16927K, capacity 18196K, committed 18260K, reserved 1048576K
2020-12-08T11:17:05.004+0000: 36242.266: [GC pause (G1 Evacuation Pause) (young)
Desired survivor size 117964800 bytes, new threshold 15 (max 15)
- age   1:    6323584 bytes,    6323584 total
- age   2:      85944 bytes,    6409528 total
- age   3:    1374280 bytes,    7783808 total
- age   4:      84112 bytes,    7867920 total
- age   5:      98856 bytes,    7966776 total
- age   6:      84312 bytes,    8051088 total
- age   7:      83224 bytes,    8134312 total
- age   8:      85776 bytes,    8220088 total
- age   9:     222496 bytes,    8442584 total
- age  10:      32472 bytes,    8475056 total
- age  11:      37712 bytes,    8512768 total
- age  12:      38424 bytes,    8551192 total
- age  13:      34104 bytes,    8585296 total
- age  14:      31824 bytes,    8617120 total
- age  15:      50408 bytes,    8667528 total
, 0.0371573 secs]
   [Parallel Time: 17.0 ms, GC Workers: 6]
      [GC Worker Start (ms): Min: 36242266.4, Avg: 36242266.7, Max: 36242267.0, Diff: 0.6]
      [Ext Root Scanning (ms): Min: 4.2, Avg: 4.6, Max: 5.2, Diff: 1.0, Sum: 27.7]
      [Update RS (ms): Min: 2.0, Avg: 2.2, Max: 2.5, Diff: 0.4, Sum: 13.1]
         [Processed Buffers: Min: 5, Avg: 20.7, Max: 47, Diff: 42, Sum: 124]
      [Scan RS (ms): Min: 3.3, Avg: 3.5, Max: 3.8, Diff: 0.5, Sum: 21.3]
      [Code Root Scanning (ms): Min: 2.8, Avg: 3.0, Max: 3.2, Diff: 0.5, Sum: 18.1]
      [Object Copy (ms): Min: 2.0, Avg: 2.3, Max: 2.6, Diff: 0.6, Sum: 13.8]
      [Termination (ms): Min: 0.0, Avg: 0.0, Max: 0.0, Diff: 0.0, Sum: 0.1]
         [Termination Attempts: Min: 1, Avg: 1.0, Max: 1, Diff: 0, Sum: 6]
      [GC Worker Other (ms): Min: 0.2, Avg: 0.4, Max: 0.7, Diff: 0.5, Sum: 2.6]
      [GC Worker Total (ms): Min: 15.7, Avg: 16.1, Max: 16.6, Diff: 0.9, Sum: 96.7]
      [GC Worker End (ms): Min: 36242282.6, Avg: 36242282.8, Max: 36242283.1, Diff: 0.5]
   [Code Root Fixup: 0.0 ms]
   [Code Root Purge: 0.0 ms]
   [Clear CT: 1.1 ms]
   [Other: 19.0 ms]
      [Choose CSet: 0.0 ms]
      [Ref Proc: 14.8 ms]
      [Ref Enq: 0.9 ms]
      [Redirty Cards: 1.0 ms]
      [Humongous Register: 0.1 ms]
      [Humongous Reclaim: 0.1 ms]
      [Free CSet: 1.1 ms]
   [Eden: 1784.0M(1784.0M)->0.0B(1784.0M) Survivors: 13312.0K->13312.0K Heap: 2016.0M(2996.0M)->231.5M(2996.0M)]
Heap after GC invocations=108 (full 0):
 garbage-first heap   total 3067904K, used 237054K [0x0000000704c00000, 0x0000000704d05da0, 0x00000007c0000000)
  region size 1024K, 13 young (13312K), 13 survivors (13312K)
 Metaspace       used 130762K, capacity 137866K, committed 138016K, reserved 1169408K
  class space    used 16927K, capacity 18196K, committed 18260K, reserved 1048576K
}
 [Times: user=0.07 sys=0.05, real=0.04 secs] 
2020-12-08T11:17:05.046+0000: 36242.308: Total time for which application threads were stopped: 0.0437987 seconds, Stopping threads took: 0.0006164 seconds
{Heap before GC invocations=108 (full 0):
 garbage-first heap   total 3067904K, used 2063870K [0x0000000704c00000, 0x0000000704d05da0, 0x00000007c0000000)
  region size 1024K, 1797 young (1840128K), 13 survivors (13312K)
 Metaspace       used 130762K, capacity 137866K, committed 138016K, reserved 1169408K
  class space    used 16927K, capacity 18196K, committed 18260K, reserved 1048576K
2020-12-08T11:23:34.574+0000: 36632.290: [GC pause (G1 Evacuation Pause) (young)
Desired survivor size 117964800 bytes, new threshold 15 (max 15)
- age   1:    7077824 bytes,    7077824 total
- age   2:      34360 bytes,    7112184 total
- age   3:      33448 bytes,    7145632 total
- age   4:    1249376 bytes,    8395008 total
- age   5:      33576 bytes,    8428584 total
- age   6:      49248 bytes,    8477832 total
- age   7:      34520 bytes,    8512352 total
- age   8:      32288 bytes,    8544640 total
- age   9:      35840 bytes,    8580480 total
- age  10:      33280 bytes,    8613760 total
- age  11:      32472 bytes,    8646232 total
- age  12:      37712 bytes,    8683944 total
- age  13:      38392 bytes,    8722336 total
- age  14:      34104 bytes,    8756440 total
- age  15:      31824 bytes,    8788264 total
, 0.0273484 secs]
   [Parallel Time: 12.5 ms, GC Workers: 6]
      [GC Worker Start (ms): Min: 36632290.1, Avg: 36632290.3, Max: 36632290.5, Diff: 0.4]
      [Ext Root Scanning (ms): Min: 3.0, Avg: 3.3, Max: 3.6, Diff: 0.6, Sum: 19.6]
      [Update RS (ms): Min: 1.4, Avg: 1.5, Max: 1.6, Diff: 0.3, Sum: 8.7]
         [Processed Buffers: Min: 7, Avg: 20.5, Max: 46, Diff: 39, Sum: 123]
      [Scan RS (ms): Min: 3.0, Avg: 3.0, Max: 3.1, Diff: 0.1, Sum: 18.0]
      [Code Root Scanning (ms): Min: 2.3, Avg: 2.4, Max: 2.4, Diff: 0.1, Sum: 14.3]
      [Object Copy (ms): Min: 1.4, Avg: 1.7, Max: 1.9, Diff: 0.5, Sum: 10.3]
      [Termination (ms): Min: 0.0, Avg: 0.0, Max: 0.1, Diff: 0.1, Sum: 0.2]
         [Termination Attempts: Min: 1, Avg: 1.0, Max: 1, Diff: 0, Sum: 6]
      [GC Worker Other (ms): Min: 0.1, Avg: 0.2, Max: 0.3, Diff: 0.1, Sum: 1.3]
      [GC Worker Total (ms): Min: 11.9, Avg: 12.1, Max: 12.3, Diff: 0.4, Sum: 72.5]
      [GC Worker End (ms): Min: 36632302.3, Avg: 36632302.4, Max: 36632302.4, Diff: 0.1]
   [Code Root Fixup: 0.0 ms]
   [Code Root Purge: 0.0 ms]
   [Clear CT: 0.7 ms]
   [Other: 14.1 ms]
      [Choose CSet: 0.0 ms]
      [Ref Proc: 10.6 ms]
      [Ref Enq: 0.8 ms]
      [Redirty Cards: 0.8 ms]
      [Humongous Register: 0.2 ms]
      [Humongous Reclaim: 0.0 ms]
      [Free CSet: 0.8 ms]
   [Eden: 1784.0M(1784.0M)->0.0B(1783.0M) Survivors: 13312.0K->14336.0K Heap: 2015.5M(2996.0M)->232.5M(2996.0M)]
Heap after GC invocations=109 (full 0):
 garbage-first heap   total 3067904K, used 238121K [0x0000000704c00000, 0x0000000704d05da0, 0x00000007c0000000)
  region size 1024K, 14 young (14336K), 14 survivors (14336K)
 Metaspace       used 130762K, capacity 137866K, committed 138016K, reserved 1169408K
  class space    used 16927K, capacity 18196K, committed 18260K, reserved 1048576K
}
 [Times: user=0.00 sys=0.10, real=0.03 secs] 
2020-12-08T11:23:34.605+0000: 36632.320: Total time for which application threads were stopped: 0.0307967 seconds, Stopping threads took: 0.0001929 seconds
2020-12-08T11:28:34.262+0000: 36932.326: Total time for which application threads were stopped: 0.0060749 seconds, Stopping threads took: 0.0055353 seconds
{Heap before GC invocations=109 (full 0):
 garbage-first heap   total 3067904K, used 2063913K [0x0000000704c00000, 0x0000000704d05da0, 0x00000007c0000000)
  region size 1024K, 1797 young (1840128K), 14 survivors (14336K)
 Metaspace       used 130762K, capacity 137866K, committed 138016K, reserved 1169408K
  class space    used 16927K, capacity 18196K, committed 18260K, reserved 1048576K
2020-12-08T11:30:05.571+0000: 37023.739: [GC pause (G1 Evacuation Pause) (young)
Desired survivor size 117964800 bytes, new threshold 15 (max 15)
- age   1:    6301824 bytes,    6301824 total
- age   2:     791584 bytes,    7093408 total
- age   3:      33856 bytes,    7127264 total
- age   4:      33448 bytes,    7160712 total
- age   5:    1249376 bytes,    8410088 total
- age   6:      31968 bytes,    8442056 total
- age   7:      49248 bytes,    8491304 total
- age   8:      34520 bytes,    8525824 total
- age   9:      32288 bytes,    8558112 total
- age  10:      35840 bytes,    8593952 total
- age  11:      33280 bytes,    8627232 total
- age  12:      32472 bytes,    8659704 total
- age  13:      37712 bytes,    8697416 total
- age  14:      38392 bytes,    8735808 total
- age  15:      34104 bytes,    8769912 total
, 0.0326573 secs]
   [Parallel Time: 15.1 ms, GC Workers: 6]
      [GC Worker Start (ms): Min: 37023739.9, Avg: 37023740.2, Max: 37023740.3, Diff: 0.4]
      [Ext Root Scanning (ms): Min: 3.5, Avg: 3.7, Max: 4.0, Diff: 0.5, Sum: 22.0]
      [Update RS (ms): Min: 1.4, Avg: 1.5, Max: 1.8, Diff: 0.4, Sum: 9.3]
         [Processed Buffers: Min: 7, Avg: 20.3, Max: 35, Diff: 28, Sum: 122]
      [Scan RS (ms): Min: 2.5, Avg: 3.3, Max: 3.9, Diff: 1.4, Sum: 19.6]
      [Code Root Scanning (ms): Min: 2.4, Avg: 3.1, Max: 5.1, Diff: 2.7, Sum: 18.8]
      [Object Copy (ms): Min: 1.0, Avg: 2.1, Max: 2.5, Diff: 1.4, Sum: 12.5]
      [Termination (ms): Min: 0.0, Avg: 0.2, Max: 0.2, Diff: 0.2, Sum: 1.0]
         [Termination Attempts: Min: 1, Avg: 1.0, Max: 1, Diff: 0, Sum: 6]
      [GC Worker Other (ms): Min: 0.1, Avg: 0.2, Max: 0.6, Diff: 0.5, Sum: 1.5]
      [GC Worker Total (ms): Min: 14.0, Avg: 14.1, Max: 14.3, Diff: 0.3, Sum: 84.8]
      [GC Worker End (ms): Min: 37023754.2, Avg: 37023754.3, Max: 37023754.5, Diff: 0.3]
   [Code Root Fixup: 0.1 ms]
   [Code Root Purge: 0.0 ms]
   [Clear CT: 1.0 ms]
   [Other: 16.5 ms]
      [Choose CSet: 0.0 ms]
      [Ref Proc: 13.0 ms]
      [Ref Enq: 0.8 ms]
      [Redirty Cards: 0.8 ms]
      [Humongous Register: 0.1 ms]
      [Humongous Reclaim: 0.2 ms]
      [Free CSet: 0.8 ms]
   [Eden: 1783.0M(1783.0M)->0.0B(1784.0M) Survivors: 14336.0K->13312.0K Heap: 2015.5M(2996.0M)->231.6M(2996.0M)]
Heap after GC invocations=110 (full 0):
 garbage-first heap   total 3067904K, used 237143K [0x0000000704c00000, 0x0000000704d05da0, 0x00000007c0000000)
  region size 1024K, 13 young (13312K), 13 survivors (13312K)
 Metaspace       used 130762K, capacity 137866K, committed 138016K, reserved 1169408K
  class space    used 16927K, capacity 18196K, committed 18260K, reserved 1048576K
}
 [Times: user=0.07 sys=0.03, real=0.03 secs] 
2020-12-08T11:30:05.607+0000: 37023.775: Total time for which application threads were stopped: 0.0361313 seconds, Stopping threads took: 0.0004969 seconds
{Heap before GC invocations=110 (full 0):
 garbage-first heap   total 3067904K, used 2063959K [0x0000000704c00000, 0x0000000704d05da0, 0x00000007c0000000)
  region size 1024K, 1797 young (1840128K), 13 survivors (13312K)
 Metaspace       used 130774K, capacity 137866K, committed 138016K, reserved 1169408K
  class space    used 16927K, capacity 18196K, committed 18260K, reserved 1048576K
2020-12-08T11:36:38.975+0000: 37417.623: [GC pause (G1 Evacuation Pause) (young)
Desired survivor size 117964800 bytes, new threshold 15 (max 15)
- age   1:    6368440 bytes,    6368440 total
- age   2:      85968 bytes,    6454408 total
- age   3:     740016 bytes,    7194424 total
- age   4:      33824 bytes,    7228248 total
- age   5:      33128 bytes,    7261376 total
- age   6:    1249032 bytes,    8510408 total
- age   7:      31968 bytes,    8542376 total
- age   8:      49248 bytes,    8591624 total
- age   9:      34520 bytes,    8626144 total
- age  10:      32288 bytes,    8658432 total
- age  11:      35840 bytes,    8694272 total
- age  12:      33280 bytes,    8727552 total
- age  13:      32472 bytes,    8760024 total
- age  14:      37712 bytes,    8797736 total
- age  15:      38392 bytes,    8836128 total
, 0.0321194 secs]
   [Parallel Time: 14.4 ms, GC Workers: 6]
      [GC Worker Start (ms): Min: 37417623.6, Avg: 37417623.8, Max: 37417624.0, Diff: 0.4]
      [Ext Root Scanning (ms): Min: 3.2, Avg: 3.4, Max: 3.9, Diff: 0.6, Sum: 20.7]
      [Update RS (ms): Min: 1.6, Avg: 1.7, Max: 1.9, Diff: 0.3, Sum: 10.2]
         [Processed Buffers: Min: 6, Avg: 19.3, Max: 48, Diff: 42, Sum: 116]
      [Scan RS (ms): Min: 2.9, Avg: 3.1, Max: 3.4, Diff: 0.4, Sum: 18.8]
      [Code Root Scanning (ms): Min: 2.6, Avg: 2.7, Max: 2.9, Diff: 0.3, Sum: 16.2]
      [Object Copy (ms): Min: 1.9, Avg: 2.1, Max: 2.3, Diff: 0.4, Sum: 12.8]
      [Termination (ms): Min: 0.0, Avg: 0.0, Max: 0.0, Diff: 0.0, Sum: 0.0]
         [Termination Attempts: Min: 1, Avg: 1.0, Max: 1, Diff: 0, Sum: 6]
      [GC Worker Other (ms): Min: 0.1, Avg: 0.3, Max: 0.4, Diff: 0.3, Sum: 1.6]
      [GC Worker Total (ms): Min: 13.1, Avg: 13.4, Max: 13.7, Diff: 0.6, Sum: 80.3]
      [GC Worker End (ms): Min: 37417637.0, Avg: 37417637.2, Max: 37417637.4, Diff: 0.3]
   [Code Root Fixup: 0.0 ms]
   [Code Root Purge: 0.0 ms]
   [Clear CT: 1.1 ms]
   [Other: 16.5 ms]
      [Choose CSet: 0.0 ms]
      [Ref Proc: 13.3 ms]
      [Ref Enq: 0.7 ms]
      [Redirty Cards: 0.9 ms]
      [Humongous Register: 0.1 ms]
      [Humongous Reclaim: 0.1 ms]
      [Free CSet: 0.9 ms]
   [Eden: 1784.0M(1784.0M)->0.0B(1784.0M) Survivors: 13312.0K->13312.0K Heap: 2015.6M(2996.0M)->232.1M(2996.0M)]
Heap after GC invocations=111 (full 0):
 garbage-first heap   total 3067904K, used 237700K [0x0000000704c00000, 0x0000000704d05da0, 0x00000007c0000000)
  region size 1024K, 13 young (13312K), 13 survivors (13312K)
 Metaspace       used 130774K, capacity 137866K, committed 138016K, reserved 1169408K
  class space    used 16927K, capacity 18196K, committed 18260K, reserved 1048576K
}
 [Times: user=0.00 sys=0.11, real=0.04 secs] 
2020-12-08T11:36:39.010+0000: 37417.658: Total time for which application threads were stopped: 0.0354606 seconds, Stopping threads took: 0.0001263 seconds
{Heap before GC invocations=111 (full 0):
 garbage-first heap   total 3067904K, used 2064516K [0x0000000704c00000, 0x0000000704d05da0, 0x00000007c0000000)
  region size 1024K, 1797 young (1840128K), 13 survivors (13312K)
 Metaspace       used 130779K, capacity 137866K, committed 138016K, reserved 1169408K
  class space    used 16927K, capacity 18196K, committed 18260K, reserved 1048576K
2020-12-08T11:43:06.578+0000: 37805.678: [GC pause (G1 Evacuation Pause) (young)
Desired survivor size 117964800 bytes, new threshold 15 (max 15)
- age   1:    6364080 bytes,    6364080 total
- age   2:      82752 bytes,    6446832 total
- age   3:      84112 bytes,    6530944 total
- age   4:     688856 bytes,    7219800 total
- age   5:      33760 bytes,    7253560 total
- age   6:      32456 bytes,    7286016 total
- age   7:    1248872 bytes,    8534888 total
- age   8:      31968 bytes,    8566856 total
- age   9:      49088 bytes,    8615944 total
- age  10:      33128 bytes,    8649072 total
- age  11:      32288 bytes,    8681360 total
- age  12:      35840 bytes,    8717200 total
- age  13:      33216 bytes,    8750416 total
- age  14:      32472 bytes,    8782888 total
- age  15:      37592 bytes,    8820480 total
, 0.0286835 secs]
   [Parallel Time: 13.1 ms, GC Workers: 6]
      [GC Worker Start (ms): Min: 37805678.6, Avg: 37805678.8, Max: 37805679.0, Diff: 0.4]
      [Ext Root Scanning (ms): Min: 3.2, Avg: 3.4, Max: 3.7, Diff: 0.5, Sum: 20.5]
      [Update RS (ms): Min: 1.0, Avg: 1.5, Max: 1.7, Diff: 0.7, Sum: 9.1]
         [Processed Buffers: Min: 9, Avg: 20.7, Max: 39, Diff: 30, Sum: 124]
      [Scan RS (ms): Min: 2.6, Avg: 2.7, Max: 2.9, Diff: 0.4, Sum: 16.4]
      [Code Root Scanning (ms): Min: 2.3, Avg: 2.4, Max: 2.5, Diff: 0.3, Sum: 14.3]
      [Object Copy (ms): Min: 1.8, Avg: 1.9, Max: 2.0, Diff: 0.2, Sum: 11.4]
      [Termination (ms): Min: 0.0, Avg: 0.1, Max: 0.1, Diff: 0.1, Sum: 0.5]
         [Termination Attempts: Min: 1, Avg: 1.0, Max: 1, Diff: 0, Sum: 6]
      [GC Worker Other (ms): Min: 0.1, Avg: 0.3, Max: 0.5, Diff: 0.5, Sum: 1.7]
      [GC Worker Total (ms): Min: 12.1, Avg: 12.3, Max: 12.7, Diff: 0.6, Sum: 74.0]
      [GC Worker End (ms): Min: 37805691.0, Avg: 37805691.1, Max: 37805691.3, Diff: 0.3]
   [Code Root Fixup: 0.0 ms]
   [Code Root Purge: 0.0 ms]
   [Clear CT: 0.8 ms]
   [Other: 14.8 ms]
      [Choose CSet: 0.0 ms]
      [Ref Proc: 11.4 ms]
      [Ref Enq: 0.8 ms]
      [Redirty Cards: 0.9 ms]
      [Humongous Register: 0.1 ms]
      [Humongous Reclaim: 0.1 ms]
      [Free CSet: 0.8 ms]
   [Eden: 1784.0M(1784.0M)->0.0B(1784.0M) Survivors: 13312.0K->13312.0K Heap: 2016.1M(2996.0M)->232.2M(2996.0M)]
Heap after GC invocations=112 (full 0):
 garbage-first heap   total 3067904K, used 237761K [0x0000000704c00000, 0x0000000704d05da0, 0x00000007c0000000)
  region size 1024K, 13 young (13312K), 13 survivors (13312K)
 Metaspace       used 130779K, capacity 137866K, committed 138016K, reserved 1169408K
  class space    used 16927K, capacity 18196K, committed 18260K, reserved 1048576K
}
 [Times: user=0.08 sys=0.02, real=0.03 secs] 
2020-12-08T11:43:06.608+0000: 37805.709: Total time for which application threads were stopped: 0.0330473 seconds, Stopping threads took: 0.0020011 seconds
2020-12-08T11:48:06.264+0000: 38105.713: Total time for which application threads were stopped: 0.0041027 seconds, Stopping threads took: 0.0029411 seconds
{Heap before GC invocations=112 (full 0):
 garbage-first heap   total 3067904K, used 2064577K [0x0000000704c00000, 0x0000000704d05da0, 0x00000007c0000000)
  region size 1024K, 1797 young (1840128K), 13 survivors (13312K)
 Metaspace       used 130779K, capacity 137866K, committed 138016K, reserved 1169408K
  class space    used 16927K, capacity 18196K, committed 18260K, reserved 1048576K
2020-12-08T11:49:31.873+0000: 38191.427: [GC pause (G1 Evacuation Pause) (young)
Desired survivor size 117964800 bytes, new threshold 15 (max 15)
- age   1:    6339424 bytes,    6339424 total
- age   2:      90824 bytes,    6430248 total
- age   3:      82216 bytes,    6512464 total
- age   4:      82504 bytes,    6594968 total
- age   5:     639096 bytes,    7234064 total
- age   6:      33416 bytes,    7267480 total
- age   7:      32456 bytes,    7299936 total
- age   8:    1248872 bytes,    8548808 total
- age   9:      31968 bytes,    8580776 total
- age  10:      49088 bytes,    8629864 total
- age  11:      33128 bytes,    8662992 total
- age  12:      32288 bytes,    8695280 total
- age  13:      35840 bytes,    8731120 total
- age  14:      33216 bytes,    8764336 total
- age  15:      32472 bytes,    8796808 total
, 0.0306185 secs]
   [Parallel Time: 13.9 ms, GC Workers: 6]
      [GC Worker Start (ms): Min: 38191427.5, Avg: 38191427.7, Max: 38191427.9, Diff: 0.4]
      [Ext Root Scanning (ms): Min: 3.2, Avg: 3.6, Max: 4.1, Diff: 0.8, Sum: 21.4]
      [Update RS (ms): Min: 1.6, Avg: 1.7, Max: 1.8, Diff: 0.2, Sum: 9.9]
         [Processed Buffers: Min: 9, Avg: 20.2, Max: 42, Diff: 33, Sum: 121]
      [Scan RS (ms): Min: 2.6, Avg: 2.9, Max: 3.0, Diff: 0.5, Sum: 17.3]
      [Code Root Scanning (ms): Min: 2.4, Avg: 2.6, Max: 2.8, Diff: 0.3, Sum: 15.3]
      [Object Copy (ms): Min: 1.7, Avg: 2.0, Max: 2.2, Diff: 0.4, Sum: 11.8]
      [Termination (ms): Min: 0.0, Avg: 0.0, Max: 0.0, Diff: 0.0, Sum: 0.1]
         [Termination Attempts: Min: 1, Avg: 1.3, Max: 2, Diff: 1, Sum: 8]
      [GC Worker Other (ms): Min: 0.2, Avg: 0.3, Max: 0.4, Diff: 0.3, Sum: 1.8]
      [GC Worker Total (ms): Min: 12.7, Avg: 12.9, Max: 13.3, Diff: 0.6, Sum: 77.7]
      [GC Worker End (ms): Min: 38191440.5, Avg: 38191440.6, Max: 38191440.8, Diff: 0.3]
   [Code Root Fixup: 0.0 ms]
   [Code Root Purge: 0.0 ms]
   [Clear CT: 0.5 ms]
   [Other: 16.2 ms]
      [Choose CSet: 0.0 ms]
      [Ref Proc: 12.5 ms]
      [Ref Enq: 1.0 ms]
      [Redirty Cards: 0.8 ms]
      [Humongous Register: 0.2 ms]
      [Humongous Reclaim: 0.1 ms]
      [Free CSet: 0.9 ms]
   [Eden: 1784.0M(1784.0M)->0.0B(1784.0M) Survivors: 13312.0K->13312.0K Heap: 2016.2M(2996.0M)->231.7M(2996.0M)]
Heap after GC invocations=113 (full 0):
 garbage-first heap   total 3067904K, used 237304K [0x0000000704c00000, 0x0000000704d05da0, 0x00000007c0000000)
  region size 1024K, 13 young (13312K), 13 survivors (13312K)
 Metaspace       used 130779K, capacity 137866K, committed 138016K, reserved 1169408K
  class space    used 16927K, capacity 18196K, committed 18260K, reserved 1048576K
}
 [Times: user=0.10 sys=0.00, real=0.03 secs] 
2020-12-08T11:49:31.906+0000: 38191.459: Total time for which application threads were stopped: 0.0334735 seconds, Stopping threads took: 0.0001461 seconds
{Heap before GC invocations=113 (full 0):
 garbage-first heap   total 3067904K, used 2064120K [0x0000000704c00000, 0x0000000704d05da0, 0x00000007c0000000)
  region size 1024K, 1797 young (1840128K), 13 survivors (13312K)
 Metaspace       used 130782K, capacity 137866K, committed 138016K, reserved 1169408K
  class space    used 16927K, capacity 18196K, committed 18260K, reserved 1048576K
2020-12-08T11:56:00.170+0000: 38580.141: [GC pause (G1 Evacuation Pause) (young)
Desired survivor size 117964800 bytes, new threshold 15 (max 15)
- age   1:    6320288 bytes,    6320288 total
- age   2:      84608 bytes,    6404896 total
- age   3:      89872 bytes,    6494768 total
- age   4:      81992 bytes,    6576760 total
- age   5:      82440 bytes,    6659200 total
- age   6:     589144 bytes,    7248344 total
- age   7:      33416 bytes,    7281760 total
- age   8:      32296 bytes,    7314056 total
- age   9:     935968 bytes,    8250024 total
- age  10:      31968 bytes,    8281992 total
- age  11:      48928 bytes,    8330920 total
- age  12:      31888 bytes,    8362808 total
- age  13:      32288 bytes,    8395096 total
- age  14:      35840 bytes,    8430936 total
- age  15:      33216 bytes,    8464152 total
, 0.0286697 secs]
   [Parallel Time: 13.4 ms, GC Workers: 6]
      [GC Worker Start (ms): Min: 38580141.9, Avg: 38580142.1, Max: 38580142.3, Diff: 0.3]
      [Ext Root Scanning (ms): Min: 3.4, Avg: 3.7, Max: 4.0, Diff: 0.6, Sum: 21.9]
      [Update RS (ms): Min: 1.5, Avg: 1.5, Max: 1.7, Diff: 0.2, Sum: 9.2]
         [Processed Buffers: Min: 6, Avg: 20.2, Max: 52, Diff: 46, Sum: 121]
      [Scan RS (ms): Min: 2.8, Avg: 3.0, Max: 3.2, Diff: 0.5, Sum: 18.3]
      [Code Root Scanning (ms): Min: 2.4, Avg: 2.5, Max: 2.6, Diff: 0.2, Sum: 14.8]
      [Object Copy (ms): Min: 1.5, Avg: 1.7, Max: 1.8, Diff: 0.3, Sum: 10.2]
      [Termination (ms): Min: 0.0, Avg: 0.0, Max: 0.0, Diff: 0.0, Sum: 0.1]
         [Termination Attempts: Min: 1, Avg: 1.3, Max: 2, Diff: 1, Sum: 8]
      [GC Worker Other (ms): Min: 0.1, Avg: 0.3, Max: 0.4, Diff: 0.3, Sum: 1.6]
      [GC Worker Total (ms): Min: 12.4, Avg: 12.7, Max: 12.8, Diff: 0.4, Sum: 76.0]
      [GC Worker End (ms): Min: 38580154.6, Avg: 38580154.8, Max: 38580154.9, Diff: 0.3]
   [Code Root Fixup: 0.0 ms]
   [Code Root Purge: 0.0 ms]
   [Clear CT: 0.8 ms]
   [Other: 14.4 ms]
      [Choose CSet: 0.1 ms]
      [Ref Proc: 11.0 ms]
      [Ref Enq: 0.8 ms]
      [Redirty Cards: 0.8 ms]
      [Humongous Register: 0.1 ms]
      [Humongous Reclaim: 0.1 ms]
      [Free CSet: 0.7 ms]
   [Eden: 1784.0M(1784.0M)->0.0B(1784.0M) Survivors: 13312.0K->13312.0K Heap: 2015.7M(2996.0M)->231.8M(2996.0M)]
Heap after GC invocations=114 (full 0):
 garbage-first heap   total 3067904K, used 237347K [0x0000000704c00000, 0x0000000704d05da0, 0x00000007c0000000)
  region size 1024K, 13 young (13312K), 13 survivors (13312K)
 Metaspace       used 130782K, capacity 137866K, committed 138016K, reserved 1169408K
  class space    used 16927K, capacity 18196K, committed 18260K, reserved 1048576K
}
 [Times: user=0.00 sys=0.10, real=0.03 secs] 
2020-12-08T11:56:00.201+0000: 38580.173: Total time for which application threads were stopped: 0.0319808 seconds, Stopping threads took: 0.0002499 seconds
2020-12-08T12:00:59.936+0000: 38880.178: Total time for which application threads were stopped: 0.0052233 seconds, Stopping threads took: 0.0047043 seconds
{Heap before GC invocations=114 (full 0):
 garbage-first heap   total 3067904K, used 2064163K [0x0000000704c00000, 0x0000000704d05da0, 0x00000007c0000000)
  region size 1024K, 1797 young (1840128K), 13 survivors (13312K)
 Metaspace       used 130787K, capacity 137866K, committed 138016K, reserved 1169408K
  class space    used 16927K, capacity 18196K, committed 18260K, reserved 1048576K
2020-12-08T12:02:32.077+0000: 38972.456: [GC pause (G1 Evacuation Pause) (young)
Desired survivor size 117964800 bytes, new threshold 15 (max 15)
- age   1:    6329184 bytes,    6329184 total
- age   2:      87160 bytes,    6416344 total
- age   3:      82496 bytes,    6498840 total
- age   4:      89840 bytes,    6588680 total
- age   5:      81864 bytes,    6670544 total
- age   6:      81968 bytes,    6752512 total
- age   7:     539336 bytes,    7291848 total
- age   8:      33416 bytes,    7325264 total
- age   9:      32296 bytes,    7357560 total
- age  10:     935968 bytes,    8293528 total
- age  11:      31968 bytes,    8325496 total
- age  12:      48928 bytes,    8374424 total
- age  13:      31888 bytes,    8406312 total
- age  14:      32288 bytes,    8438600 total
- age  15:      35840 bytes,    8474440 total
, 0.0284325 secs]
   [Parallel Time: 13.7 ms, GC Workers: 6]
      [GC Worker Start (ms): Min: 38972456.6, Avg: 38972456.8, Max: 38972457.0, Diff: 0.4]
      [Ext Root Scanning (ms): Min: 3.3, Avg: 3.5, Max: 4.0, Diff: 0.7, Sum: 21.1]
      [Update RS (ms): Min: 1.6, Avg: 1.7, Max: 1.8, Diff: 0.2, Sum: 10.0]
         [Processed Buffers: Min: 5, Avg: 19.7, Max: 46, Diff: 41, Sum: 118]
      [Scan RS (ms): Min: 2.9, Avg: 3.0, Max: 3.1, Diff: 0.3, Sum: 18.0]
      [Code Root Scanning (ms): Min: 2.5, Avg: 2.6, Max: 2.8, Diff: 0.3, Sum: 15.5]
      [Object Copy (ms): Min: 1.6, Avg: 1.8, Max: 2.0, Diff: 0.4, Sum: 10.6]
      [Termination (ms): Min: 0.0, Avg: 0.0, Max: 0.0, Diff: 0.0, Sum: 0.0]
         [Termination Attempts: Min: 1, Avg: 1.0, Max: 1, Diff: 0, Sum: 6]
      [GC Worker Other (ms): Min: 0.1, Avg: 0.2, Max: 0.5, Diff: 0.3, Sum: 1.5]
      [GC Worker Total (ms): Min: 12.5, Avg: 12.8, Max: 13.0, Diff: 0.5, Sum: 76.8]
      [GC Worker End (ms): Min: 38972469.5, Avg: 38972469.6, Max: 38972469.7, Diff: 0.2]
   [Code Root Fixup: 0.0 ms]
   [Code Root Purge: 0.0 ms]
   [Clear CT: 0.6 ms]
   [Other: 14.1 ms]
      [Choose CSet: 0.0 ms]
      [Ref Proc: 10.2 ms]
      [Ref Enq: 0.8 ms]
      [Redirty Cards: 1.2 ms]
      [Humongous Register: 0.1 ms]
      [Humongous Reclaim: 0.1 ms]
      [Free CSet: 1.0 ms]
   [Eden: 1784.0M(1784.0M)->0.0B(1785.0M) Survivors: 13312.0K->12288.0K Heap: 2015.8M(2996.0M)->231.3M(2996.0M)]
Heap after GC invocations=115 (full 0):
 garbage-first heap   total 3067904K, used 236894K [0x0000000704c00000, 0x0000000704d05da0, 0x00000007c0000000)
  region size 1024K, 12 young (12288K), 12 survivors (12288K)
 Metaspace       used 130787K, capacity 137866K, committed 138016K, reserved 1169408K
  class space    used 16927K, capacity 18196K, committed 18260K, reserved 1048576K
}
 [Times: user=0.00 sys=0.10, real=0.03 secs] 
2020-12-08T12:02:32.108+0000: 38972.487: Total time for which application threads were stopped: 0.0315938 seconds, Stopping threads took: 0.0001305 seconds
2020-12-08T12:07:31.769+0000: 39272.488: Total time for which application threads were stopped: 0.0008893 seconds, Stopping threads took: 0.0002961 seconds
{Heap before GC invocations=115 (full 0):
 garbage-first heap   total 3067904K, used 2064734K [0x0000000704c00000, 0x0000000704d05da0, 0x00000007c0000000)
  region size 1024K, 1797 young (1840128K), 12 survivors (12288K)
 Metaspace       used 130791K, capacity 137866K, committed 138016K, reserved 1169408K
  class space    used 16927K, capacity 18196K, committed 18260K, reserved 1048576K
2020-12-08T12:09:11.472+0000: 39372.293: [GC pause (G1 Evacuation Pause) (young)
Desired survivor size 117964800 bytes, new threshold 15 (max 15)
- age   1:    6310128 bytes,    6310128 total
- age   2:      88944 bytes,    6399072 total
- age   3:      85128 bytes,    6484200 total
- age   4:      82384 bytes,    6566584 total
- age   5:      89776 bytes,    6656360 total
- age   6:      81544 bytes,    6737904 total
- age   7:      81968 bytes,    6819872 total
- age   8:     488520 bytes,    7308392 total
- age   9:      33416 bytes,    7341808 total
- age  10:      32296 bytes,    7374104 total
- age  11:     935968 bytes,    8310072 total
- age  12:      31968 bytes,    8342040 total
- age  13:      48928 bytes,    8390968 total
- age  14:      31888 bytes,    8422856 total
- age  15:      32288 bytes,    8455144 total
, 0.0336728 secs]
   [Parallel Time: 14.6 ms, GC Workers: 6]
      [GC Worker Start (ms): Min: 39372293.3, Avg: 39372293.5, Max: 39372293.7, Diff: 0.4]
      [Ext Root Scanning (ms): Min: 3.5, Avg: 3.7, Max: 3.9, Diff: 0.4, Sum: 22.0]
      [Update RS (ms): Min: 1.8, Avg: 1.9, Max: 2.0, Diff: 0.2, Sum: 11.2]
         [Processed Buffers: Min: 6, Avg: 20.5, Max: 36, Diff: 30, Sum: 123]
      [Scan RS (ms): Min: 3.1, Avg: 3.4, Max: 3.6, Diff: 0.5, Sum: 20.3]
      [Code Root Scanning (ms): Min: 2.6, Avg: 2.8, Max: 3.1, Diff: 0.5, Sum: 16.7]
      [Object Copy (ms): Min: 2.2, Avg: 2.3, Max: 2.4, Diff: 0.2, Sum: 13.6]
      [Termination (ms): Min: 0.0, Avg: 0.0, Max: 0.0, Diff: 0.0, Sum: 0.1]
         [Termination Attempts: Min: 1, Avg: 1.7, Max: 3, Diff: 2, Sum: 10]
      [GC Worker Other (ms): Min: 0.1, Avg: 0.2, Max: 0.2, Diff: 0.1, Sum: 1.0]
      [GC Worker Total (ms): Min: 14.0, Avg: 14.2, Max: 14.4, Diff: 0.4, Sum: 84.9]
      [GC Worker End (ms): Min: 39372307.6, Avg: 39372307.6, Max: 39372307.7, Diff: 0.0]
   [Code Root Fixup: 0.2 ms]
   [Code Root Purge: 0.0 ms]
   [Clear CT: 1.0 ms]
   [Other: 17.9 ms]
      [Choose CSet: 0.0 ms]
      [Ref Proc: 14.2 ms]
      [Ref Enq: 0.8 ms]
      [Redirty Cards: 0.8 ms]
      [Humongous Register: 0.1 ms]
      [Humongous Reclaim: 0.1 ms]
      [Free CSet: 1.0 ms]
   [Eden: 1785.0M(1785.0M)->0.0B(1784.0M) Survivors: 12288.0K->13312.0K Heap: 2016.3M(2996.0M)->231.9M(2996.0M)]
Heap after GC invocations=116 (full 0):
 garbage-first heap   total 3067904K, used 237448K [0x0000000704c00000, 0x0000000704d05da0, 0x00000007c0000000)
  region size 1024K, 13 young (13312K), 13 survivors (13312K)
 Metaspace       used 130791K, capacity 137866K, committed 138016K, reserved 1169408K
  class space    used 16927K, capacity 18196K, committed 18260K, reserved 1048576K
}
 [Times: user=0.11 sys=0.00, real=0.04 secs] 
2020-12-08T12:09:11.509+0000: 39372.329: Total time for which application threads were stopped: 0.0374191 seconds, Stopping threads took: 0.0001348 seconds
2020-12-08T12:14:11.170+0000: 39672.330: Total time for which application threads were stopped: 0.0008149 seconds, Stopping threads took: 0.0003773 seconds
{Heap before GC invocations=116 (full 0):
 garbage-first heap   total 3067904K, used 2064840K [0x0000000704c00000, 0x0000000704d05da0, 0x00000007c0000000)
  region size 1024K, 1797 young (1840128K), 13 survivors (13312K)
 Metaspace       used 130793K, capacity 137866K, committed 138016K, reserved 1169408K
  class space    used 16927K, capacity 18196K, committed 18260K, reserved 1048576K
2020-12-08T12:15:38.564+0000: 39759.826: [GC pause (G1 Evacuation Pause) (young)
Desired survivor size 117964800 bytes, new threshold 15 (max 15)
- age   1:    6320216 bytes,    6320216 total
- age   2:      88024 bytes,    6408240 total
- age   3:      88544 bytes,    6496784 total
- age   4:      85064 bytes,    6581848 total
- age   5:      82256 bytes,    6664104 total
- age   6:      89456 bytes,    6753560 total
- age   7:      81544 bytes,    6835104 total
- age   8:      79384 bytes,    6914488 total
- age   9:     300768 bytes,    7215256 total
- age  10:      33192 bytes,    7248448 total
- age  11:      32296 bytes,    7280744 total
- age  12:     935968 bytes,    8216712 total
- age  13:      31968 bytes,    8248680 total
- age  14:      48928 bytes,    8297608 total
- age  15:      31888 bytes,    8329496 total
, 0.0401611 secs]
   [Parallel Time: 17.7 ms, GC Workers: 6]
      [GC Worker Start (ms): Min: 39759826.5, Avg: 39759826.9, Max: 39759827.6, Diff: 1.1]
      [Ext Root Scanning (ms): Min: 3.6, Avg: 4.3, Max: 5.0, Diff: 1.4, Sum: 26.0]
      [Update RS (ms): Min: 2.3, Avg: 2.5, Max: 2.8, Diff: 0.5, Sum: 15.1]
         [Processed Buffers: Min: 6, Avg: 21.0, Max: 37, Diff: 31, Sum: 126]
      [Scan RS (ms): Min: 3.5, Avg: 3.8, Max: 4.1, Diff: 0.5, Sum: 22.7]
      [Code Root Scanning (ms): Min: 2.9, Avg: 3.2, Max: 3.4, Diff: 0.5, Sum: 19.2]
      [Object Copy (ms): Min: 2.2, Avg: 2.5, Max: 2.7, Diff: 0.5, Sum: 15.1]
      [Termination (ms): Min: 0.0, Avg: 0.0, Max: 0.0, Diff: 0.0, Sum: 0.1]
         [Termination Attempts: Min: 1, Avg: 1.0, Max: 1, Diff: 0, Sum: 6]
      [GC Worker Other (ms): Min: 0.1, Avg: 0.3, Max: 0.6, Diff: 0.5, Sum: 1.9]
      [GC Worker Total (ms): Min: 16.0, Avg: 16.7, Max: 17.1, Diff: 1.1, Sum: 100.2]
      [GC Worker End (ms): Min: 39759843.4, Avg: 39759843.6, Max: 39759843.8, Diff: 0.4]
   [Code Root Fixup: 0.0 ms]
   [Code Root Purge: 0.0 ms]
   [Clear CT: 1.1 ms]
   [Other: 21.3 ms]
      [Choose CSet: 0.0 ms]
      [Ref Proc: 16.9 ms]
      [Ref Enq: 1.1 ms]
      [Redirty Cards: 1.1 ms]
      [Humongous Register: 0.1 ms]
      [Humongous Reclaim: 0.1 ms]
      [Free CSet: 1.1 ms]
   [Eden: 1784.0M(1784.0M)->0.0B(1783.0M) Survivors: 13312.0K->14336.0K Heap: 2016.4M(2996.0M)->232.9M(2996.0M)]
Heap after GC invocations=117 (full 0):
 garbage-first heap   total 3067904K, used 238530K [0x0000000704c00000, 0x0000000704d05da0, 0x00000007c0000000)
  region size 1024K, 14 young (14336K), 14 survivors (14336K)
 Metaspace       used 130793K, capacity 137866K, committed 138016K, reserved 1169408K
  class space    used 16927K, capacity 18196K, committed 18260K, reserved 1048576K
}
 [Times: user=0.14 sys=0.00, real=0.04 secs] 
2020-12-08T12:15:38.607+0000: 39759.870: Total time for which application threads were stopped: 0.0445793 seconds, Stopping threads took: 0.0003153 seconds
2020-12-08T12:20:38.274+0000: 40059.876: Total time for which application threads were stopped: 0.0066766 seconds, Stopping threads took: 0.0061223 seconds
{Heap before GC invocations=117 (full 0):
 garbage-first heap   total 3067904K, used 2064322K [0x0000000704c00000, 0x0000000704d05da0, 0x00000007c0000000)
  region size 1024K, 1797 young (1840128K), 14 survivors (14336K)
 Metaspace       used 130793K, capacity 137866K, committed 138016K, reserved 1169408K
  class space    used 16927K, capacity 18196K, committed 18260K, reserved 1048576K
2020-12-08T12:22:16.676+0000: 40158.381: [GC pause (G1 Evacuation Pause) (young)
Desired survivor size 117964800 bytes, new threshold 15 (max 15)
- age   1:    7128336 bytes,    7128336 total
- age   2:      34760 bytes,    7163096 total
- age   3:      37144 bytes,    7200240 total
- age   4:      38288 bytes,    7238528 total
- age   5:      34112 bytes,    7272640 total
- age   6:      31824 bytes,    7304464 total
- age   7:      36720 bytes,    7341184 total
- age   8:      32040 bytes,    7373224 total
- age   9:      31920 bytes,    7405144 total
- age  10:      33896 bytes,    7439040 total
- age  11:      33192 bytes,    7472232 total
- age  12:      32296 bytes,    7504528 total
- age  13:     935792 bytes,    8440320 total
- age  14:      31968 bytes,    8472288 total
- age  15:      48928 bytes,    8521216 total
, 0.0311096 secs]
   [Parallel Time: 13.9 ms, GC Workers: 6]
      [GC Worker Start (ms): Min: 40158381.3, Avg: 40158381.5, Max: 40158381.7, Diff: 0.4]
      [Ext Root Scanning (ms): Min: 3.3, Avg: 3.5, Max: 3.9, Diff: 0.6, Sum: 21.0]
      [Update RS (ms): Min: 1.6, Avg: 1.6, Max: 1.7, Diff: 0.1, Sum: 9.7]
         [Processed Buffers: Min: 6, Avg: 20.3, Max: 33, Diff: 27, Sum: 122]
      [Scan RS (ms): Min: 2.9, Avg: 3.0, Max: 3.1, Diff: 0.2, Sum: 17.8]
      [Code Root Scanning (ms): Min: 2.3, Avg: 2.5, Max: 2.6, Diff: 0.3, Sum: 14.9]
      [Object Copy (ms): Min: 1.8, Avg: 2.0, Max: 2.2, Diff: 0.3, Sum: 12.2]
      [Termination (ms): Min: 0.0, Avg: 0.0, Max: 0.0, Diff: 0.0, Sum: 0.1]
         [Termination Attempts: Min: 1, Avg: 1.0, Max: 1, Diff: 0, Sum: 6]
      [GC Worker Other (ms): Min: 0.1, Avg: 0.3, Max: 0.6, Diff: 0.5, Sum: 1.9]
      [GC Worker Total (ms): Min: 12.7, Avg: 12.9, Max: 13.1, Diff: 0.5, Sum: 77.6]
      [GC Worker End (ms): Min: 40158394.2, Avg: 40158394.4, Max: 40158394.6, Diff: 0.4]
   [Code Root Fixup: 0.0 ms]
   [Code Root Purge: 0.0 ms]
   [Clear CT: 0.8 ms]
   [Other: 16.5 ms]
      [Choose CSet: 0.0 ms]
      [Ref Proc: 12.8 ms]
      [Ref Enq: 0.7 ms]
      [Redirty Cards: 1.0 ms]
      [Humongous Register: 0.1 ms]
      [Humongous Reclaim: 0.1 ms]
      [Free CSet: 0.9 ms]
   [Eden: 1783.0M(1783.0M)->0.0B(1784.0M) Survivors: 14336.0K->13312.0K Heap: 2015.9M(2996.0M)->232.5M(2996.0M)]
Heap after GC invocations=118 (full 0):
 garbage-first heap   total 3067904K, used 238078K [0x0000000704c00000, 0x0000000704d05da0, 0x00000007c0000000)
  region size 1024K, 13 young (13312K), 13 survivors (13312K)
 Metaspace       used 130793K, capacity 137866K, committed 138016K, reserved 1169408K
  class space    used 16927K, capacity 18196K, committed 18260K, reserved 1048576K
}
 [Times: user=0.00 sys=0.11, real=0.03 secs] 
2020-12-08T12:22:16.710+0000: 40158.415: Total time for which application threads were stopped: 0.0345631 seconds, Stopping threads took: 0.0001509 seconds
2020-12-08T12:27:16.372+0000: 40458.416: Total time for which application threads were stopped: 0.0012487 seconds, Stopping threads took: 0.0006547 seconds
{Heap before GC invocations=118 (full 0):
 garbage-first heap   total 3067904K, used 2064894K [0x0000000704c00000, 0x0000000704d05da0, 0x00000007c0000000)
  region size 1024K, 1797 young (1840128K), 13 survivors (13312K)
 Metaspace       used 130793K, capacity 137866K, committed 138016K, reserved 1169408K
  class space    used 16927K, capacity 18196K, committed 18260K, reserved 1048576K
2020-12-08T12:28:59.218+0000: 40561.398: [GC pause (G1 Evacuation Pause) (young)
Desired survivor size 117964800 bytes, new threshold 15 (max 15)
- age   1:    6315640 bytes,    6315640 total
- age   2:     793616 bytes,    7109256 total
- age   3:      34112 bytes,    7143368 total
- age   4:      37144 bytes,    7180512 total
- age   5:      38048 bytes,    7218560 total
- age   6:      33744 bytes,    7252304 total
- age   7:      31824 bytes,    7284128 total
- age   8:      36720 bytes,    7320848 total
- age   9:      32040 bytes,    7352888 total
- age  10:      31920 bytes,    7384808 total
- age  11:      33896 bytes,    7418704 total
- age  12:      33192 bytes,    7451896 total
- age  13:      32296 bytes,    7484192 total
- age  14:     935792 bytes,    8419984 total
- age  15:      31968 bytes,    8451952 total
, 0.0334676 secs]
   [Parallel Time: 16.7 ms, GC Workers: 6]
      [GC Worker Start (ms): Min: 40561398.7, Avg: 40561398.9, Max: 40561399.1, Diff: 0.4]
      [Ext Root Scanning (ms): Min: 3.5, Avg: 3.7, Max: 4.1, Diff: 0.6, Sum: 22.2]
      [Update RS (ms): Min: 2.2, Avg: 2.5, Max: 3.2, Diff: 1.0, Sum: 15.0]
         [Processed Buffers: Min: 8, Avg: 19.7, Max: 46, Diff: 38, Sum: 118]
      [Scan RS (ms): Min: 3.4, Avg: 3.8, Max: 4.1, Diff: 0.6, Sum: 22.9]
      [Code Root Scanning (ms): Min: 2.8, Avg: 3.1, Max: 3.4, Diff: 0.6, Sum: 18.5]
      [Object Copy (ms): Min: 2.1, Avg: 2.3, Max: 2.4, Diff: 0.3, Sum: 13.8]
      [Termination (ms): Min: 0.0, Avg: 0.0, Max: 0.0, Diff: 0.0, Sum: 0.1]
         [Termination Attempts: Min: 1, Avg: 1.0, Max: 1, Diff: 0, Sum: 6]
      [GC Worker Other (ms): Min: 0.1, Avg: 0.3, Max: 0.6, Diff: 0.5, Sum: 1.8]
      [GC Worker Total (ms): Min: 15.3, Avg: 15.7, Max: 16.1, Diff: 0.7, Sum: 94.4]
      [GC Worker End (ms): Min: 40561414.4, Avg: 40561414.6, Max: 40561414.8, Diff: 0.4]
   [Code Root Fixup: 0.0 ms]
   [Code Root Purge: 0.0 ms]
   [Clear CT: 0.7 ms]
   [Other: 16.0 ms]
      [Choose CSet: 0.0 ms]
      [Ref Proc: 12.6 ms]
      [Ref Enq: 0.8 ms]
      [Redirty Cards: 0.9 ms]
      [Humongous Register: 0.1 ms]
      [Humongous Reclaim: 0.1 ms]
      [Free CSet: 0.8 ms]
   [Eden: 1784.0M(1784.0M)->0.0B(1784.0M) Survivors: 13312.0K->13312.0K Heap: 2016.5M(2996.0M)->232.1M(2996.0M)]
Heap after GC invocations=119 (full 0):
 garbage-first heap   total 3067904K, used 237626K [0x0000000704c00000, 0x0000000704d05da0, 0x00000007c0000000)
  region size 1024K, 13 young (13312K), 13 survivors (13312K)
 Metaspace       used 130793K, capacity 137866K, committed 138016K, reserved 1169408K
  class space    used 16927K, capacity 18196K, committed 18260K, reserved 1048576K
}
 [Times: user=0.00 sys=0.12, real=0.03 secs] 
2020-12-08T12:28:59.254+0000: 40561.434: Total time for which application threads were stopped: 0.0370254 seconds, Stopping threads took: 0.0003282 seconds
{Heap before GC invocations=119 (full 0):
 garbage-first heap   total 3067904K, used 2064442K [0x0000000704c00000, 0x0000000704d05da0, 0x00000007c0000000)
  region size 1024K, 1797 young (1840128K), 13 survivors (13312K)
 Metaspace       used 130793K, capacity 137866K, committed 138016K, reserved 1169408K
  class space    used 16927K, capacity 18196K, committed 18260K, reserved 1048576K
2020-12-08T12:35:32.259+0000: 40954.881: [GC pause (G1 Evacuation Pause) (young)
Desired survivor size 117964800 bytes, new threshold 15 (max 15)
- age   1:    6345416 bytes,    6345416 total
- age   2:      84512 bytes,    6429928 total
- age   3:     740520 bytes,    7170448 total
- age   4:      34080 bytes,    7204528 total
- age   5:      35384 bytes,    7239912 total
- age   6:      37728 bytes,    7277640 total
- age   7:      33744 bytes,    7311384 total
- age   8:      31824 bytes,    7343208 total
- age   9:      36720 bytes,    7379928 total
- age  10:      32040 bytes,    7411968 total
- age  11:      31920 bytes,    7443888 total
- age  12:      33896 bytes,    7477784 total
- age  13:      33192 bytes,    7510976 total
- age  14:      32296 bytes,    7543272 total
- age  15:     935792 bytes,    8479064 total
, 0.0359104 secs]
   [Parallel Time: 14.7 ms, GC Workers: 6]
      [GC Worker Start (ms): Min: 40954881.3, Avg: 40954881.4, Max: 40954881.6, Diff: 0.3]
      [Ext Root Scanning (ms): Min: 3.5, Avg: 3.7, Max: 4.0, Diff: 0.5, Sum: 22.3]
      [Update RS (ms): Min: 1.6, Avg: 1.6, Max: 1.8, Diff: 0.2, Sum: 9.7]
         [Processed Buffers: Min: 5, Avg: 19.8, Max: 39, Diff: 34, Sum: 119]
      [Scan RS (ms): Min: 3.1, Avg: 3.3, Max: 3.5, Diff: 0.4, Sum: 19.5]
      [Code Root Scanning (ms): Min: 2.6, Avg: 2.8, Max: 2.9, Diff: 0.3, Sum: 16.6]
      [Object Copy (ms): Min: 2.1, Avg: 2.3, Max: 2.5, Diff: 0.3, Sum: 13.6]
      [Termination (ms): Min: 0.0, Avg: 0.0, Max: 0.1, Diff: 0.1, Sum: 0.3]
         [Termination Attempts: Min: 1, Avg: 1.0, Max: 1, Diff: 0, Sum: 6]
      [GC Worker Other (ms): Min: 0.1, Avg: 0.2, Max: 0.4, Diff: 0.3, Sum: 1.4]
      [GC Worker Total (ms): Min: 13.6, Avg: 13.9, Max: 14.2, Diff: 0.6, Sum: 83.5]
      [GC Worker End (ms): Min: 40954895.2, Avg: 40954895.4, Max: 40954895.5, Diff: 0.3]
   [Code Root Fixup: 0.1 ms]
   [Code Root Purge: 0.0 ms]
   [Clear CT: 0.9 ms]
   [Other: 20.1 ms]
      [Choose CSet: 0.0 ms]
      [Ref Proc: 15.5 ms]
      [Ref Enq: 0.7 ms]
      [Redirty Cards: 2.1 ms]
      [Humongous Register: 0.1 ms]
      [Humongous Reclaim: 0.1 ms]
      [Free CSet: 0.9 ms]
   [Eden: 1784.0M(1784.0M)->0.0B(1784.0M) Survivors: 13312.0K->13312.0K Heap: 2016.1M(2996.0M)->233.0M(2996.0M)]
Heap after GC invocations=120 (full 0):
 garbage-first heap   total 3067904K, used 238556K [0x0000000704c00000, 0x0000000704d05da0, 0x00000007c0000000)
  region size 1024K, 13 young (13312K), 13 survivors (13312K)
 Metaspace       used 130793K, capacity 137866K, committed 138016K, reserved 1169408K
  class space    used 16927K, capacity 18196K, committed 18260K, reserved 1048576K
}
 [Times: user=0.00 sys=0.11, real=0.04 secs] 
2020-12-08T12:35:32.297+0000: 40954.919: Total time for which application threads were stopped: 0.0389377 seconds, Stopping threads took: 0.0001744 seconds
{Heap before GC invocations=120 (full 0):
 garbage-first heap   total 3067904K, used 2065372K [0x0000000704c00000, 0x0000000704d05da0, 0x00000007c0000000)
  region size 1024K, 1797 young (1840128K), 13 survivors (13312K)
 Metaspace       used 130793K, capacity 137866K, committed 138016K, reserved 1169408K
  class space    used 16927K, capacity 18196K, committed 18260K, reserved 1048576K
2020-12-08T12:41:59.272+0000: 41342.385: [GC pause (G1 Evacuation Pause) (young)
Desired survivor size 117964800 bytes, new threshold 15 (max 15)
- age   1:    6310400 bytes,    6310400 total
- age   2:      87384 bytes,    6397784 total
- age   3:      84120 bytes,    6481904 total
- age   4:     689200 bytes,    7171104 total
- age   5:      33768 bytes,    7204872 total
- age   6:      35104 bytes,    7239976 total
- age   7:      35960 bytes,    7275936 total
- age   8:      33584 bytes,    7309520 total
- age   9:      31824 bytes,    7341344 total
- age  10:      34320 bytes,    7375664 total
- age  11:      32040 bytes,    7407704 total
- age  12:      31920 bytes,    7439624 total
- age  13:      33896 bytes,    7473520 total
- age  14:      33192 bytes,    7506712 total
- age  15:      32296 bytes,    7539008 total
, 0.0295234 secs]
   [Parallel Time: 14.0 ms, GC Workers: 6]
      [GC Worker Start (ms): Min: 41342385.7, Avg: 41342385.9, Max: 41342386.2, Diff: 0.4]
      [Ext Root Scanning (ms): Min: 3.2, Avg: 3.5, Max: 3.9, Diff: 0.7, Sum: 21.2]
      [Update RS (ms): Min: 1.8, Avg: 2.0, Max: 2.1, Diff: 0.3, Sum: 11.7]
         [Processed Buffers: Min: 6, Avg: 20.0, Max: 55, Diff: 49, Sum: 120]
      [Scan RS (ms): Min: 2.9, Avg: 3.0, Max: 3.1, Diff: 0.3, Sum: 18.1]
      [Code Root Scanning (ms): Min: 2.4, Avg: 2.5, Max: 2.6, Diff: 0.2, Sum: 15.0]
      [Object Copy (ms): Min: 1.7, Avg: 1.8, Max: 2.0, Diff: 0.3, Sum: 11.1]
      [Termination (ms): Min: 0.0, Avg: 0.0, Max: 0.1, Diff: 0.1, Sum: 0.1]
         [Termination Attempts: Min: 1, Avg: 2.2, Max: 4, Diff: 3, Sum: 13]
      [GC Worker Other (ms): Min: 0.2, Avg: 0.3, Max: 0.5, Diff: 0.4, Sum: 1.8]
      [GC Worker Total (ms): Min: 12.9, Avg: 13.2, Max: 13.4, Diff: 0.5, Sum: 79.1]
      [GC Worker End (ms): Min: 41342399.0, Avg: 41342399.1, Max: 41342399.3, Diff: 0.3]
   [Code Root Fixup: 0.1 ms]
   [Code Root Purge: 0.0 ms]
   [Clear CT: 0.7 ms]
   [Other: 14.7 ms]
      [Choose CSet: 0.0 ms]
      [Ref Proc: 11.3 ms]
      [Ref Enq: 0.8 ms]
      [Redirty Cards: 0.9 ms]
      [Humongous Register: 0.1 ms]
      [Humongous Reclaim: 0.0 ms]
      [Free CSet: 0.8 ms]
   [Eden: 1784.0M(1784.0M)->0.0B(1785.0M) Survivors: 13312.0K->12288.0K Heap: 2017.0M(2996.0M)->232.7M(2996.0M)]
Heap after GC invocations=121 (full 0):
 garbage-first heap   total 3067904K, used 238318K [0x0000000704c00000, 0x0000000704d05da0, 0x00000007c0000000)
  region size 1024K, 12 young (12288K), 12 survivors (12288K)
 Metaspace       used 130793K, capacity 137866K, committed 138016K, reserved 1169408K
  class space    used 16927K, capacity 18196K, committed 18260K, reserved 1048576K
}
 [Times: user=0.10 sys=0.00, real=0.03 secs] 
2020-12-08T12:41:59.303+0000: 41342.417: Total time for which application threads were stopped: 0.0321071 seconds, Stopping threads took: 0.0001609 seconds
2020-12-08T12:46:58.961+0000: 41642.417: Total time for which application threads were stopped: 0.0006036 seconds, Stopping threads took: 0.0001819 seconds
{Heap before GC invocations=121 (full 0):
 garbage-first heap   total 3067904K, used 2066158K [0x0000000704c00000, 0x0000000704d05da0, 0x00000007c0000000)
  region size 1024K, 1797 young (1840128K), 12 survivors (12288K)
 Metaspace       used 130795K, capacity 137866K, committed 138016K, reserved 1169408K
  class space    used 16927K, capacity 18196K, committed 18260K, reserved 1048576K
2020-12-08T12:48:32.168+0000: 41735.727: [GC pause (G1 Evacuation Pause) (young)
Desired survivor size 117964800 bytes, new threshold 15 (max 15)
- age   1:    6329528 bytes,    6329528 total
- age   2:      90544 bytes,    6420072 total
- age   3:      87024 bytes,    6507096 total
- age   4:      84120 bytes,    6591216 total
- age   5:     637504 bytes,    7228720 total
- age   6:      33448 bytes,    7262168 total
- age   7:      35104 bytes,    7297272 total
- age   8:      35960 bytes,    7333232 total
- age   9:      33584 bytes,    7366816 total
- age  10:      31824 bytes,    7398640 total
- age  11:      34320 bytes,    7432960 total
- age  12:      32040 bytes,    7465000 total
- age  13:      31920 bytes,    7496920 total
- age  14:      33896 bytes,    7530816 total
- age  15:      33192 bytes,    7564008 total
, 0.0359667 secs]
   [Parallel Time: 16.2 ms, GC Workers: 6]
      [GC Worker Start (ms): Min: 41735727.5, Avg: 41735727.7, Max: 41735727.9, Diff: 0.4]
      [Ext Root Scanning (ms): Min: 3.6, Avg: 4.0, Max: 4.4, Diff: 0.8, Sum: 24.2]
      [Update RS (ms): Min: 2.1, Avg: 2.2, Max: 2.5, Diff: 0.4, Sum: 13.3]
         [Processed Buffers: Min: 5, Avg: 20.3, Max: 37, Diff: 32, Sum: 122]
      [Scan RS (ms): Min: 3.7, Avg: 4.0, Max: 4.2, Diff: 0.5, Sum: 23.9]
      [Code Root Scanning (ms): Min: 3.1, Avg: 3.2, Max: 3.4, Diff: 0.4, Sum: 19.3]
      [Object Copy (ms): Min: 1.7, Avg: 2.0, Max: 2.2, Diff: 0.5, Sum: 11.7]
      [Termination (ms): Min: 0.0, Avg: 0.0, Max: 0.0, Diff: 0.0, Sum: 0.0]
         [Termination Attempts: Min: 1, Avg: 1.0, Max: 1, Diff: 0, Sum: 6]
      [GC Worker Other (ms): Min: 0.1, Avg: 0.3, Max: 0.5, Diff: 0.4, Sum: 1.5]
      [GC Worker Total (ms): Min: 15.4, Avg: 15.7, Max: 15.9, Diff: 0.5, Sum: 94.1]
      [GC Worker End (ms): Min: 41735743.2, Avg: 41735743.4, Max: 41735743.5, Diff: 0.3]
   [Code Root Fixup: 0.0 ms]
   [Code Root Purge: 0.0 ms]
   [Clear CT: 0.7 ms]
   [Other: 19.0 ms]
      [Choose CSet: 0.0 ms]
      [Ref Proc: 14.7 ms]
      [Ref Enq: 1.0 ms]
      [Redirty Cards: 1.1 ms]
      [Humongous Register: 0.1 ms]
      [Humongous Reclaim: 0.2 ms]
      [Free CSet: 1.1 ms]
   [Eden: 1785.0M(1785.0M)->0.0B(1784.0M) Survivors: 12288.0K->13312.0K Heap: 2017.7M(2996.0M)->233.3M(2996.0M)]
Heap after GC invocations=122 (full 0):
 garbage-first heap   total 3067904K, used 238896K [0x0000000704c00000, 0x0000000704d05da0, 0x00000007c0000000)
  region size 1024K, 13 young (13312K), 13 survivors (13312K)
 Metaspace       used 130795K, capacity 137866K, committed 138016K, reserved 1169408K
  class space    used 16927K, capacity 18196K, committed 18260K, reserved 1048576K
}
 [Times: user=0.12 sys=0.00, real=0.04 secs] 
2020-12-08T12:48:32.207+0000: 41735.766: Total time for which application threads were stopped: 0.0404514 seconds, Stopping threads took: 0.0006162 seconds
{Heap before GC invocations=122 (full 0):
 garbage-first heap   total 3067904K, used 2065712K [0x0000000704c00000, 0x0000000704d05da0, 0x00000007c0000000)
  region size 1024K, 1797 young (1840128K), 13 survivors (13312K)
 Metaspace       used 130795K, capacity 137866K, committed 138016K, reserved 1169408K
  class space    used 16927K, capacity 18196K, committed 18260K, reserved 1048576K
2020-12-08T12:55:11.173+0000: 42135.177: [GC pause (G1 Evacuation Pause) (young)
Desired survivor size 117964800 bytes, new threshold 15 (max 15)
- age   1:    6355640 bytes,    6355640 total
- age   2:      91248 bytes,    6446888 total
- age   3:      88312 bytes,    6535200 total
- age   4:      86720 bytes,    6621920 total
- age   5:      83992 bytes,    6705912 total
- age   6:     586832 bytes,    7292744 total
- age   7:      33288 bytes,    7326032 total
- age   8:      35104 bytes,    7361136 total
- age   9:      35728 bytes,    7396864 total
- age  10:      31152 bytes,    7428016 total
- age  11:      31824 bytes,    7459840 total
- age  12:      34320 bytes,    7494160 total
- age  13:      32040 bytes,    7526200 total
- age  14:      31920 bytes,    7558120 total
- age  15:      33896 bytes,    7592016 total
, 0.0299122 secs]
   [Parallel Time: 13.5 ms, GC Workers: 6]
      [GC Worker Start (ms): Min: 42135177.6, Avg: 42135177.8, Max: 42135178.0, Diff: 0.4]
      [Ext Root Scanning (ms): Min: 3.1, Avg: 3.4, Max: 3.8, Diff: 0.7, Sum: 20.3]
      [Update RS (ms): Min: 1.6, Avg: 1.7, Max: 1.8, Diff: 0.2, Sum: 9.9]
         [Processed Buffers: Min: 9, Avg: 19.7, Max: 32, Diff: 23, Sum: 118]
      [Scan RS (ms): Min: 2.8, Avg: 2.9, Max: 3.0, Diff: 0.2, Sum: 17.5]
      [Code Root Scanning (ms): Min: 2.4, Avg: 2.5, Max: 2.5, Diff: 0.1, Sum: 14.7]
      [Object Copy (ms): Min: 1.7, Avg: 1.9, Max: 2.0, Diff: 0.3, Sum: 11.2]
      [Termination (ms): Min: 0.0, Avg: 0.0, Max: 0.1, Diff: 0.1, Sum: 0.1]
         [Termination Attempts: Min: 1, Avg: 2.5, Max: 5, Diff: 4, Sum: 15]
      [GC Worker Other (ms): Min: 0.2, Avg: 0.3, Max: 0.4, Diff: 0.3, Sum: 1.6]
      [GC Worker Total (ms): Min: 12.5, Avg: 12.6, Max: 12.8, Diff: 0.3, Sum: 75.5]
      [GC Worker End (ms): Min: 42135190.3, Avg: 42135190.4, Max: 42135190.6, Diff: 0.3]
   [Code Root Fixup: 0.0 ms]
   [Code Root Purge: 0.1 ms]
   [Clear CT: 1.1 ms]
   [Other: 15.2 ms]
      [Choose CSet: 0.0 ms]
      [Ref Proc: 11.6 ms]
      [Ref Enq: 1.0 ms]
      [Redirty Cards: 0.8 ms]
      [Humongous Register: 0.1 ms]
      [Humongous Reclaim: 0.2 ms]
      [Free CSet: 0.9 ms]
   [Eden: 1784.0M(1784.0M)->0.0B(1785.0M) Survivors: 13312.0K->12288.0K Heap: 2017.3M(2996.0M)->232.8M(2996.0M)]
Heap after GC invocations=123 (full 0):
 garbage-first heap   total 3067904K, used 238427K [0x0000000704c00000, 0x0000000704d05da0, 0x00000007c0000000)
  region size 1024K, 12 young (12288K), 12 survivors (12288K)
 Metaspace       used 130795K, capacity 137866K, committed 138016K, reserved 1169408K
  class space    used 16927K, capacity 18196K, committed 18260K, reserved 1048576K
}
 [Times: user=0.00 sys=0.10, real=0.03 secs] 
2020-12-08T12:55:11.207+0000: 42135.211: Total time for which application threads were stopped: 0.0350320 seconds, Stopping threads took: 0.0002582 seconds
2020-12-08T13:00:10.866+0000: 42435.213: Total time for which application threads were stopped: 0.0008571 seconds, Stopping threads took: 0.0002823 seconds
{Heap before GC invocations=123 (full 0):
 garbage-first heap   total 3067904K, used 2066267K [0x0000000704c00000, 0x0000000704d05da0, 0x00000007c0000000)
  region size 1024K, 1797 young (1840128K), 12 survivors (12288K)
 Metaspace       used 130798K, capacity 137962K, committed 138016K, reserved 1169408K
  class space    used 16928K, capacity 18228K, committed 18260K, reserved 1048576K
2020-12-08T13:01:47.971+0000: 42532.421: [GC pause (G1 Evacuation Pause) (young)
Desired survivor size 117964800 bytes, new threshold 15 (max 15)
- age   1:    6319912 bytes,    6319912 total
- age   2:      88000 bytes,    6407912 total
- age   3:      90600 bytes,    6498512 total
- age   4:      88280 bytes,    6586792 total
- age   5:      86472 bytes,    6673264 total
- age   6:      83600 bytes,    6756864 total
- age   7:     534584 bytes,    7291448 total
- age   8:      33288 bytes,    7324736 total
- age   9:      35104 bytes,    7359840 total
- age  10:      35728 bytes,    7395568 total
- age  11:      31152 bytes,    7426720 total
- age  12:      31824 bytes,    7458544 total
- age  13:      34320 bytes,    7492864 total
- age  14:      32040 bytes,    7524904 total
- age  15:      31920 bytes,    7556824 total
, 0.0303076 secs]
   [Parallel Time: 13.5 ms, GC Workers: 6]
      [GC Worker Start (ms): Min: 42532421.9, Avg: 42532422.0, Max: 42532422.2, Diff: 0.3]
      [Ext Root Scanning (ms): Min: 3.6, Avg: 3.8, Max: 4.1, Diff: 0.4, Sum: 23.0]
      [Update RS (ms): Min: 1.4, Avg: 1.6, Max: 1.8, Diff: 0.4, Sum: 9.4]
         [Processed Buffers: Min: 5, Avg: 19.7, Max: 45, Diff: 40, Sum: 118]
      [Scan RS (ms): Min: 2.7, Avg: 2.9, Max: 3.2, Diff: 0.5, Sum: 17.5]
      [Code Root Scanning (ms): Min: 2.2, Avg: 2.4, Max: 2.6, Diff: 0.4, Sum: 14.2]
      [Object Copy (ms): Min: 1.5, Avg: 1.7, Max: 1.8, Diff: 0.2, Sum: 10.0]
      [Termination (ms): Min: 0.0, Avg: 0.0, Max: 0.1, Diff: 0.0, Sum: 0.2]
         [Termination Attempts: Min: 1, Avg: 1.0, Max: 1, Diff: 0, Sum: 6]
      [GC Worker Other (ms): Min: 0.1, Avg: 0.1, Max: 0.2, Diff: 0.1, Sum: 0.8]
      [GC Worker Total (ms): Min: 12.3, Avg: 12.5, Max: 12.8, Diff: 0.4, Sum: 75.2]
      [GC Worker End (ms): Min: 42532434.5, Avg: 42532434.6, Max: 42532434.7, Diff: 0.1]
   [Code Root Fixup: 0.0 ms]
   [Code Root Purge: 0.0 ms]
   [Clear CT: 0.6 ms]
   [Other: 16.2 ms]
      [Choose CSet: 0.0 ms]
      [Ref Proc: 12.1 ms]
      [Ref Enq: 1.0 ms]
      [Redirty Cards: 1.3 ms]
      [Humongous Register: 0.1 ms]
      [Humongous Reclaim: 0.0 ms]
      [Free CSet: 0.8 ms]
   [Eden: 1785.0M(1785.0M)->0.0B(1783.0M) Survivors: 12288.0K->14336.0K Heap: 2017.8M(2996.0M)->234.9M(2996.0M)]
Heap after GC invocations=124 (full 0):
 garbage-first heap   total 3067904K, used 240523K [0x0000000704c00000, 0x0000000704d05da0, 0x00000007c0000000)
  region size 1024K, 14 young (14336K), 14 survivors (14336K)
 Metaspace       used 130798K, capacity 137962K, committed 138016K, reserved 1169408K
  class space    used 16928K, capacity 18228K, committed 18260K, reserved 1048576K
}
 [Times: user=0.00 sys=0.10, real=0.03 secs] 
2020-12-08T13:01:48.003+0000: 42532.453: Total time for which application threads were stopped: 0.0332384 seconds, Stopping threads took: 0.0002720 seconds
2020-12-08T13:06:47.691+0000: 42832.459: Total time for which application threads were stopped: 0.0050133 seconds, Stopping threads took: 0.0044012 seconds
{Heap before GC invocations=124 (full 0):
 garbage-first heap   total 3067904K, used 2066315K [0x0000000704c00000, 0x0000000704d05da0, 0x00000007c0000000)
  region size 1024K, 1797 young (1840128K), 14 survivors (14336K)
 Metaspace       used 130798K, capacity 137962K, committed 138016K, reserved 1169408K
  class space    used 16928K, capacity 18228K, committed 18260K, reserved 1048576K
2020-12-08T13:08:26.315+0000: 42931.185: [GC pause (G1 Evacuation Pause) (young)
Desired survivor size 117964800 bytes, new threshold 15 (max 15)
- age   1:    6329160 bytes,    6329160 total
- age   2:      87064 bytes,    6416224 total
- age   3:      87416 bytes,    6503640 total
- age   4:      88992 bytes,    6592632 total
- age   5:      88080 bytes,    6680712 total
- age   6:      86152 bytes,    6766864 total
- age   7:      83600 bytes,    6850464 total
- age   8:     343016 bytes,    7193480 total
- age   9:      33288 bytes,    7226768 total
- age  10:      35104 bytes,    7261872 total
- age  11:      35664 bytes,    7297536 total
- age  12:      31152 bytes,    7328688 total
- age  13:      31824 bytes,    7360512 total
- age  14:      34320 bytes,    7394832 total
- age  15:      32040 bytes,    7426872 total
, 0.0325427 secs]
   [Parallel Time: 15.4 ms, GC Workers: 6]
      [GC Worker Start (ms): Min: 42931185.2, Avg: 42931185.4, Max: 42931185.7, Diff: 0.5]
      [Ext Root Scanning (ms): Min: 3.9, Avg: 4.1, Max: 4.5, Diff: 0.6, Sum: 24.7]
      [Update RS (ms): Min: 1.8, Avg: 1.9, Max: 2.2, Diff: 0.4, Sum: 11.6]
         [Processed Buffers: Min: 9, Avg: 20.0, Max: 40, Diff: 31, Sum: 120]
      [Scan RS (ms): Min: 3.2, Avg: 3.4, Max: 3.6, Diff: 0.4, Sum: 20.5]
      [Code Root Scanning (ms): Min: 2.8, Avg: 3.1, Max: 3.2, Diff: 0.4, Sum: 18.4]
      [Object Copy (ms): Min: 1.8, Avg: 2.0, Max: 2.1, Diff: 0.3, Sum: 12.1]
      [Termination (ms): Min: 0.0, Avg: 0.0, Max: 0.0, Diff: 0.0, Sum: 0.1]
         [Termination Attempts: Min: 1, Avg: 1.3, Max: 2, Diff: 1, Sum: 8]
      [GC Worker Other (ms): Min: 0.2, Avg: 0.3, Max: 0.4, Diff: 0.3, Sum: 1.7]
      [GC Worker Total (ms): Min: 14.6, Avg: 14.8, Max: 15.2, Diff: 0.7, Sum: 89.1]
      [GC Worker End (ms): Min: 42931200.1, Avg: 42931200.3, Max: 42931200.4, Diff: 0.3]
   [Code Root Fixup: 0.0 ms]
   [Code Root Purge: 0.0 ms]
   [Clear CT: 0.8 ms]
   [Other: 16.3 ms]
      [Choose CSet: 0.1 ms]
      [Ref Proc: 12.6 ms]
      [Ref Enq: 0.9 ms]
      [Redirty Cards: 0.9 ms]
      [Humongous Register: 0.2 ms]
      [Humongous Reclaim: 0.1 ms]
      [Free CSet: 0.7 ms]
   [Eden: 1783.0M(1783.0M)->0.0B(1785.0M) Survivors: 14336.0K->12288.0K Heap: 2017.9M(2996.0M)->232.4M(2996.0M)]
Heap after GC invocations=125 (full 0):
 garbage-first heap   total 3067904K, used 238005K [0x0000000704c00000, 0x0000000704d05da0, 0x00000007c0000000)
  region size 1024K, 12 young (12288K), 12 survivors (12288K)
 Metaspace       used 130798K, capacity 137962K, committed 138016K, reserved 1169408K
  class space    used 16928K, capacity 18228K, committed 18260K, reserved 1048576K
}
 [Times: user=0.00 sys=0.11, real=0.03 secs] 
2020-12-08T13:08:26.350+0000: 42931.220: Total time for which application threads were stopped: 0.0415705 seconds, Stopping threads took: 0.0060429 seconds
2020-12-08T13:13:26.276+0000: 43231.519: Total time for which application threads were stopped: 0.0024055 seconds, Stopping threads took: 0.0002397 seconds
{Heap before GC invocations=125 (full 0):
 garbage-first heap   total 3067904K, used 2066422K [0x0000000704c00000, 0x0000000704d05da0, 0x00000007c0000000)
  region size 1024K, 1797 young (1840128K), 12 survivors (12288K)
 Metaspace       used 130801K, capacity 137962K, committed 138016K, reserved 1169408K
  class space    used 16928K, capacity 18228K, committed 18260K, reserved 1048576K
2020-12-08T13:14:53.977+0000: 43319.288: [GC pause (G1 Evacuation Pause) (young)
Desired survivor size 117964800 bytes, new threshold 15 (max 15)
- age   1:    6334664 bytes,    6334664 total
- age   2:      86896 bytes,    6421560 total
- age   3:      84880 bytes,    6506440 total
- age   4:      87352 bytes,    6593792 total
- age   5:      88864 bytes,    6682656 total
- age   6:      87824 bytes,    6770480 total
- age   7:      86152 bytes,    6856632 total
- age   8:      79512 bytes,    6936144 total
- age   9:     295152 bytes,    7231296 total
- age  10:      33064 bytes,    7264360 total
- age  11:      35104 bytes,    7299464 total
- age  12:      35664 bytes,    7335128 total
- age  13:      31152 bytes,    7366280 total
- age  14:      31824 bytes,    7398104 total
- age  15:      34320 bytes,    7432424 total
, 0.0313980 secs]
   [Parallel Time: 14.4 ms, GC Workers: 6]
      [GC Worker Start (ms): Min: 43319288.1, Avg: 43319288.3, Max: 43319288.5, Diff: 0.3]
      [Ext Root Scanning (ms): Min: 3.3, Avg: 3.5, Max: 3.9, Diff: 0.6, Sum: 21.3]
      [Update RS (ms): Min: 2.0, Avg: 2.2, Max: 2.6, Diff: 0.6, Sum: 13.0]
         [Processed Buffers: Min: 7, Avg: 20.8, Max: 32, Diff: 25, Sum: 125]
      [Scan RS (ms): Min: 2.8, Avg: 3.1, Max: 3.5, Diff: 0.7, Sum: 18.8]
      [Code Root Scanning (ms): Min: 2.3, Avg: 2.6, Max: 3.0, Diff: 0.7, Sum: 15.7]
      [Object Copy (ms): Min: 1.6, Avg: 1.9, Max: 2.2, Diff: 0.5, Sum: 11.6]
      [Termination (ms): Min: 0.0, Avg: 0.0, Max: 0.1, Diff: 0.0, Sum: 0.2]
         [Termination Attempts: Min: 1, Avg: 1.0, Max: 1, Diff: 0, Sum: 6]
      [GC Worker Other (ms): Min: 0.1, Avg: 0.3, Max: 0.5, Diff: 0.4, Sum: 1.5]
      [GC Worker Total (ms): Min: 13.5, Avg: 13.7, Max: 14.0, Diff: 0.5, Sum: 82.1]
      [GC Worker End (ms): Min: 43319301.9, Avg: 43319302.0, Max: 43319302.1, Diff: 0.2]
   [Code Root Fixup: 0.0 ms]
   [Code Root Purge: 0.0 ms]
   [Clear CT: 0.5 ms]
   [Other: 16.5 ms]
      [Choose CSet: 0.0 ms]
      [Ref Proc: 12.6 ms]
      [Ref Enq: 1.1 ms]
      [Redirty Cards: 0.8 ms]
      [Humongous Register: 0.1 ms]
      [Humongous Reclaim: 0.1 ms]
      [Free CSet: 0.9 ms]
   [Eden: 1785.0M(1785.0M)->0.0B(1785.0M) Survivors: 12288.0K->12288.0K Heap: 2018.0M(2996.0M)->233.0M(2996.0M)]
Heap after GC invocations=126 (full 0):
 garbage-first heap   total 3067904K, used 238570K [0x0000000704c00000, 0x0000000704d05da0, 0x00000007c0000000)
  region size 1024K, 12 young (12288K), 12 survivors (12288K)
 Metaspace       used 130801K, capacity 137962K, committed 138016K, reserved 1169408K
  class space    used 16928K, capacity 18228K, committed 18260K, reserved 1048576K
}
 [Times: user=0.00 sys=0.11, real=0.03 secs] 
2020-12-08T13:14:54.011+0000: 43319.321: Total time for which application threads were stopped: 0.0343428 seconds, Stopping threads took: 0.0003147 seconds
2020-12-08T13:19:53.673+0000: 43619.323: Total time for which application threads were stopped: 0.0006194 seconds, Stopping threads took: 0.0001172 seconds
{Heap before GC invocations=126 (full 0):
 garbage-first heap   total 3067904K, used 2066410K [0x0000000704c00000, 0x0000000704d05da0, 0x00000007c0000000)
  region size 1024K, 1797 young (1840128K), 12 survivors (12288K)
 Metaspace       used 130801K, capacity 137962K, committed 138016K, reserved 1169408K
  class space    used 16928K, capacity 18228K, committed 18260K, reserved 1048576K
2020-12-08T13:21:31.975+0000: 43717.759: [GC pause (G1 Evacuation Pause) (young)
Desired survivor size 117964800 bytes, new threshold 15 (max 15)
- age   1:    7089688 bytes,    7089688 total
- age   2:      36048 bytes,    7125736 total
- age   3:      34488 bytes,    7160224 total
- age   4:      33024 bytes,    7193248 total
- age   5:      36728 bytes,    7229976 total
- age   6:      38168 bytes,    7268144 total
- age   7:      36872 bytes,    7305016 total
- age   8:      32936 bytes,    7337952 total
- age   9:      32792 bytes,    7370744 total
- age  10:      32432 bytes,    7403176 total
- age  11:      33032 bytes,    7436208 total
- age  12:      35104 bytes,    7471312 total
- age  13:      35664 bytes,    7506976 total
- age  14:      31152 bytes,    7538128 total
- age  15:      31824 bytes,    7569952 total
, 0.0333912 secs]
   [Parallel Time: 14.2 ms, GC Workers: 6]
      [GC Worker Start (ms): Min: 43717759.7, Avg: 43717759.9, Max: 43717760.1, Diff: 0.4]
      [Ext Root Scanning (ms): Min: 3.6, Avg: 3.7, Max: 4.1, Diff: 0.5, Sum: 22.4]
      [Update RS (ms): Min: 1.4, Avg: 1.5, Max: 1.7, Diff: 0.3, Sum: 9.1]
         [Processed Buffers: Min: 7, Avg: 20.0, Max: 34, Diff: 27, Sum: 120]
      [Scan RS (ms): Min: 2.7, Avg: 3.0, Max: 3.2, Diff: 0.5, Sum: 18.0]
      [Code Root Scanning (ms): Min: 2.5, Avg: 2.6, Max: 2.7, Diff: 0.2, Sum: 15.7]
      [Object Copy (ms): Min: 2.0, Avg: 2.2, Max: 2.3, Diff: 0.3, Sum: 13.0]
      [Termination (ms): Min: 0.0, Avg: 0.0, Max: 0.0, Diff: 0.0, Sum: 0.1]
         [Termination Attempts: Min: 1, Avg: 2.7, Max: 4, Diff: 3, Sum: 16]
      [GC Worker Other (ms): Min: 0.1, Avg: 0.2, Max: 0.4, Diff: 0.3, Sum: 1.3]
      [GC Worker Total (ms): Min: 13.1, Avg: 13.3, Max: 13.5, Diff: 0.5, Sum: 79.6]
      [GC Worker End (ms): Min: 43717773.1, Avg: 43717773.2, Max: 43717773.3, Diff: 0.3]
   [Code Root Fixup: 0.0 ms]
   [Code Root Purge: 0.0 ms]
   [Clear CT: 0.9 ms]
   [Other: 18.2 ms]
      [Choose CSet: 0.0 ms]
      [Ref Proc: 14.4 ms]
      [Ref Enq: 1.0 ms]
      [Redirty Cards: 1.1 ms]
      [Humongous Register: 0.1 ms]
      [Humongous Reclaim: 0.1 ms]
      [Free CSet: 0.9 ms]
   [Eden: 1785.0M(1785.0M)->0.0B(1785.0M) Survivors: 12288.0K->12288.0K Heap: 2018.0M(2996.0M)->232.5M(2996.0M)]
Heap after GC invocations=127 (full 0):
 garbage-first heap   total 3067904K, used 238113K [0x0000000704c00000, 0x0000000704d05da0, 0x00000007c0000000)
  region size 1024K, 12 young (12288K), 12 survivors (12288K)
 Metaspace       used 130801K, capacity 137962K, committed 138016K, reserved 1169408K
  class space    used 16928K, capacity 18228K, committed 18260K, reserved 1048576K
}
 [Times: user=0.00 sys=0.11, real=0.04 secs] 
2020-12-08T13:21:32.011+0000: 43717.795: Total time for which application threads were stopped: 0.0425625 seconds, Stopping threads took: 0.0060097 seconds
{Heap before GC invocations=127 (full 0):
 garbage-first heap   total 3067904K, used 2065953K [0x0000000704c00000, 0x0000000704d05da0, 0x00000007c0000000)
  region size 1024K, 1797 young (1840128K), 12 survivors (12288K)
 Metaspace       used 130801K, capacity 137962K, committed 138016K, reserved 1169408K
  class space    used 16928K, capacity 18228K, committed 18260K, reserved 1048576K
2020-12-08T13:28:14.570+0000: 44120.796: [GC pause (G1 Evacuation Pause) (young)
Desired survivor size 117964800 bytes, new threshold 15 (max 15)
- age   1:    6308648 bytes,    6308648 total
- age   2:     795208 bytes,    7103856 total
- age   3:      35768 bytes,    7139624 total
- age   4:      34488 bytes,    7174112 total
- age   5:      32896 bytes,    7207008 total
- age   6:      36472 bytes,    7243480 total
- age   7:      38168 bytes,    7281648 total
- age   8:      36872 bytes,    7318520 total
- age   9:      32936 bytes,    7351456 total
- age  10:      32792 bytes,    7384248 total
- age  11:      32432 bytes,    7416680 total
- age  12:      33032 bytes,    7449712 total
- age  13:      35104 bytes,    7484816 total
- age  14:      35664 bytes,    7520480 total
- age  15:      31152 bytes,    7551632 total
, 0.0304427 secs]
   [Parallel Time: 14.1 ms, GC Workers: 6]
      [GC Worker Start (ms): Min: 44120796.1, Avg: 44120796.3, Max: 44120796.6, Diff: 0.5]
      [Ext Root Scanning (ms): Min: 3.6, Avg: 4.0, Max: 4.3, Diff: 0.7, Sum: 24.2]
      [Update RS (ms): Min: 1.5, Avg: 1.6, Max: 1.8, Diff: 0.4, Sum: 9.3]
         [Processed Buffers: Min: 6, Avg: 19.7, Max: 31, Diff: 25, Sum: 118]
      [Scan RS (ms): Min: 2.9, Avg: 3.1, Max: 3.3, Diff: 0.4, Sum: 18.5]
      [Code Root Scanning (ms): Min: 2.3, Avg: 2.5, Max: 2.8, Diff: 0.4, Sum: 15.0]
      [Object Copy (ms): Min: 1.6, Avg: 1.7, Max: 1.8, Diff: 0.2, Sum: 10.3]
      [Termination (ms): Min: 0.0, Avg: 0.0, Max: 0.0, Diff: 0.0, Sum: 0.0]
         [Termination Attempts: Min: 1, Avg: 1.0, Max: 1, Diff: 0, Sum: 6]
      [GC Worker Other (ms): Min: 0.2, Avg: 0.3, Max: 0.5, Diff: 0.3, Sum: 1.8]
      [GC Worker Total (ms): Min: 13.0, Avg: 13.2, Max: 13.4, Diff: 0.4, Sum: 79.3]
      [GC Worker End (ms): Min: 44120809.4, Avg: 44120809.6, Max: 44120809.7, Diff: 0.3]
   [Code Root Fixup: 0.0 ms]
   [Code Root Purge: 0.0 ms]
   [Clear CT: 0.9 ms]
   [Other: 15.4 ms]
      [Choose CSet: 0.0 ms]
      [Ref Proc: 11.8 ms]
      [Ref Enq: 0.8 ms]
      [Redirty Cards: 0.8 ms]
      [Humongous Register: 0.2 ms]
      [Humongous Reclaim: 0.1 ms]
      [Free CSet: 0.8 ms]
   [Eden: 1785.0M(1785.0M)->0.0B(1785.0M) Survivors: 12288.0K->12288.0K Heap: 2017.5M(2996.0M)->233.1M(2996.0M)]
Heap after GC invocations=128 (full 0):
 garbage-first heap   total 3067904K, used 238665K [0x0000000704c00000, 0x0000000704d05da0, 0x00000007c0000000)
  region size 1024K, 12 young (12288K), 12 survivors (12288K)
 Metaspace       used 130801K, capacity 137962K, committed 138016K, reserved 1169408K
  class space    used 16928K, capacity 18228K, committed 18260K, reserved 1048576K
}
 [Times: user=0.00 sys=0.11, real=0.03 secs] 
2020-12-08T13:28:14.602+0000: 44120.828: Total time for which application threads were stopped: 0.0328225 seconds, Stopping threads took: 0.0002638 seconds
2020-12-08T13:33:14.264+0000: 44420.829: Total time for which application threads were stopped: 0.0007983 seconds, Stopping threads took: 0.0002882 seconds
{Heap before GC invocations=128 (full 0):
 garbage-first heap   total 3067904K, used 2066505K [0x0000000704c00000, 0x0000000704d05da0, 0x00000007c0000000)
  region size 1024K, 1797 young (1840128K), 12 survivors (12288K)
 Metaspace       used 130801K, capacity 137962K, committed 138016K, reserved 1169408K
  class space    used 16928K, capacity 18228K, committed 18260K, reserved 1048576K
2020-12-08T13:34:52.171+0000: 44518.837: [GC pause (G1 Evacuation Pause) (young)
Desired survivor size 117964800 bytes, new threshold 15 (max 15)
- age   1:    6319152 bytes,    6319152 total
- age   2:      88752 bytes,    6407904 total
- age   3:     741304 bytes,    7149208 total
- age   4:      35736 bytes,    7184944 total
- age   5:      34360 bytes,    7219304 total
- age   6:      32504 bytes,    7251808 total
- age   7:      36472 bytes,    7288280 total
- age   8:      38168 bytes,    7326448 total
- age   9:      36872 bytes,    7363320 total
- age  10:      32936 bytes,    7396256 total
- age  11:      32792 bytes,    7429048 total
- age  12:      32432 bytes,    7461480 total
- age  13:      33032 bytes,    7494512 total
- age  14:      35104 bytes,    7529616 total
- age  15:      35664 bytes,    7565280 total
, 0.0320343 secs]
   [Parallel Time: 14.1 ms, GC Workers: 6]
      [GC Worker Start (ms): Min: 44518837.2, Avg: 44518837.4, Max: 44518837.6, Diff: 0.5]
      [Ext Root Scanning (ms): Min: 3.6, Avg: 4.0, Max: 4.5, Diff: 0.8, Sum: 24.0]
      [Update RS (ms): Min: 1.4, Avg: 1.5, Max: 1.7, Diff: 0.3, Sum: 9.2]
         [Processed Buffers: Min: 7, Avg: 20.0, Max: 38, Diff: 31, Sum: 120]
      [Scan RS (ms): Min: 2.9, Avg: 3.1, Max: 3.2, Diff: 0.3, Sum: 18.4]
      [Code Root Scanning (ms): Min: 2.4, Avg: 2.5, Max: 2.5, Diff: 0.2, Sum: 14.8]
      [Object Copy (ms): Min: 1.3, Avg: 1.6, Max: 1.8, Diff: 0.5, Sum: 9.8]
      [Termination (ms): Min: 0.0, Avg: 0.0, Max: 0.0, Diff: 0.0, Sum: 0.1]
         [Termination Attempts: Min: 1, Avg: 1.0, Max: 1, Diff: 0, Sum: 6]
      [GC Worker Other (ms): Min: 0.2, Avg: 0.3, Max: 0.6, Diff: 0.4, Sum: 1.9]
      [GC Worker Total (ms): Min: 12.7, Avg: 13.1, Max: 13.4, Diff: 0.7, Sum: 78.3]
      [GC Worker End (ms): Min: 44518850.2, Avg: 44518850.4, Max: 44518850.7, Diff: 0.4]
   [Code Root Fixup: 0.1 ms]
   [Code Root Purge: 0.0 ms]
   [Clear CT: 0.9 ms]
   [Other: 17.0 ms]
      [Choose CSet: 0.1 ms]
      [Ref Proc: 13.1 ms]
      [Ref Enq: 0.9 ms]
      [Redirty Cards: 1.1 ms]
      [Humongous Register: 0.1 ms]
      [Humongous Reclaim: 0.1 ms]
      [Free CSet: 1.0 ms]
   [Eden: 1785.0M(1785.0M)->0.0B(1785.0M) Survivors: 12288.0K->12288.0K Heap: 2018.1M(2996.0M)->232.6M(2996.0M)]
Heap after GC invocations=129 (full 0):
 garbage-first heap   total 3067904K, used 238209K [0x0000000704c00000, 0x0000000704d05da0, 0x00000007c0000000)
  region size 1024K, 12 young (12288K), 12 survivors (12288K)
 Metaspace       used 130801K, capacity 137962K, committed 138016K, reserved 1169408K
  class space    used 16928K, capacity 18228K, committed 18260K, reserved 1048576K
}
 [Times: user=0.00 sys=0.10, real=0.03 secs] 
2020-12-08T13:34:52.206+0000: 44518.871: Total time for which application threads were stopped: 0.0353878 seconds, Stopping threads took: 0.0001596 seconds
{Heap before GC invocations=129 (full 0):
 garbage-first heap   total 3067904K, used 2066049K [0x0000000704c00000, 0x0000000704d05da0, 0x00000007c0000000)
  region size 1024K, 1797 young (1840128K), 12 survivors (12288K)
 Metaspace       used 130801K, capacity 137962K, committed 138016K, reserved 1169408K
  class space    used 16928K, capacity 18228K, committed 18260K, reserved 1048576K
2020-12-08T13:41:21.973+0000: 44909.079: [GC pause (G1 Evacuation Pause) (young)
Desired survivor size 117964800 bytes, new threshold 15 (max 15)
- age   1:    6329720 bytes,    6329720 total
- age   2:      86200 bytes,    6415920 total
- age   3:      88136 bytes,    6504056 total
- age   4:     690096 bytes,    7194152 total
- age   5:      33736 bytes,    7227888 total
- age   6:      33992 bytes,    7261880 total
- age   7:      32344 bytes,    7294224 total
- age   8:      36312 bytes,    7330536 total
- age   9:      38168 bytes,    7368704 total
- age  10:      33440 bytes,    7402144 total
- age  11:      32936 bytes,    7435080 total
- age  12:      32792 bytes,    7467872 total
- age  13:      32432 bytes,    7500304 total
- age  14:      33032 bytes,    7533336 total
- age  15:      35104 bytes,    7568440 total
, 0.0336552 secs]
   [Parallel Time: 12.9 ms, GC Workers: 6]
      [GC Worker Start (ms): Min: 44909079.3, Avg: 44909079.4, Max: 44909079.6, Diff: 0.4]
      [Ext Root Scanning (ms): Min: 3.2, Avg: 3.4, Max: 3.7, Diff: 0.4, Sum: 20.4]
      [Update RS (ms): Min: 1.3, Avg: 1.3, Max: 1.5, Diff: 0.2, Sum: 8.1]
         [Processed Buffers: Min: 8, Avg: 19.7, Max: 40, Diff: 32, Sum: 118]
      [Scan RS (ms): Min: 2.4, Avg: 2.9, Max: 3.4, Diff: 1.0, Sum: 17.7]
      [Code Root Scanning (ms): Min: 2.0, Avg: 2.5, Max: 3.1, Diff: 1.1, Sum: 15.2]
      [Object Copy (ms): Min: 1.4, Avg: 1.5, Max: 1.6, Diff: 0.2, Sum: 8.9]
      [Termination (ms): Min: 0.0, Avg: 0.0, Max: 0.0, Diff: 0.0, Sum: 0.0]
         [Termination Attempts: Min: 1, Avg: 1.2, Max: 2, Diff: 1, Sum: 7]
      [GC Worker Other (ms): Min: 0.1, Avg: 0.2, Max: 0.4, Diff: 0.3, Sum: 1.5]
      [GC Worker Total (ms): Min: 11.8, Avg: 12.0, Max: 12.2, Diff: 0.4, Sum: 71.7]
      [GC Worker End (ms): Min: 44909091.3, Avg: 44909091.4, Max: 44909091.6, Diff: 0.3]
   [Code Root Fixup: 0.0 ms]
   [Code Root Purge: 0.0 ms]
   [Clear CT: 0.8 ms]
   [Other: 19.9 ms]
      [Choose CSet: 0.0 ms]
      [Ref Proc: 12.0 ms]
      [Ref Enq: 1.5 ms]
      [Redirty Cards: 1.0 ms]
      [Humongous Register: 0.1 ms]
      [Humongous Reclaim: 0.1 ms]
      [Free CSet: 3.9 ms]
   [Eden: 1785.0M(1785.0M)->0.0B(1786.0M) Survivors: 12288.0K->11264.0K Heap: 2017.6M(2996.0M)->232.2M(2996.0M)]
Heap after GC invocations=130 (full 0):
 garbage-first heap   total 3067904K, used 237747K [0x0000000704c00000, 0x0000000704d05da0, 0x00000007c0000000)
  region size 1024K, 11 young (11264K), 11 survivors (11264K)
 Metaspace       used 130801K, capacity 137962K, committed 138016K, reserved 1169408K
  class space    used 16928K, capacity 18228K, committed 18260K, reserved 1048576K
}
 [Times: user=0.00 sys=0.10, real=0.03 secs] 
2020-12-08T13:41:22.008+0000: 44909.114: Total time for which application threads were stopped: 0.0359199 seconds, Stopping threads took: 0.0001445 seconds
{Heap before GC invocations=130 (full 0):
 garbage-first heap   total 3067904K, used 2066611K [0x0000000704c00000, 0x0000000704d05da0, 0x00000007c0000000)
  region size 1024K, 1797 young (1840128K), 11 survivors (11264K)
 Metaspace       used 130801K, capacity 137962K, committed 138016K, reserved 1169408K
  class space    used 16928K, capacity 18228K, committed 18260K, reserved 1048576K
2020-12-08T13:47:53.279+0000: 45300.853: [GC pause (G1 Evacuation Pause) (young)
Desired survivor size 117964800 bytes, new threshold 15 (max 15)
- age   1:    6336544 bytes,    6336544 total
- age   2:      90840 bytes,    6427384 total
- age   3:      85808 bytes,    6513192 total
- age   4:      88136 bytes,    6601328 total
- age   5:     638944 bytes,    7240272 total
- age   6:      33432 bytes,    7273704 total
- age   7:      33992 bytes,    7307696 total
- age   8:      32344 bytes,    7340040 total
- age   9:      36312 bytes,    7376352 total
- age  10:      38168 bytes,    7414520 total
- age  11:      33440 bytes,    7447960 total
- age  12:      32936 bytes,    7480896 total
- age  13:      32792 bytes,    7513688 total
- age  14:      32400 bytes,    7546088 total
- age  15:      33032 bytes,    7579120 total
, 0.0302583 secs]
   [Parallel Time: 14.5 ms, GC Workers: 6]
      [GC Worker Start (ms): Min: 45300854.0, Avg: 45300854.2, Max: 45300854.4, Diff: 0.4]
      [Ext Root Scanning (ms): Min: 3.6, Avg: 3.9, Max: 4.3, Diff: 0.7, Sum: 23.2]
      [Update RS (ms): Min: 1.5, Avg: 1.6, Max: 1.8, Diff: 0.2, Sum: 9.8]
         [Processed Buffers: Min: 5, Avg: 20.0, Max: 37, Diff: 32, Sum: 120]
      [Scan RS (ms): Min: 3.0, Avg: 3.2, Max: 3.3, Diff: 0.3, Sum: 19.1]
      [Code Root Scanning (ms): Min: 2.6, Avg: 2.7, Max: 2.8, Diff: 0.2, Sum: 16.3]
      [Object Copy (ms): Min: 1.6, Avg: 1.8, Max: 1.9, Diff: 0.3, Sum: 10.9]
      [Termination (ms): Min: 0.0, Avg: 0.0, Max: 0.0, Diff: 0.0, Sum: 0.0]
         [Termination Attempts: Min: 1, Avg: 1.0, Max: 1, Diff: 0, Sum: 6]
      [GC Worker Other (ms): Min: 0.1, Avg: 0.3, Max: 0.5, Diff: 0.4, Sum: 1.5]
      [GC Worker Total (ms): Min: 13.1, Avg: 13.5, Max: 13.7, Diff: 0.6, Sum: 80.8]
      [GC Worker End (ms): Min: 45300867.6, Avg: 45300867.7, Max: 45300867.9, Diff: 0.4]
   [Code Root Fixup: 0.0 ms]
   [Code Root Purge: 0.0 ms]
   [Clear CT: 0.8 ms]
   [Other: 14.9 ms]
      [Choose CSet: 0.0 ms]
      [Ref Proc: 11.4 ms]
      [Ref Enq: 0.8 ms]
      [Redirty Cards: 0.8 ms]
      [Humongous Register: 0.1 ms]
      [Humongous Reclaim: 0.0 ms]
      [Free CSet: 0.9 ms]
   [Eden: 1786.0M(1786.0M)->0.0B(1785.0M) Survivors: 11264.0K->12288.0K Heap: 2018.2M(2996.0M)->232.7M(2996.0M)]
Heap after GC invocations=131 (full 0):
 garbage-first heap   total 3067904K, used 238311K [0x0000000704c00000, 0x0000000704d05da0, 0x00000007c0000000)
  region size 1024K, 12 young (12288K), 12 survivors (12288K)
 Metaspace       used 130801K, capacity 137962K, committed 138016K, reserved 1169408K
  class space    used 16928K, capacity 18228K, committed 18260K, reserved 1048576K
}
 [Times: user=0.10 sys=0.00, real=0.04 secs] 
2020-12-08T13:47:53.312+0000: 45300.886: Total time for which application threads were stopped: 0.0339368 seconds, Stopping threads took: 0.0003930 seconds
2020-12-08T13:52:52.974+0000: 45600.887: Total time for which application threads were stopped: 0.0007801 seconds, Stopping threads took: 0.0003069 seconds
{Heap before GC invocations=131 (full 0):
 garbage-first heap   total 3067904K, used 2066151K [0x0000000704c00000, 0x0000000704d05da0, 0x00000007c0000000)
  region size 1024K, 1797 young (1840128K), 12 survivors (12288K)
 Metaspace       used 130802K, capacity 137962K, committed 138016K, reserved 1169408K
  class space    used 16928K, capacity 18228K, committed 18260K, reserved 1048576K
2020-12-08T13:54:27.020+0000: 45695.069: [GC pause (G1 Evacuation Pause) (young)
Desired survivor size 117964800 bytes, new threshold 15 (max 15)
- age   1:    6331440 bytes,    6331440 total
- age   2:      82680 bytes,    6414120 total
- age   3:      88416 bytes,    6502536 total
- age   4:      85584 bytes,    6588120 total
- age   5:      88008 bytes,    6676128 total
- age   6:     588456 bytes,    7264584 total
- age   7:      33152 bytes,    7297736 total
- age   8:      33728 bytes,    7331464 total
- age   9:      32184 bytes,    7363648 total
- age  10:      32640 bytes,    7396288 total
- age  11:      38168 bytes,    7434456 total
- age  12:      33440 bytes,    7467896 total
- age  13:      32904 bytes,    7500800 total
- age  14:      32792 bytes,    7533592 total
- age  15:      32400 bytes,    7565992 total
, 0.0362733 secs]
   [Parallel Time: 16.4 ms, GC Workers: 6]
      [GC Worker Start (ms): Min: 45695069.7, Avg: 45695070.0, Max: 45695070.2, Diff: 0.5]
      [Ext Root Scanning (ms): Min: 4.3, Avg: 4.7, Max: 5.1, Diff: 0.8, Sum: 28.3]
      [Update RS (ms): Min: 1.9, Avg: 2.0, Max: 2.2, Diff: 0.4, Sum: 11.7]
         [Processed Buffers: Min: 5, Avg: 19.7, Max: 38, Diff: 33, Sum: 118]
      [Scan RS (ms): Min: 3.2, Avg: 3.5, Max: 3.9, Diff: 0.7, Sum: 21.0]
      [Code Root Scanning (ms): Min: 2.6, Avg: 2.9, Max: 3.2, Diff: 0.6, Sum: 17.4]
      [Object Copy (ms): Min: 1.8, Avg: 1.9, Max: 2.1, Diff: 0.3, Sum: 11.7]
      [Termination (ms): Min: 0.0, Avg: 0.0, Max: 0.1, Diff: 0.0, Sum: 0.3]
         [Termination Attempts: Min: 1, Avg: 1.5, Max: 2, Diff: 1, Sum: 9]
      [GC Worker Other (ms): Min: 0.1, Avg: 0.2, Max: 0.4, Diff: 0.3, Sum: 1.4]
      [GC Worker Total (ms): Min: 15.2, Avg: 15.3, Max: 15.5, Diff: 0.3, Sum: 91.9]
      [GC Worker End (ms): Min: 45695085.2, Avg: 45695085.3, Max: 45695085.4, Diff: 0.2]
   [Code Root Fixup: 0.0 ms]
   [Code Root Purge: 0.0 ms]
   [Clear CT: 0.6 ms]
   [Other: 19.2 ms]
      [Choose CSet: 0.0 ms]
      [Ref Proc: 14.7 ms]
      [Ref Enq: 1.7 ms]
      [Redirty Cards: 0.9 ms]
      [Humongous Register: 0.2 ms]
      [Humongous Reclaim: 0.1 ms]
      [Free CSet: 0.9 ms]
   [Eden: 1785.0M(1785.0M)->0.0B(1786.0M) Survivors: 12288.0K->11264.0K Heap: 2017.7M(2996.0M)->232.3M(2996.0M)]
Heap after GC invocations=132 (full 0):
 garbage-first heap   total 3067904K, used 237854K [0x0000000704c00000, 0x0000000704d05da0, 0x00000007c0000000)
  region size 1024K, 11 young (11264K), 11 survivors (11264K)
 Metaspace       used 130802K, capacity 137962K, committed 138016K, reserved 1169408K
  class space    used 16928K, capacity 18228K, committed 18260K, reserved 1048576K
}
 [Times: user=0.00 sys=0.12, real=0.04 secs] 
2020-12-08T13:54:27.058+0000: 45695.108: Total time for which application threads were stopped: 0.0395275 seconds, Stopping threads took: 0.0001938 seconds
2020-12-08T13:59:26.720+0000: 45995.109: Total time for which application threads were stopped: 0.0006875 seconds, Stopping threads took: 0.0002259 seconds
{Heap before GC invocations=132 (full 0):
 garbage-first heap   total 3067904K, used 2066718K [0x0000000704c00000, 0x0000000704d05da0, 0x00000007c0000000)
  region size 1024K, 1797 young (1840128K), 11 survivors (11264K)
 Metaspace       used 130804K, capacity 137962K, committed 138016K, reserved 1169408K
  class space    used 16928K, capacity 18228K, committed 18260K, reserved 1048576K
2020-12-08T14:01:08.214+0000: 46096.704: [GC pause (G1 Evacuation Pause) (young)
Desired survivor size 117964800 bytes, new threshold 15 (max 15)
- age   1:    6319184 bytes,    6319184 total
- age   2:      90248 bytes,    6409432 total
- age   3:      82368 bytes,    6491800 total
- age   4:      88384 bytes,    6580184 total
- age   5:      85456 bytes,    6665640 total
- age   6:      87728 bytes,    6753368 total
- age   7:     538984 bytes,    7292352 total
- age   8:      33152 bytes,    7325504 total
- age   9:      33728 bytes,    7359232 total
- age  10:      32184 bytes,    7391416 total
- age  11:      32640 bytes,    7424056 total
- age  12:      38168 bytes,    7462224 total
- age  13:      33440 bytes,    7495664 total
- age  14:      32904 bytes,    7528568 total
- age  15:      32792 bytes,    7561360 total
, 0.0362455 secs]
   [Parallel Time: 18.2 ms, GC Workers: 6]
      [GC Worker Start (ms): Min: 46096704.5, Avg: 46096704.8, Max: 46096705.0, Diff: 0.4]
      [Ext Root Scanning (ms): Min: 4.6, Avg: 4.8, Max: 5.2, Diff: 0.7, Sum: 28.8]
      [Update RS (ms): Min: 2.1, Avg: 2.1, Max: 2.3, Diff: 0.2, Sum: 12.9]
         [Processed Buffers: Min: 9, Avg: 19.8, Max: 43, Diff: 34, Sum: 119]
      [Scan RS (ms): Min: 3.6, Avg: 3.9, Max: 4.1, Diff: 0.5, Sum: 23.2]
      [Code Root Scanning (ms): Min: 3.0, Avg: 3.2, Max: 3.5, Diff: 0.5, Sum: 19.3]
      [Object Copy (ms): Min: 2.3, Avg: 2.5, Max: 2.7, Diff: 0.4, Sum: 15.2]
      [Termination (ms): Min: 0.0, Avg: 0.0, Max: 0.0, Diff: 0.0, Sum: 0.1]
         [Termination Attempts: Min: 1, Avg: 1.0, Max: 1, Diff: 0, Sum: 6]
      [GC Worker Other (ms): Min: 0.2, Avg: 0.4, Max: 0.7, Diff: 0.5, Sum: 2.5]
      [GC Worker Total (ms): Min: 16.7, Avg: 17.0, Max: 17.3, Diff: 0.6, Sum: 102.0]
      [GC Worker End (ms): Min: 46096721.5, Avg: 46096721.8, Max: 46096722.0, Diff: 0.5]
   [Code Root Fixup: 0.0 ms]
   [Code Root Purge: 0.0 ms]
   [Clear CT: 0.9 ms]
   [Other: 17.1 ms]
      [Choose CSet: 0.0 ms]
      [Ref Proc: 12.5 ms]
      [Ref Enq: 0.9 ms]
      [Redirty Cards: 1.1 ms]
      [Humongous Register: 0.1 ms]
      [Humongous Reclaim: 0.1 ms]
      [Free CSet: 1.8 ms]
   [Eden: 1786.0M(1786.0M)->0.0B(1785.0M) Survivors: 11264.0K->12288.0K Heap: 2018.3M(2996.0M)->233.3M(2996.0M)]
Heap after GC invocations=133 (full 0):
 garbage-first heap   total 3067904K, used 238918K [0x0000000704c00000, 0x0000000704d05da0, 0x00000007c0000000)
  region size 1024K, 12 young (12288K), 12 survivors (12288K)
 Metaspace       used 130804K, capacity 137962K, committed 138016K, reserved 1169408K
  class space    used 16928K, capacity 18228K, committed 18260K, reserved 1048576K
}
 [Times: user=0.14 sys=0.00, real=0.03 secs] 
2020-12-08T14:01:08.253+0000: 46096.743: Total time for which application threads were stopped: 0.0402428 seconds, Stopping threads took: 0.0002761 seconds
2020-12-08T14:06:07.917+0000: 46396.746: Total time for which application threads were stopped: 0.0026995 seconds, Stopping threads took: 0.0021227 seconds
{Heap before GC invocations=133 (full 0):
 garbage-first heap   total 3067904K, used 2066758K [0x0000000704c00000, 0x0000000704d05da0, 0x00000007c0000000)
  region size 1024K, 1797 young (1840128K), 12 survivors (12288K)
 Metaspace       used 130804K, capacity 137962K, committed 138016K, reserved 1169408K
  class space    used 16928K, capacity 18228K, committed 18260K, reserved 1048576K
2020-12-08T14:07:50.876+0000: 46499.818: [GC pause (G1 Evacuation Pause) (young)
Desired survivor size 117964800 bytes, new threshold 15 (max 15)
- age   1:    6326672 bytes,    6326672 total
- age   2:      85584 bytes,    6412256 total
- age   3:      88360 bytes,    6500616 total
- age   4:      82368 bytes,    6582984 total
- age   5:      88256 bytes,    6671240 total
- age   6:      85112 bytes,    6756352 total
- age   7:      87728 bytes,    6844080 total
- age   8:     348328 bytes,    7192408 total
- age   9:      33152 bytes,    7225560 total
- age  10:      33728 bytes,    7259288 total
- age  11:      32184 bytes,    7291472 total
- age  12:      32640 bytes,    7324112 total
- age  13:      38168 bytes,    7362280 total
- age  14:      33440 bytes,    7395720 total
- age  15:      32904 bytes,    7428624 total
, 0.0340339 secs]
   [Parallel Time: 16.1 ms, GC Workers: 6]
      [GC Worker Start (ms): Min: 46499819.1, Avg: 46499819.4, Max: 46499819.7, Diff: 0.5]
      [Ext Root Scanning (ms): Min: 3.3, Avg: 3.6, Max: 4.0, Diff: 0.7, Sum: 21.6]
      [Update RS (ms): Min: 1.6, Avg: 1.6, Max: 1.8, Diff: 0.2, Sum: 9.9]
         [Processed Buffers: Min: 8, Avg: 19.5, Max: 32, Diff: 24, Sum: 117]
      [Scan RS (ms): Min: 3.2, Avg: 3.6, Max: 3.9, Diff: 0.7, Sum: 21.7]
      [Code Root Scanning (ms): Min: 2.8, Avg: 3.0, Max: 3.5, Diff: 0.7, Sum: 18.3]
      [Object Copy (ms): Min: 2.4, Avg: 2.6, Max: 2.8, Diff: 0.4, Sum: 15.7]
      [Termination (ms): Min: 0.0, Avg: 0.0, Max: 0.0, Diff: 0.0, Sum: 0.1]
         [Termination Attempts: Min: 1, Avg: 1.2, Max: 2, Diff: 1, Sum: 7]
      [GC Worker Other (ms): Min: 0.1, Avg: 0.4, Max: 0.6, Diff: 0.5, Sum: 2.3]
      [GC Worker Total (ms): Min: 14.4, Avg: 14.9, Max: 15.3, Diff: 0.9, Sum: 89.5]
      [GC Worker End (ms): Min: 46499834.1, Avg: 46499834.3, Max: 46499834.6, Diff: 0.5]
   [Code Root Fixup: 0.0 ms]
   [Code Root Purge: 0.0 ms]
   [Clear CT: 1.3 ms]
   [Other: 16.6 ms]
      [Choose CSet: 0.1 ms]
      [Ref Proc: 13.1 ms]
      [Ref Enq: 0.8 ms]
      [Redirty Cards: 0.7 ms]
      [Humongous Register: 0.1 ms]
      [Humongous Reclaim: 0.1 ms]
      [Free CSet: 0.9 ms]
   [Eden: 1785.0M(1785.0M)->0.0B(1785.0M) Survivors: 12288.0K->12288.0K Heap: 2018.3M(2996.0M)->233.4M(2996.0M)]
Heap after GC invocations=134 (full 0):
 garbage-first heap   total 3067904K, used 238972K [0x0000000704c00000, 0x0000000704d05da0, 0x00000007c0000000)
  region size 1024K, 12 young (12288K), 12 survivors (12288K)
 Metaspace       used 130804K, capacity 137962K, committed 138016K, reserved 1169408K
  class space    used 16928K, capacity 18228K, committed 18260K, reserved 1048576K
}
 [Times: user=0.00 sys=0.12, real=0.03 secs] 
2020-12-08T14:07:50.912+0000: 46499.854: Total time for which application threads were stopped: 0.0366318 seconds, Stopping threads took: 0.0002869 seconds
2020-12-08T14:12:50.568+0000: 46799.855: Total time for which application threads were stopped: 0.0009192 seconds, Stopping threads took: 0.0004812 seconds
{Heap before GC invocations=134 (full 0):
 garbage-first heap   total 3067904K, used 2066812K [0x0000000704c00000, 0x0000000704d05da0, 0x00000007c0000000)
  region size 1024K, 1797 young (1840128K), 12 survivors (12288K)
 Metaspace       used 130807K, capacity 138026K, committed 138272K, reserved 1169408K
  class space    used 16928K, capacity 18228K, committed 18260K, reserved 1048576K
2020-12-08T14:14:22.875+0000: 46892.298: [GC pause (G1 Evacuation Pause) (young)
Desired survivor size 117964800 bytes, new threshold 15 (max 15)
- age   1:    6332008 bytes,    6332008 total
- age   2:      91216 bytes,    6423224 total
- age   3:      85184 bytes,    6508408 total
- age   4:      88296 bytes,    6596704 total
- age   5:      82216 bytes,    6678920 total
- age   6:      87864 bytes,    6766784 total
- age   7:      85112 bytes,    6851896 total
- age   8:      82416 bytes,    6934312 total
- age   9:     302128 bytes,    7236440 total
- age  10:      32928 bytes,    7269368 total
- age  11:      33728 bytes,    7303096 total
- age  12:      32184 bytes,    7335280 total
- age  13:      32640 bytes,    7367920 total
- age  14:      38168 bytes,    7406088 total
- age  15:      33440 bytes,    7439528 total
, 0.0303379 secs]
   [Parallel Time: 14.0 ms, GC Workers: 6]
      [GC Worker Start (ms): Min: 46892298.4, Avg: 46892298.6, Max: 46892298.9, Diff: 0.5]
      [Ext Root Scanning (ms): Min: 3.7, Avg: 4.0, Max: 4.3, Diff: 0.6, Sum: 23.9]
      [Update RS (ms): Min: 1.4, Avg: 1.5, Max: 1.7, Diff: 0.3, Sum: 9.2]
         [Processed Buffers: Min: 6, Avg: 20.5, Max: 46, Diff: 40, Sum: 123]
      [Scan RS (ms): Min: 3.0, Avg: 3.1, Max: 3.2, Diff: 0.2, Sum: 18.6]
      [Code Root Scanning (ms): Min: 2.6, Avg: 2.6, Max: 2.8, Diff: 0.2, Sum: 15.7]
      [Object Copy (ms): Min: 1.6, Avg: 1.7, Max: 1.8, Diff: 0.2, Sum: 10.1]
      [Termination (ms): Min: 0.0, Avg: 0.0, Max: 0.1, Diff: 0.0, Sum: 0.2]
         [Termination Attempts: Min: 1, Avg: 1.2, Max: 2, Diff: 1, Sum: 7]
      [GC Worker Other (ms): Min: 0.1, Avg: 0.2, Max: 0.3, Diff: 0.2, Sum: 1.4]
      [GC Worker Total (ms): Min: 12.9, Avg: 13.2, Max: 13.5, Diff: 0.6, Sum: 79.3]
      [GC Worker End (ms): Min: 46892311.7, Avg: 46892311.8, Max: 46892312.0, Diff: 0.2]
   [Code Root Fixup: 0.0 ms]
   [Code Root Purge: 0.0 ms]
   [Clear CT: 0.9 ms]
   [Other: 15.4 ms]
      [Choose CSet: 0.0 ms]
      [Ref Proc: 12.1 ms]
      [Ref Enq: 0.7 ms]
      [Redirty Cards: 0.9 ms]
      [Humongous Register: 0.1 ms]
      [Humongous Reclaim: 0.1 ms]
      [Free CSet: 0.9 ms]
   [Eden: 1785.0M(1785.0M)->0.0B(1785.0M) Survivors: 12288.0K->12288.0K Heap: 2018.4M(2996.0M)->232.9M(2996.0M)]
Heap after GC invocations=135 (full 0):
 garbage-first heap   total 3067904K, used 238512K [0x0000000704c00000, 0x0000000704d05da0, 0x00000007c0000000)
  region size 1024K, 12 young (12288K), 12 survivors (12288K)
 Metaspace       used 130807K, capacity 138026K, committed 138272K, reserved 1169408K
  class space    used 16928K, capacity 18228K, committed 18260K, reserved 1048576K
}
 [Times: user=0.00 sys=0.11, real=0.03 secs] 
2020-12-08T14:14:22.909+0000: 46892.332: Total time for which application threads were stopped: 0.0361383 seconds, Stopping threads took: 0.0018055 seconds
2020-12-08T14:19:22.739+0000: 47192.501: Total time for which application threads were stopped: 0.0013553 seconds, Stopping threads took: 0.0006850 seconds
{Heap before GC invocations=135 (full 0):
 garbage-first heap   total 3067904K, used 2066929K [0x0000000704c00000, 0x0000000704d05da0, 0x00000007c0000000)
  region size 1024K, 1797 young (1840128K), 12 survivors (12288K)
 Metaspace       used 130807K, capacity 138026K, committed 138272K, reserved 1169408K
  class space    used 16928K, capacity 18228K, committed 18260K, reserved 1048576K
2020-12-08T14:20:54.272+0000: 47284.136: [GC pause (G1 Evacuation Pause) (young)
Desired survivor size 117964800 bytes, new threshold 15 (max 15)
- age   1:    6827904 bytes,    6827904 total
- age   2:      37024 bytes,    6864928 total
- age   3:      38280 bytes,    6903208 total
- age   4:      32984 bytes,    6936192 total
- age   5:      37248 bytes,    6973440 total
- age   6:      32000 bytes,    7005440 total
- age   7:      37608 bytes,    7043048 total
- age   8:      32936 bytes,    7075984 total
- age   9:      36056 bytes,    7112040 total
- age  10:     132792 bytes,    7244832 total
- age  11:      32928 bytes,    7277760 total
- age  12:      33728 bytes,    7311488 total
- age  13:      32184 bytes,    7343672 total
- age  14:      32640 bytes,    7376312 total
- age  15:      38168 bytes,    7414480 total
, 0.0328187 secs]
   [Parallel Time: 13.5 ms, GC Workers: 6]
      [GC Worker Start (ms): Min: 47284136.2, Avg: 47284136.3, Max: 47284136.5, Diff: 0.3]
      [Ext Root Scanning (ms): Min: 3.3, Avg: 3.5, Max: 3.9, Diff: 0.6, Sum: 21.1]
      [Update RS (ms): Min: 1.5, Avg: 1.7, Max: 1.9, Diff: 0.3, Sum: 10.0]
         [Processed Buffers: Min: 5, Avg: 21.2, Max: 43, Diff: 38, Sum: 127]
      [Scan RS (ms): Min: 2.8, Avg: 3.0, Max: 3.2, Diff: 0.4, Sum: 18.2]
      [Code Root Scanning (ms): Min: 2.4, Avg: 2.5, Max: 2.7, Diff: 0.3, Sum: 15.0]
      [Object Copy (ms): Min: 1.6, Avg: 1.8, Max: 2.0, Diff: 0.4, Sum: 10.8]
      [Termination (ms): Min: 0.0, Avg: 0.0, Max: 0.0, Diff: 0.0, Sum: 0.2]
         [Termination Attempts: Min: 1, Avg: 1.0, Max: 1, Diff: 0, Sum: 6]
      [GC Worker Other (ms): Min: 0.1, Avg: 0.2, Max: 0.4, Diff: 0.3, Sum: 1.2]
      [GC Worker Total (ms): Min: 12.5, Avg: 12.8, Max: 13.0, Diff: 0.5, Sum: 76.6]
      [GC Worker End (ms): Min: 47284149.0, Avg: 47284149.1, Max: 47284149.2, Diff: 0.3]
   [Code Root Fixup: 0.0 ms]
   [Code Root Purge: 0.0 ms]
   [Clear CT: 1.1 ms]
   [Other: 18.2 ms]
      [Choose CSet: 0.0 ms]
      [Ref Proc: 14.9 ms]
      [Ref Enq: 0.7 ms]
      [Redirty Cards: 0.8 ms]
      [Humongous Register: 0.1 ms]
      [Humongous Reclaim: 0.1 ms]
      [Free CSet: 0.9 ms]
   [Eden: 1785.0M(1785.0M)->0.0B(1785.0M) Survivors: 12288.0K->12288.0K Heap: 2018.5M(2996.0M)->233.5M(2996.0M)]
Heap after GC invocations=136 (full 0):
 garbage-first heap   total 3067904K, used 239073K [0x0000000704c00000, 0x0000000704d05da0, 0x00000007c0000000)
  region size 1024K, 12 young (12288K), 12 survivors (12288K)
 Metaspace       used 130807K, capacity 138026K, committed 138272K, reserved 1169408K
  class space    used 16928K, capacity 18228K, committed 18260K, reserved 1048576K
}
 [Times: user=0.00 sys=0.11, real=0.03 secs] 
2020-12-08T14:20:54.308+0000: 47284.171: Total time for which application threads were stopped: 0.0371040 seconds, Stopping threads took: 0.0009371 seconds
2020-12-08T14:25:53.970+0000: 47584.172: Total time for which application threads were stopped: 0.0007902 seconds, Stopping threads took: 0.0001700 seconds
{Heap before GC invocations=136 (full 0):
 garbage-first heap   total 3067904K, used 2066913K [0x0000000704c00000, 0x0000000704d05da0, 0x00000007c0000000)
  region size 1024K, 1797 young (1840128K), 12 survivors (12288K)
 Metaspace       used 130808K, capacity 138026K, committed 138272K, reserved 1169408K
  class space    used 16928K, capacity 18228K, committed 18260K, reserved 1048576K
2020-12-08T14:27:30.420+0000: 47680.724: [GC pause (G1 Evacuation Pause) (young)
Desired survivor size 117964800 bytes, new threshold 15 (max 15)
- age   1:    6556408 bytes,    6556408 total
- age   2:     562256 bytes,    7118664 total
- age   3:      36632 bytes,    7155296 total
- age   4:      38280 bytes,    7193576 total
- age   5:      32856 bytes,    7226432 total
- age   6:      36880 bytes,    7263312 total
- age   7:      32000 bytes,    7295312 total
- age   8:      37608 bytes,    7332920 total
- age   9:      32936 bytes,    7365856 total
- age  10:      36056 bytes,    7401912 total
- age  11:      40600 bytes,    7442512 total
- age  12:      32928 bytes,    7475440 total
- age  13:      33728 bytes,    7509168 total
- age  14:      32184 bytes,    7541352 total
- age  15:      32640 bytes,    7573992 total
, 0.0479017 secs]
   [Parallel Time: 24.6 ms, GC Workers: 6]
      [GC Worker Start (ms): Min: 47680724.8, Avg: 47680730.3, Max: 47680734.0, Diff: 9.3]
      [Ext Root Scanning (ms): Min: 0.2, Avg: 2.7, Max: 7.3, Diff: 7.1, Sum: 16.5]
      [Update RS (ms): Min: 1.7, Avg: 3.7, Max: 10.1, Diff: 8.4, Sum: 22.4]
         [Processed Buffers: Min: 2, Avg: 20.0, Max: 39, Diff: 37, Sum: 120]
      [Scan RS (ms): Min: 1.1, Avg: 4.1, Max: 5.1, Diff: 4.0, Sum: 24.7]
      [Code Root Scanning (ms): Min: 0.8, Avg: 4.3, Max: 8.5, Diff: 7.7, Sum: 25.6]
      [Object Copy (ms): Min: 0.0, Avg: 2.3, Max: 3.4, Diff: 3.4, Sum: 13.7]
      [Termination (ms): Min: 0.0, Avg: 0.9, Max: 1.1, Diff: 1.1, Sum: 5.4]
         [Termination Attempts: Min: 1, Avg: 1.2, Max: 2, Diff: 1, Sum: 7]
      [GC Worker Other (ms): Min: 0.1, Avg: 0.1, Max: 0.2, Diff: 0.1, Sum: 0.9]
      [GC Worker Total (ms): Min: 14.4, Avg: 18.2, Max: 23.8, Diff: 9.3, Sum: 109.3]
      [GC Worker End (ms): Min: 47680748.4, Avg: 47680748.5, Max: 47680748.6, Diff: 0.1]
   [Code Root Fixup: 0.0 ms]
   [Code Root Purge: 0.0 ms]
   [Clear CT: 0.9 ms]
   [Other: 22.3 ms]
      [Choose CSet: 0.0 ms]
      [Ref Proc: 18.7 ms]
      [Ref Enq: 0.7 ms]
      [Redirty Cards: 0.9 ms]
      [Humongous Register: 0.1 ms]
      [Humongous Reclaim: 0.1 ms]
      [Free CSet: 1.0 ms]
   [Eden: 1785.0M(1785.0M)->0.0B(1785.0M) Survivors: 12288.0K->12288.0K Heap: 2018.5M(2996.0M)->233.0M(2996.0M)]
Heap after GC invocations=137 (full 0):
 garbage-first heap   total 3067904K, used 238610K [0x0000000704c00000, 0x0000000704d05da0, 0x00000007c0000000)
  region size 1024K, 12 young (12288K), 12 survivors (12288K)
 Metaspace       used 130808K, capacity 138026K, committed 138272K, reserved 1169408K
  class space    used 16928K, capacity 18228K, committed 18260K, reserved 1048576K
}
 [Times: user=0.00 sys=0.14, real=0.04 secs] 
2020-12-08T14:27:30.470+0000: 47680.774: Total time for which application threads were stopped: 0.0510254 seconds, Stopping threads took: 0.0002740 seconds
2020-12-08T14:32:30.132+0000: 47980.775: Total time for which application threads were stopped: 0.0008175 seconds, Stopping threads took: 0.0002226 seconds
{Heap before GC invocations=137 (full 0):
 garbage-first heap   total 3067904K, used 2066450K [0x0000000704c00000, 0x0000000704d05da0, 0x00000007c0000000)
  region size 1024K, 1797 young (1840128K), 12 survivors (12288K)
 Metaspace       used 130808K, capacity 138026K, committed 138272K, reserved 1169408K
  class space    used 16928K, capacity 18228K, committed 18260K, reserved 1048576K
2020-12-08T14:34:06.280+0000: 48077.025: [GC pause (G1 Evacuation Pause) (young)
Desired survivor size 117964800 bytes, new threshold 15 (max 15)
- age   1:    6302008 bytes,    6302008 total
- age   2:     316800 bytes,    6618808 total
- age   3:     508608 bytes,    7127416 total
- age   4:      36600 bytes,    7164016 total
- age   5:      38104 bytes,    7202120 total
- age   6:      32552 bytes,    7234672 total
- age   7:      36880 bytes,    7271552 total
- age   8:      32000 bytes,    7303552 total
- age   9:      37608 bytes,    7341160 total
- age  10:      32936 bytes,    7374096 total
- age  11:      36056 bytes,    7410152 total
- age  12:      40600 bytes,    7450752 total
- age  13:      32928 bytes,    7483680 total
- age  14:      33608 bytes,    7517288 total
- age  15:      32184 bytes,    7549472 total
, 0.0400886 secs]
   [Parallel Time: 18.3 ms, GC Workers: 6]
      [GC Worker Start (ms): Min: 48077025.3, Avg: 48077025.5, Max: 48077025.8, Diff: 0.4]
      [Ext Root Scanning (ms): Min: 4.0, Avg: 5.1, Max: 9.4, Diff: 5.4, Sum: 30.4]
      [Update RS (ms): Min: 0.0, Avg: 2.2, Max: 2.8, Diff: 2.8, Sum: 13.2]
         [Processed Buffers: Min: 0, Avg: 20.5, Max: 51, Diff: 51, Sum: 123]
      [Scan RS (ms): Min: 1.4, Avg: 3.3, Max: 4.2, Diff: 2.8, Sum: 20.1]
      [Code Root Scanning (ms): Min: 2.0, Avg: 3.9, Max: 8.6, Diff: 6.5, Sum: 23.4]
      [Object Copy (ms): Min: 0.3, Avg: 1.8, Max: 2.4, Diff: 2.0, Sum: 11.0]
      [Termination (ms): Min: 0.0, Avg: 1.2, Max: 1.6, Diff: 1.5, Sum: 7.4]
         [Termination Attempts: Min: 1, Avg: 1.2, Max: 2, Diff: 1, Sum: 7]
      [GC Worker Other (ms): Min: 0.1, Avg: 0.1, Max: 0.2, Diff: 0.1, Sum: 0.8]
      [GC Worker Total (ms): Min: 17.4, Avg: 17.7, Max: 18.0, Diff: 0.6, Sum: 106.3]
      [GC Worker End (ms): Min: 48077043.1, Avg: 48077043.2, Max: 48077043.3, Diff: 0.2]
   [Code Root Fixup: 0.0 ms]
   [Code Root Purge: 0.0 ms]
   [Clear CT: 0.9 ms]
   [Other: 20.9 ms]
      [Choose CSet: 0.0 ms]
      [Ref Proc: 16.7 ms]
      [Ref Enq: 1.1 ms]
      [Redirty Cards: 0.8 ms]
      [Humongous Register: 0.2 ms]
      [Humongous Reclaim: 0.1 ms]
      [Free CSet: 1.1 ms]
   [Eden: 1785.0M(1785.0M)->0.0B(1785.0M) Survivors: 12288.0K->12288.0K Heap: 2018.0M(2996.0M)->233.6M(2996.0M)]
Heap after GC invocations=138 (full 0):
 garbage-first heap   total 3067904K, used 239166K [0x0000000704c00000, 0x0000000704d05da0, 0x00000007c0000000)
  region size 1024K, 12 young (12288K), 12 survivors (12288K)
 Metaspace       used 130808K, capacity 138026K, committed 138272K, reserved 1169408K
  class space    used 16928K, capacity 18228K, committed 18260K, reserved 1048576K
}
 [Times: user=0.13 sys=0.00, real=0.04 secs] 
2020-12-08T14:34:06.323+0000: 48077.068: Total time for which application threads were stopped: 0.0473376 seconds, Stopping threads took: 0.0037720 seconds
2020-12-08T14:39:05.984+0000: 48377.069: Total time for which application threads were stopped: 0.0007155 seconds, Stopping threads took: 0.0002483 seconds
{Heap before GC invocations=138 (full 0):
 garbage-first heap   total 3067904K, used 2067006K [0x0000000704c00000, 0x0000000704d05da0, 0x00000007c0000000)
  region size 1024K, 1797 young (1840128K), 12 survivors (12288K)
 Metaspace       used 130810K, capacity 138026K, committed 138272K, reserved 1169408K
  class space    used 16928K, capacity 18228K, committed 18260K, reserved 1048576K
2020-12-08T14:40:44.273+0000: 48475.483: [GC pause (G1 Evacuation Pause) (young)
Desired survivor size 117964800 bytes, new threshold 15 (max 15)
- age   1:    6331976 bytes,    6331976 total
- age   2:      86384 bytes,    6418360 total
- age   3:     316488 bytes,    6734848 total
- age   4:     456296 bytes,    7191144 total
- age   5:      36240 bytes,    7227384 total
- age   6:      37712 bytes,    7265096 total
- age   7:      32272 bytes,    7297368 total
- age   8:      36696 bytes,    7334064 total
- age   9:      32000 bytes,    7366064 total
- age  10:      33024 bytes,    7399088 total
- age  11:      32936 bytes,    7432024 total
- age  12:      36056 bytes,    7468080 total
- age  13:      40600 bytes,    7508680 total
- age  14:      32928 bytes,    7541608 total
- age  15:      33608 bytes,    7575216 total
, 0.0407079 secs]
   [Parallel Time: 19.9 ms, GC Workers: 6]
      [GC Worker Start (ms): Min: 48475483.2, Avg: 48475483.4, Max: 48475483.6, Diff: 0.4]
      [Ext Root Scanning (ms): Min: 4.4, Avg: 6.7, Max: 10.9, Diff: 6.6, Sum: 40.1]
      [Update RS (ms): Min: 0.0, Avg: 1.7, Max: 2.6, Diff: 2.6, Sum: 10.0]
         [Processed Buffers: Min: 0, Avg: 20.0, Max: 45, Diff: 45, Sum: 120]
      [Scan RS (ms): Min: 2.0, Avg: 3.4, Max: 4.4, Diff: 2.5, Sum: 20.3]
      [Code Root Scanning (ms): Min: 2.0, Avg: 4.1, Max: 9.3, Diff: 7.4, Sum: 24.3]
      [Object Copy (ms): Min: 0.5, Avg: 2.2, Max: 2.8, Diff: 2.3, Sum: 13.0]
      [Termination (ms): Min: 0.0, Avg: 1.0, Max: 1.2, Diff: 1.2, Sum: 5.9]
         [Termination Attempts: Min: 1, Avg: 2.3, Max: 4, Diff: 3, Sum: 14]
      [GC Worker Other (ms): Min: 0.1, Avg: 0.1, Max: 0.2, Diff: 0.1, Sum: 0.7]
      [GC Worker Total (ms): Min: 18.7, Avg: 19.1, Max: 19.3, Diff: 0.6, Sum: 114.4]
      [GC Worker End (ms): Min: 48475502.3, Avg: 48475502.4, Max: 48475502.5, Diff: 0.1]
   [Code Root Fixup: 0.0 ms]
   [Code Root Purge: 0.0 ms]
   [Clear CT: 0.8 ms]
   [Other: 19.9 ms]
      [Choose CSet: 0.0 ms]
      [Ref Proc: 16.4 ms]
      [Ref Enq: 0.8 ms]
      [Redirty Cards: 0.8 ms]
      [Humongous Register: 0.1 ms]
      [Humongous Reclaim: 0.1 ms]
      [Free CSet: 0.9 ms]
   [Eden: 1785.0M(1785.0M)->0.0B(1785.0M) Survivors: 12288.0K->12288.0K Heap: 2018.6M(2996.0M)->233.1M(2996.0M)]
Heap after GC invocations=139 (full 0):
 garbage-first heap   total 3067904K, used 238697K [0x0000000704c00000, 0x0000000704d05da0, 0x00000007c0000000)
  region size 1024K, 12 young (12288K), 12 survivors (12288K)
 Metaspace       used 130810K, capacity 138026K, committed 138272K, reserved 1169408K
  class space    used 16928K, capacity 18228K, committed 18260K, reserved 1048576K
}
 [Times: user=0.00 sys=0.12, real=0.05 secs] 
2020-12-08T14:40:44.317+0000: 48475.526: Total time for which application threads were stopped: 0.0443049 seconds, Stopping threads took: 0.0002360 seconds
{Heap before GC invocations=139 (full 0):
 garbage-first heap   total 3067904K, used 2066537K [0x0000000704c00000, 0x0000000704d05da0, 0x00000007c0000000)
  region size 1024K, 1797 young (1840128K), 12 survivors (12288K)
 Metaspace       used 130814K, capacity 138026K, committed 138272K, reserved 1169408K
  class space    used 16928K, capacity 18228K, committed 18260K, reserved 1048576K
2020-12-08T14:47:16.676+0000: 48868.298: [GC pause (G1 Evacuation Pause) (young)
Desired survivor size 117964800 bytes, new threshold 15 (max 15)
- age   1:    6328512 bytes,    6328512 total
- age   2:      92768 bytes,    6421280 total
- age   3:      86248 bytes,    6507528 total
- age   4:     316488 bytes,    6824016 total
- age   5:     402272 bytes,    7226288 total
- age   6:      35920 bytes,    7262208 total
- age   7:      37712 bytes,    7299920 total
- age   8:      32272 bytes,    7332192 total
- age   9:      36696 bytes,    7368888 total
- age  10:      32000 bytes,    7400888 total
- age  11:      33024 bytes,    7433912 total
- age  12:      32936 bytes,    7466848 total
- age  13:      36056 bytes,    7502904 total
- age  14:      40600 bytes,    7543504 total
- age  15:      32928 bytes,    7576432 total
, 0.0299141 secs]
   [Parallel Time: 12.9 ms, GC Workers: 6]
      [GC Worker Start (ms): Min: 48868298.2, Avg: 48868298.4, Max: 48868298.5, Diff: 0.3]
      [Ext Root Scanning (ms): Min: 3.2, Avg: 3.5, Max: 3.8, Diff: 0.6, Sum: 21.0]
      [Update RS (ms): Min: 1.3, Avg: 1.5, Max: 1.7, Diff: 0.4, Sum: 8.7]
         [Processed Buffers: Min: 9, Avg: 20.5, Max: 38, Diff: 29, Sum: 123]
      [Scan RS (ms): Min: 2.6, Avg: 3.0, Max: 3.1, Diff: 0.5, Sum: 18.0]
      [Code Root Scanning (ms): Min: 2.4, Avg: 2.4, Max: 2.6, Diff: 0.2, Sum: 14.6]
      [Object Copy (ms): Min: 1.4, Avg: 1.6, Max: 1.8, Diff: 0.4, Sum: 9.4]
      [Termination (ms): Min: 0.0, Avg: 0.0, Max: 0.0, Diff: 0.0, Sum: 0.0]
         [Termination Attempts: Min: 1, Avg: 1.0, Max: 1, Diff: 0, Sum: 6]
      [GC Worker Other (ms): Min: 0.1, Avg: 0.3, Max: 0.4, Diff: 0.3, Sum: 1.7]
      [GC Worker Total (ms): Min: 12.1, Avg: 12.2, Max: 12.5, Diff: 0.5, Sum: 73.5]
      [GC Worker End (ms): Min: 48868310.4, Avg: 48868310.6, Max: 48868310.7, Diff: 0.3]
   [Code Root Fixup: 0.0 ms]
   [Code Root Purge: 0.0 ms]
   [Clear CT: 0.6 ms]
   [Other: 16.4 ms]
      [Choose CSet: 0.0 ms]
      [Ref Proc: 12.5 ms]
      [Ref Enq: 1.2 ms]
      [Redirty Cards: 1.0 ms]
      [Humongous Register: 0.1 ms]
      [Humongous Reclaim: 0.1 ms]
      [Free CSet: 0.8 ms]
   [Eden: 1785.0M(1785.0M)->0.0B(1785.0M) Survivors: 12288.0K->12288.0K Heap: 2018.1M(2996.0M)->233.2M(2996.0M)]
Heap after GC invocations=140 (full 0):
 garbage-first heap   total 3067904K, used 238746K [0x0000000704c00000, 0x0000000704d05da0, 0x00000007c0000000)
  region size 1024K, 12 young (12288K), 12 survivors (12288K)
 Metaspace       used 130814K, capacity 138026K, committed 138272K, reserved 1169408K
  class space    used 16928K, capacity 18228K, committed 18260K, reserved 1048576K
}
 [Times: user=0.00 sys=0.10, real=0.05 secs] 
2020-12-08T14:47:16.725+0000: 48868.346: Total time for which application threads were stopped: 0.0492994 seconds, Stopping threads took: 0.0001557 seconds
{Heap before GC invocations=140 (full 0):
 garbage-first heap   total 3067904K, used 2066586K [0x0000000704c00000, 0x0000000704d05da0, 0x00000007c0000000)
  region size 1024K, 1797 young (1840128K), 12 survivors (12288K)
 Metaspace       used 130814K, capacity 138026K, committed 138272K, reserved 1169408K
  class space    used 16928K, capacity 18228K, committed 18260K, reserved 1048576K
2020-12-08T14:53:41.264+0000: 49253.372: [GC pause (G1 Evacuation Pause) (young)
Desired survivor size 117964800 bytes, new threshold 15 (max 15)
- age   1:    6333640 bytes,    6333640 total
- age   2:      86640 bytes,    6420280 total
- age   3:      91920 bytes,    6512200 total
- age   4:      85928 bytes,    6598128 total
- age   5:     316360 bytes,    6914488 total
- age   6:     350536 bytes,    7265024 total
- age   7:      35736 bytes,    7300760 total
- age   8:      37712 bytes,    7338472 total
- age   9:      32112 bytes,    7370584 total
- age  10:      32056 bytes,    7402640 total
- age  11:      32000 bytes,    7434640 total
- age  12:      33024 bytes,    7467664 total
- age  13:      32936 bytes,    7500600 total
- age  14:      36056 bytes,    7536656 total
- age  15:      40424 bytes,    7577080 total
, 0.0295517 secs]
   [Parallel Time: 13.2 ms, GC Workers: 6]
      [GC Worker Start (ms): Min: 49253372.1, Avg: 49253372.3, Max: 49253372.5, Diff: 0.4]
      [Ext Root Scanning (ms): Min: 3.4, Avg: 3.6, Max: 3.9, Diff: 0.6, Sum: 21.4]
      [Update RS (ms): Min: 1.4, Avg: 1.5, Max: 1.7, Diff: 0.3, Sum: 8.9]
         [Processed Buffers: Min: 6, Avg: 19.8, Max: 40, Diff: 34, Sum: 119]
      [Scan RS (ms): Min: 2.8, Avg: 2.9, Max: 3.0, Diff: 0.3, Sum: 17.5]
      [Code Root Scanning (ms): Min: 2.3, Avg: 2.4, Max: 2.5, Diff: 0.2, Sum: 14.3]
      [Object Copy (ms): Min: 1.5, Avg: 1.6, Max: 1.8, Diff: 0.3, Sum: 9.8]
      [Termination (ms): Min: 0.0, Avg: 0.0, Max: 0.0, Diff: 0.0, Sum: 0.1]
         [Termination Attempts: Min: 1, Avg: 1.2, Max: 2, Diff: 1, Sum: 7]
      [GC Worker Other (ms): Min: 0.1, Avg: 0.3, Max: 0.5, Diff: 0.4, Sum: 1.7]
      [GC Worker Total (ms): Min: 11.9, Avg: 12.3, Max: 12.5, Diff: 0.6, Sum: 73.6]
      [GC Worker End (ms): Min: 49253384.4, Avg: 49253384.6, Max: 49253384.8, Diff: 0.4]
   [Code Root Fixup: 0.0 ms]
   [Code Root Purge: 0.0 ms]
   [Clear CT: 0.8 ms]
   [Other: 15.5 ms]
      [Choose CSet: 0.0 ms]
      [Ref Proc: 12.1 ms]
      [Ref Enq: 0.8 ms]
      [Redirty Cards: 0.9 ms]
      [Humongous Register: 0.1 ms]
      [Humongous Reclaim: 0.0 ms]
      [Free CSet: 0.7 ms]
   [Eden: 1785.0M(1785.0M)->0.0B(1785.0M) Survivors: 12288.0K->12288.0K Heap: 2018.2M(2996.0M)->233.2M(2996.0M)]
Heap after GC invocations=141 (full 0):
 garbage-first heap   total 3067904K, used 238800K [0x0000000704c00000, 0x0000000704d05da0, 0x00000007c0000000)
  region size 1024K, 12 young (12288K), 12 survivors (12288K)
 Metaspace       used 130814K, capacity 138026K, committed 138272K, reserved 1169408K
  class space    used 16928K, capacity 18228K, committed 18260K, reserved 1048576K
}
 [Times: user=0.10 sys=0.00, real=0.03 secs] 
2020-12-08T14:53:41.296+0000: 49253.403: Total time for which application threads were stopped: 0.0379799 seconds, Stopping threads took: 0.0059857 seconds
2020-12-08T14:58:40.957+0000: 49553.404: Total time for which application threads were stopped: 0.0008423 seconds, Stopping threads took: 0.0002453 seconds
{Heap before GC invocations=141 (full 0):
 garbage-first heap   total 3067904K, used 2066640K [0x0000000704c00000, 0x0000000704d05da0, 0x00000007c0000000)
  region size 1024K, 1797 young (1840128K), 12 survivors (12288K)
 Metaspace       used 130829K, capacity 138026K, committed 138272K, reserved 1169408K
  class space    used 16928K, capacity 18228K, committed 18260K, reserved 1048576K
2020-12-08T15:00:06.380+0000: 49638.929: [GC pause (G1 Evacuation Pause) (young)
Desired survivor size 117964800 bytes, new threshold 15 (max 15)
- age   1:    6322648 bytes,    6322648 total
- age   2:      91112 bytes,    6413760 total
- age   3:      85912 bytes,    6499672 total
- age   4:      91920 bytes,    6591592 total
- age   5:      85800 bytes,    6677392 total
- age   6:     315992 bytes,    6993384 total
- age   7:     301672 bytes,    7295056 total
- age   8:      35736 bytes,    7330792 total
- age   9:      37712 bytes,    7368504 total
- age  10:      32112 bytes,    7400616 total
- age  11:      32056 bytes,    7432672 total
- age  12:      32000 bytes,    7464672 total
- age  13:      33024 bytes,    7497696 total
- age  14:      32936 bytes,    7530632 total
- age  15:      36056 bytes,    7566688 total
, 0.0302748 secs]
   [Parallel Time: 13.4 ms, GC Workers: 6]
      [GC Worker Start (ms): Min: 49638929.2, Avg: 49638929.4, Max: 49638929.5, Diff: 0.3]
      [Ext Root Scanning (ms): Min: 3.3, Avg: 3.5, Max: 3.7, Diff: 0.5, Sum: 20.7]
      [Update RS (ms): Min: 1.5, Avg: 1.5, Max: 1.8, Diff: 0.4, Sum: 9.2]
         [Processed Buffers: Min: 7, Avg: 20.5, Max: 41, Diff: 34, Sum: 123]
      [Scan RS (ms): Min: 2.5, Avg: 2.9, Max: 3.1, Diff: 0.6, Sum: 17.4]
      [Code Root Scanning (ms): Min: 2.5, Avg: 2.6, Max: 2.7, Diff: 0.3, Sum: 15.7]
      [Object Copy (ms): Min: 1.5, Avg: 1.7, Max: 1.8, Diff: 0.3, Sum: 10.2]
      [Termination (ms): Min: 0.0, Avg: 0.1, Max: 0.1, Diff: 0.1, Sum: 0.4]
         [Termination Attempts: Min: 1, Avg: 1.5, Max: 2, Diff: 1, Sum: 9]
      [GC Worker Other (ms): Min: 0.1, Avg: 0.1, Max: 0.3, Diff: 0.2, Sum: 0.9]
      [GC Worker Total (ms): Min: 12.2, Avg: 12.4, Max: 12.6, Diff: 0.4, Sum: 74.5]
      [GC Worker End (ms): Min: 49638941.7, Avg: 49638941.8, Max: 49638941.9, Diff: 0.2]
   [Code Root Fixup: 0.0 ms]
   [Code Root Purge: 0.0 ms]
   [Clear CT: 0.8 ms]
   [Other: 16.0 ms]
      [Choose CSet: 0.0 ms]
      [Ref Proc: 11.9 ms]
      [Ref Enq: 1.1 ms]
      [Redirty Cards: 1.0 ms]
      [Humongous Register: 0.1 ms]
      [Humongous Reclaim: 0.1 ms]
      [Free CSet: 1.1 ms]
   [Eden: 1785.0M(1785.0M)->0.0B(1785.0M) Survivors: 12288.0K->12288.0K Heap: 2018.2M(2996.0M)->233.3M(2996.0M)]
Heap after GC invocations=142 (full 0):
 garbage-first heap   total 3067904K, used 238857K [0x0000000704c00000, 0x0000000704d05da0, 0x00000007c0000000)
  region size 1024K, 12 young (12288K), 12 survivors (12288K)
 Metaspace       used 130829K, capacity 138026K, committed 138272K, reserved 1169408K
  class space    used 16928K, capacity 18228K, committed 18260K, reserved 1048576K
}
 [Times: user=0.00 sys=0.10, real=0.03 secs] 
2020-12-08T15:00:06.415+0000: 49638.964: Total time for which application threads were stopped: 0.0356048 seconds, Stopping threads took: 0.0001405 seconds
2020-12-08T15:05:06.078+0000: 49938.966: Total time for which application threads were stopped: 0.0008604 seconds, Stopping threads took: 0.0004409 seconds
{Heap before GC invocations=142 (full 0):
 garbage-first heap   total 3067904K, used 2066697K [0x0000000704c00000, 0x0000000704d05da0, 0x00000007c0000000)
  region size 1024K, 1797 young (1840128K), 12 survivors (12288K)
 Metaspace       used 130829K, capacity 138026K, committed 138272K, reserved 1169408K
  class space    used 16928K, capacity 18228K, committed 18260K, reserved 1048576K
2020-12-08T15:06:36.838+0000: 50029.828: [GC pause (G1 Evacuation Pause) (young)
Desired survivor size 117964800 bytes, new threshold 15 (max 15)
- age   1:    6379656 bytes,    6379656 total
- age   2:      85608 bytes,    6465264 total
- age   3:      90536 bytes,    6555800 total
- age   4:      85912 bytes,    6641712 total
- age   5:      91760 bytes,    6733472 total
- age   6:      85472 bytes,    6818944 total
- age   7:     315992 bytes,    7134936 total
- age   8:     251992 bytes,    7386928 total
- age   9:      35736 bytes,    7422664 total
- age  10:      37712 bytes,    7460376 total
- age  11:      32112 bytes,    7492488 total
- age  12:      32056 bytes,    7524544 total
- age  13:      32000 bytes,    7556544 total
- age  14:      33024 bytes,    7589568 total
- age  15:      32936 bytes,    7622504 total
, 0.0298986 secs]
   [Parallel Time: 13.1 ms, GC Workers: 6]
      [GC Worker Start (ms): Min: 50029828.9, Avg: 50029829.0, Max: 50029829.2, Diff: 0.3]
      [Ext Root Scanning (ms): Min: 3.4, Avg: 3.5, Max: 3.7, Diff: 0.3, Sum: 20.9]
      [Update RS (ms): Min: 1.3, Avg: 1.5, Max: 1.6, Diff: 0.3, Sum: 9.0]
         [Processed Buffers: Min: 5, Avg: 20.5, Max: 39, Diff: 34, Sum: 123]
      [Scan RS (ms): Min: 2.7, Avg: 2.9, Max: 3.1, Diff: 0.4, Sum: 17.2]
      [Code Root Scanning (ms): Min: 2.2, Avg: 2.3, Max: 2.4, Diff: 0.2, Sum: 14.1]
      [Object Copy (ms): Min: 1.7, Avg: 1.8, Max: 1.9, Diff: 0.2, Sum: 10.8]
      [Termination (ms): Min: 0.0, Avg: 0.0, Max: 0.1, Diff: 0.1, Sum: 0.2]
         [Termination Attempts: Min: 1, Avg: 3.0, Max: 4, Diff: 3, Sum: 18]
      [GC Worker Other (ms): Min: 0.2, Avg: 0.3, Max: 0.5, Diff: 0.3, Sum: 1.8]
      [GC Worker Total (ms): Min: 12.2, Avg: 12.3, Max: 12.6, Diff: 0.5, Sum: 74.0]
      [GC Worker End (ms): Min: 50029841.2, Avg: 50029841.4, Max: 50029841.6, Diff: 0.4]
   [Code Root Fixup: 0.0 ms]
   [Code Root Purge: 0.0 ms]
   [Clear CT: 0.5 ms]
   [Other: 16.2 ms]
      [Choose CSet: 0.0 ms]
      [Ref Proc: 12.6 ms]
      [Ref Enq: 1.0 ms]
      [Redirty Cards: 0.9 ms]
      [Humongous Register: 0.1 ms]
      [Humongous Reclaim: 0.0 ms]
      [Free CSet: 0.8 ms]
   [Eden: 1785.0M(1785.0M)->0.0B(1786.0M) Survivors: 12288.0K->11264.0K Heap: 2018.3M(2996.0M)->232.8M(2996.0M)]
Heap after GC invocations=143 (full 0):
 garbage-first heap   total 3067904K, used 238405K [0x0000000704c00000, 0x0000000704d05da0, 0x00000007c0000000)
  region size 1024K, 11 young (11264K), 11 survivors (11264K)
 Metaspace       used 130829K, capacity 138026K, committed 138272K, reserved 1169408K
  class space    used 16928K, capacity 18228K, committed 18260K, reserved 1048576K
}
 [Times: user=0.11 sys=0.00, real=0.03 secs] 
2020-12-08T15:06:36.870+0000: 50029.861: Total time for which application threads were stopped: 0.0333217 seconds, Stopping threads took: 0.0003338 seconds
2020-12-08T15:11:36.532+0000: 50329.862: Total time for which application threads were stopped: 0.0008658 seconds, Stopping threads took: 0.0002699 seconds
{Heap before GC invocations=143 (full 0):
 garbage-first heap   total 3067904K, used 2067269K [0x0000000704c00000, 0x0000000704d05da0, 0x00000007c0000000)
  region size 1024K, 1797 young (1840128K), 11 survivors (11264K)
 Metaspace       used 130829K, capacity 138026K, committed 138272K, reserved 1169408K
  class space    used 16928K, capacity 18228K, committed 18260K, reserved 1048576K
2020-12-08T15:13:02.077+0000: 50415.509: [GC pause (G1 Evacuation Pause) (young)
Desired survivor size 117964800 bytes, new threshold 15 (max 15)
- age   1:    6300776 bytes,    6300776 total
- age   2:      85344 bytes,    6386120 total
- age   3:      85312 bytes,    6471432 total
- age   4:      90440 bytes,    6561872 total
- age   5:      84176 bytes,    6646048 total
- age   6:      91440 bytes,    6737488 total
- age   7:      85472 bytes,    6822960 total
- age   8:     312992 bytes,    7135952 total
- age   9:     204656 bytes,    7340608 total
- age  10:      35512 bytes,    7376120 total
- age  11:      37712 bytes,    7413832 total
- age  12:      32112 bytes,    7445944 total
- age  13:      32056 bytes,    7478000 total
- age  14:      32000 bytes,    7510000 total
- age  15:      33024 bytes,    7543024 total
, 0.0274033 secs]
   [Parallel Time: 12.9 ms, GC Workers: 6]
      [GC Worker Start (ms): Min: 50415509.7, Avg: 50415509.9, Max: 50415510.1, Diff: 0.4]
      [Ext Root Scanning (ms): Min: 3.2, Avg: 3.3, Max: 3.7, Diff: 0.5, Sum: 20.0]
      [Update RS (ms): Min: 1.5, Avg: 1.5, Max: 1.6, Diff: 0.1, Sum: 9.0]
         [Processed Buffers: Min: 6, Avg: 20.2, Max: 43, Diff: 37, Sum: 121]
      [Scan RS (ms): Min: 2.6, Avg: 2.7, Max: 2.9, Diff: 0.2, Sum: 16.5]
      [Code Root Scanning (ms): Min: 2.2, Avg: 2.4, Max: 2.5, Diff: 0.2, Sum: 14.2]
      [Object Copy (ms): Min: 1.4, Avg: 1.5, Max: 1.7, Diff: 0.3, Sum: 9.3]
      [Termination (ms): Min: 0.0, Avg: 0.0, Max: 0.0, Diff: 0.0, Sum: 0.1]
         [Termination Attempts: Min: 1, Avg: 1.3, Max: 2, Diff: 1, Sum: 8]
      [GC Worker Other (ms): Min: 0.1, Avg: 0.4, Max: 0.8, Diff: 0.7, Sum: 2.6]
      [GC Worker Total (ms): Min: 11.4, Avg: 11.9, Max: 12.4, Diff: 1.0, Sum: 71.6]
      [GC Worker End (ms): Min: 50415521.5, Avg: 50415521.8, Max: 50415522.2, Diff: 0.7]
   [Code Root Fixup: 0.0 ms]
   [Code Root Purge: 0.0 ms]
   [Clear CT: 0.7 ms]
   [Other: 13.8 ms]
      [Choose CSet: 0.0 ms]
      [Ref Proc: 10.6 ms]
      [Ref Enq: 0.8 ms]
      [Redirty Cards: 0.8 ms]
      [Humongous Register: 0.1 ms]
      [Humongous Reclaim: 0.1 ms]
      [Free CSet: 0.7 ms]
   [Eden: 1786.0M(1786.0M)->0.0B(1785.0M) Survivors: 11264.0K->12288.0K Heap: 2018.8M(2996.0M)->233.4M(2996.0M)]
Heap after GC invocations=144 (full 0):
 garbage-first heap   total 3067904K, used 238963K [0x0000000704c00000, 0x0000000704d05da0, 0x00000007c0000000)
  region size 1024K, 12 young (12288K), 12 survivors (12288K)
 Metaspace       used 130829K, capacity 138026K, committed 138272K, reserved 1169408K
  class space    used 16928K, capacity 18228K, committed 18260K, reserved 1048576K
}
 [Times: user=0.00 sys=0.09, real=0.03 secs] 
2020-12-08T15:13:02.106+0000: 50415.539: Total time for which application threads were stopped: 0.0302093 seconds, Stopping threads took: 0.0002992 seconds
2020-12-08T15:30:11.206+0000: 50715.540: Total time for which application threads were stopped: 0.0013333 seconds, Stopping threads took: 0.0004285 seconds
{Heap before GC invocations=144 (full 0):
 garbage-first heap   total 3067904K, used 2083763K [0x0000000704c00000, 0x0000000704d05da0, 0x00000007c0000000)
  region size 1024K, 1797 young (1840128K), 12 survivors (12288K)
 Metaspace       used 130936K, capacity 138168K, committed 138272K, reserved 1169408K
  class space    used 16940K, capacity 18251K, committed 18260K, reserved 1048576K
2020-12-08T15:31:28.278+0000: 50792.681: [GC pause (G1 Evacuation Pause) (young)
Desired survivor size 117964800 bytes, new threshold 15 (max 15)
- age   1:    6343888 bytes,    6343888 total
- age   2:      85888 bytes,    6429776 total
- age   3:      85032 bytes,    6514808 total
- age   4:      85280 bytes,    6600088 total
- age   5:      90352 bytes,    6690440 total
- age   6:      83760 bytes,    6774200 total
- age   7:      91440 bytes,    6865640 total
- age   8:      82816 bytes,    6948456 total
- age   9:     153648 bytes,    7102104 total
- age  10:     174536 bytes,    7276640 total
- age  11:      35448 bytes,    7312088 total
- age  12:      37712 bytes,    7349800 total
- age  13:      32112 bytes,    7381912 total
- age  14:      32056 bytes,    7413968 total
- age  15:      32000 bytes,    7445968 total
, 0.0625706 secs]
   [Parallel Time: 27.5 ms, GC Workers: 6]
      [GC Worker Start (ms): Min: 50792689.5, Avg: 50792689.9, Max: 50792690.6, Diff: 1.1]
      [Ext Root Scanning (ms): Min: 11.4, Avg: 12.1, Max: 12.4, Diff: 1.0, Sum: 72.4]
      [Update RS (ms): Min: 3.4, Avg: 3.9, Max: 4.2, Diff: 0.8, Sum: 23.1]
         [Processed Buffers: Min: 1, Avg: 23.8, Max: 38, Diff: 37, Sum: 143]
      [Scan RS (ms): Min: 3.5, Avg: 3.7, Max: 4.2, Diff: 0.7, Sum: 22.4]
      [Code Root Scanning (ms): Min: 2.8, Avg: 2.9, Max: 3.0, Diff: 0.3, Sum: 17.4]
      [Object Copy (ms): Min: 3.1, Avg: 3.6, Max: 3.8, Diff: 0.7, Sum: 21.6]
      [Termination (ms): Min: 0.0, Avg: 0.0, Max: 0.0, Diff: 0.0, Sum: 0.1]
         [Termination Attempts: Min: 1, Avg: 1.0, Max: 1, Diff: 0, Sum: 6]
      [GC Worker Other (ms): Min: 0.1, Avg: 0.3, Max: 0.4, Diff: 0.3, Sum: 1.7]
      [GC Worker Total (ms): Min: 25.8, Avg: 26.5, Max: 27.0, Diff: 1.2, Sum: 158.9]
      [GC Worker End (ms): Min: 50792716.3, Avg: 50792716.4, Max: 50792716.6, Diff: 0.3]
   [Code Root Fixup: 0.1 ms]
   [Code Root Purge: 0.0 ms]
   [Clear CT: 2.2 ms]
   [Other: 32.8 ms]
      [Choose CSet: 0.0 ms]
      [Ref Proc: 14.0 ms]
      [Ref Enq: 0.9 ms]
      [Redirty Cards: 1.0 ms]
      [Humongous Register: 7.3 ms]
      [Humongous Reclaim: 0.2 ms]
      [Free CSet: 8.0 ms]
   [Eden: 1785.0M(1785.0M)->0.0B(1784.0M) Survivors: 12288.0K->13312.0K Heap: 2034.9M(2996.0M)->250.9M(2996.0M)]
Heap after GC invocations=145 (full 0):
 garbage-first heap   total 3067904K, used 256927K [0x0000000704c00000, 0x0000000704d05da0, 0x00000007c0000000)
  region size 1024K, 13 young (13312K), 13 survivors (13312K)
 Metaspace       used 130936K, capacity 138168K, committed 138272K, reserved 1169408K
  class space    used 16940K, capacity 18251K, committed 18260K, reserved 1048576K
}
 [Times: user=0.19 sys=0.01, real=0.07 secs] 
2020-12-08T15:31:28.343+0000: 50792.746: Total time for which application threads were stopped: 0.0658928 seconds, Stopping threads took: 0.0001331 seconds
2020-12-08T15:36:28.003+0000: 51092.747: Total time for which application threads were stopped: 0.0008376 seconds, Stopping threads took: 0.0003226 seconds
{Heap before GC invocations=145 (full 0):
 garbage-first heap   total 3067904K, used 2083743K [0x0000000704c00000, 0x0000000704d05da0, 0x00000007c0000000)
  region size 1024K, 1797 young (1840128K), 13 survivors (13312K)
 Metaspace       used 130937K, capacity 138168K, committed 138272K, reserved 1169408K
  class space    used 16940K, capacity 18251K, committed 18260K, reserved 1048576K
2020-12-08T15:38:04.170+0000: 51189.017: [GC pause (G1 Evacuation Pause) (young)
Desired survivor size 117964800 bytes, new threshold 15 (max 15)
- age   1:    8284896 bytes,    8284896 total
- age   2:      37120 bytes,    8322016 total
- age   3:      34640 bytes,    8356656 total
- age   4:      35360 bytes,    8392016 total
- age   5:      34768 bytes,    8426784 total
- age   6:      38944 bytes,    8465728 total
- age   7:      33160 bytes,    8498888 total
- age   8:      40168 bytes,    8539056 total
- age   9:      33448 bytes,    8572504 total
- age  10:      33504 bytes,    8606008 total
- age  11:      32960 bytes,    8638968 total
- age  12:      35448 bytes,    8674416 total
- age  13:      37712 bytes,    8712128 total
- age  14:      32112 bytes,    8744240 total
- age  15:      32056 bytes,    8776296 total
, 0.0305998 secs]
   [Parallel Time: 12.1 ms, GC Workers: 6]
      [GC Worker Start (ms): Min: 51189017.2, Avg: 51189017.4, Max: 51189017.7, Diff: 0.5]
      [Ext Root Scanning (ms): Min: 2.7, Avg: 3.1, Max: 3.5, Diff: 0.7, Sum: 18.4]
      [Update RS (ms): Min: 1.0, Avg: 1.0, Max: 1.1, Diff: 0.1, Sum: 6.2]
         [Processed Buffers: Min: 7, Avg: 20.3, Max: 37, Diff: 30, Sum: 122]
      [Scan RS (ms): Min: 2.4, Avg: 2.5, Max: 2.8, Diff: 0.4, Sum: 15.2]
      [Code Root Scanning (ms): Min: 2.0, Avg: 2.3, Max: 2.5, Diff: 0.4, Sum: 13.7]
      [Object Copy (ms): Min: 1.8, Avg: 1.9, Max: 2.0, Diff: 0.2, Sum: 11.3]
      [Termination (ms): Min: 0.0, Avg: 0.0, Max: 0.0, Diff: 0.0, Sum: 0.0]
         [Termination Attempts: Min: 1, Avg: 1.0, Max: 1, Diff: 0, Sum: 6]
      [GC Worker Other (ms): Min: 0.1, Avg: 0.4, Max: 0.6, Diff: 0.5, Sum: 2.1]
      [GC Worker Total (ms): Min: 10.7, Avg: 11.2, Max: 11.7, Diff: 1.0, Sum: 67.0]
      [GC Worker End (ms): Min: 51189028.4, Avg: 51189028.6, Max: 51189028.9, Diff: 0.5]
   [Code Root Fixup: 0.0 ms]
   [Code Root Purge: 0.0 ms]
   [Clear CT: 0.9 ms]
   [Other: 17.6 ms]
      [Choose CSet: 0.0 ms]
      [Ref Proc: 14.3 ms]
      [Ref Enq: 0.9 ms]
      [Redirty Cards: 0.7 ms]
      [Humongous Register: 0.2 ms]
      [Humongous Reclaim: 0.0 ms]
      [Free CSet: 0.9 ms]
   [Eden: 1784.0M(1784.0M)->0.0B(1783.0M) Survivors: 13312.0K->14336.0K Heap: 2034.9M(2996.0M)->251.5M(2996.0M)]
Heap after GC invocations=146 (full 0):
 garbage-first heap   total 3067904K, used 257491K [0x0000000704c00000, 0x0000000704d05da0, 0x00000007c0000000)
  region size 1024K, 14 young (14336K), 14 survivors (14336K)
 Metaspace       used 130937K, capacity 138168K, committed 138272K, reserved 1169408K
  class space    used 16940K, capacity 18251K, committed 18260K, reserved 1048576K
}
 [Times: user=0.00 sys=0.10, real=0.03 secs] 
2020-12-08T15:38:04.202+0000: 51189.049: Total time for which application threads were stopped: 0.0336245 seconds, Stopping threads took: 0.0004642 seconds
2020-12-08T16:47:16.747+0000: 51489.050: Total time for which application threads were stopped: 0.0009293 seconds, Stopping threads took: 0.0002545 seconds
{Heap before GC invocations=146 (full 0):
 garbage-first heap   total 3067904K, used 2099667K [0x0000000704c00000, 0x0000000704d05da0, 0x00000007c0000000)
  region size 1024K, 1797 young (1840128K), 14 survivors (14336K)
 Metaspace       used 131004K, capacity 138246K, committed 138400K, reserved 1169408K
  class space    used 16947K, capacity 18264K, committed 18388K, reserved 1048576K
2020-12-08T16:48:43.476+0000: 51575.732: [GC pause (G1 Evacuation Pause) (young)
Desired survivor size 117964800 bytes, new threshold 15 (max 15)
- age   1:    6320216 bytes,    6320216 total
- age   2:    1951080 bytes,    8271296 total
- age   3:      36304 bytes,    8307600 total
- age   4:      34152 bytes,    8341752 total
- age   5:      33752 bytes,    8375504 total
- age   6:      34736 bytes,    8410240 total
- age   7:      38944 bytes,    8449184 total
- age   8:      33160 bytes,    8482344 total
- age   9:      40168 bytes,    8522512 total
- age  10:      33336 bytes,    8555848 total
- age  11:      33504 bytes,    8589352 total
- age  12:      32960 bytes,    8622312 total
- age  13:      35448 bytes,    8657760 total
- age  14:      37712 bytes,    8695472 total
- age  15:      32112 bytes,    8727584 total
, 0.0299334 secs]
   [Parallel Time: 13.3 ms, GC Workers: 6]
      [GC Worker Start (ms): Min: 51575733.0, Avg: 51575733.2, Max: 51575733.4, Diff: 0.4]
      [Ext Root Scanning (ms): Min: 3.2, Avg: 3.4, Max: 3.8, Diff: 0.5, Sum: 20.7]
      [Update RS (ms): Min: 1.5, Avg: 1.6, Max: 1.6, Diff: 0.1, Sum: 9.3]
         [Processed Buffers: Min: 9, Avg: 22.2, Max: 29, Diff: 20, Sum: 133]
      [Scan RS (ms): Min: 2.7, Avg: 3.0, Max: 3.2, Diff: 0.5, Sum: 17.9]
      [Code Root Scanning (ms): Min: 2.4, Avg: 2.5, Max: 2.8, Diff: 0.5, Sum: 15.2]
      [Object Copy (ms): Min: 1.8, Avg: 2.0, Max: 2.2, Diff: 0.4, Sum: 11.9]
      [Termination (ms): Min: 0.0, Avg: 0.1, Max: 0.1, Diff: 0.0, Sum: 0.3]
         [Termination Attempts: Min: 1, Avg: 1.0, Max: 1, Diff: 0, Sum: 6]
      [GC Worker Other (ms): Min: 0.1, Avg: 0.3, Max: 0.4, Diff: 0.2, Sum: 1.5]
      [GC Worker Total (ms): Min: 12.6, Avg: 12.8, Max: 13.1, Diff: 0.5, Sum: 76.8]
      [GC Worker End (ms): Min: 51575745.9, Avg: 51575746.0, Max: 51575746.2, Diff: 0.3]
   [Code Root Fixup: 0.0 ms]
   [Code Root Purge: 0.0 ms]
   [Clear CT: 0.8 ms]
   [Other: 15.8 ms]
      [Choose CSet: 0.0 ms]
      [Ref Proc: 12.3 ms]
      [Ref Enq: 0.8 ms]
      [Redirty Cards: 0.9 ms]
      [Humongous Register: 0.1 ms]
      [Humongous Reclaim: 0.1 ms]
      [Free CSet: 0.9 ms]
   [Eden: 1783.0M(1783.0M)->0.0B(1783.0M) Survivors: 14336.0K->14336.0K Heap: 2050.5M(2996.0M)->267.5M(2996.0M)]
Heap after GC invocations=147 (full 0):
 garbage-first heap   total 3067904K, used 273927K [0x0000000704c00000, 0x0000000704d05da0, 0x00000007c0000000)
  region size 1024K, 14 young (14336K), 14 survivors (14336K)
 Metaspace       used 131004K, capacity 138246K, committed 138400K, reserved 1169408K
  class space    used 16947K, capacity 18264K, committed 18388K, reserved 1048576K
}
 [Times: user=0.00 sys=0.10, real=0.04 secs] 
2020-12-08T16:48:43.509+0000: 51575.765: Total time for which application threads were stopped: 0.0333736 seconds, Stopping threads took: 0.0003149 seconds
2020-12-08T16:53:43.162+0000: 51875.766: Total time for which application threads were stopped: 0.0009478 seconds, Stopping threads took: 0.0003899 seconds
{Heap before GC invocations=147 (full 0):
 garbage-first heap   total 3067904K, used 2099719K [0x0000000704c00000, 0x0000000704d05da0, 0x00000007c0000000)
  region size 1024K, 1797 young (1840128K), 14 survivors (14336K)
 Metaspace       used 131005K, capacity 138246K, committed 138400K, reserved 1169408K
  class space    used 16947K, capacity 18264K, committed 18388K, reserved 1048576K
2020-12-08T16:55:07.380+0000: 51960.089: [GC pause (G1 Evacuation Pause) (young)
Desired survivor size 117964800 bytes, new threshold 15 (max 15)
- age   1:    7363408 bytes,    7363408 total
- age   2:      84760 bytes,    7448168 total
- age   3:    1580768 bytes,    9028936 total
- age   4:      35960 bytes,    9064896 total
- age   5:      34088 bytes,    9098984 total
- age   6:      33752 bytes,    9132736 total
- age   7:      32144 bytes,    9164880 total
- age   8:      38944 bytes,    9203824 total
- age   9:      33128 bytes,    9236952 total
- age  10:      40168 bytes,    9277120 total
- age  11:      33336 bytes,    9310456 total
- age  12:      33504 bytes,    9343960 total
- age  13:      32960 bytes,    9376920 total
- age  14:      35448 bytes,    9412368 total
- age  15:      37712 bytes,    9450080 total
, 0.0301457 secs]
   [Parallel Time: 14.8 ms, GC Workers: 6]
      [GC Worker Start (ms): Min: 51960089.5, Avg: 51960089.7, Max: 51960090.0, Diff: 0.5]
      [Ext Root Scanning (ms): Min: 3.3, Avg: 3.6, Max: 4.0, Diff: 0.7, Sum: 21.5]
      [Update RS (ms): Min: 1.7, Avg: 2.0, Max: 2.6, Diff: 1.0, Sum: 12.2]
         [Processed Buffers: Min: 7, Avg: 20.3, Max: 27, Diff: 20, Sum: 122]
      [Scan RS (ms): Min: 2.6, Avg: 3.1, Max: 3.4, Diff: 0.8, Sum: 18.6]
      [Code Root Scanning (ms): Min: 2.6, Avg: 2.7, Max: 2.9, Diff: 0.3, Sum: 16.1]
      [Object Copy (ms): Min: 2.1, Avg: 2.4, Max: 2.9, Diff: 0.8, Sum: 14.5]
      [Termination (ms): Min: 0.0, Avg: 0.1, Max: 0.2, Diff: 0.2, Sum: 0.7]
         [Termination Attempts: Min: 1, Avg: 1.5, Max: 2, Diff: 1, Sum: 9]
      [GC Worker Other (ms): Min: 0.1, Avg: 0.3, Max: 0.5, Diff: 0.4, Sum: 1.8]
      [GC Worker Total (ms): Min: 14.0, Avg: 14.3, Max: 14.6, Diff: 0.6, Sum: 85.6]
      [GC Worker End (ms): Min: 51960103.9, Avg: 51960104.0, Max: 51960104.2, Diff: 0.3]
   [Code Root Fixup: 0.0 ms]
   [Code Root Purge: 0.0 ms]
   [Clear CT: 0.9 ms]
   [Other: 14.5 ms]
      [Choose CSet: 0.0 ms]
      [Ref Proc: 11.0 ms]
      [Ref Enq: 0.9 ms]
      [Redirty Cards: 0.8 ms]
      [Humongous Register: 0.1 ms]
      [Humongous Reclaim: 0.0 ms]
      [Free CSet: 1.0 ms]
   [Eden: 1783.0M(1783.0M)->0.0B(1784.0M) Survivors: 14336.0K->13312.0K Heap: 2050.5M(2996.0M)->267.1M(2996.0M)]
Heap after GC invocations=148 (full 0):
 garbage-first heap   total 3067904K, used 273473K [0x0000000704c00000, 0x0000000704d05da0, 0x00000007c0000000)
  region size 1024K, 13 young (13312K), 13 survivors (13312K)
 Metaspace       used 131005K, capacity 138246K, committed 138400K, reserved 1169408K
  class space    used 16947K, capacity 18264K, committed 18388K, reserved 1048576K
}
 [Times: user=0.11 sys=0.00, real=0.03 secs] 
2020-12-08T16:55:07.413+0000: 51960.122: Total time for which application threads were stopped: 0.0338591 seconds, Stopping threads took: 0.0003131 seconds
2020-12-08T17:00:07.066+0000: 52260.123: Total time for which application threads were stopped: 0.0009060 seconds, Stopping threads took: 0.0002852 seconds
{Heap before GC invocations=148 (full 0):
 garbage-first heap   total 3067904K, used 2100289K [0x0000000704c00000, 0x0000000704d05da0, 0x00000007c0000000)
  region size 1024K, 1797 young (1840128K), 13 survivors (13312K)
 Metaspace       used 131007K, capacity 138246K, committed 138400K, reserved 1169408K
  class space    used 16947K, capacity 18264K, committed 18388K, reserved 1048576K
2020-12-08T17:01:35.568+0000: 52348.730: [GC pause (G1 Evacuation Pause) (young)
Desired survivor size 117964800 bytes, new threshold 15 (max 15)
- age   1:    6323088 bytes,    6323088 total
- age   2:    1140968 bytes,    7464056 total
- age   3:      84264 bytes,    7548320 total
- age   4:    1530520 bytes,    9078840 total
- age   5:      35960 bytes,    9114800 total
- age   6:      32480 bytes,    9147280 total
- age   7:      33752 bytes,    9181032 total
- age   8:      32144 bytes,    9213176 total
- age   9:      38944 bytes,    9252120 total
- age  10:      33128 bytes,    9285248 total
- age  11:      40168 bytes,    9325416 total
- age  12:      33336 bytes,    9358752 total
- age  13:      33504 bytes,    9392256 total
- age  14:      32960 bytes,    9425216 total
- age  15:      35448 bytes,    9460664 total
, 0.0300479 secs]
   [Parallel Time: 13.9 ms, GC Workers: 6]
      [GC Worker Start (ms): Min: 52348730.4, Avg: 52348730.6, Max: 52348730.7, Diff: 0.4]
      [Ext Root Scanning (ms): Min: 3.2, Avg: 3.4, Max: 3.7, Diff: 0.6, Sum: 20.3]
      [Update RS (ms): Min: 1.7, Avg: 1.8, Max: 1.9, Diff: 0.2, Sum: 10.8]
         [Processed Buffers: Min: 8, Avg: 21.5, Max: 36, Diff: 28, Sum: 129]
      [Scan RS (ms): Min: 2.8, Avg: 2.9, Max: 3.0, Diff: 0.2, Sum: 17.2]
      [Code Root Scanning (ms): Min: 2.4, Avg: 2.5, Max: 2.6, Diff: 0.2, Sum: 15.1]
      [Object Copy (ms): Min: 2.1, Avg: 2.3, Max: 2.5, Diff: 0.4, Sum: 13.7]
      [Termination (ms): Min: 0.0, Avg: 0.0, Max: 0.0, Diff: 0.0, Sum: 0.1]
         [Termination Attempts: Min: 1, Avg: 1.5, Max: 2, Diff: 1, Sum: 9]
      [GC Worker Other (ms): Min: 0.2, Avg: 0.3, Max: 0.5, Diff: 0.3, Sum: 1.9]
      [GC Worker Total (ms): Min: 12.8, Avg: 13.2, Max: 13.6, Diff: 0.7, Sum: 79.1]
      [GC Worker End (ms): Min: 52348743.6, Avg: 52348743.7, Max: 52348743.9, Diff: 0.4]
   [Code Root Fixup: 0.0 ms]
   [Code Root Purge: 0.0 ms]
   [Clear CT: 0.9 ms]
   [Other: 15.3 ms]
      [Choose CSet: 0.0 ms]
      [Ref Proc: 11.8 ms]
      [Ref Enq: 0.8 ms]
      [Redirty Cards: 0.8 ms]
      [Humongous Register: 0.1 ms]
      [Humongous Reclaim: 0.1 ms]
      [Free CSet: 0.8 ms]
   [Eden: 1784.0M(1784.0M)->0.0B(1783.0M) Survivors: 13312.0K->14336.0K Heap: 2051.1M(2996.0M)->267.6M(2996.0M)]
Heap after GC invocations=149 (full 0):
 garbage-first heap   total 3067904K, used 274044K [0x0000000704c00000, 0x0000000704d05da0, 0x00000007c0000000)
  region size 1024K, 14 young (14336K), 14 survivors (14336K)
 Metaspace       used 131007K, capacity 138246K, committed 138400K, reserved 1169408K
  class space    used 16947K, capacity 18264K, committed 18388K, reserved 1048576K
}
 [Times: user=0.00 sys=0.11, real=0.03 secs] 
2020-12-08T17:01:35.600+0000: 52348.762: Total time for which application threads were stopped: 0.0327313 seconds, Stopping threads took: 0.0002190 seconds
2020-12-08T17:06:35.253+0000: 52648.763: Total time for which application threads were stopped: 0.0007956 seconds, Stopping threads took: 0.0001856 seconds
{Heap before GC invocations=149 (full 0):
 garbage-first heap   total 3067904K, used 2099836K [0x0000000704c00000, 0x0000000704d05da0, 0x00000007c0000000)
  region size 1024K, 1797 young (1840128K), 14 survivors (14336K)
 Metaspace       used 131008K, capacity 138246K, committed 138400K, reserved 1169408K
  class space    used 16947K, capacity 18264K, committed 18388K, reserved 1048576K
2020-12-08T17:08:05.177+0000: 52738.792: [GC pause (G1 Evacuation Pause) (young)
Desired survivor size 117964800 bytes, new threshold 15 (max 15)
- age   1:    6335544 bytes,    6335544 total
- age   2:      83480 bytes,    6419024 total
- age   3:    1140264 bytes,    7559288 total
- age   4:      83808 bytes,    7643096 total
- age   5:    1479144 bytes,    9122240 total
- age   6:      35960 bytes,    9158200 total
- age   7:      32160 bytes,    9190360 total
- age   8:      33312 bytes,    9223672 total
- age   9:      32144 bytes,    9255816 total
- age  10:      33040 bytes,    9288856 total
- age  11:      33128 bytes,    9321984 total
- age  12:      34552 bytes,    9356536 total
- age  13:      33336 bytes,    9389872 total
- age  14:      33504 bytes,    9423376 total
- age  15:      32960 bytes,    9456336 total
, 0.0294427 secs]
   [Parallel Time: 13.3 ms, GC Workers: 6]
      [GC Worker Start (ms): Min: 52738792.2, Avg: 52738792.3, Max: 52738792.5, Diff: 0.3]
      [Ext Root Scanning (ms): Min: 3.2, Avg: 3.4, Max: 3.7, Diff: 0.5, Sum: 20.4]
      [Update RS (ms): Min: 1.4, Avg: 1.6, Max: 1.8, Diff: 0.4, Sum: 9.3]
         [Processed Buffers: Min: 7, Avg: 20.3, Max: 29, Diff: 22, Sum: 122]
      [Scan RS (ms): Min: 2.8, Avg: 3.0, Max: 3.1, Diff: 0.3, Sum: 17.8]
      [Code Root Scanning (ms): Min: 2.3, Avg: 2.4, Max: 2.5, Diff: 0.2, Sum: 14.3]
      [Object Copy (ms): Min: 1.7, Avg: 1.9, Max: 2.1, Diff: 0.3, Sum: 11.3]
      [Termination (ms): Min: 0.0, Avg: 0.0, Max: 0.1, Diff: 0.1, Sum: 0.3]
         [Termination Attempts: Min: 1, Avg: 1.2, Max: 2, Diff: 1, Sum: 7]
      [GC Worker Other (ms): Min: 0.1, Avg: 0.1, Max: 0.3, Diff: 0.2, Sum: 0.9]
      [GC Worker Total (ms): Min: 12.2, Avg: 12.4, Max: 12.6, Diff: 0.5, Sum: 74.5]
      [GC Worker End (ms): Min: 52738804.7, Avg: 52738804.7, Max: 52738804.9, Diff: 0.2]
   [Code Root Fixup: 0.0 ms]
   [Code Root Purge: 0.0 ms]
   [Clear CT: 0.5 ms]
   [Other: 15.6 ms]
      [Choose CSet: 0.0 ms]
      [Ref Proc: 11.9 ms]
      [Ref Enq: 1.0 ms]
      [Redirty Cards: 0.8 ms]
      [Humongous Register: 0.1 ms]
      [Humongous Reclaim: 0.1 ms]
      [Free CSet: 0.7 ms]
   [Eden: 1783.0M(1783.0M)->0.0B(1783.0M) Survivors: 14336.0K->14336.0K Heap: 2050.6M(2996.0M)->268.2M(2996.0M)]
Heap after GC invocations=150 (full 0):
 garbage-first heap   total 3067904K, used 274600K [0x0000000704c00000, 0x0000000704d05da0, 0x00000007c0000000)
  region size 1024K, 14 young (14336K), 14 survivors (14336K)
 Metaspace       used 131008K, capacity 138246K, committed 138400K, reserved 1169408K
  class space    used 16947K, capacity 18264K, committed 18388K, reserved 1048576K
}
 [Times: user=0.11 sys=0.00, real=0.03 secs] 
2020-12-08T17:08:05.209+0000: 52738.824: Total time for which application threads were stopped: 0.0343046 seconds, Stopping threads took: 0.0017009 seconds
2020-12-08T17:13:04.862+0000: 53038.825: Total time for which application threads were stopped: 0.0010563 seconds, Stopping threads took: 0.0004799 seconds
{Heap before GC invocations=150 (full 0):
 garbage-first heap   total 3067904K, used 2100392K [0x0000000704c00000, 0x0000000704d05da0, 0x00000007c0000000)
  region size 1024K, 1797 young (1840128K), 14 survivors (14336K)
 Metaspace       used 131008K, capacity 138246K, committed 138400K, reserved 1169408K
  class space    used 16947K, capacity 18264K, committed 18388K, reserved 1048576K
2020-12-08T17:14:36.009+0000: 53130.076: [GC pause (G1 Evacuation Pause) (young)
Desired survivor size 117964800 bytes, new threshold 15 (max 15)
- age   1:    6328976 bytes,    6328976 total
- age   2:      99288 bytes,    6428264 total
- age   3:      81560 bytes,    6509824 total
- age   4:    1137384 bytes,    7647208 total
- age   5:      83808 bytes,    7731016 total
- age   6:    1428248 bytes,    9159264 total
- age   7:      35960 bytes,    9195224 total
- age   8:      32160 bytes,    9227384 total
- age   9:      33312 bytes,    9260696 total
- age  10:      32144 bytes,    9292840 total
- age  11:      33040 bytes,    9325880 total
- age  12:      33128 bytes,    9359008 total
- age  13:      34552 bytes,    9393560 total
- age  14:      33336 bytes,    9426896 total
- age  15:      33504 bytes,    9460400 total
, 0.0303741 secs]
   [Parallel Time: 14.9 ms, GC Workers: 6]
      [GC Worker Start (ms): Min: 53130076.4, Avg: 53130076.6, Max: 53130076.7, Diff: 0.3]
      [Ext Root Scanning (ms): Min: 3.2, Avg: 3.4, Max: 3.7, Diff: 0.5, Sum: 20.6]
      [Update RS (ms): Min: 1.9, Avg: 2.1, Max: 2.8, Diff: 0.9, Sum: 12.9]
         [Processed Buffers: Min: 3, Avg: 21.0, Max: 46, Diff: 43, Sum: 126]
      [Scan RS (ms): Min: 2.7, Avg: 3.0, Max: 3.4, Diff: 0.6, Sum: 18.3]
      [Code Root Scanning (ms): Min: 2.3, Avg: 2.7, Max: 2.9, Diff: 0.6, Sum: 16.3]
      [Object Copy (ms): Min: 2.2, Avg: 2.3, Max: 2.4, Diff: 0.2, Sum: 14.0]
      [Termination (ms): Min: 0.0, Avg: 0.0, Max: 0.0, Diff: 0.0, Sum: 0.0]
         [Termination Attempts: Min: 1, Avg: 1.0, Max: 1, Diff: 0, Sum: 6]
      [GC Worker Other (ms): Min: 0.1, Avg: 0.3, Max: 0.6, Diff: 0.5, Sum: 1.8]
      [GC Worker Total (ms): Min: 13.7, Avg: 14.0, Max: 14.2, Diff: 0.4, Sum: 83.9]
      [GC Worker End (ms): Min: 53130090.4, Avg: 53130090.6, Max: 53130090.8, Diff: 0.4]
   [Code Root Fixup: 0.0 ms]
   [Code Root Purge: 0.0 ms]
   [Clear CT: 0.9 ms]
   [Other: 14.5 ms]
      [Choose CSet: 0.0 ms]
      [Ref Proc: 11.4 ms]
      [Ref Enq: 0.8 ms]
      [Redirty Cards: 0.8 ms]
      [Humongous Register: 0.1 ms]
      [Humongous Reclaim: 0.0 ms]
      [Free CSet: 0.8 ms]
   [Eden: 1783.0M(1783.0M)->0.0B(1783.0M) Survivors: 14336.0K->14336.0K Heap: 2051.2M(2996.0M)->267.7M(2996.0M)]
Heap after GC invocations=151 (full 0):
 garbage-first heap   total 3067904K, used 274143K [0x0000000704c00000, 0x0000000704d05da0, 0x00000007c0000000)
  region size 1024K, 14 young (14336K), 14 survivors (14336K)
 Metaspace       used 131008K, capacity 138246K, committed 138400K, reserved 1169408K
  class space    used 16947K, capacity 18264K, committed 18388K, reserved 1048576K
}
 [Times: user=0.10 sys=0.00, real=0.03 secs] 
2020-12-08T17:14:36.043+0000: 53130.111: Total time for which application threads were stopped: 0.0353699 seconds, Stopping threads took: 0.0001195 seconds
2020-12-08T17:19:35.698+0000: 53430.113: Total time for which application threads were stopped: 0.0010502 seconds, Stopping threads took: 0.0002546 seconds
{Heap before GC invocations=151 (full 0):
 garbage-first heap   total 3067904K, used 2099935K [0x0000000704c00000, 0x0000000704d05da0, 0x00000007c0000000)
  region size 1024K, 1797 young (1840128K), 14 survivors (14336K)
 Metaspace       used 131008K, capacity 138246K, committed 138400K, reserved 1169408K
  class space    used 16947K, capacity 18264K, committed 18388K, reserved 1048576K
2020-12-08T17:21:06.199+0000: 53520.754: [GC pause (G1 Evacuation Pause) (young)
Desired survivor size 117964800 bytes, new threshold 15 (max 15)
- age   1:    6925664 bytes,    6925664 total
- age   2:      90000 bytes,    7015664 total
- age   3:      97216 bytes,    7112880 total
- age   4:      81528 bytes,    7194408 total
- age   5:    1137272 bytes,    8331680 total
- age   6:      83808 bytes,    8415488 total
- age   7:    1376784 bytes,    9792272 total
- age   8:      35960 bytes,    9828232 total
- age   9:      32160 bytes,    9860392 total
- age  10:      33312 bytes,    9893704 total
- age  11:      32144 bytes,    9925848 total
- age  12:      33040 bytes,    9958888 total
- age  13:      33128 bytes,    9992016 total
- age  14:      34552 bytes,   10026568 total
- age  15:      33336 bytes,   10059904 total
, 0.0309925 secs]
   [Parallel Time: 14.4 ms, GC Workers: 6]
      [GC Worker Start (ms): Min: 53520754.3, Avg: 53520754.5, Max: 53520754.7, Diff: 0.4]
      [Ext Root Scanning (ms): Min: 3.2, Avg: 3.6, Max: 3.9, Diff: 0.6, Sum: 21.3]
      [Update RS (ms): Min: 1.8, Avg: 1.9, Max: 2.1, Diff: 0.3, Sum: 11.7]
         [Processed Buffers: Min: 6, Avg: 20.3, Max: 42, Diff: 36, Sum: 122]
      [Scan RS (ms): Min: 3.0, Avg: 3.1, Max: 3.2, Diff: 0.3, Sum: 18.4]
      [Code Root Scanning (ms): Min: 2.4, Avg: 2.7, Max: 2.8, Diff: 0.4, Sum: 15.9]
      [Object Copy (ms): Min: 2.1, Avg: 2.3, Max: 2.3, Diff: 0.2, Sum: 13.7]
      [Termination (ms): Min: 0.0, Avg: 0.0, Max: 0.1, Diff: 0.0, Sum: 0.3]
         [Termination Attempts: Min: 1, Avg: 1.5, Max: 3, Diff: 2, Sum: 9]
      [GC Worker Other (ms): Min: 0.1, Avg: 0.1, Max: 0.2, Diff: 0.2, Sum: 0.8]
      [GC Worker Total (ms): Min: 13.5, Avg: 13.7, Max: 13.9, Diff: 0.4, Sum: 82.2]
      [GC Worker End (ms): Min: 53520768.1, Avg: 53520768.2, Max: 53520768.3, Diff: 0.2]
   [Code Root Fixup: 0.0 ms]
   [Code Root Purge: 0.0 ms]
   [Clear CT: 0.7 ms]
   [Other: 15.8 ms]
      [Choose CSet: 0.0 ms]
      [Ref Proc: 12.4 ms]
      [Ref Enq: 0.6 ms]
      [Redirty Cards: 0.9 ms]
      [Humongous Register: 0.1 ms]
      [Humongous Reclaim: 0.1 ms]
      [Free CSet: 0.9 ms]
   [Eden: 1783.0M(1783.0M)->0.0B(1783.0M) Survivors: 14336.0K->14336.0K Heap: 2050.7M(2996.0M)->267.8M(2996.0M)]
Heap after GC invocations=152 (full 0):
 garbage-first heap   total 3067904K, used 274202K [0x0000000704c00000, 0x0000000704d05da0, 0x00000007c0000000)
  region size 1024K, 14 young (14336K), 14 survivors (14336K)
 Metaspace       used 131008K, capacity 138246K, committed 138400K, reserved 1169408K
  class space    used 16947K, capacity 18264K, committed 18388K, reserved 1048576K
}
 [Times: user=0.11 sys=0.00, real=0.04 secs] 
2020-12-08T17:21:06.233+0000: 53520.788: Total time for which application threads were stopped: 0.0353842 seconds, Stopping threads took: 0.0004187 seconds
{Heap before GC invocations=152 (full 0):
 garbage-first heap   total 3067904K, used 2099994K [0x0000000704c00000, 0x0000000704d05da0, 0x00000007c0000000)
  region size 1024K, 1797 young (1840128K), 14 survivors (14336K)
 Metaspace       used 131008K, capacity 138246K, committed 138400K, reserved 1169408K
  class space    used 16947K, capacity 18264K, committed 18388K, reserved 1048576K
2020-12-08T17:27:31.913+0000: 53906.925: [GC pause (G1 Evacuation Pause) (young)
Desired survivor size 117964800 bytes, new threshold 15 (max 15)
- age   1:    6328088 bytes,    6328088 total
- age   2:      83392 bytes,    6411480 total
- age   3:      89720 bytes,    6501200 total
- age   4:      97152 bytes,    6598352 total
- age   5:      81376 bytes,    6679728 total
- age   6:    1137208 bytes,    7816936 total
- age   7:      83808 bytes,    7900744 total
- age   8:    1326264 bytes,    9227008 total
- age   9:      35960 bytes,    9262968 total
- age  10:      32160 bytes,    9295128 total
- age  11:      33312 bytes,    9328440 total
- age  12:      32144 bytes,    9360584 total
- age  13:      33040 bytes,    9393624 total
- age  14:      33128 bytes,    9426752 total
- age  15:      34552 bytes,    9461304 total
, 0.0319696 secs]
   [Parallel Time: 15.3 ms, GC Workers: 6]
      [GC Worker Start (ms): Min: 53906925.3, Avg: 53906925.5, Max: 53906925.7, Diff: 0.4]
      [Ext Root Scanning (ms): Min: 3.8, Avg: 4.0, Max: 4.3, Diff: 0.5, Sum: 24.0]
      [Update RS (ms): Min: 1.4, Avg: 1.4, Max: 1.5, Diff: 0.2, Sum: 8.4]
         [Processed Buffers: Min: 7, Avg: 20.0, Max: 34, Diff: 27, Sum: 120]
      [Scan RS (ms): Min: 3.5, Avg: 3.5, Max: 3.6, Diff: 0.1, Sum: 21.1]
      [Code Root Scanning (ms): Min: 3.0, Avg: 3.1, Max: 3.2, Diff: 0.2, Sum: 18.3]
      [Object Copy (ms): Min: 2.0, Avg: 2.1, Max: 2.3, Diff: 0.4, Sum: 12.8]
      [Termination (ms): Min: 0.0, Avg: 0.1, Max: 0.3, Diff: 0.2, Sum: 0.7]
         [Termination Attempts: Min: 1, Avg: 2.3, Max: 4, Diff: 3, Sum: 14]
      [GC Worker Other (ms): Min: 0.1, Avg: 0.1, Max: 0.3, Diff: 0.2, Sum: 0.9]
      [GC Worker Total (ms): Min: 14.1, Avg: 14.4, Max: 14.6, Diff: 0.4, Sum: 86.4]
      [GC Worker End (ms): Min: 53906939.9, Avg: 53906939.9, Max: 53906940.0, Diff: 0.2]
   [Code Root Fixup: 0.0 ms]
   [Code Root Purge: 0.0 ms]
   [Clear CT: 0.8 ms]
   [Other: 15.8 ms]
      [Choose CSet: 0.0 ms]
      [Ref Proc: 12.6 ms]
      [Ref Enq: 0.6 ms]
      [Redirty Cards: 0.8 ms]
      [Humongous Register: 0.1 ms]
      [Humongous Reclaim: 0.1 ms]
      [Free CSet: 0.9 ms]
   [Eden: 1783.0M(1783.0M)->0.0B(1784.0M) Survivors: 14336.0K->13312.0K Heap: 2050.8M(2996.0M)->266.8M(2996.0M)]
Heap after GC invocations=153 (full 0):
 garbage-first heap   total 3067904K, used 273225K [0x0000000704c00000, 0x0000000704d05da0, 0x00000007c0000000)
  region size 1024K, 13 young (13312K), 13 survivors (13312K)
 Metaspace       used 131008K, capacity 138246K, committed 138400K, reserved 1169408K
  class space    used 16947K, capacity 18264K, committed 18388K, reserved 1048576K
}
 [Times: user=0.11 sys=0.00, real=0.03 secs] 
2020-12-08T17:27:31.948+0000: 53906.959: Total time for which application threads were stopped: 0.0354677 seconds, Stopping threads took: 0.0002796 seconds
2020-12-08T17:32:31.599+0000: 54206.960: Total time for which application threads were stopped: 0.0007846 seconds, Stopping threads took: 0.0003403 seconds
{Heap before GC invocations=153 (full 0):
 garbage-first heap   total 3067904K, used 2100618K [0x0000000704c00000, 0x0000000704d05da0, 0x00000007c0000000)
  region size 1024K, 1797 young (1840128K), 13 survivors (13312K)
 Metaspace       used 131111K, capacity 138414K, committed 138656K, reserved 1169408K
  class space    used 16963K, capacity 18292K, committed 18388K, reserved 1048576K
2020-12-08T17:33:56.171+0000: 54291.638: [GC pause (G1 Evacuation Pause) (young)
Desired survivor size 117964800 bytes, new threshold 15 (max 15)
- age   1:    6334632 bytes,    6334632 total
- age   2:      88096 bytes,    6422728 total
- age   3:      83112 bytes,    6505840 total
- age   4:      88112 bytes,    6593952 total
- age   5:      97064 bytes,    6691016 total
- age   6:      80960 bytes,    6771976 total
- age   7:    1137208 bytes,    7909184 total
- age   8:      81952 bytes,    7991136 total
- age   9:     988864 bytes,    8980000 total
- age  10:      35960 bytes,    9015960 total
- age  11:      31936 bytes,    9047896 total
- age  12:      33312 bytes,    9081208 total
- age  13:      32144 bytes,    9113352 total
- age  14:      33040 bytes,    9146392 total
- age  15:      33128 bytes,    9179520 total
, 0.0301098 secs]
   [Parallel Time: 14.3 ms, GC Workers: 6]
      [GC Worker Start (ms): Min: 54291638.3, Avg: 54291638.5, Max: 54291638.7, Diff: 0.4]
      [Ext Root Scanning (ms): Min: 3.4, Avg: 3.8, Max: 4.1, Diff: 0.7, Sum: 22.7]
      [Update RS (ms): Min: 1.4, Avg: 1.5, Max: 1.7, Diff: 0.2, Sum: 9.0]
         [Processed Buffers: Min: 5, Avg: 21.8, Max: 33, Diff: 28, Sum: 131]
      [Scan RS (ms): Min: 3.0, Avg: 3.1, Max: 3.2, Diff: 0.2, Sum: 18.6]
      [Code Root Scanning (ms): Min: 2.6, Avg: 2.7, Max: 2.8, Diff: 0.2, Sum: 16.2]
      [Object Copy (ms): Min: 1.8, Avg: 2.0, Max: 2.1, Diff: 0.3, Sum: 11.9]
      [Termination (ms): Min: 0.0, Avg: 0.0, Max: 0.0, Diff: 0.0, Sum: 0.0]
         [Termination Attempts: Min: 1, Avg: 1.0, Max: 1, Diff: 0, Sum: 6]
      [GC Worker Other (ms): Min: 0.1, Avg: 0.3, Max: 0.5, Diff: 0.3, Sum: 1.8]
      [GC Worker Total (ms): Min: 13.1, Avg: 13.4, Max: 13.7, Diff: 0.6, Sum: 80.2]
      [GC Worker End (ms): Min: 54291651.7, Avg: 54291651.8, Max: 54291652.0, Diff: 0.3]
   [Code Root Fixup: 0.0 ms]
   [Code Root Purge: 0.0 ms]
   [Clear CT: 0.7 ms]
   [Other: 15.1 ms]
      [Choose CSet: 0.0 ms]
      [Ref Proc: 11.5 ms]
      [Ref Enq: 0.9 ms]
      [Redirty Cards: 0.9 ms]
      [Humongous Register: 0.1 ms]
      [Humongous Reclaim: 0.1 ms]
      [Free CSet: 0.9 ms]
   [Eden: 1784.0M(1784.0M)->0.0B(1784.0M) Survivors: 13312.0K->13312.0K Heap: 2051.4M(2996.0M)->267.4M(2996.0M)]
Heap after GC invocations=154 (full 0):
 garbage-first heap   total 3067904K, used 273793K [0x0000000704c00000, 0x0000000704d05da0, 0x00000007c0000000)
  region size 1024K, 13 young (13312K), 13 survivors (13312K)
 Metaspace       used 131111K, capacity 138414K, committed 138656K, reserved 1169408K
  class space    used 16963K, capacity 18292K, committed 18388K, reserved 1048576K
}
 [Times: user=0.10 sys=0.00, real=0.03 secs] 
2020-12-08T17:33:56.204+0000: 54291.670: Total time for which application threads were stopped: 0.0334370 seconds, Stopping threads took: 0.0002756 seconds
2020-12-08T17:38:55.855+0000: 54591.672: Total time for which application threads were stopped: 0.0007764 seconds, Stopping threads took: 0.0002601 seconds
{Heap before GC invocations=154 (full 0):
 garbage-first heap   total 3067904K, used 2100609K [0x0000000704c00000, 0x0000000704d05da0, 0x00000007c0000000)
  region size 1024K, 1797 young (1840128K), 13 survivors (13312K)
 Metaspace       used 131111K, capacity 138414K, committed 138656K, reserved 1169408K
  class space    used 16963K, capacity 18292K, committed 18388K, reserved 1048576K
2020-12-08T17:40:31.574+0000: 54687.496: [GC pause (G1 Evacuation Pause) (young)
Desired survivor size 117964800 bytes, new threshold 15 (max 15)
- age   1:    7126392 bytes,    7126392 total
- age   2:      35352 bytes,    7161744 total
- age   3:      34800 bytes,    7196544 total
- age   4:      32664 bytes,    7229208 total
- age   5:      38072 bytes,    7267280 total
- age   6:      46808 bytes,    7314088 total
- age   7:      32216 bytes,    7346304 total
- age   8:    1010704 bytes,    8357008 total
- age   9:      32008 bytes,    8389016 total
- age  10:     803576 bytes,    9192592 total
- age  11:      33160 bytes,    9225752 total
- age  12:      31936 bytes,    9257688 total
- age  13:      33312 bytes,    9291000 total
- age  14:      32144 bytes,    9323144 total
- age  15:      33040 bytes,    9356184 total
, 0.0284616 secs]
   [Parallel Time: 13.1 ms, GC Workers: 6]
      [GC Worker Start (ms): Min: 54687496.3, Avg: 54687496.5, Max: 54687496.8, Diff: 0.5]
      [Ext Root Scanning (ms): Min: 3.5, Avg: 3.8, Max: 4.1, Diff: 0.7, Sum: 22.8]
      [Update RS (ms): Min: 1.5, Avg: 1.6, Max: 1.7, Diff: 0.2, Sum: 9.5]
         [Processed Buffers: Min: 7, Avg: 21.0, Max: 48, Diff: 41, Sum: 126]
      [Scan RS (ms): Min: 2.6, Avg: 2.8, Max: 2.9, Diff: 0.3, Sum: 16.8]
      [Code Root Scanning (ms): Min: 2.4, Avg: 2.5, Max: 2.7, Diff: 0.3, Sum: 15.0]
      [Object Copy (ms): Min: 1.3, Avg: 1.5, Max: 1.7, Diff: 0.4, Sum: 9.1]
      [Termination (ms): Min: 0.0, Avg: 0.0, Max: 0.0, Diff: 0.0, Sum: 0.1]
         [Termination Attempts: Min: 1, Avg: 2.2, Max: 3, Diff: 2, Sum: 13]
      [GC Worker Other (ms): Min: 0.1, Avg: 0.2, Max: 0.4, Diff: 0.3, Sum: 1.5]
      [GC Worker Total (ms): Min: 12.3, Avg: 12.5, Max: 12.8, Diff: 0.5, Sum: 74.9]
      [GC Worker End (ms): Min: 54687508.9, Avg: 54687509.0, Max: 54687509.2, Diff: 0.3]
   [Code Root Fixup: 0.0 ms]
   [Code Root Purge: 0.0 ms]
   [Clear CT: 0.8 ms]
   [Other: 14.5 ms]
      [Choose CSet: 0.0 ms]
      [Ref Proc: 11.0 ms]
      [Ref Enq: 0.9 ms]
      [Redirty Cards: 0.9 ms]
      [Humongous Register: 0.1 ms]
      [Humongous Reclaim: 0.1 ms]
      [Free CSet: 0.9 ms]
   [Eden: 1784.0M(1784.0M)->0.0B(1784.0M) Survivors: 13312.0K->13312.0K Heap: 2051.4M(2996.0M)->267.4M(2996.0M)]
Heap after GC invocations=155 (full 0):
 garbage-first heap   total 3067904K, used 273833K [0x0000000704c00000, 0x0000000704d05da0, 0x00000007c0000000)
  region size 1024K, 13 young (13312K), 13 survivors (13312K)
 Metaspace       used 131111K, capacity 138414K, committed 138656K, reserved 1169408K
  class space    used 16963K, capacity 18292K, committed 18388K, reserved 1048576K
}
 [Times: user=0.09 sys=0.00, real=0.03 secs] 
2020-12-08T17:40:31.604+0000: 54687.526: Total time for which application threads were stopped: 0.0311513 seconds, Stopping threads took: 0.0001422 seconds
{Heap before GC invocations=155 (full 0):
 garbage-first heap   total 3067904K, used 2100649K [0x0000000704c00000, 0x0000000704d05da0, 0x00000007c0000000)
  region size 1024K, 1797 young (1840128K), 13 survivors (13312K)
 Metaspace       used 131111K, capacity 138414K, committed 138656K, reserved 1169408K
  class space    used 16963K, capacity 18292K, committed 18388K, reserved 1048576K
2020-12-08T17:47:02.374+0000: 55078.772: [GC pause (G1 Evacuation Pause) (young)
Desired survivor size 117964800 bytes, new threshold 15 (max 15)
- age   1:    6337912 bytes,    6337912 total
- age   2:     817928 bytes,    7155840 total
- age   3:      33544 bytes,    7189384 total
- age   4:      34736 bytes,    7224120 total
- age   5:      32600 bytes,    7256720 total
- age   6:      37728 bytes,    7294448 total
- age   7:      46808 bytes,    7341256 total
- age   8:      32216 bytes,    7373472 total
- age   9:     905488 bytes,    8278960 total
- age  10:      32008 bytes,    8310968 total
- age  11:     690952 bytes,    9001920 total
- age  12:      33160 bytes,    9035080 total
- age  13:      31936 bytes,    9067016 total
- age  14:      33248 bytes,    9100264 total
- age  15:      32144 bytes,    9132408 total
, 0.0298783 secs]
   [Parallel Time: 14.1 ms, GC Workers: 6]
      [GC Worker Start (ms): Min: 55078772.1, Avg: 55078772.3, Max: 55078772.4, Diff: 0.3]
      [Ext Root Scanning (ms): Min: 3.1, Avg: 3.4, Max: 3.6, Diff: 0.5, Sum: 20.3]
      [Update RS (ms): Min: 1.4, Avg: 1.5, Max: 1.6, Diff: 0.2, Sum: 8.7]
         [Processed Buffers: Min: 9, Avg: 19.8, Max: 36, Diff: 27, Sum: 119]
      [Scan RS (ms): Min: 2.9, Avg: 3.0, Max: 3.2, Diff: 0.3, Sum: 18.2]
      [Code Root Scanning (ms): Min: 2.7, Avg: 2.8, Max: 3.0, Diff: 0.3, Sum: 16.7]
      [Object Copy (ms): Min: 2.1, Avg: 2.2, Max: 2.3, Diff: 0.2, Sum: 13.1]
      [Termination (ms): Min: 0.0, Avg: 0.0, Max: 0.0, Diff: 0.0, Sum: 0.0]
         [Termination Attempts: Min: 1, Avg: 1.0, Max: 1, Diff: 0, Sum: 6]
      [GC Worker Other (ms): Min: 0.1, Avg: 0.3, Max: 0.5, Diff: 0.4, Sum: 1.6]
      [GC Worker Total (ms): Min: 12.8, Avg: 13.1, Max: 13.4, Diff: 0.6, Sum: 78.8]
      [GC Worker End (ms): Min: 55078785.2, Avg: 55078785.4, Max: 55078785.6, Diff: 0.4]
   [Code Root Fixup: 0.0 ms]
   [Code Root Purge: 0.0 ms]
   [Clear CT: 1.0 ms]
   [Other: 14.8 ms]
      [Choose CSet: 0.0 ms]
      [Ref Proc: 11.2 ms]
      [Ref Enq: 0.7 ms]
      [Redirty Cards: 0.9 ms]
      [Humongous Register: 0.1 ms]
      [Humongous Reclaim: 0.1 ms]
      [Free CSet: 0.9 ms]
   [Eden: 1784.0M(1784.0M)->0.0B(1784.0M) Survivors: 13312.0K->13312.0K Heap: 2051.4M(2996.0M)->267.0M(2996.0M)]
Heap after GC invocations=156 (full 0):
 garbage-first heap   total 3067904K, used 273374K [0x0000000704c00000, 0x0000000704d05da0, 0x00000007c0000000)
  region size 1024K, 13 young (13312K), 13 survivors (13312K)
 Metaspace       used 131111K, capacity 138414K, committed 138656K, reserved 1169408K
  class space    used 16963K, capacity 18292K, committed 18388K, reserved 1048576K
}
 [Times: user=0.00 sys=0.11, real=0.03 secs] 
2020-12-08T17:47:02.407+0000: 55078.804: Total time for which application threads were stopped: 0.0363470 seconds, Stopping threads took: 0.0032633 seconds
2020-12-08T17:52:02.058+0000: 55378.805: Total time for which application threads were stopped: 0.0009203 seconds, Stopping threads took: 0.0003468 seconds
{Heap before GC invocations=156 (full 0):
 garbage-first heap   total 3067904K, used 2100190K [0x0000000704c00000, 0x0000000704d05da0, 0x00000007c0000000)
  region size 1024K, 1797 young (1840128K), 13 survivors (13312K)
 Metaspace       used 131111K, capacity 138414K, committed 138656K, reserved 1169408K
  class space    used 16963K, capacity 18292K, committed 18388K, reserved 1048576K
2020-12-08T17:53:35.275+0000: 55472.128: [GC pause (G1 Evacuation Pause) (young)
Desired survivor size 117964800 bytes, new threshold 15 (max 15)
- age   1:    6334656 bytes,    6334656 total
- age   2:      84680 bytes,    6419336 total
- age   3:     765544 bytes,    7184880 total
- age   4:      33544 bytes,    7218424 total
- age   5:      34560 bytes,    7252984 total
- age   6:      32256 bytes,    7285240 total
- age   7:      37728 bytes,    7322968 total
- age   8:      46808 bytes,    7369776 total
- age   9:      32216 bytes,    7401992 total
- age  10:     905488 bytes,    8307480 total
- age  11:      32008 bytes,    8339488 total
- age  12:     690952 bytes,    9030440 total
- age  13:      33160 bytes,    9063600 total
- age  14:      31936 bytes,    9095536 total
- age  15:      33248 bytes,    9128784 total
, 0.0294168 secs]
   [Parallel Time: 13.2 ms, GC Workers: 6]
      [GC Worker Start (ms): Min: 55472128.0, Avg: 55472128.2, Max: 55472128.4, Diff: 0.4]
      [Ext Root Scanning (ms): Min: 3.4, Avg: 3.5, Max: 3.8, Diff: 0.5, Sum: 21.1]
      [Update RS (ms): Min: 1.1, Avg: 1.2, Max: 1.3, Diff: 0.2, Sum: 7.0]
         [Processed Buffers: Min: 6, Avg: 21.0, Max: 55, Diff: 49, Sum: 126]
      [Scan RS (ms): Min: 3.1, Avg: 3.2, Max: 3.3, Diff: 0.2, Sum: 19.1]
      [Code Root Scanning (ms): Min: 2.4, Avg: 2.6, Max: 2.7, Diff: 0.4, Sum: 15.5]
      [Object Copy (ms): Min: 1.7, Avg: 1.8, Max: 2.0, Diff: 0.3, Sum: 10.9]
      [Termination (ms): Min: 0.0, Avg: 0.1, Max: 0.1, Diff: 0.1, Sum: 0.3]
         [Termination Attempts: Min: 1, Avg: 1.2, Max: 2, Diff: 1, Sum: 7]
      [GC Worker Other (ms): Min: 0.1, Avg: 0.1, Max: 0.1, Diff: 0.0, Sum: 0.6]
      [GC Worker Total (ms): Min: 12.2, Avg: 12.4, Max: 12.7, Diff: 0.4, Sum: 74.6]
      [GC Worker End (ms): Min: 55472140.6, Avg: 55472140.7, Max: 55472140.7, Diff: 0.1]
   [Code Root Fixup: 0.0 ms]
   [Code Root Purge: 0.0 ms]
   [Clear CT: 0.4 ms]
   [Other: 15.7 ms]
      [Choose CSet: 0.0 ms]
      [Ref Proc: 11.8 ms]
      [Ref Enq: 1.1 ms]
      [Redirty Cards: 0.8 ms]
      [Humongous Register: 0.2 ms]
      [Humongous Reclaim: 0.1 ms]
      [Free CSet: 0.9 ms]
   [Eden: 1784.0M(1784.0M)->0.0B(1783.0M) Survivors: 13312.0K->14336.0K Heap: 2051.0M(2996.0M)->268.0M(2996.0M)]
Heap after GC invocations=157 (full 0):
 garbage-first heap   total 3067904K, used 274438K [0x0000000704c00000, 0x0000000704d05da0, 0x00000007c0000000)
  region size 1024K, 14 young (14336K), 14 survivors (14336K)
 Metaspace       used 131111K, capacity 138414K, committed 138656K, reserved 1169408K
  class space    used 16963K, capacity 18292K, committed 18388K, reserved 1048576K
}
 [Times: user=0.00 sys=0.10, real=0.03 secs] 
2020-12-08T17:53:35.306+0000: 55472.159: Total time for which application threads were stopped: 0.0323261 seconds, Stopping threads took: 0.0001930 seconds
{Heap before GC invocations=157 (full 0):
 garbage-first heap   total 3067904K, used 2100230K [0x0000000704c00000, 0x0000000704d05da0, 0x00000007c0000000)
  region size 1024K, 1797 young (1840128K), 14 survivors (14336K)
 Metaspace       used 131113K, capacity 138414K, committed 138656K, reserved 1169408K
  class space    used 16963K, capacity 18292K, committed 18388K, reserved 1048576K
2020-12-08T18:00:07.977+0000: 55865.286: [GC pause (G1 Evacuation Pause) (young)
Desired survivor size 117964800 bytes, new threshold 15 (max 15)
- age   1:    6302232 bytes,    6302232 total
- age   2:      85600 bytes,    6387832 total
- age   3:      84360 bytes,    6472192 total
- age   4:     713808 bytes,    7186000 total
- age   5:      33432 bytes,    7219432 total
- age   6:      34144 bytes,    7253576 total
- age   7:      32256 bytes,    7285832 total
- age   8:      37728 bytes,    7323560 total
- age   9:      46808 bytes,    7370368 total
- age  10:      32216 bytes,    7402584 total
- age  11:     905488 bytes,    8308072 total
- age  12:      32008 bytes,    8340080 total
- age  13:     690952 bytes,    9031032 total
- age  14:      33160 bytes,    9064192 total
- age  15:      31936 bytes,    9096128 total
, 0.0562524 secs]
   [Parallel Time: 17.7 ms, GC Workers: 6]
      [GC Worker Start (ms): Min: 55865287.1, Avg: 55865288.3, Max: 55865288.9, Diff: 1.8]
      [Ext Root Scanning (ms): Min: 2.8, Avg: 3.4, Max: 4.7, Diff: 1.9, Sum: 20.5]
      [Update RS (ms): Min: 1.6, Avg: 1.8, Max: 2.0, Diff: 0.4, Sum: 10.5]
         [Processed Buffers: Min: 10, Avg: 21.0, Max: 36, Diff: 26, Sum: 126]
      [Scan RS (ms): Min: 3.5, Avg: 4.2, Max: 5.4, Diff: 2.0, Sum: 25.3]
      [Code Root Scanning (ms): Min: 1.9, Avg: 2.7, Max: 3.1, Diff: 1.1, Sum: 16.4]
      [Object Copy (ms): Min: 1.9, Avg: 2.8, Max: 3.8, Diff: 1.9, Sum: 16.8]
      [Termination (ms): Min: 0.0, Avg: 0.6, Max: 1.0, Diff: 1.0, Sum: 3.8]
         [Termination Attempts: Min: 1, Avg: 1.0, Max: 1, Diff: 0, Sum: 6]
      [GC Worker Other (ms): Min: 0.1, Avg: 0.1, Max: 0.2, Diff: 0.1, Sum: 0.7]
      [GC Worker Total (ms): Min: 15.0, Avg: 15.7, Max: 16.7, Diff: 1.7, Sum: 94.1]
      [GC Worker End (ms): Min: 55865303.8, Avg: 55865303.9, Max: 55865304.1, Diff: 0.3]
   [Code Root Fixup: 0.0 ms]
   [Code Root Purge: 0.0 ms]
   [Clear CT: 1.0 ms]
   [Other: 37.5 ms]
      [Choose CSet: 0.1 ms]
      [Ref Proc: 33.1 ms]
      [Ref Enq: 0.7 ms]
      [Redirty Cards: 1.0 ms]
      [Humongous Register: 0.3 ms]
      [Humongous Reclaim: 0.2 ms]
      [Free CSet: 0.8 ms]
   [Eden: 1783.0M(1783.0M)->0.0B(1783.0M) Survivors: 14336.0K->14336.0K Heap: 2051.0M(2996.0M)->268.0M(2996.0M)]
Heap after GC invocations=158 (full 0):
 garbage-first heap   total 3067904K, used 274482K [0x0000000704c00000, 0x0000000704d05da0, 0x00000007c0000000)
  region size 1024K, 14 young (14336K), 14 survivors (14336K)
 Metaspace       used 131113K, capacity 138414K, committed 138656K, reserved 1169408K
  class space    used 16963K, capacity 18292K, committed 18388K, reserved 1048576K
}
 [Times: user=0.12 sys=0.00, real=0.06 secs] 
2020-12-08T18:00:08.036+0000: 55865.345: Total time for which application threads were stopped: 0.0638152 seconds, Stopping threads took: 0.0007586 seconds
{Heap before GC invocations=158 (full 0):
 garbage-first heap   total 3067904K, used 2100274K [0x0000000704c00000, 0x0000000704d05da0, 0x00000007c0000000)
  region size 1024K, 1797 young (1840128K), 14 survivors (14336K)
 Metaspace       used 131113K, capacity 138414K, committed 138656K, reserved 1169408K
  class space    used 16963K, capacity 18292K, committed 18388K, reserved 1048576K
2020-12-08T18:06:42.275+0000: 56260.037: [GC pause (G1 Evacuation Pause) (young)
Desired survivor size 117964800 bytes, new threshold 15 (max 15)
- age   1:    7025952 bytes,    7025952 total
- age   2:      82736 bytes,    7108688 total
- age   3:      85400 bytes,    7194088 total
- age   4:      84136 bytes,    7278224 total
- age   5:     662400 bytes,    7940624 total
- age   6:      33112 bytes,    7973736 total
- age   7:      33936 bytes,    8007672 total
- age   8:      31984 bytes,    8039656 total
- age   9:      35120 bytes,    8074776 total
- age  10:      40120 bytes,    8114896 total
- age  11:      32216 bytes,    8147112 total
- age  12:     905488 bytes,    9052600 total
- age  13:      32008 bytes,    9084608 total
- age  14:     690952 bytes,    9775560 total
- age  15:      33160 bytes,    9808720 total
, 0.0377169 secs]
   [Parallel Time: 19.6 ms, GC Workers: 6]
      [GC Worker Start (ms): Min: 56260037.6, Avg: 56260041.9, Max: 56260044.2, Diff: 6.6]
      [Ext Root Scanning (ms): Min: 0.5, Avg: 2.4, Max: 6.0, Diff: 5.6, Sum: 14.3]
      [Update RS (ms): Min: 0.0, Avg: 1.9, Max: 2.4, Diff: 2.4, Sum: 11.4]
         [Processed Buffers: Min: 0, Avg: 20.7, Max: 35, Diff: 35, Sum: 124]
      [Scan RS (ms): Min: 1.5, Avg: 3.3, Max: 4.2, Diff: 2.7, Sum: 20.1]
      [Code Root Scanning (ms): Min: 1.2, Avg: 3.2, Max: 4.3, Diff: 3.1, Sum: 19.0]
      [Object Copy (ms): Min: 2.4, Avg: 3.9, Max: 10.4, Diff: 8.1, Sum: 23.4]
      [Termination (ms): Min: 0.1, Avg: 0.2, Max: 0.3, Diff: 0.2, Sum: 0.9]
         [Termination Attempts: Min: 1, Avg: 1.2, Max: 2, Diff: 1, Sum: 7]
      [GC Worker Other (ms): Min: 0.1, Avg: 0.2, Max: 0.3, Diff: 0.1, Sum: 1.1]
      [GC Worker Total (ms): Min: 12.9, Avg: 15.0, Max: 19.3, Diff: 6.4, Sum: 90.2]
      [GC Worker End (ms): Min: 56260056.9, Avg: 56260057.0, Max: 56260057.1, Diff: 0.1]
   [Code Root Fixup: 0.0 ms]
   [Code Root Purge: 0.0 ms]
   [Clear CT: 0.7 ms]
   [Other: 17.3 ms]
      [Choose CSet: 0.0 ms]
      [Ref Proc: 13.4 ms]
      [Ref Enq: 1.2 ms]
      [Redirty Cards: 0.9 ms]
      [Humongous Register: 0.1 ms]
      [Humongous Reclaim: 0.1 ms]
      [Free CSet: 1.0 ms]
   [Eden: 1783.0M(1783.0M)->0.0B(1783.0M) Survivors: 14336.0K->14336.0K Heap: 2051.0M(2996.0M)->268.1M(2996.0M)]
Heap after GC invocations=159 (full 0):
 garbage-first heap   total 3067904K, used 274539K [0x0000000704c00000, 0x0000000704d05da0, 0x00000007c0000000)
  region size 1024K, 14 young (14336K), 14 survivors (14336K)
 Metaspace       used 131113K, capacity 138414K, committed 138656K, reserved 1169408K
  class space    used 16963K, capacity 18292K, committed 18388K, reserved 1048576K
}
 [Times: user=0.00 sys=0.11, real=0.04 secs] 
2020-12-08T18:06:42.315+0000: 56260.078: Total time for which application threads were stopped: 0.0430344 seconds, Stopping threads took: 0.0018831 seconds
2020-12-08T18:11:41.967+0000: 56560.079: Total time for which application threads were stopped: 0.0008592 seconds, Stopping threads took: 0.0003295 seconds
{Heap before GC invocations=159 (full 0):
 garbage-first heap   total 3067904K, used 2100331K [0x0000000704c00000, 0x0000000704d05da0, 0x00000007c0000000)
  region size 1024K, 1797 young (1840128K), 14 survivors (14336K)
 Metaspace       used 131113K, capacity 138414K, committed 138656K, reserved 1169408K
  class space    used 16963K, capacity 18292K, committed 18388K, reserved 1048576K
2020-12-08T18:13:14.945+0000: 56653.197: [GC pause (G1 Evacuation Pause) (young)
Desired survivor size 117964800 bytes, new threshold 15 (max 15)
- age   1:    6322336 bytes,    6322336 total
- age   2:      96480 bytes,    6418816 total
- age   3:      82568 bytes,    6501384 total
- age   4:      83792 bytes,    6585176 total
- age   5:      84072 bytes,    6669248 total
- age   6:     611848 bytes,    7281096 total
- age   7:      33112 bytes,    7314208 total
- age   8:      33936 bytes,    7348144 total
- age   9:      31984 bytes,    7380128 total
- age  10:      35056 bytes,    7415184 total
- age  11:      40120 bytes,    7455304 total
- age  12:      32152 bytes,    7487456 total
- age  13:     905488 bytes,    8392944 total
- age  14:      32008 bytes,    8424952 total
- age  15:     690952 bytes,    9115904 total
, 0.0331281 secs]
   [Parallel Time: 16.3 ms, GC Workers: 6]
      [GC Worker Start (ms): Min: 56653197.6, Avg: 56653197.8, Max: 56653198.0, Diff: 0.4]
      [Ext Root Scanning (ms): Min: 3.7, Avg: 3.9, Max: 4.2, Diff: 0.5, Sum: 23.4]
      [Update RS (ms): Min: 1.8, Avg: 1.9, Max: 2.0, Diff: 0.3, Sum: 11.4]
         [Processed Buffers: Min: 6, Avg: 20.0, Max: 47, Diff: 41, Sum: 120]
      [Scan RS (ms): Min: 3.4, Avg: 3.7, Max: 3.9, Diff: 0.5, Sum: 22.1]
      [Code Root Scanning (ms): Min: 3.0, Avg: 3.3, Max: 3.6, Diff: 0.6, Sum: 19.6]
      [Object Copy (ms): Min: 2.2, Avg: 2.3, Max: 2.4, Diff: 0.2, Sum: 14.1]
      [Termination (ms): Min: 0.0, Avg: 0.1, Max: 0.1, Diff: 0.1, Sum: 0.4]
         [Termination Attempts: Min: 1, Avg: 1.0, Max: 1, Diff: 0, Sum: 6]
      [GC Worker Other (ms): Min: 0.1, Avg: 0.2, Max: 0.3, Diff: 0.2, Sum: 1.0]
      [GC Worker Total (ms): Min: 15.1, Avg: 15.3, Max: 15.5, Diff: 0.4, Sum: 91.9]
      [GC Worker End (ms): Min: 56653213.1, Avg: 56653213.1, Max: 56653213.2, Diff: 0.1]
   [Code Root Fixup: 0.1 ms]
   [Code Root Purge: 0.0 ms]
   [Clear CT: 0.5 ms]
   [Other: 16.1 ms]
      [Choose CSet: 0.0 ms]
      [Ref Proc: 12.5 ms]
      [Ref Enq: 1.0 ms]
      [Redirty Cards: 0.8 ms]
      [Humongous Register: 0.1 ms]
      [Humongous Reclaim: 0.1 ms]
      [Free CSet: 1.0 ms]
   [Eden: 1783.0M(1783.0M)->0.0B(1784.0M) Survivors: 14336.0K->13312.0K Heap: 2051.1M(2996.0M)->267.8M(2996.0M)]
Heap after GC invocations=160 (full 0):
 garbage-first heap   total 3067904K, used 274196K [0x0000000704c00000, 0x0000000704d05da0, 0x00000007c0000000)
  region size 1024K, 13 young (13312K), 13 survivors (13312K)
 Metaspace       used 131113K, capacity 138414K, committed 138656K, reserved 1169408K
  class space    used 16963K, capacity 18292K, committed 18388K, reserved 1048576K
}
 [Times: user=0.00 sys=0.12, real=0.03 secs] 
2020-12-08T18:13:14.981+0000: 56653.233: Total time for which application threads were stopped: 0.0369122 seconds, Stopping threads took: 0.0001558 seconds
2020-12-08T18:18:14.633+0000: 56953.234: Total time for which application threads were stopped: 0.0008208 seconds, Stopping threads took: 0.0001465 seconds
{Heap before GC invocations=160 (full 0):
 garbage-first heap   total 3067904K, used 2101012K [0x0000000704c00000, 0x0000000704d05da0, 0x00000007c0000000)
  region size 1024K, 1797 young (1840128K), 13 survivors (13312K)
 Metaspace       used 131114K, capacity 138414K, committed 138656K, reserved 1169408K
  class space    used 16963K, capacity 18292K, committed 18388K, reserved 1048576K
2020-12-08T18:19:47.390+0000: 57046.096: [GC pause (G1 Evacuation Pause) (young)
Desired survivor size 117964800 bytes, new threshold 15 (max 15)
- age   1:    6332744 bytes,    6332744 total
- age   2:      83184 bytes,    6415928 total
- age   3:      95944 bytes,    6511872 total
- age   4:      82376 bytes,    6594248 total
- age   5:      83664 bytes,    6677912 total
- age   6:      83472 bytes,    6761384 total
- age   7:     560240 bytes,    7321624 total
- age   8:      33112 bytes,    7354736 total
- age   9:      33640 bytes,    7388376 total
- age  10:      31824 bytes,    7420200 total
- age  11:      35056 bytes,    7455256 total
- age  12:      33104 bytes,    7488360 total
- age  13:      32152 bytes,    7520512 total
- age  14:     905488 bytes,    8426000 total
- age  15:      32008 bytes,    8458008 total
, 0.0356913 secs]
   [Parallel Time: 17.2 ms, GC Workers: 6]
      [GC Worker Start (ms): Min: 57046096.9, Avg: 57046097.1, Max: 57046097.4, Diff: 0.5]
      [Ext Root Scanning (ms): Min: 3.6, Avg: 3.9, Max: 4.3, Diff: 0.7, Sum: 23.6]
      [Update RS (ms): Min: 1.8, Avg: 1.9, Max: 2.0, Diff: 0.2, Sum: 11.2]
         [Processed Buffers: Min: 6, Avg: 19.8, Max: 40, Diff: 34, Sum: 119]
      [Scan RS (ms): Min: 3.9, Avg: 4.2, Max: 4.4, Diff: 0.5, Sum: 25.0]
      [Code Root Scanning (ms): Min: 3.2, Avg: 3.5, Max: 3.7, Diff: 0.6, Sum: 20.9]
      [Object Copy (ms): Min: 2.2, Avg: 2.4, Max: 2.6, Diff: 0.4, Sum: 14.6]
      [Termination (ms): Min: 0.0, Avg: 0.1, Max: 0.1, Diff: 0.1, Sum: 0.3]
         [Termination Attempts: Min: 1, Avg: 1.0, Max: 1, Diff: 0, Sum: 6]
      [GC Worker Other (ms): Min: 0.1, Avg: 0.1, Max: 0.1, Diff: 0.1, Sum: 0.7]
      [GC Worker Total (ms): Min: 15.9, Avg: 16.0, Max: 16.2, Diff: 0.4, Sum: 96.3]
      [GC Worker End (ms): Min: 57046113.1, Avg: 57046113.2, Max: 57046113.3, Diff: 0.2]
   [Code Root Fixup: 0.0 ms]
   [Code Root Purge: 0.0 ms]
   [Clear CT: 1.2 ms]
   [Other: 17.3 ms]
      [Choose CSet: 0.0 ms]
      [Ref Proc: 13.0 ms]
      [Ref Enq: 1.1 ms]
      [Redirty Cards: 1.1 ms]
      [Humongous Register: 0.1 ms]
      [Humongous Reclaim: 0.1 ms]
      [Free CSet: 1.1 ms]
   [Eden: 1784.0M(1784.0M)->0.0B(1784.0M) Survivors: 13312.0K->13312.0K Heap: 2051.8M(2996.0M)->267.9M(2996.0M)]
Heap after GC invocations=161 (full 0):
 garbage-first heap   total 3067904K, used 274377K [0x0000000704c00000, 0x0000000704d05da0, 0x00000007c0000000)
  region size 1024K, 13 young (13312K), 13 survivors (13312K)
 Metaspace       used 131114K, capacity 138414K, committed 138656K, reserved 1169408K
  class space    used 16963K, capacity 18292K, committed 18388K, reserved 1048576K
}
 [Times: user=0.00 sys=0.13, real=0.03 secs] 
2020-12-08T18:19:47.428+0000: 57046.134: Total time for which application threads were stopped: 0.0389003 seconds, Stopping threads took: 0.0003417 seconds
{Heap before GC invocations=161 (full 0):
 garbage-first heap   total 3067904K, used 2101193K [0x0000000704c00000, 0x0000000704d05da0, 0x00000007c0000000)
  region size 1024K, 1797 young (1840128K), 13 survivors (13312K)
 Metaspace       used 131114K, capacity 138414K, committed 138656K, reserved 1169408K
  class space    used 16963K, capacity 18292K, committed 18388K, reserved 1048576K
2020-12-08T18:26:20.579+0000: 57439.729: [GC pause (G1 Evacuation Pause) (young)
Desired survivor size 117964800 bytes, new threshold 15 (max 15)
- age   1:    6305176 bytes,    6305176 total
- age   2:      92224 bytes,    6397400 total
- age   3:      82904 bytes,    6480304 total
- age   4:      95944 bytes,    6576248 total
- age   5:      82288 bytes,    6658536 total
- age   6:      81736 bytes,    6740272 total
- age   7:      83472 bytes,    6823744 total
- age   8:     367736 bytes,    7191480 total
- age   9:      33112 bytes,    7224592 total
- age  10:      33640 bytes,    7258232 total
- age  11:      31824 bytes,    7290056 total
- age  12:      35056 bytes,    7325112 total
- age  13:      33104 bytes,    7358216 total
- age  14:      32152 bytes,    7390368 total
- age  15:     905488 bytes,    8295856 total
, 0.0300693 secs]
   [Parallel Time: 11.7 ms, GC Workers: 6]
      [GC Worker Start (ms): Min: 57439729.4, Avg: 57439729.6, Max: 57439729.8, Diff: 0.4]
      [Ext Root Scanning (ms): Min: 3.3, Avg: 3.4, Max: 3.8, Diff: 0.5, Sum: 20.5]
      [Update RS (ms): Min: 1.6, Avg: 1.7, Max: 1.8, Diff: 0.2, Sum: 10.0]
         [Processed Buffers: Min: 6, Avg: 20.3, Max: 44, Diff: 38, Sum: 122]
      [Scan RS (ms): Min: 2.1, Avg: 2.1, Max: 2.2, Diff: 0.1, Sum: 12.9]
      [Code Root Scanning (ms): Min: 1.8, Avg: 1.9, Max: 2.1, Diff: 0.2, Sum: 11.6]
      [Object Copy (ms): Min: 1.1, Avg: 1.3, Max: 1.5, Diff: 0.3, Sum: 7.7]
      [Termination (ms): Min: 0.0, Avg: 0.0, Max: 0.0, Diff: 0.0, Sum: 0.1]
         [Termination Attempts: Min: 1, Avg: 1.0, Max: 1, Diff: 0, Sum: 6]
      [GC Worker Other (ms): Min: 0.1, Avg: 0.3, Max: 0.5, Diff: 0.4, Sum: 1.6]
      [GC Worker Total (ms): Min: 10.4, Avg: 10.8, Max: 11.0, Diff: 0.6, Sum: 64.5]
      [GC Worker End (ms): Min: 57439740.2, Avg: 57439740.4, Max: 57439740.6, Diff: 0.4]
   [Code Root Fixup: 0.0 ms]
   [Code Root Purge: 0.0 ms]
   [Clear CT: 1.2 ms]
   [Other: 17.2 ms]
      [Choose CSet: 0.0 ms]
      [Ref Proc: 13.8 ms]
      [Ref Enq: 0.9 ms]
      [Redirty Cards: 0.9 ms]
      [Humongous Register: 0.1 ms]
      [Humongous Reclaim: 0.1 ms]
      [Free CSet: 0.7 ms]
   [Eden: 1784.0M(1784.0M)->0.0B(1785.0M) Survivors: 13312.0K->12288.0K Heap: 2051.9M(2996.0M)->267.9M(2996.0M)]
Heap after GC invocations=162 (full 0):
 garbage-first heap   total 3067904K, used 274286K [0x0000000704c00000, 0x0000000704d05da0, 0x00000007c0000000)
  region size 1024K, 12 young (12288K), 12 survivors (12288K)
 Metaspace       used 131114K, capacity 138414K, committed 138656K, reserved 1169408K
  class space    used 16963K, capacity 18292K, committed 18388K, reserved 1048576K
}
 [Times: user=0.08 sys=0.00, real=0.03 secs] 
2020-12-08T18:26:20.611+0000: 57439.761: Total time for which application threads were stopped: 0.0333051 seconds, Stopping threads took: 0.0003035 seconds
2020-12-08T18:31:20.264+0000: 57739.762: Total time for which application threads were stopped: 0.0007731 seconds, Stopping threads took: 0.0002232 seconds
{Heap before GC invocations=162 (full 0):
 garbage-first heap   total 3067904K, used 2102703K [0x0000000704c00000, 0x0000000704d05da0, 0x00000007c0000000)
  region size 1024K, 1797 young (1840128K), 12 survivors (12288K)
 Metaspace       used 131116K, capacity 138414K, committed 138656K, reserved 1169408K
  class space    used 16963K, capacity 18292K, committed 18388K, reserved 1048576K
2020-12-08T18:32:40.006+0000: 57819.574: [GC pause (G1 Evacuation Pause) (young)
Desired survivor size 117964800 bytes, new threshold 15 (max 15)
- age   1:    6325888 bytes,    6325888 total
- age   2:      86016 bytes,    6411904 total
- age   3:      91792 bytes,    6503696 total
- age   4:      82904 bytes,    6586600 total
- age   5:      95688 bytes,    6682288 total
- age   6:      81944 bytes,    6764232 total
- age   7:      81736 bytes,    6845968 total
- age   8:      80112 bytes,    6926080 total
- age   9:     320552 bytes,    7246632 total
- age  10:      32888 bytes,    7279520 total
- age  11:      33640 bytes,    7313160 total
- age  12:      31824 bytes,    7344984 total
- age  13:      35056 bytes,    7380040 total
- age  14:      33104 bytes,    7413144 total
- age  15:      32152 bytes,    7445296 total
, 0.0281714 secs]
   [Parallel Time: 12.1 ms, GC Workers: 6]
      [GC Worker Start (ms): Min: 57819574.6, Avg: 57819574.9, Max: 57819575.1, Diff: 0.6]
      [Ext Root Scanning (ms): Min: 3.1, Avg: 3.4, Max: 3.9, Diff: 0.7, Sum: 20.5]
      [Update RS (ms): Min: 1.7, Avg: 1.8, Max: 1.9, Diff: 0.2, Sum: 10.6]
         [Processed Buffers: Min: 13, Avg: 22.0, Max: 38, Diff: 25, Sum: 132]
      [Scan RS (ms): Min: 2.4, Avg: 2.6, Max: 2.7, Diff: 0.3, Sum: 15.5]
      [Code Root Scanning (ms): Min: 2.0, Avg: 2.1, Max: 2.3, Diff: 0.2, Sum: 12.8]
      [Object Copy (ms): Min: 1.1, Avg: 1.2, Max: 1.4, Diff: 0.3, Sum: 7.3]
      [Termination (ms): Min: 0.0, Avg: 0.0, Max: 0.0, Diff: 0.0, Sum: 0.1]
         [Termination Attempts: Min: 1, Avg: 2.0, Max: 3, Diff: 2, Sum: 12]
      [GC Worker Other (ms): Min: 0.1, Avg: 0.3, Max: 0.5, Diff: 0.4, Sum: 2.0]
      [GC Worker Total (ms): Min: 11.2, Avg: 11.5, Max: 11.7, Diff: 0.5, Sum: 69.0]
      [GC Worker End (ms): Min: 57819586.2, Avg: 57819586.3, Max: 57819586.5, Diff: 0.4]
   [Code Root Fixup: 0.0 ms]
   [Code Root Purge: 0.0 ms]
   [Clear CT: 0.5 ms]
   [Other: 15.5 ms]
      [Choose CSet: 0.0 ms]
      [Ref Proc: 11.7 ms]
      [Ref Enq: 1.3 ms]
      [Redirty Cards: 0.9 ms]
      [Humongous Register: 0.1 ms]
      [Humongous Reclaim: 0.1 ms]
      [Free CSet: 0.9 ms]
   [Eden: 1785.0M(1785.0M)->0.0B(1785.0M) Survivors: 12288.0K->12288.0K Heap: 2053.4M(2996.0M)->268.4M(2996.0M)]
Heap after GC invocations=163 (full 0):
 garbage-first heap   total 3067904K, used 274847K [0x0000000704c00000, 0x0000000704d05da0, 0x00000007c0000000)
  region size 1024K, 12 young (12288K), 12 survivors (12288K)
 Metaspace       used 131116K, capacity 138414K, committed 138656K, reserved 1169408K
  class space    used 16963K, capacity 18292K, committed 18388K, reserved 1048576K
}
 [Times: user=0.00 sys=0.08, real=0.03 secs] 
2020-12-08T18:32:40.037+0000: 57819.605: Total time for which application threads were stopped: 0.0355359 seconds, Stopping threads took: 0.0042076 seconds
{Heap before GC invocations=163 (full 0):
 garbage-first heap   total 3067904K, used 2102687K [0x0000000704c00000, 0x0000000704d05da0, 0x00000007c0000000)
  region size 1024K, 1797 young (1840128K), 12 survivors (12288K)
 Metaspace       used 131121K, capacity 138414K, committed 138656K, reserved 1169408K
  class space    used 16963K, capacity 18292K, committed 18388K, reserved 1048576K
2020-12-08T18:39:11.281+0000: 58211.336: [GC pause (G1 Evacuation Pause) (young)
Desired survivor size 117964800 bytes, new threshold 15 (max 15)
- age   1:    7062248 bytes,    7062248 total
- age   2:      34232 bytes,    7096480 total
- age   3:      35592 bytes,    7132072 total
- age   4:      41024 bytes,    7173096 total
- age   5:      33184 bytes,    7206280 total
- age   6:      43728 bytes,    7250008 total
- age   7:      32096 bytes,    7282104 total
- age   8:      32112 bytes,    7314216 total
- age   9:      32088 bytes,    7346304 total
- age  10:      57864 bytes,    7404168 total
- age  11:      32888 bytes,    7437056 total
- age  12:      33640 bytes,    7470696 total
- age  13:      31824 bytes,    7502520 total
- age  14:      35056 bytes,    7537576 total
- age  15:      33104 bytes,    7570680 total
, 0.0316964 secs]
   [Parallel Time: 13.6 ms, GC Workers: 6]
      [GC Worker Start (ms): Min: 58211336.2, Avg: 58211336.4, Max: 58211336.6, Diff: 0.4]
      [Ext Root Scanning (ms): Min: 3.1, Avg: 3.3, Max: 3.7, Diff: 0.6, Sum: 20.0]
      [Update RS (ms): Min: 1.1, Avg: 1.1, Max: 1.2, Diff: 0.1, Sum: 6.8]
         [Processed Buffers: Min: 7, Avg: 20.7, Max: 48, Diff: 41, Sum: 124]
      [Scan RS (ms): Min: 3.4, Avg: 3.5, Max: 3.6, Diff: 0.2, Sum: 20.8]
      [Code Root Scanning (ms): Min: 2.8, Avg: 2.9, Max: 3.0, Diff: 0.2, Sum: 17.6]
      [Object Copy (ms): Min: 1.7, Avg: 1.8, Max: 1.9, Diff: 0.2, Sum: 11.0]
      [Termination (ms): Min: 0.0, Avg: 0.0, Max: 0.0, Diff: 0.0, Sum: 0.0]
         [Termination Attempts: Min: 1, Avg: 1.0, Max: 1, Diff: 0, Sum: 6]
      [GC Worker Other (ms): Min: 0.1, Avg: 0.3, Max: 0.5, Diff: 0.4, Sum: 1.6]
      [GC Worker Total (ms): Min: 12.8, Avg: 13.0, Max: 13.1, Diff: 0.3, Sum: 77.9]
      [GC Worker End (ms): Min: 58211349.3, Avg: 58211349.4, Max: 58211349.6, Diff: 0.4]
   [Code Root Fixup: 0.1 ms]
   [Code Root Purge: 0.0 ms]
   [Clear CT: 0.5 ms]
   [Other: 17.5 ms]
      [Choose CSet: 0.2 ms]
      [Ref Proc: 13.3 ms]
      [Ref Enq: 1.2 ms]
      [Redirty Cards: 0.9 ms]
      [Humongous Register: 0.1 ms]
      [Humongous Reclaim: 0.1 ms]
      [Free CSet: 0.9 ms]
   [Eden: 1785.0M(1785.0M)->0.0B(1785.0M) Survivors: 12288.0K->12288.0K Heap: 2053.4M(2996.0M)->268.5M(2996.0M)]
Heap after GC invocations=164 (full 0):
 garbage-first heap   total 3067904K, used 274978K [0x0000000704c00000, 0x0000000704d05da0, 0x00000007c0000000)
  region size 1024K, 12 young (12288K), 12 survivors (12288K)
 Metaspace       used 131121K, capacity 138414K, committed 138656K, reserved 1169408K
  class space    used 16963K, capacity 18292K, committed 18388K, reserved 1048576K
}
 [Times: user=0.11 sys=0.00, real=0.03 secs] 
2020-12-08T18:39:11.315+0000: 58211.370: Total time for which application threads were stopped: 0.0349156 seconds, Stopping threads took: 0.0003673 seconds
2020-12-08T18:44:10.987+0000: 58511.371: Total time for which application threads were stopped: 0.0007815 seconds, Stopping threads took: 0.0003658 seconds
{Heap before GC invocations=164 (full 0):
 garbage-first heap   total 3067904K, used 2102818K [0x0000000704c00000, 0x0000000704d05da0, 0x00000007c0000000)
  region size 1024K, 1797 young (1840128K), 12 survivors (12288K)
 Metaspace       used 131121K, capacity 138414K, committed 138656K, reserved 1169408K
  class space    used 16963K, capacity 18292K, committed 18388K, reserved 1048576K
2020-12-08T18:45:40.875+0000: 58601.328: [GC pause (G1 Evacuation Pause) (young)
Desired survivor size 117964800 bytes, new threshold 15 (max 15)
- age   1:    6325816 bytes,    6325816 total
- age   2:     792024 bytes,    7117840 total
- age   3:      33920 bytes,    7151760 total
- age   4:      35592 bytes,    7187352 total
- age   5:      40800 bytes,    7228152 total
- age   6:      32816 bytes,    7260968 total
- age   7:      43728 bytes,    7304696 total
- age   8:      32096 bytes,    7336792 total
- age   9:      32112 bytes,    7368904 total
- age  10:      32088 bytes,    7400992 total
- age  11:      57864 bytes,    7458856 total
- age  12:      32888 bytes,    7491744 total
- age  13:      33640 bytes,    7525384 total
- age  14:      31824 bytes,    7557208 total
- age  15:      35056 bytes,    7592264 total
, 0.0324467 secs]
   [Parallel Time: 14.7 ms, GC Workers: 6]
      [GC Worker Start (ms): Min: 58601328.2, Avg: 58601328.4, Max: 58601328.6, Diff: 0.4]
      [Ext Root Scanning (ms): Min: 3.4, Avg: 3.6, Max: 3.8, Diff: 0.4, Sum: 21.5]
      [Update RS (ms): Min: 1.9, Avg: 2.4, Max: 2.9, Diff: 1.0, Sum: 14.4]
         [Processed Buffers: Min: 1, Avg: 20.8, Max: 59, Diff: 58, Sum: 125]
      [Scan RS (ms): Min: 2.6, Avg: 3.0, Max: 3.3, Diff: 0.7, Sum: 18.1]
      [Code Root Scanning (ms): Min: 2.2, Avg: 2.5, Max: 2.7, Diff: 0.5, Sum: 15.2]
      [Object Copy (ms): Min: 1.6, Avg: 1.9, Max: 2.2, Diff: 0.6, Sum: 11.3]
      [Termination (ms): Min: 0.0, Avg: 0.0, Max: 0.0, Diff: 0.0, Sum: 0.0]
         [Termination Attempts: Min: 1, Avg: 1.0, Max: 1, Diff: 0, Sum: 6]
      [GC Worker Other (ms): Min: 0.1, Avg: 0.3, Max: 0.7, Diff: 0.6, Sum: 2.0]
      [GC Worker Total (ms): Min: 13.4, Avg: 13.8, Max: 14.3, Diff: 0.9, Sum: 82.6]
      [GC Worker End (ms): Min: 58601342.0, Avg: 58601342.2, Max: 58601342.6, Diff: 0.6]
   [Code Root Fixup: 0.0 ms]
   [Code Root Purge: 0.0 ms]
   [Clear CT: 0.5 ms]
   [Other: 17.1 ms]
      [Choose CSet: 0.0 ms]
      [Ref Proc: 13.5 ms]
      [Ref Enq: 0.7 ms]
      [Redirty Cards: 0.9 ms]
      [Humongous Register: 0.1 ms]
      [Humongous Reclaim: 0.1 ms]
      [Free CSet: 0.8 ms]
   [Eden: 1785.0M(1785.0M)->0.0B(1784.0M) Survivors: 12288.0K->13312.0K Heap: 2053.5M(2996.0M)->269.6M(2996.0M)]
Heap after GC invocations=165 (full 0):
 garbage-first heap   total 3067904K, used 276049K [0x0000000704c00000, 0x0000000704d05da0, 0x00000007c0000000)
  region size 1024K, 13 young (13312K), 13 survivors (13312K)
 Metaspace       used 131121K, capacity 138414K, committed 138656K, reserved 1169408K
  class space    used 16963K, capacity 18292K, committed 18388K, reserved 1048576K
}
 [Times: user=0.00 sys=0.10, real=0.03 secs] 
2020-12-08T18:45:40.874+0000: 58601.362: Total time for which application threads were stopped: 0.0351869 seconds, Stopping threads took: 0.0004221 seconds
{Heap before GC invocations=165 (full 0):
 garbage-first heap   total 3067904K, used 2102865K [0x0000000704c00000, 0x0000000704d05da0, 0x00000007c0000000)
  region size 1024K, 1797 young (1840128K), 13 survivors (13312K)
 Metaspace       used 131125K, capacity 138478K, committed 138656K, reserved 1169408K
  class space    used 16963K, capacity 18292K, committed 18388K, reserved 1048576K
2020-12-08T18:52:09.174+0000: 58990.077: [GC pause (G1 Evacuation Pause) (young)
Desired survivor size 117964800 bytes, new threshold 15 (max 15)
- age   1:    6343384 bytes,    6343384 total
- age   2:      84032 bytes,    6427416 total
- age   3:     740448 bytes,    7167864 total
- age   4:      33888 bytes,    7201752 total
- age   5:      33896 bytes,    7235648 total
- age   6:      40480 bytes,    7276128 total
- age   7:      32816 bytes,    7308944 total
- age   8:      43728 bytes,    7352672 total
- age   9:      32096 bytes,    7384768 total
- age  10:      32112 bytes,    7416880 total
- age  11:      32088 bytes,    7448968 total
- age  12:      57864 bytes,    7506832 total
- age  13:      32888 bytes,    7539720 total
- age  14:      33640 bytes,    7573360 total
- age  15:      31824 bytes,    7605184 total
, 0.0287346 secs]
   [Parallel Time: 13.6 ms, GC Workers: 6]
      [GC Worker Start (ms): Min: 58990077.1, Avg: 58990077.3, Max: 58990077.5, Diff: 0.4]
      [Ext Root Scanning (ms): Min: 3.2, Avg: 3.3, Max: 3.6, Diff: 0.5, Sum: 20.0]
      [Update RS (ms): Min: 1.3, Avg: 1.4, Max: 1.6, Diff: 0.2, Sum: 8.4]
         [Processed Buffers: Min: 6, Avg: 20.2, Max: 37, Diff: 31, Sum: 121]
      [Scan RS (ms): Min: 2.7, Avg: 2.9, Max: 3.0, Diff: 0.3, Sum: 17.5]
      [Code Root Scanning (ms): Min: 2.3, Avg: 2.4, Max: 2.5, Diff: 0.2, Sum: 14.1]
      [Object Copy (ms): Min: 1.6, Avg: 1.9, Max: 2.6, Diff: 1.0, Sum: 11.7]
      [Termination (ms): Min: 0.2, Avg: 0.8, Max: 1.0, Diff: 0.8, Sum: 4.9]
         [Termination Attempts: Min: 1, Avg: 1.3, Max: 2, Diff: 1, Sum: 8]
      [GC Worker Other (ms): Min: 0.1, Avg: 0.1, Max: 0.2, Diff: 0.1, Sum: 0.6]
      [GC Worker Total (ms): Min: 12.6, Avg: 12.9, Max: 13.1, Diff: 0.5, Sum: 77.3]
      [GC Worker End (ms): Min: 58990090.1, Avg: 58990090.2, Max: 58990090.2, Diff: 0.1]
   [Code Root Fixup: 0.0 ms]
   [Code Root Purge: 0.0 ms]
   [Clear CT: 0.5 ms]
   [Other: 14.6 ms]
      [Choose CSet: 0.1 ms]
      [Ref Proc: 11.0 ms]
      [Ref Enq: 1.0 ms]
      [Redirty Cards: 0.9 ms]
      [Humongous Register: 0.1 ms]
      [Humongous Reclaim: 0.1 ms]
      [Free CSet: 0.8 ms]
   [Eden: 1784.0M(1784.0M)->0.0B(1785.0M) Survivors: 13312.0K->12288.0K Heap: 2053.6M(2996.0M)->269.1M(2996.0M)]
Heap after GC invocations=166 (full 0):
 garbage-first heap   total 3067904K, used 275585K [0x0000000704c00000, 0x0000000704d05da0, 0x00000007c0000000)
  region size 1024K, 12 young (12288K), 12 survivors (12288K)
 Metaspace       used 131125K, capacity 138478K, committed 138656K, reserved 1169408K
  class space    used 16963K, capacity 18292K, committed 18388K, reserved 1048576K
}
 [Times: user=0.00 sys=0.10, real=0.03 secs] 
2020-12-08T18:52:09.204+0000: 58990.107: Total time for which application threads were stopped: 0.0313206 seconds, Stopping threads took: 0.0002890 seconds
{Heap before GC invocations=166 (full 0):
 garbage-first heap   total 3067904K, used 2103425K [0x0000000704c00000, 0x0000000704d05da0, 0x00000007c0000000)
  region size 1024K, 1797 young (1840128K), 12 survivors (12288K)
 Metaspace       used 131125K, capacity 138478K, committed 138656K, reserved 1169408K
  class space    used 16963K, capacity 18292K, committed 18388K, reserved 1048576K
2020-12-08T18:58:42.575+0000: 59383.962: [GC pause (G1 Evacuation Pause) (young)
Desired survivor size 117964800 bytes, new threshold 15 (max 15)
- age   1:    6330304 bytes,    6330304 total
- age   2:      88424 bytes,    6418728 total
- age   3:      83720 bytes,    6502448 total
- age   4:     690096 bytes,    7192544 total
- age   5:      33736 bytes,    7226280 total
- age   6:      31824 bytes,    7258104 total
- age   7:      40480 bytes,    7298584 total
- age   8:      32816 bytes,    7331400 total
- age   9:      41104 bytes,    7372504 total
- age  10:      32096 bytes,    7404600 total
- age  11:      32112 bytes,    7436712 total
- age  12:      32088 bytes,    7468800 total
- age  13:      57864 bytes,    7526664 total
- age  14:      32888 bytes,    7559552 total
- age  15:      33640 bytes,    7593192 total
, 0.0279222 secs]
   [Parallel Time: 13.0 ms, GC Workers: 6]
      [GC Worker Start (ms): Min: 59383962.8, Avg: 59383963.0, Max: 59383963.2, Diff: 0.4]
      [Ext Root Scanning (ms): Min: 3.0, Avg: 3.1, Max: 3.5, Diff: 0.5, Sum: 18.8]
      [Update RS (ms): Min: 1.5, Avg: 1.6, Max: 1.7, Diff: 0.2, Sum: 9.5]
         [Processed Buffers: Min: 10, Avg: 20.8, Max: 34, Diff: 24, Sum: 125]
      [Scan RS (ms): Min: 2.6, Avg: 2.9, Max: 3.1, Diff: 0.4, Sum: 17.6]
      [Code Root Scanning (ms): Min: 2.3, Avg: 2.4, Max: 2.6, Diff: 0.3, Sum: 14.2]
      [Object Copy (ms): Min: 1.6, Avg: 1.8, Max: 1.9, Diff: 0.3, Sum: 10.7]
      [Termination (ms): Min: 0.0, Avg: 0.0, Max: 0.0, Diff: 0.0, Sum: 0.0]
         [Termination Attempts: Min: 1, Avg: 1.2, Max: 2, Diff: 1, Sum: 7]
      [GC Worker Other (ms): Min: 0.1, Avg: 0.2, Max: 0.3, Diff: 0.3, Sum: 1.1]
      [GC Worker Total (ms): Min: 11.9, Avg: 12.0, Max: 12.1, Diff: 0.3, Sum: 71.9]
      [GC Worker End (ms): Min: 59383975.0, Avg: 59383975.0, Max: 59383975.2, Diff: 0.2]
   [Code Root Fixup: 0.0 ms]
   [Code Root Purge: 0.0 ms]
   [Clear CT: 1.0 ms]
   [Other: 13.9 ms]
      [Choose CSet: 0.0 ms]
      [Ref Proc: 10.7 ms]
      [Ref Enq: 0.7 ms]
      [Redirty Cards: 0.8 ms]
      [Humongous Register: 0.1 ms]
      [Humongous Reclaim: 0.0 ms]
      [Free CSet: 0.9 ms]
   [Eden: 1785.0M(1785.0M)->0.0B(1785.0M) Survivors: 12288.0K->12288.0K Heap: 2054.1M(2996.0M)->269.2M(2996.0M)]
Heap after GC invocations=167 (full 0):
 garbage-first heap   total 3067904K, used 275645K [0x0000000704c00000, 0x0000000704d05da0, 0x00000007c0000000)
  region size 1024K, 12 young (12288K), 12 survivors (12288K)
 Metaspace       used 131125K, capacity 138478K, committed 138656K, reserved 1169408K
  class space    used 16963K, capacity 18292K, committed 18388K, reserved 1048576K
}
 [Times: user=0.10 sys=0.00, real=0.03 secs] 
2020-12-08T18:58:42.605+0000: 59383.992: Total time for which application threads were stopped: 0.0306522 seconds, Stopping threads took: 0.0003036 seconds
2020-12-08T19:03:42.287+0000: 59683.998: Total time for which application threads were stopped: 0.0053542 seconds, Stopping threads took: 0.0049209 seconds
{Heap before GC invocations=167 (full 0):
 garbage-first heap   total 3067904K, used 2103485K [0x0000000704c00000, 0x0000000704d05da0, 0x00000007c0000000)
  region size 1024K, 1797 young (1840128K), 12 survivors (12288K)
 Metaspace       used 131125K, capacity 138478K, committed 138656K, reserved 1169408K
  class space    used 16963K, capacity 18292K, committed 18388K, reserved 1048576K
2020-12-08T19:05:13.653+0000: 59775.467: [GC pause (G1 Evacuation Pause) (young)
Desired survivor size 117964800 bytes, new threshold 15 (max 15)
- age   1:    6299672 bytes,    6299672 total
- age   2:      88008 bytes,    6387680 total
- age   3:      88112 bytes,    6475792 total
- age   4:      83720 bytes,    6559512 total
- age   5:     639280 bytes,    7198792 total
- age   6:      33416 bytes,    7232208 total
- age   7:      31824 bytes,    7264032 total
- age   8:      40480 bytes,    7304512 total
- age   9:      32816 bytes,    7337328 total
- age  10:      41104 bytes,    7378432 total
- age  11:      32096 bytes,    7410528 total
- age  12:      32112 bytes,    7442640 total
- age  13:      32088 bytes,    7474728 total
- age  14:      57864 bytes,    7532592 total
- age  15:      32888 bytes,    7565480 total
, 0.0281312 secs]
   [Parallel Time: 13.2 ms, GC Workers: 6]
      [GC Worker Start (ms): Min: 59775467.7, Avg: 59775467.9, Max: 59775468.1, Diff: 0.4]
      [Ext Root Scanning (ms): Min: 3.3, Avg: 3.4, Max: 3.8, Diff: 0.5, Sum: 20.5]
      [Update RS (ms): Min: 1.4, Avg: 1.5, Max: 1.6, Diff: 0.2, Sum: 8.9]
         [Processed Buffers: Min: 7, Avg: 20.7, Max: 49, Diff: 42, Sum: 124]
      [Scan RS (ms): Min: 2.8, Avg: 2.9, Max: 3.0, Diff: 0.3, Sum: 17.1]
      [Code Root Scanning (ms): Min: 2.4, Avg: 2.5, Max: 2.6, Diff: 0.2, Sum: 15.0]
      [Object Copy (ms): Min: 1.6, Avg: 1.8, Max: 1.9, Diff: 0.3, Sum: 10.5]
      [Termination (ms): Min: 0.0, Avg: 0.0, Max: 0.0, Diff: 0.0, Sum: 0.0]
         [Termination Attempts: Min: 1, Avg: 1.0, Max: 1, Diff: 0, Sum: 6]
      [GC Worker Other (ms): Min: 0.1, Avg: 0.3, Max: 0.5, Diff: 0.4, Sum: 1.7]
      [GC Worker Total (ms): Min: 12.1, Avg: 12.3, Max: 12.6, Diff: 0.4, Sum: 73.8]
      [GC Worker End (ms): Min: 59775480.0, Avg: 59775480.2, Max: 59775480.4, Diff: 0.3]
   [Code Root Fixup: 0.1 ms]
   [Code Root Purge: 0.0 ms]
   [Clear CT: 0.8 ms]
   [Other: 14.0 ms]
      [Choose CSet: 0.0 ms]
      [Ref Proc: 10.8 ms]
      [Ref Enq: 0.8 ms]
      [Redirty Cards: 0.9 ms]
      [Humongous Register: 0.1 ms]
      [Humongous Reclaim: 0.0 ms]
      [Free CSet: 0.8 ms]
   [Eden: 1785.0M(1785.0M)->0.0B(1785.0M) Survivors: 12288.0K->12288.0K Heap: 2054.2M(2996.0M)->269.2M(2996.0M)]
Heap after GC invocations=168 (full 0):
 garbage-first heap   total 3067904K, used 275689K [0x0000000704c00000, 0x0000000704d05da0, 0x00000007c0000000)
  region size 1024K, 12 young (12288K), 12 survivors (12288K)
 Metaspace       used 131125K, capacity 138478K, committed 138656K, reserved 1169408K
  class space    used 16963K, capacity 18292K, committed 18388K, reserved 1048576K
}
 [Times: user=0.00 sys=0.10, real=0.03 secs] 
2020-12-08T19:05:13.684+0000: 59775.498: Total time for which application threads were stopped: 0.0317000 seconds, Stopping threads took: 0.0003560 seconds
2020-12-08T19:10:13.342+0000: 60075.499: Total time for which application threads were stopped: 0.0008333 seconds, Stopping threads took: 0.0002410 seconds
{Heap before GC invocations=168 (full 0):
 garbage-first heap   total 3067904K, used 2103529K [0x0000000704c00000, 0x0000000704d05da0, 0x00000007c0000000)
  region size 1024K, 1797 young (1840128K), 12 survivors (12288K)
 Metaspace       used 131125K, capacity 138478K, committed 138656K, reserved 1169408K
  class space    used 16963K, capacity 18292K, committed 18388K, reserved 1048576K
2020-12-08T19:11:35.674+0000: 60157.901: [GC pause (G1 Evacuation Pause) (young)
Desired survivor size 117964800 bytes, new threshold 15 (max 15)
- age   1:    6338896 bytes,    6338896 total
- age   2:      82856 bytes,    6421752 total
- age   3:      87624 bytes,    6509376 total
- age   4:      86440 bytes,    6595816 total
- age   5:      83592 bytes,    6679408 total
- age   6:     589232 bytes,    7268640 total
- age   7:      33416 bytes,    7302056 total
- age   8:      31824 bytes,    7333880 total
- age   9:      40480 bytes,    7374360 total
- age  10:      32816 bytes,    7407176 total
- age  11:      41104 bytes,    7448280 total
- age  12:      32096 bytes,    7480376 total
- age  13:      32112 bytes,    7512488 total
- age  14:      32088 bytes,    7544576 total
- age  15:      57864 bytes,    7602440 total
, 0.0303806 secs]
   [Parallel Time: 12.8 ms, GC Workers: 6]
      [GC Worker Start (ms): Min: 60157901.1, Avg: 60157901.3, Max: 60157901.5, Diff: 0.3]
      [Ext Root Scanning (ms): Min: 3.2, Avg: 3.4, Max: 3.7, Diff: 0.5, Sum: 20.6]
      [Update RS (ms): Min: 1.4, Avg: 1.5, Max: 1.7, Diff: 0.3, Sum: 9.1]
         [Processed Buffers: Min: 8, Avg: 20.8, Max: 40, Diff: 32, Sum: 125]
      [Scan RS (ms): Min: 2.7, Avg: 2.9, Max: 3.0, Diff: 0.4, Sum: 17.4]
      [Code Root Scanning (ms): Min: 2.3, Avg: 2.6, Max: 2.9, Diff: 0.6, Sum: 15.4]
      [Object Copy (ms): Min: 1.5, Avg: 1.6, Max: 1.7, Diff: 0.2, Sum: 9.6]
      [Termination (ms): Min: 0.0, Avg: 0.0, Max: 0.0, Diff: 0.0, Sum: 0.0]
         [Termination Attempts: Min: 1, Avg: 1.0, Max: 1, Diff: 0, Sum: 6]
      [GC Worker Other (ms): Min: 0.1, Avg: 0.3, Max: 0.5, Diff: 0.5, Sum: 1.5]
      [GC Worker Total (ms): Min: 12.1, Avg: 12.3, Max: 12.6, Diff: 0.6, Sum: 73.8]
      [GC Worker End (ms): Min: 60157913.5, Avg: 60157913.6, Max: 60157913.9, Diff: 0.5]
   [Code Root Fixup: 0.0 ms]
   [Code Root Purge: 0.0 ms]
   [Clear CT: 0.5 ms]
   [Other: 17.0 ms]
      [Choose CSet: 0.0 ms]
      [Ref Proc: 13.4 ms]
      [Ref Enq: 0.9 ms]
      [Redirty Cards: 0.9 ms]
      [Humongous Register: 0.1 ms]
      [Humongous Reclaim: 0.2 ms]
      [Free CSet: 0.7 ms]
   [Eden: 1785.0M(1785.0M)->0.0B(1784.0M) Survivors: 12288.0K->13312.0K Heap: 2054.2M(2996.0M)->269.8M(2996.0M)]
Heap after GC invocations=169 (full 0):
 garbage-first heap   total 3067904K, used 276279K [0x0000000704c00000, 0x0000000704d05da0, 0x00000007c0000000)
  region size 1024K, 13 young (13312K), 13 survivors (13312K)
 Metaspace       used 131125K, capacity 138478K, committed 138656K, reserved 1169408K
  class space    used 16963K, capacity 18292K, committed 18388K, reserved 1048576K
}
 [Times: user=0.00 sys=0.10, real=0.03 secs] 
2020-12-08T19:11:35.707+0000: 60157.933: Total time for which application threads were stopped: 0.0331420 seconds, Stopping threads took: 0.0003058 seconds
{Heap before GC invocations=169 (full 0):
 garbage-first heap   total 3067904K, used 2103095K [0x0000000704c00000, 0x0000000704d05da0, 0x00000007c0000000)
  region size 1024K, 1797 young (1840128K), 13 survivors (13312K)
 Metaspace       used 131130K, capacity 138478K, committed 138656K, reserved 1169408K
  class space    used 16963K, capacity 18292K, committed 18388K, reserved 1048576K
2020-12-08T19:24:32.969+0000: 60544.297: [GC pause (G1 Evacuation Pause) (young)
Desired survivor size 117964800 bytes, new threshold 15 (max 15)
- age   1:    6325664 bytes,    6325664 total
- age   2:      83656 bytes,    6409320 total
- age   3:      82688 bytes,    6492008 total
- age   4:      87200 bytes,    6579208 total
- age   5:      86032 bytes,    6665240 total
- age   6:      83176 bytes,    6748416 total
- age   7:     539360 bytes,    7287776 total
- age   8:      33096 bytes,    7320872 total
- age   9:      31824 bytes,    7352696 total
- age  10:      31824 bytes,    7384520 total
- age  11:      32816 bytes,    7417336 total
- age  12:      32880 bytes,    7450216 total
- age  13:      32096 bytes,    7482312 total
- age  14:      32112 bytes,    7514424 total
- age  15:      32088 bytes,    7546512 total
, 0.0304341 secs]
   [Parallel Time: 12.2 ms, GC Workers: 6]
      [GC Worker Start (ms): Min: 60544298.0, Avg: 60544298.2, Max: 60544298.5, Diff: 0.4]
      [Ext Root Scanning (ms): Min: 3.1, Avg: 3.5, Max: 4.2, Diff: 1.2, Sum: 21.1]
      [Update RS (ms): Min: 0.9, Avg: 1.2, Max: 1.3, Diff: 0.4, Sum: 6.9]
         [Processed Buffers: Min: 13, Avg: 20.5, Max: 34, Diff: 21, Sum: 123]
      [Scan RS (ms): Min: 2.2, Avg: 2.4, Max: 2.6, Diff: 0.4, Sum: 14.7]
      [Code Root Scanning (ms): Min: 1.9, Avg: 2.1, Max: 2.4, Diff: 0.4, Sum: 12.8]
      [Object Copy (ms): Min: 1.6, Avg: 1.8, Max: 1.9, Diff: 0.3, Sum: 10.6]
      [Termination (ms): Min: 0.0, Avg: 0.0, Max: 0.0, Diff: 0.0, Sum: 0.0]
         [Termination Attempts: Min: 1, Avg: 1.0, Max: 1, Diff: 0, Sum: 6]
      [GC Worker Other (ms): Min: 0.1, Avg: 0.4, Max: 0.7, Diff: 0.5, Sum: 2.2]
      [GC Worker Total (ms): Min: 11.2, Avg: 11.4, Max: 11.6, Diff: 0.4, Sum: 68.4]
      [GC Worker End (ms): Min: 60544309.4, Avg: 60544309.6, Max: 60544309.9, Diff: 0.5]
   [Code Root Fixup: 0.0 ms]
   [Code Root Purge: 0.0 ms]
   [Clear CT: 1.1 ms]
   [Other: 17.1 ms]
      [Choose CSet: 0.0 ms]
      [Ref Proc: 13.2 ms]
      [Ref Enq: 0.8 ms]
      [Redirty Cards: 0.9 ms]
      [Humongous Register: 0.1 ms]
      [Humongous Reclaim: 0.1 ms]
      [Free CSet: 0.9 ms]
   [Eden: 1784.0M(1784.0M)->0.0B(1785.0M) Survivors: 13312.0K->12288.0K Heap: 2053.8M(2996.0M)->268.9M(2996.0M)]
Heap after GC invocations=170 (full 0):
 garbage-first heap   total 3067904K, used 275314K [0x0000000704c00000, 0x0000000704d05da0, 0x00000007c0000000)
  region size 1024K, 12 young (12288K), 12 survivors (12288K)
 Metaspace       used 131130K, capacity 138478K, committed 138656K, reserved 1169408K
  class space    used 16963K, capacity 18292K, committed 18388K, reserved 1048576K
}
 [Times: user=0.10 sys=0.00, real=0.03 secs] 
2020-12-08T19:24:33.002+0000: 60544.330: Total time for which application threads were stopped: 0.0345902 seconds, Stopping threads took: 0.0005461 seconds
{Heap before GC invocations=170 (full 0):
 garbage-first heap   total 3067904K, used 2103154K [0x0000000704c00000, 0x0000000704d05da0, 0x00000007c0000000)
  region size 1024K, 1797 young (1840128K), 12 survivors (12288K)
 Metaspace       used 131130K, capacity 138478K, committed 138656K, reserved 1169408K
  class space    used 16963K, capacity 18292K, committed 18388K, reserved 1048576K
2020-12-08T19:31:05.958+0000: 60937.727: [GC pause (G1 Evacuation Pause) (young)
Desired survivor size 117964800 bytes, new threshold 15 (max 15)
- age   1:    6470088 bytes,    6470088 total
- age   2:     107760 bytes,    6577848 total
- age   3:      83456 bytes,    6661304 total
- age   4:      82560 bytes,    6743864 total
- age   5:      86704 bytes,    6830568 total
- age   6:      85640 bytes,    6916208 total
- age   7:      83176 bytes,    6999384 total
- age   8:     413848 bytes,    7413232 total
- age   9:      32984 bytes,    7446216 total
- age  10:      31824 bytes,    7478040 total
- age  11:      31824 bytes,    7509864 total
- age  12:      32816 bytes,    7542680 total
- age  13:      32880 bytes,    7575560 total
- age  14:      32096 bytes,    7607656 total
- age  15:      32112 bytes,    7639768 total
, 0.0350577 secs]
   [Parallel Time: 16.4 ms, GC Workers: 6]
      [GC Worker Start (ms): Min: 60937727.9, Avg: 60937728.1, Max: 60937728.4, Diff: 0.4]
      [Ext Root Scanning (ms): Min: 2.9, Avg: 3.2, Max: 3.6, Diff: 0.7, Sum: 19.3]
      [Update RS (ms): Min: 1.9, Avg: 2.1, Max: 2.3, Diff: 0.4, Sum: 12.4]
         [Processed Buffers: Min: 6, Avg: 20.5, Max: 35, Diff: 29, Sum: 123]
      [Scan RS (ms): Min: 3.8, Avg: 4.0, Max: 4.2, Diff: 0.3, Sum: 24.0]
      [Code Root Scanning (ms): Min: 3.1, Avg: 3.3, Max: 3.5, Diff: 0.4, Sum: 19.7]
      [Object Copy (ms): Min: 2.2, Avg: 2.4, Max: 2.5, Diff: 0.3, Sum: 14.5]
      [Termination (ms): Min: 0.0, Avg: 0.0, Max: 0.0, Diff: 0.0, Sum: 0.1]
         [Termination Attempts: Min: 1, Avg: 1.0, Max: 1, Diff: 0, Sum: 6]
      [GC Worker Other (ms): Min: 0.1, Avg: 0.3, Max: 0.5, Diff: 0.4, Sum: 1.8]
      [GC Worker Total (ms): Min: 15.0, Avg: 15.3, Max: 15.6, Diff: 0.6, Sum: 91.8]
      [GC Worker End (ms): Min: 60937743.3, Avg: 60937743.4, Max: 60937743.6, Diff: 0.4]
   [Code Root Fixup: 0.0 ms]
   [Code Root Purge: 0.0 ms]
   [Clear CT: 1.2 ms]
   [Other: 17.4 ms]
      [Choose CSet: 0.0 ms]
      [Ref Proc: 13.4 ms]
      [Ref Enq: 0.9 ms]
      [Redirty Cards: 1.0 ms]
      [Humongous Register: 0.1 ms]
      [Humongous Reclaim: 0.1 ms]
      [Free CSet: 1.0 ms]
   [Eden: 1785.0M(1785.0M)->0.0B(1785.0M) Survivors: 12288.0K->12288.0K Heap: 2053.9M(2996.0M)->268.9M(2996.0M)]
Heap after GC invocations=171 (full 0):
 garbage-first heap   total 3067904K, used 275362K [0x0000000704c00000, 0x0000000704d05da0, 0x00000007c0000000)
  region size 1024K, 12 young (12288K), 12 survivors (12288K)
 Metaspace       used 131130K, capacity 138478K, committed 138656K, reserved 1169408K
  class space    used 16963K, capacity 18292K, committed 18388K, reserved 1048576K
}
 [Times: user=0.00 sys=0.12, real=0.04 secs] 
2020-12-08T19:31:05.996+0000: 60937.765: Total time for which application threads were stopped: 0.0388383 seconds, Stopping threads took: 0.0002576 seconds
2020-12-08T19:36:05.657+0000: 61237.766: Total time for which application threads were stopped: 0.0007665 seconds, Stopping threads took: 0.0001702 seconds
{Heap before GC invocations=171 (full 0):
 garbage-first heap   total 3067904K, used 2103779K [0x0000000704c00000, 0x0000000704d05da0, 0x00000007c0000000)
  region size 1024K, 1797 young (1840128K), 12 survivors (12288K)
 Metaspace       used 131130K, capacity 138478K, committed 138656K, reserved 1169408K
  class space    used 16963K, capacity 18292K, committed 18388K, reserved 1048576K
2020-12-08T19:37:37.473+0000: 61329.684: [GC pause (G1 Evacuation Pause) (young)
Desired survivor size 117964800 bytes, new threshold 15 (max 15)
- age   1:    6324224 bytes,    6324224 total
- age   2:     230232 bytes,    6554456 total
- age   3:     107360 bytes,    6661816 total
- age   4:      83264 bytes,    6745080 total
- age   5:      82256 bytes,    6827336 total
- age   6:      86704 bytes,    6914040 total
- age   7:      85640 bytes,    6999680 total
- age   8:      81072 bytes,    7080752 total
- age   9:     224728 bytes,    7305480 total
- age  10:      32760 bytes,    7338240 total
- age  11:      31824 bytes,    7370064 total
- age  12:      31824 bytes,    7401888 total
- age  13:      32816 bytes,    7434704 total
- age  14:      32880 bytes,    7467584 total
- age  15:      32096 bytes,    7499680 total
, 0.0359087 secs]
   [Parallel Time: 17.8 ms, GC Workers: 6]
      [GC Worker Start (ms): Min: 61329684.3, Avg: 61329684.5, Max: 61329684.8, Diff: 0.6]
      [Ext Root Scanning (ms): Min: 4.2, Avg: 5.9, Max: 9.2, Diff: 5.1, Sum: 35.5]
      [Update RS (ms): Min: 0.0, Avg: 1.5, Max: 2.3, Diff: 2.3, Sum: 8.8]
         [Processed Buffers: Min: 0, Avg: 21.8, Max: 41, Diff: 41, Sum: 131]
      [Scan RS (ms): Min: 2.1, Avg: 4.0, Max: 8.7, Diff: 6.6, Sum: 24.0]
      [Code Root Scanning (ms): Min: 1.1, Avg: 2.3, Max: 3.2, Diff: 2.1, Sum: 13.9]
      [Object Copy (ms): Min: 0.1, Avg: 2.0, Max: 2.7, Diff: 2.6, Sum: 12.3]
      [Termination (ms): Min: 0.0, Avg: 0.9, Max: 1.3, Diff: 1.3, Sum: 5.6]
         [Termination Attempts: Min: 1, Avg: 1.3, Max: 2, Diff: 1, Sum: 8]
      [GC Worker Other (ms): Min: 0.1, Avg: 0.1, Max: 0.2, Diff: 0.1, Sum: 0.7]
      [GC Worker Total (ms): Min: 16.5, Avg: 16.8, Max: 17.2, Diff: 0.7, Sum: 100.9]
      [GC Worker End (ms): Min: 61329701.2, Avg: 61329701.3, Max: 61329701.5, Diff: 0.3]
   [Code Root Fixup: 0.0 ms]
   [Code Root Purge: 0.0 ms]
   [Clear CT: 0.7 ms]
   [Other: 17.4 ms]
      [Choose CSet: 0.0 ms]
      [Ref Proc: 13.9 ms]
      [Ref Enq: 0.9 ms]
      [Redirty Cards: 0.7 ms]
      [Humongous Register: 0.1 ms]
      [Humongous Reclaim: 0.1 ms]
      [Free CSet: 1.0 ms]
   [Eden: 1785.0M(1785.0M)->0.0B(1785.0M) Survivors: 12288.0K->12288.0K Heap: 2054.5M(2996.0M)->269.5M(2996.0M)]
Heap after GC invocations=172 (full 0):
 garbage-first heap   total 3067904K, used 275924K [0x0000000704c00000, 0x0000000704d05da0, 0x00000007c0000000)
  region size 1024K, 12 young (12288K), 12 survivors (12288K)
 Metaspace       used 131130K, capacity 138478K, committed 138656K, reserved 1169408K
  class space    used 16963K, capacity 18292K, committed 18388K, reserved 1048576K
}
 [Times: user=0.00 sys=0.11, real=0.04 secs] 
2020-12-08T19:37:37.512+0000: 61329.722: Total time for which application threads were stopped: 0.0390678 seconds, Stopping threads took: 0.0002721 seconds
{Heap before GC invocations=172 (full 0):
 garbage-first heap   total 3067904K, used 2103764K [0x0000000704c00000, 0x0000000704d05da0, 0x00000007c0000000)
  region size 1024K, 1797 young (1840128K), 12 survivors (12288K)
 Metaspace       used 131131K, capacity 138478K, committed 138656K, reserved 1169408K
  class space    used 16963K, capacity 18292K, committed 18388K, reserved 1048576K
2020-12-08T19:44:11.379+0000: 61724.082: [GC pause (G1 Evacuation Pause) (young)
Desired survivor size 117964800 bytes, new threshold 15 (max 15)
- age   1:    7079552 bytes,    7079552 total
- age   2:      34176 bytes,    7113728 total
- age   3:     103264 bytes,    7216992 total
- age   4:      56552 bytes,    7273544 total
- age   5:      32064 bytes,    7305608 total
- age   6:      31936 bytes,    7337544 total
- age   7:      35432 bytes,    7372976 total
- age   8:      34864 bytes,    7407840 total
- age   9:      32536 bytes,    7440376 total
- age  10:      34368 bytes,    7474744 total
- age  11:      32760 bytes,    7507504 total
- age  12:      31824 bytes,    7539328 total
- age  13:      31824 bytes,    7571152 total
- age  14:      32816 bytes,    7603968 total
- age  15:      32880 bytes,    7636848 total
, 0.0382678 secs]
   [Parallel Time: 18.8 ms, GC Workers: 6]
      [GC Worker Start (ms): Min: 61724082.6, Avg: 61724087.4, Max: 61724092.1, Diff: 9.5]
      [Ext Root Scanning (ms): Min: 0.2, Avg: 2.2, Max: 4.6, Diff: 4.4, Sum: 13.5]
      [Update RS (ms): Min: 0.0, Avg: 1.5, Max: 3.2, Diff: 3.2, Sum: 9.1]
         [Processed Buffers: Min: 0, Avg: 20.0, Max: 55, Diff: 55, Sum: 120]
      [Scan RS (ms): Min: 0.9, Avg: 3.1, Max: 4.1, Diff: 3.1, Sum: 18.4]
      [Code Root Scanning (ms): Min: 2.7, Avg: 4.0, Max: 9.2, Diff: 6.5, Sum: 24.1]
      [Object Copy (ms): Min: 0.2, Avg: 1.6, Max: 2.2, Diff: 2.0, Sum: 9.8]
      [Termination (ms): Min: 0.0, Avg: 0.8, Max: 1.0, Diff: 1.0, Sum: 4.6]
         [Termination Attempts: Min: 1, Avg: 1.0, Max: 1, Diff: 0, Sum: 6]
      [GC Worker Other (ms): Min: 0.1, Avg: 0.1, Max: 0.2, Diff: 0.1, Sum: 0.7]
      [GC Worker Total (ms): Min: 8.7, Avg: 13.4, Max: 18.1, Diff: 9.4, Sum: 80.2]
      [GC Worker End (ms): Min: 61724100.7, Avg: 61724100.7, Max: 61724100.8, Diff: 0.2]
   [Code Root Fixup: 0.0 ms]
   [Code Root Purge: 0.0 ms]
   [Clear CT: 0.9 ms]
   [Other: 18.6 ms]
      [Choose CSet: 0.0 ms]
      [Ref Proc: 15.1 ms]
      [Ref Enq: 0.9 ms]
      [Redirty Cards: 0.9 ms]
      [Humongous Register: 0.1 ms]
      [Humongous Reclaim: 0.1 ms]
      [Free CSet: 1.0 ms]
   [Eden: 1785.0M(1785.0M)->0.0B(1785.0M) Survivors: 12288.0K->12288.0K Heap: 2054.5M(2996.0M)->269.5M(2996.0M)]
Heap after GC invocations=173 (full 0):
 garbage-first heap   total 3067904K, used 275973K [0x0000000704c00000, 0x0000000704d05da0, 0x00000007c0000000)
  region size 1024K, 12 young (12288K), 12 survivors (12288K)
 Metaspace       used 131131K, capacity 138478K, committed 138656K, reserved 1169408K
  class space    used 16963K, capacity 18292K, committed 18388K, reserved 1048576K
}
 [Times: user=0.00 sys=0.11, real=0.04 secs] 
2020-12-08T19:44:11.420+0000: 61724.123: Total time for which application threads were stopped: 0.0419628 seconds, Stopping threads took: 0.0002857 seconds
2020-12-08T19:49:11.080+0000: 62024.124: Total time for which application threads were stopped: 0.0008933 seconds, Stopping threads took: 0.0003619 seconds
{Heap before GC invocations=173 (full 0):
 garbage-first heap   total 3067904K, used 2103813K [0x0000000704c00000, 0x0000000704d05da0, 0x00000007c0000000)
  region size 1024K, 1797 young (1840128K), 12 survivors (12288K)
 Metaspace       used 131131K, capacity 138478K, committed 138656K, reserved 1169408K
  class space    used 16963K, capacity 18292K, committed 18388K, reserved 1048576K
2020-12-08T19:50:48.176+0000: 62121.322: [GC pause (G1 Evacuation Pause) (young)
Desired survivor size 117964800 bytes, new threshold 15 (max 15)
- age   1:    6308816 bytes,    6308816 total
- age   2:     790904 bytes,    7099720 total
- age   3:      34040 bytes,    7133760 total
- age   4:     103080 bytes,    7236840 total
- age   5:      56096 bytes,    7292936 total
- age   6:      32064 bytes,    7325000 total
- age   7:      31936 bytes,    7356936 total
- age   8:      32544 bytes,    7389480 total
- age   9:      34864 bytes,    7424344 total
- age  10:      32536 bytes,    7456880 total
- age  11:      34368 bytes,    7491248 total
- age  12:      32760 bytes,    7524008 total
- age  13:      31824 bytes,    7555832 total
- age  14:      31824 bytes,    7587656 total
- age  15:      32816 bytes,    7620472 total
, 0.0327253 secs]
   [Parallel Time: 16.3 ms, GC Workers: 6]
      [GC Worker Start (ms): Min: 62121322.9, Avg: 62121323.0, Max: 62121323.3, Diff: 0.4]
      [Ext Root Scanning (ms): Min: 3.5, Avg: 4.1, Max: 5.7, Diff: 2.2, Sum: 24.4]
      [Update RS (ms): Min: 0.3, Avg: 2.9, Max: 7.9, Diff: 7.6, Sum: 17.5]
         [Processed Buffers: Min: 6, Avg: 20.7, Max: 52, Diff: 46, Sum: 124]
      [Scan RS (ms): Min: 0.6, Avg: 3.2, Max: 3.9, Diff: 3.2, Sum: 19.0]
      [Code Root Scanning (ms): Min: 0.5, Avg: 2.5, Max: 3.0, Diff: 2.6, Sum: 15.0]
      [Object Copy (ms): Min: 1.9, Avg: 2.2, Max: 2.6, Diff: 0.7, Sum: 13.0]
      [Termination (ms): Min: 0.0, Avg: 0.4, Max: 0.6, Diff: 0.6, Sum: 2.2]
         [Termination Attempts: Min: 1, Avg: 1.0, Max: 1, Diff: 0, Sum: 6]
      [GC Worker Other (ms): Min: 0.1, Avg: 0.2, Max: 0.3, Diff: 0.2, Sum: 1.1]
      [GC Worker Total (ms): Min: 15.1, Avg: 15.4, Max: 15.6, Diff: 0.6, Sum: 92.2]
      [GC Worker End (ms): Min: 62121338.3, Avg: 62121338.4, Max: 62121338.5, Diff: 0.3]
   [Code Root Fixup: 0.0 ms]
   [Code Root Purge: 0.0 ms]
   [Clear CT: 0.8 ms]
   [Other: 15.6 ms]
      [Choose CSet: 0.0 ms]
      [Ref Proc: 12.0 ms]
      [Ref Enq: 0.8 ms]
      [Redirty Cards: 0.9 ms]
      [Humongous Register: 0.1 ms]
      [Humongous Reclaim: 0.2 ms]
      [Free CSet: 0.8 ms]
   [Eden: 1785.0M(1785.0M)->0.0B(1785.0M) Survivors: 12288.0K->12288.0K Heap: 2054.5M(2996.0M)->269.6M(2996.0M)]
Heap after GC invocations=174 (full 0):
 garbage-first heap   total 3067904K, used 276027K [0x0000000704c00000, 0x0000000704d05da0, 0x00000007c0000000)
  region size 1024K, 12 young (12288K), 12 survivors (12288K)
 Metaspace       used 131131K, capacity 138478K, committed 138656K, reserved 1169408K
  class space    used 16963K, capacity 18292K, committed 18388K, reserved 1048576K
}
 [Times: user=0.00 sys=0.11, real=0.04 secs] 
2020-12-08T19:50:48.211+0000: 62121.357: Total time for which application threads were stopped: 0.0396762 seconds, Stopping threads took: 0.0041726 seconds
{Heap before GC invocations=174 (full 0):
 garbage-first heap   total 3067904K, used 2103867K [0x0000000704c00000, 0x0000000704d05da0, 0x00000007c0000000)
  region size 1024K, 1797 young (1840128K), 12 survivors (12288K)
 Metaspace       used 131131K, capacity 138478K, committed 138656K, reserved 1169408K
  class space    used 16963K, capacity 18292K, committed 18388K, reserved 1048576K
2020-12-08T19:57:22.794+0000: 62516.383: [GC pause (G1 Evacuation Pause) (young)
Desired survivor size 117964800 bytes, new threshold 15 (max 15)
- age   1:    6369592 bytes,    6369592 total
- age   2:      87768 bytes,    6457360 total
- age   3:     736736 bytes,    7194096 total
- age   4:      33976 bytes,    7228072 total
- age   5:     102800 bytes,    7330872 total
- age   6:      54488 bytes,    7385360 total
- age   7:      32064 bytes,    7417424 total
- age   8:      31936 bytes,    7449360 total
- age   9:      32544 bytes,    7481904 total
- age  10:      34864 bytes,    7516768 total
- age  11:      32536 bytes,    7549304 total
- age  12:      34368 bytes,    7583672 total
- age  13:      32760 bytes,    7616432 total
- age  14:      31824 bytes,    7648256 total
- age  15:      31824 bytes,    7680080 total
, 0.0398339 secs]
   [Parallel Time: 22.3 ms, GC Workers: 6]
      [GC Worker Start (ms): Min: 62516384.2, Avg: 62516384.4, Max: 62516384.6, Diff: 0.4]
      [Ext Root Scanning (ms): Min: 3.5, Avg: 3.7, Max: 4.1, Diff: 0.6, Sum: 22.4]
      [Update RS (ms): Min: 2.1, Avg: 2.2, Max: 2.5, Diff: 0.4, Sum: 13.4]
         [Processed Buffers: Min: 7, Avg: 19.8, Max: 31, Diff: 24, Sum: 119]
      [Scan RS (ms): Min: 3.3, Avg: 5.1, Max: 12.6, Diff: 9.2, Sum: 30.4]
      [Code Root Scanning (ms): Min: 1.9, Avg: 2.7, Max: 3.2, Diff: 1.3, Sum: 15.9]
      [Object Copy (ms): Min: 0.4, Avg: 2.5, Max: 3.2, Diff: 2.8, Sum: 15.1]
      [Termination (ms): Min: 0.0, Avg: 4.7, Max: 5.7, Diff: 5.7, Sum: 28.1]
         [Termination Attempts: Min: 1, Avg: 1.0, Max: 1, Diff: 0, Sum: 6]
      [GC Worker Other (ms): Min: 0.1, Avg: 0.2, Max: 0.2, Diff: 0.1, Sum: 0.9]
      [GC Worker Total (ms): Min: 20.8, Avg: 21.1, Max: 21.5, Diff: 0.7, Sum: 126.4]
      [GC Worker End (ms): Min: 62516405.4, Avg: 62516405.5, Max: 62516405.6, Diff: 0.3]
   [Code Root Fixup: 0.0 ms]
   [Code Root Purge: 0.0 ms]
   [Clear CT: 0.6 ms]
   [Other: 17.0 ms]
      [Choose CSet: 0.0 ms]
      [Ref Proc: 13.2 ms]
      [Ref Enq: 1.1 ms]
      [Redirty Cards: 0.8 ms]
      [Humongous Register: 0.2 ms]
      [Humongous Reclaim: 0.1 ms]
      [Free CSet: 0.9 ms]
   [Eden: 1785.0M(1785.0M)->0.0B(1785.0M) Survivors: 12288.0K->12288.0K Heap: 2054.6M(2996.0M)->269.1M(2996.0M)]
Heap after GC invocations=175 (full 0):
 garbage-first heap   total 3067904K, used 275563K [0x0000000704c00000, 0x0000000704d05da0, 0x00000007c0000000)
  region size 1024K, 12 young (12288K), 12 survivors (12288K)
 Metaspace       used 131131K, capacity 138478K, committed 138656K, reserved 1169408K
  class space    used 16963K, capacity 18292K, committed 18388K, reserved 1048576K
}
 [Times: user=0.00 sys=0.13, real=0.05 secs] 
2020-12-08T19:57:22.835+0000: 62516.425: Total time for which application threads were stopped: 0.0425680 seconds, Stopping threads took: 0.0002996 seconds
2020-12-08T20:25:06.204+0000: 62816.427: Total time for which application threads were stopped: 0.0006938 seconds, Stopping threads took: 0.0002158 seconds
{Heap before GC invocations=175 (full 0):
 garbage-first heap   total 3067904K, used 2103403K [0x0000000704c00000, 0x0000000704d05da0, 0x00000007c0000000)
  region size 1024K, 1797 young (1840128K), 12 survivors (12288K)
 Metaspace       used 131144K, capacity 138478K, committed 138656K, reserved 1169408K
  class space    used 16963K, capacity 18292K, committed 18388K, reserved 1048576K
2020-12-08T20:26:39.071+0000: 62909.354: [GC pause (G1 Evacuation Pause) (young)
Desired survivor size 117964800 bytes, new threshold 15 (max 15)
- age   1:    6326472 bytes,    6326472 total
- age   2:      90248 bytes,    6416720 total
- age   3:      87376 bytes,    6504096 total
- age   4:     686432 bytes,    7190528 total
- age   5:      33848 bytes,    7224376 total
- age   6:     102736 bytes,    7327112 total
- age   7:      54488 bytes,    7381600 total
- age   8:      32064 bytes,    7413664 total
- age   9:      31936 bytes,    7445600 total
- age  10:      32544 bytes,    7478144 total
- age  11:      34688 bytes,    7512832 total
- age  12:      32536 bytes,    7545368 total
- age  13:      34368 bytes,    7579736 total
- age  14:      32760 bytes,    7612496 total
- age  15:      31824 bytes,    7644320 total
, 0.0291009 secs]
   [Parallel Time: 12.3 ms, GC Workers: 6]
      [GC Worker Start (ms): Min: 62909354.5, Avg: 62909354.7, Max: 62909354.9, Diff: 0.4]
      [Ext Root Scanning (ms): Min: 3.1, Avg: 3.5, Max: 3.8, Diff: 0.7, Sum: 20.7]
      [Update RS (ms): Min: 1.5, Avg: 1.5, Max: 1.7, Diff: 0.2, Sum: 9.2]
         [Processed Buffers: Min: 5, Avg: 19.3, Max: 58, Diff: 53, Sum: 116]
      [Scan RS (ms): Min: 2.7, Avg: 2.8, Max: 3.0, Diff: 0.3, Sum: 17.0]
      [Code Root Scanning (ms): Min: 2.2, Avg: 2.3, Max: 2.4, Diff: 0.2, Sum: 13.9]
      [Object Copy (ms): Min: 1.3, Avg: 1.4, Max: 1.8, Diff: 0.5, Sum: 8.7]
      [Termination (ms): Min: 0.0, Avg: 0.0, Max: 0.0, Diff: 0.0, Sum: 0.0]
         [Termination Attempts: Min: 1, Avg: 1.0, Max: 1, Diff: 0, Sum: 6]
      [GC Worker Other (ms): Min: 0.1, Avg: 0.2, Max: 0.4, Diff: 0.2, Sum: 1.2]
      [GC Worker Total (ms): Min: 11.5, Avg: 11.8, Max: 12.1, Diff: 0.6, Sum: 70.9]
      [GC Worker End (ms): Min: 62909366.4, Avg: 62909366.6, Max: 62909366.7, Diff: 0.3]
   [Code Root Fixup: 0.1 ms]
   [Code Root Purge: 0.0 ms]
   [Clear CT: 0.9 ms]
   [Other: 15.8 ms]
      [Choose CSet: 0.0 ms]
      [Ref Proc: 12.6 ms]
      [Ref Enq: 0.8 ms]
      [Redirty Cards: 0.9 ms]
      [Humongous Register: 0.1 ms]
      [Humongous Reclaim: 0.0 ms]
      [Free CSet: 0.8 ms]
   [Eden: 1785.0M(1785.0M)->0.0B(1785.0M) Survivors: 12288.0K->12288.0K Heap: 2054.1M(2996.0M)->269.6M(2996.0M)]
Heap after GC invocations=176 (full 0):
 garbage-first heap   total 3067904K, used 276107K [0x0000000704c00000, 0x0000000704d05da0, 0x00000007c0000000)
  region size 1024K, 12 young (12288K), 12 survivors (12288K)
 Metaspace       used 131144K, capacity 138478K, committed 138656K, reserved 1169408K
  class space    used 16963K, capacity 18292K, committed 18388K, reserved 1048576K
}
 [Times: user=0.00 sys=0.10, real=0.03 secs] 
2020-12-08T20:26:39.103+0000: 62909.386: Total time for which application threads were stopped: 0.0324106 seconds, Stopping threads took: 0.0001875 seconds
2020-12-09T04:31:20.133+0000: 63209.393: Total time for which application threads were stopped: 0.0070902 seconds, Stopping threads took: 0.0033370 seconds
{Heap before GC invocations=176 (full 0):
 garbage-first heap   total 3067904K, used 2103947K [0x0000000704c00000, 0x0000000704d05da0, 0x00000007c0000000)
  region size 1024K, 1797 young (1840128K), 12 survivors (12288K)
 Metaspace       used 131167K, capacity 138478K, committed 138656K, reserved 1169408K
  class space    used 16963K, capacity 18292K, committed 18388K, reserved 1048576K
2020-12-09T07:53:52.326+0000: 63314.842: [GC pause (G1 Evacuation Pause) (young)
Desired survivor size 117964800 bytes, new threshold 15 (max 15)
- age   1:    6515088 bytes,    6515088 total
- age   2:      85432 bytes,    6600520 total
- age   3:      87664 bytes,    6688184 total
- age   4:      86832 bytes,    6775016 total
- age   5:     559800 bytes,    7334816 total
- age   6:      33568 bytes,    7368384 total
- age   7:      31440 bytes,    7399824 total
- age   8:      54488 bytes,    7454312 total
- age   9:      32064 bytes,    7486376 total
- age  10:      31936 bytes,    7518312 total
- age  11:      32544 bytes,    7550856 total
- age  12:      34688 bytes,    7585544 total
- age  13:      32536 bytes,    7618080 total
- age  14:      34368 bytes,    7652448 total
- age  15:      32760 bytes,    7685208 total
, 0.0298095 secs]
   [Parallel Time: 13.7 ms, GC Workers: 6]
      [GC Worker Start (ms): Min: 63314842.7, Avg: 63314842.9, Max: 63314843.2, Diff: 0.5]
      [Ext Root Scanning (ms): Min: 3.5, Avg: 3.7, Max: 4.1, Diff: 0.6, Sum: 22.2]
      [Update RS (ms): Min: 1.6, Avg: 1.6, Max: 1.8, Diff: 0.3, Sum: 9.8]
         [Processed Buffers: Min: 5, Avg: 21.2, Max: 46, Diff: 41, Sum: 127]
      [Scan RS (ms): Min: 2.9, Avg: 3.0, Max: 3.2, Diff: 0.3, Sum: 18.0]
      [Code Root Scanning (ms): Min: 2.2, Avg: 2.4, Max: 2.6, Diff: 0.4, Sum: 14.7]
      [Object Copy (ms): Min: 1.6, Avg: 1.7, Max: 1.8, Diff: 0.2, Sum: 10.1]
      [Termination (ms): Min: 0.0, Avg: 0.0, Max: 0.0, Diff: 0.0, Sum: 0.1]
         [Termination Attempts: Min: 1, Avg: 2.2, Max: 3, Diff: 2, Sum: 13]
      [GC Worker Other (ms): Min: 0.1, Avg: 0.3, Max: 0.5, Diff: 0.3, Sum: 1.6]
      [GC Worker Total (ms): Min: 12.5, Avg: 12.7, Max: 12.9, Diff: 0.4, Sum: 76.5]
      [GC Worker End (ms): Min: 63314855.5, Avg: 63314855.7, Max: 63314855.9, Diff: 0.3]
   [Code Root Fixup: 0.0 ms]
   [Code Root Purge: 0.0 ms]
   [Clear CT: 0.8 ms]
   [Other: 15.2 ms]
      [Choose CSet: 0.0 ms]
      [Ref Proc: 11.8 ms]
      [Ref Enq: 0.8 ms]
      [Redirty Cards: 0.9 ms]
      [Humongous Register: 0.1 ms]
      [Humongous Reclaim: 0.1 ms]
      [Free CSet: 0.8 ms]
   [Eden: 1785.0M(1785.0M)->0.0B(1785.0M) Survivors: 12288.0K->12288.0K Heap: 2054.6M(2996.0M)->269.2M(2996.0M)]
Heap after GC invocations=177 (full 0):
 garbage-first heap   total 3067904K, used 275647K [0x0000000704c00000, 0x0000000704d05da0, 0x00000007c0000000)
  region size 1024K, 12 young (12288K), 12 survivors (12288K)
 Metaspace       used 131167K, capacity 138478K, committed 138656K, reserved 1169408K
  class space    used 16963K, capacity 18292K, committed 18388K, reserved 1048576K
}
 [Times: user=0.00 sys=0.11, real=0.03 secs] 
2020-12-09T07:53:52.358+0000: 63314.874: Total time for which application threads were stopped: 0.0330549 seconds, Stopping threads took: 0.0001275 seconds
2020-12-09T07:58:52.031+0000: 63614.879: Total time for which application threads were stopped: 0.0046195 seconds, Stopping threads took: 0.0041274 seconds
{Heap before GC invocations=177 (full 0):
 garbage-first heap   total 3067904K, used 2103487K [0x0000000704c00000, 0x0000000704d05da0, 0x00000007c0000000)
  region size 1024K, 1797 young (1840128K), 12 survivors (12288K)
 Metaspace       used 131167K, capacity 138478K, committed 138656K, reserved 1169408K
  class space    used 16963K, capacity 18292K, committed 18388K, reserved 1048576K
2020-12-09T08:00:26.538+0000: 63709.527: [GC pause (G1 Evacuation Pause) (young)
Desired survivor size 117964800 bytes, new threshold 15 (max 15)
- age   1:    6562752 bytes,    6562752 total
- age   2:     115232 bytes,    6677984 total
- age   3:      84888 bytes,    6762872 total
- age   4:      87600 bytes,    6850472 total
- age   5:      86832 bytes,    6937304 total
- age   6:     496056 bytes,    7433360 total
- age   7:      33568 bytes,    7466928 total
- age   8:      31440 bytes,    7498368 total
- age   9:      54488 bytes,    7552856 total
- age  10:      32064 bytes,    7584920 total
- age  11:      31936 bytes,    7616856 total
- age  12:      32544 bytes,    7649400 total
- age  13:      34688 bytes,    7684088 total
- age  14:      32536 bytes,    7716624 total
- age  15:      34368 bytes,    7750992 total
, 0.0336050 secs]
   [Parallel Time: 15.9 ms, GC Workers: 6]
      [GC Worker Start (ms): Min: 63709527.3, Avg: 63709527.5, Max: 63709527.8, Diff: 0.5]
      [Ext Root Scanning (ms): Min: 3.7, Avg: 4.1, Max: 4.7, Diff: 1.0, Sum: 24.8]
      [Update RS (ms): Min: 1.6, Avg: 1.8, Max: 2.0, Diff: 0.4, Sum: 10.5]
         [Processed Buffers: Min: 6, Avg: 20.2, Max: 41, Diff: 35, Sum: 121]
      [Scan RS (ms): Min: 3.4, Avg: 3.7, Max: 3.9, Diff: 0.5, Sum: 22.4]
      [Code Root Scanning (ms): Min: 2.9, Avg: 3.0, Max: 3.2, Diff: 0.3, Sum: 18.1]
      [Object Copy (ms): Min: 1.9, Avg: 2.3, Max: 2.5, Diff: 0.6, Sum: 13.9]
      [Termination (ms): Min: 0.0, Avg: 0.0, Max: 0.1, Diff: 0.1, Sum: 0.3]
         [Termination Attempts: Min: 1, Avg: 1.0, Max: 1, Diff: 0, Sum: 6]
      [GC Worker Other (ms): Min: 0.1, Avg: 0.2, Max: 0.3, Diff: 0.3, Sum: 1.1]
      [GC Worker Total (ms): Min: 14.9, Avg: 15.2, Max: 15.5, Diff: 0.6, Sum: 91.2]
      [GC Worker End (ms): Min: 63709542.7, Avg: 63709542.7, Max: 63709542.8, Diff: 0.2]
   [Code Root Fixup: 0.0 ms]
   [Code Root Purge: 0.0 ms]
   [Clear CT: 0.9 ms]
   [Other: 16.7 ms]
      [Choose CSet: 0.0 ms]
      [Ref Proc: 13.0 ms]
      [Ref Enq: 0.9 ms]
      [Redirty Cards: 0.9 ms]
      [Humongous Register: 0.1 ms]
      [Humongous Reclaim: 0.1 ms]
      [Free CSet: 0.9 ms]
   [Eden: 1785.0M(1785.0M)->0.0B(1784.0M) Survivors: 12288.0K->13312.0K Heap: 2054.2M(2996.0M)->270.2M(2996.0M)]
Heap after GC invocations=178 (full 0):
 garbage-first heap   total 3067904K, used 276713K [0x0000000704c00000, 0x0000000704d05da0, 0x00000007c0000000)
  region size 1024K, 13 young (13312K), 13 survivors (13312K)
 Metaspace       used 131167K, capacity 138478K, committed 138656K, reserved 1169408K
  class space    used 16963K, capacity 18292K, committed 18388K, reserved 1048576K
}
 [Times: user=0.00 sys=0.12, real=0.03 secs] 
2020-12-09T08:00:26.574+0000: 63709.563: Total time for which application threads were stopped: 0.0366473 seconds, Stopping threads took: 0.0001241 seconds
{Heap before GC invocations=178 (full 0):
 garbage-first heap   total 3067904K, used 2103529K [0x0000000704c00000, 0x0000000704d05da0, 0x00000007c0000000)
  region size 1024K, 1797 young (1840128K), 13 survivors (13312K)
 Metaspace       used 131167K, capacity 138478K, committed 138656K, reserved 1169408K
  class space    used 16963K, capacity 18292K, committed 18388K, reserved 1048576K
2020-12-09T08:07:01.828+0000: 64105.273: [GC pause (G1 Evacuation Pause) (young)
Desired survivor size 117964800 bytes, new threshold 15 (max 15)
- age   1:    6309576 bytes,    6309576 total
- age   2:     310920 bytes,    6620496 total
- age   3:     113456 bytes,    6733952 total
- age   4:      83088 bytes,    6817040 total
- age   5:      87440 bytes,    6904480 total
- age   6:      84200 bytes,    6988680 total
- age   7:     444016 bytes,    7432696 total
- age   8:      33408 bytes,    7466104 total
- age   9:      31440 bytes,    7497544 total
- age  10:      44608 bytes,    7542152 total
- age  11:      32064 bytes,    7574216 total
- age  12:      31936 bytes,    7606152 total
- age  13:      32544 bytes,    7638696 total
- age  14:      34688 bytes,    7673384 total
- age  15:      32536 bytes,    7705920 total
, 0.0403095 secs]
   [Parallel Time: 16.2 ms, GC Workers: 6]
      [GC Worker Start (ms): Min: 64105274.0, Avg: 64105274.3, Max: 64105274.5, Diff: 0.4]
      [Ext Root Scanning (ms): Min: 4.2, Avg: 4.5, Max: 4.8, Diff: 0.6, Sum: 27.0]
      [Update RS (ms): Min: 1.8, Avg: 1.9, Max: 2.1, Diff: 0.3, Sum: 11.3]
         [Processed Buffers: Min: 5, Avg: 20.3, Max: 36, Diff: 31, Sum: 122]
      [Scan RS (ms): Min: 3.3, Avg: 3.6, Max: 3.8, Diff: 0.5, Sum: 21.7]
      [Code Root Scanning (ms): Min: 2.6, Avg: 2.9, Max: 3.1, Diff: 0.6, Sum: 17.4]
      [Object Copy (ms): Min: 1.9, Avg: 1.9, Max: 2.0, Diff: 0.1, Sum: 11.6]
      [Termination (ms): Min: 0.0, Avg: 0.0, Max: 0.0, Diff: 0.0, Sum: 0.1]
         [Termination Attempts: Min: 1, Avg: 1.3, Max: 3, Diff: 2, Sum: 8]
      [GC Worker Other (ms): Min: 0.1, Avg: 0.4, Max: 0.6, Diff: 0.5, Sum: 2.3]
      [GC Worker Total (ms): Min: 15.0, Avg: 15.2, Max: 15.6, Diff: 0.6, Sum: 91.5]
      [GC Worker End (ms): Min: 64105289.3, Avg: 64105289.5, Max: 64105289.8, Diff: 0.5]
   [Code Root Fixup: 0.0 ms]
   [Code Root Purge: 0.0 ms]
   [Clear CT: 1.0 ms]
   [Other: 23.0 ms]
      [Choose CSet: 0.0 ms]
      [Ref Proc: 13.6 ms]
      [Ref Enq: 0.9 ms]
      [Redirty Cards: 1.6 ms]
      [Humongous Register: 0.2 ms]
      [Humongous Reclaim: 0.1 ms]
      [Free CSet: 5.0 ms]
   [Eden: 1784.0M(1784.0M)->0.0B(1785.0M) Survivors: 13312.0K->12288.0K Heap: 2054.2M(2996.0M)->269.3M(2996.0M)]
Heap after GC invocations=179 (full 0):
 garbage-first heap   total 3067904K, used 275745K [0x0000000704c00000, 0x0000000704d05da0, 0x00000007c0000000)
  region size 1024K, 12 young (12288K), 12 survivors (12288K)
 Metaspace       used 131167K, capacity 138478K, committed 138656K, reserved 1169408K
  class space    used 16963K, capacity 18292K, committed 18388K, reserved 1048576K
}
 [Times: user=0.13 sys=0.00, real=0.05 secs] 
2020-12-09T08:07:01.871+0000: 64105.317: Total time for which application threads were stopped: 0.0458717 seconds, Stopping threads took: 0.0020871 seconds
{Heap before GC invocations=179 (full 0):
 garbage-first heap   total 3067904K, used 2103585K [0x0000000704c00000, 0x0000000704d05da0, 0x00000007c0000000)
  region size 1024K, 1797 young (1840128K), 12 survivors (12288K)
 Metaspace       used 131167K, capacity 138478K, committed 138656K, reserved 1169408K
  class space    used 16963K, capacity 18292K, committed 18388K, reserved 1048576K
2020-12-09T08:13:37.776+0000: 64501.678: [GC pause (G1 Evacuation Pause) (young)
Desired survivor size 117964800 bytes, new threshold 15 (max 15)
- age   1:    6321360 bytes,    6321360 total
- age   2:      91232 bytes,    6412592 total
- age   3:     310688 bytes,    6723280 total
- age   4:     113456 bytes,    6836736 total
- age   5:      83088 bytes,    6919824 total
- age   6:      87440 bytes,    7007264 total
- age   7:      84200 bytes,    7091464 total
- age   8:     253656 bytes,    7345120 total
- age   9:      33408 bytes,    7378528 total
- age  10:      31440 bytes,    7409968 total
- age  11:      44608 bytes,    7454576 total
- age  12:      32064 bytes,    7486640 total
- age  13:      31936 bytes,    7518576 total
- age  14:      32544 bytes,    7551120 total
- age  15:      34688 bytes,    7585808 total
, 0.0297279 secs]
   [Parallel Time: 14.0 ms, GC Workers: 6]
      [GC Worker Start (ms): Min: 64501679.0, Avg: 64501679.2, Max: 64501679.4, Diff: 0.4]
      [Ext Root Scanning (ms): Min: 3.6, Avg: 3.9, Max: 4.3, Diff: 0.7, Sum: 23.3]
      [Update RS (ms): Min: 1.7, Avg: 1.8, Max: 1.9, Diff: 0.2, Sum: 10.7]
         [Processed Buffers: Min: 7, Avg: 20.2, Max: 33, Diff: 26, Sum: 121]
      [Scan RS (ms): Min: 2.9, Avg: 3.2, Max: 3.5, Diff: 0.5, Sum: 19.3]
      [Code Root Scanning (ms): Min: 2.3, Avg: 2.5, Max: 2.7, Diff: 0.3, Sum: 15.0]
      [Object Copy (ms): Min: 1.3, Avg: 1.6, Max: 1.7, Diff: 0.4, Sum: 9.4]
      [Termination (ms): Min: 0.0, Avg: 0.0, Max: 0.0, Diff: 0.0, Sum: 0.0]
         [Termination Attempts: Min: 1, Avg: 1.0, Max: 1, Diff: 0, Sum: 6]
      [GC Worker Other (ms): Min: 0.1, Avg: 0.3, Max: 0.5, Diff: 0.3, Sum: 1.8]
      [GC Worker Total (ms): Min: 13.1, Avg: 13.3, Max: 13.4, Diff: 0.4, Sum: 79.5]
      [GC Worker End (ms): Min: 64501692.3, Avg: 64501692.5, Max: 64501692.6, Diff: 0.4]
   [Code Root Fixup: 0.0 ms]
   [Code Root Purge: 0.0 ms]
   [Clear CT: 0.8 ms]
   [Other: 14.9 ms]
      [Choose CSet: 0.0 ms]
      [Ref Proc: 11.0 ms]
      [Ref Enq: 0.8 ms]
      [Redirty Cards: 0.9 ms]
      [Humongous Register: 0.1 ms]
      [Humongous Reclaim: 0.2 ms]
      [Free CSet: 0.9 ms]
   [Eden: 1785.0M(1785.0M)->0.0B(1785.0M) Survivors: 12288.0K->12288.0K Heap: 2054.3M(2996.0M)->269.3M(2996.0M)]
Heap after GC invocations=180 (full 0):
 garbage-first heap   total 3067904K, used 275792K [0x0000000704c00000, 0x0000000704d05da0, 0x00000007c0000000)
  region size 1024K, 12 young (12288K), 12 survivors (12288K)
 Metaspace       used 131167K, capacity 138478K, committed 138656K, reserved 1169408K
  class space    used 16963K, capacity 18292K, committed 18388K, reserved 1048576K
}
 [Times: user=0.00 sys=0.10, real=0.03 secs] 
2020-12-09T08:13:37.809+0000: 64501.712: Total time for which application threads were stopped: 0.0347247 seconds, Stopping threads took: 0.0002609 seconds
2020-12-09T08:18:37.459+0000: 64801.713: Total time for which application threads were stopped: 0.0007654 seconds, Stopping threads took: 0.0003373 seconds
{Heap before GC invocations=180 (full 0):
 garbage-first heap   total 3067904K, used 2103632K [0x0000000704c00000, 0x0000000704d05da0, 0x00000007c0000000)
  region size 1024K, 1797 young (1840128K), 12 survivors (12288K)
 Metaspace       used 131167K, capacity 138478K, committed 138656K, reserved 1169408K
  class space    used 16963K, capacity 18292K, committed 18388K, reserved 1048576K
2020-12-09T08:20:08.076+0000: 64892.436: [GC pause (G1 Evacuation Pause) (young)
Desired survivor size 117964800 bytes, new threshold 15 (max 15)
- age   1:    6324800 bytes,    6324800 total
- age   2:      85016 bytes,    6409816 total
- age   3:      89152 bytes,    6498968 total
- age   4:     310464 bytes,    6809432 total
- age   5:     113456 bytes,    6922888 total
- age   6:      82808 bytes,    7005696 total
- age   7:      87232 bytes,    7092928 total
- age   8:      80112 bytes,    7173040 total
- age   9:     205416 bytes,    7378456 total
- age  10:      32848 bytes,    7411304 total
- age  11:      31440 bytes,    7442744 total
- age  12:      35488 bytes,    7478232 total
- age  13:      32064 bytes,    7510296 total
- age  14:      31936 bytes,    7542232 total
- age  15:      32544 bytes,    7574776 total
, 0.0290227 secs]
   [Parallel Time: 12.9 ms, GC Workers: 6]
      [GC Worker Start (ms): Min: 64892436.6, Avg: 64892436.8, Max: 64892437.0, Diff: 0.4]
      [Ext Root Scanning (ms): Min: 3.0, Avg: 3.2, Max: 3.5, Diff: 0.6, Sum: 19.2]
      [Update RS (ms): Min: 1.4, Avg: 1.6, Max: 1.7, Diff: 0.3, Sum: 9.4]
         [Processed Buffers: Min: 9, Avg: 21.0, Max: 42, Diff: 33, Sum: 126]
      [Scan RS (ms): Min: 2.7, Avg: 2.9, Max: 3.1, Diff: 0.3, Sum: 17.4]
      [Code Root Scanning (ms): Min: 2.4, Avg: 2.4, Max: 2.5, Diff: 0.1, Sum: 14.5]
      [Object Copy (ms): Min: 1.5, Avg: 1.7, Max: 1.8, Diff: 0.3, Sum: 10.1]
      [Termination (ms): Min: 0.0, Avg: 0.0, Max: 0.0, Diff: 0.0, Sum: 0.1]
         [Termination Attempts: Min: 1, Avg: 1.0, Max: 1, Diff: 0, Sum: 6]
      [GC Worker Other (ms): Min: 0.1, Avg: 0.2, Max: 0.4, Diff: 0.2, Sum: 1.3]
      [GC Worker Total (ms): Min: 11.7, Avg: 12.0, Max: 12.2, Diff: 0.5, Sum: 71.9]
      [GC Worker End (ms): Min: 64892448.7, Avg: 64892448.8, Max: 64892448.9, Diff: 0.2]
   [Code Root Fixup: 0.0 ms]
   [Code Root Purge: 0.0 ms]
   [Clear CT: 1.0 ms]
   [Other: 15.1 ms]
      [Choose CSet: 0.0 ms]
      [Ref Proc: 11.8 ms]
      [Ref Enq: 0.8 ms]
      [Redirty Cards: 0.9 ms]
      [Humongous Register: 0.1 ms]
      [Humongous Reclaim: 0.1 ms]
      [Free CSet: 0.9 ms]
   [Eden: 1785.0M(1785.0M)->0.0B(1785.0M) Survivors: 12288.0K->12288.0K Heap: 2054.3M(2996.0M)->269.9M(2996.0M)]
Heap after GC invocations=181 (full 0):
 garbage-first heap   total 3067904K, used 276355K [0x0000000704c00000, 0x0000000704d05da0, 0x00000007c0000000)
  region size 1024K, 12 young (12288K), 12 survivors (12288K)
 Metaspace       used 131167K, capacity 138478K, committed 138656K, reserved 1169408K
  class space    used 16963K, capacity 18292K, committed 18388K, reserved 1048576K
}
 [Times: user=0.00 sys=0.10, real=0.03 secs] 
2020-12-09T08:20:08.107+0000: 64892.467: Total time for which application threads were stopped: 0.0317737 seconds, Stopping threads took: 0.0001424 seconds
2020-12-09T08:25:07.757+0000: 65192.468: Total time for which application threads were stopped: 0.0009602 seconds, Stopping threads took: 0.0001342 seconds
{Heap before GC invocations=181 (full 0):
 garbage-first heap   total 3067904K, used 2104772K [0x0000000704c00000, 0x0000000704d05da0, 0x00000007c0000000)
  region size 1024K, 1797 young (1840128K), 12 survivors (12288K)
 Metaspace       used 131173K, capacity 138478K, committed 138656K, reserved 1169408K
  class space    used 16963K, capacity 18292K, committed 18388K, reserved 1048576K
2020-12-09T08:26:32.872+0000: 65277.688: [GC pause (G1 Evacuation Pause) (young)
Desired survivor size 117964800 bytes, new threshold 15 (max 15)
- age   1:    6662744 bytes,    6662744 total
- age   2:      50720 bytes,    6713464 total
- age   3:      49304 bytes,    6762768 total
- age   4:      53064 bytes,    6815832 total
- age   5:     262088 bytes,    7077920 total
- age   6:      75128 bytes,    7153048 total
- age   7:      46672 bytes,    7199720 total
- age   8:      50808 bytes,    7250528 total
- age   9:      46848 bytes,    7297376 total
- age  10:     107880 bytes,    7405256 total
- age  11:      32848 bytes,    7438104 total
- age  12:      31440 bytes,    7469544 total
- age  13:      35488 bytes,    7505032 total
- age  14:      32064 bytes,    7537096 total
- age  15:      31936 bytes,    7569032 total
, 0.0289358 secs]
   [Parallel Time: 13.1 ms, GC Workers: 6]
      [GC Worker Start (ms): Min: 65277689.1, Avg: 65277689.3, Max: 65277689.5, Diff: 0.4]
      [Ext Root Scanning (ms): Min: 3.4, Avg: 3.6, Max: 3.9, Diff: 0.5, Sum: 21.8]
      [Update RS (ms): Min: 1.5, Avg: 1.6, Max: 1.8, Diff: 0.3, Sum: 9.9]
         [Processed Buffers: Min: 7, Avg: 21.2, Max: 39, Diff: 32, Sum: 127]
      [Scan RS (ms): Min: 2.7, Avg: 2.9, Max: 3.0, Diff: 0.3, Sum: 17.3]
      [Code Root Scanning (ms): Min: 2.1, Avg: 2.4, Max: 2.6, Diff: 0.4, Sum: 14.3]
      [Object Copy (ms): Min: 1.4, Avg: 1.5, Max: 1.7, Diff: 0.3, Sum: 9.2]
      [Termination (ms): Min: 0.0, Avg: 0.0, Max: 0.1, Diff: 0.1, Sum: 0.2]
         [Termination Attempts: Min: 1, Avg: 1.0, Max: 1, Diff: 0, Sum: 6]
      [GC Worker Other (ms): Min: 0.1, Avg: 0.1, Max: 0.2, Diff: 0.1, Sum: 0.7]
      [GC Worker Total (ms): Min: 12.1, Avg: 12.3, Max: 12.4, Diff: 0.4, Sum: 73.5]
      [GC Worker End (ms): Min: 65277701.5, Avg: 65277701.5, Max: 65277701.6, Diff: 0.1]
   [Code Root Fixup: 0.0 ms]
   [Code Root Purge: 0.0 ms]
   [Clear CT: 0.9 ms]
   [Other: 14.9 ms]
      [Choose CSet: 0.0 ms]
      [Ref Proc: 11.5 ms]
      [Ref Enq: 0.8 ms]
      [Redirty Cards: 0.8 ms]
      [Humongous Register: 0.2 ms]
      [Humongous Reclaim: 0.1 ms]
      [Free CSet: 0.8 ms]
   [Eden: 1785.0M(1785.0M)->0.0B(1784.0M) Survivors: 12288.0K->13312.0K Heap: 2055.4M(2996.0M)->270.4M(2996.0M)]
Heap after GC invocations=182 (full 0):
 garbage-first heap   total 3067904K, used 276915K [0x0000000704c00000, 0x0000000704d05da0, 0x00000007c0000000)
  region size 1024K, 13 young (13312K), 13 survivors (13312K)
 Metaspace       used 131173K, capacity 138478K, committed 138656K, reserved 1169408K
  class space    used 16963K, capacity 18292K, committed 18388K, reserved 1048576K
}
 [Times: user=0.00 sys=0.10, real=0.03 secs] 
2020-12-09T08:26:32.903+0000: 65277.720: Total time for which application threads were stopped: 0.0354359 seconds, Stopping threads took: 0.0032831 seconds
2020-12-09T08:31:32.634+0000: 65577.721: Total time for which application threads were stopped: 0.0009052 seconds, Stopping threads took: 0.0002596 seconds
{Heap before GC invocations=182 (full 0):
 garbage-first heap   total 3067904K, used 2103731K [0x0000000704c00000, 0x0000000704d05da0, 0x00000007c0000000)
  region size 1024K, 1797 young (1840128K), 13 survivors (13312K)
 Metaspace       used 131173K, capacity 138478K, committed 138656K, reserved 1169408K
  class space    used 16963K, capacity 18292K, committed 18388K, reserved 1048576K
2020-12-09T08:33:04.187+0000: 65669.377: [GC pause (G1 Evacuation Pause) (young)
Desired survivor size 117964800 bytes, new threshold 15 (max 15)
- age   1:    6736592 bytes,    6736592 total
- age   2:     381360 bytes,    7117952 total
- age   3:      35552 bytes,    7153504 total
- age   4:      33952 bytes,    7187456 total
- age   5:      37880 bytes,    7225336 total
- age   6:     174064 bytes,    7399400 total
- age   7:      60880 bytes,    7460280 total
- age   8:      32352 bytes,    7492632 total
- age   9:      35680 bytes,    7528312 total
- age  10:      32672 bytes,    7560984 total
- age  11:      32296 bytes,    7593280 total
- age  12:      32848 bytes,    7626128 total
- age  13:      31440 bytes,    7657568 total
- age  14:      35424 bytes,    7692992 total
- age  15:      32064 bytes,    7725056 total
, 0.0337810 secs]
   [Parallel Time: 15.9 ms, GC Workers: 6]
      [GC Worker Start (ms): Min: 65669377.7, Avg: 65669378.0, Max: 65669378.3, Diff: 0.6]
      [Ext Root Scanning (ms): Min: 4.0, Avg: 4.3, Max: 4.7, Diff: 0.7, Sum: 25.7]
      [Update RS (ms): Min: 1.7, Avg: 1.8, Max: 1.9, Diff: 0.2, Sum: 10.7]
         [Processed Buffers: Min: 6, Avg: 20.8, Max: 43, Diff: 37, Sum: 125]
      [Scan RS (ms): Min: 3.4, Avg: 3.6, Max: 3.8, Diff: 0.4, Sum: 21.7]
      [Code Root Scanning (ms): Min: 2.7, Avg: 2.9, Max: 3.1, Diff: 0.4, Sum: 17.4]
      [Object Copy (ms): Min: 1.9, Avg: 2.1, Max: 2.2, Diff: 0.3, Sum: 12.3]
      [Termination (ms): Min: 0.1, Avg: 0.1, Max: 0.1, Diff: 0.0, Sum: 0.6]
         [Termination Attempts: Min: 1, Avg: 1.3, Max: 3, Diff: 2, Sum: 8]
      [GC Worker Other (ms): Min: 0.1, Avg: 0.1, Max: 0.2, Diff: 0.1, Sum: 0.8]
      [GC Worker Total (ms): Min: 14.7, Avg: 14.9, Max: 15.2, Diff: 0.5, Sum: 89.4]
      [GC Worker End (ms): Min: 65669392.9, Avg: 65669392.9, Max: 65669393.0, Diff: 0.1]
   [Code Root Fixup: 0.0 ms]
   [Code Root Purge: 0.0 ms]
   [Clear CT: 0.9 ms]
   [Other: 16.9 ms]
      [Choose CSet: 0.0 ms]
      [Ref Proc: 13.5 ms]
      [Ref Enq: 0.8 ms]
      [Redirty Cards: 0.8 ms]
      [Humongous Register: 0.1 ms]
      [Humongous Reclaim: 0.1 ms]
      [Free CSet: 0.8 ms]
   [Eden: 1784.0M(1784.0M)->0.0B(1784.0M) Survivors: 13312.0K->13312.0K Heap: 2054.4M(2996.0M)->270.5M(2996.0M)]
Heap after GC invocations=183 (full 0):
 garbage-first heap   total 3067904K, used 276962K [0x0000000704c00000, 0x0000000704d05da0, 0x00000007c0000000)
  region size 1024K, 13 young (13312K), 13 survivors (13312K)
 Metaspace       used 131173K, capacity 138478K, committed 138656K, reserved 1169408K
  class space    used 16963K, capacity 18292K, committed 18388K, reserved 1048576K
}
 [Times: user=0.00 sys=0.12, real=0.03 secs] 
2020-12-09T08:33:04.224+0000: 65669.414: Total time for which application threads were stopped: 0.0436164 seconds, Stopping threads took: 0.0061027 seconds
{Heap before GC invocations=183 (full 0):
 garbage-first heap   total 3067904K, used 2103778K [0x0000000704c00000, 0x0000000704d05da0, 0x00000007c0000000)
  region size 1024K, 1797 young (1840128K), 13 survivors (13312K)
 Metaspace       used 131173K, capacity 138478K, committed 138656K, reserved 1169408K
  class space    used 16963K, capacity 18292K, committed 18388K, reserved 1048576K
2020-12-09T08:39:29.612+0000: 66055.244: [GC pause (G1 Evacuation Pause) (young)
Desired survivor size 117964800 bytes, new threshold 15 (max 15)
- age   1:    6320528 bytes,    6320528 total
- age   2:     477024 bytes,    6797552 total
- age   3:     346024 bytes,    7143576 total
- age   4:      35520 bytes,    7179096 total
- age   5:      33888 bytes,    7212984 total
- age   6:      37536 bytes,    7250520 total
- age   7:     174064 bytes,    7424584 total
- age   8:      60880 bytes,    7485464 total
- age   9:      32352 bytes,    7517816 total
- age  10:      35680 bytes,    7553496 total
- age  11:      32672 bytes,    7586168 total
- age  12:      32296 bytes,    7618464 total
- age  13:      32848 bytes,    7651312 total
- age  14:      31440 bytes,    7682752 total
- age  15:      35424 bytes,    7718176 total
, 0.0335460 secs]
   [Parallel Time: 15.4 ms, GC Workers: 6]
      [GC Worker Start (ms): Min: 66055245.1, Avg: 66055245.3, Max: 66055245.6, Diff: 0.4]
      [Ext Root Scanning (ms): Min: 4.0, Avg: 4.3, Max: 4.7, Diff: 0.7, Sum: 25.7]
      [Update RS (ms): Min: 1.7, Avg: 1.8, Max: 2.0, Diff: 0.4, Sum: 10.9]
         [Processed Buffers: Min: 7, Avg: 19.8, Max: 41, Diff: 34, Sum: 119]
      [Scan RS (ms): Min: 3.2, Avg: 3.4, Max: 3.7, Diff: 0.5, Sum: 20.5]
      [Code Root Scanning (ms): Min: 2.7, Avg: 2.8, Max: 3.1, Diff: 0.4, Sum: 16.7]
      [Object Copy (ms): Min: 1.6, Avg: 1.8, Max: 1.9, Diff: 0.3, Sum: 10.7]
      [Termination (ms): Min: 0.0, Avg: 0.0, Max: 0.0, Diff: 0.0, Sum: 0.1]
         [Termination Attempts: Min: 1, Avg: 1.7, Max: 2, Diff: 1, Sum: 10]
      [GC Worker Other (ms): Min: 0.1, Avg: 0.3, Max: 0.5, Diff: 0.4, Sum: 1.7]
      [GC Worker Total (ms): Min: 14.2, Avg: 14.4, Max: 14.8, Diff: 0.6, Sum: 86.4]
      [GC Worker End (ms): Min: 66055259.6, Avg: 66055259.8, Max: 66055260.0, Diff: 0.4]
   [Code Root Fixup: 0.0 ms]
   [Code Root Purge: 0.0 ms]
   [Clear CT: 0.8 ms]
   [Other: 17.2 ms]
      [Choose CSet: 0.0 ms]
      [Ref Proc: 13.4 ms]
      [Ref Enq: 1.0 ms]
      [Redirty Cards: 0.9 ms]
      [Humongous Register: 0.2 ms]
      [Humongous Reclaim: 0.1 ms]
      [Free CSet: 0.6 ms]
   [Eden: 1784.0M(1784.0M)->0.0B(1785.0M) Survivors: 13312.0K->12288.0K Heap: 2054.5M(2996.0M)->270.0M(2996.0M)]
Heap after GC invocations=184 (full 0):
 garbage-first heap   total 3067904K, used 276507K [0x0000000704c00000, 0x0000000704d05da0, 0x00000007c0000000)
  region size 1024K, 12 young (12288K), 12 survivors (12288K)
 Metaspace       used 131173K, capacity 138478K, committed 138656K, reserved 1169408K
  class space    used 16963K, capacity 18292K, committed 18388K, reserved 1048576K
}
 [Times: user=0.00 sys=0.11, real=0.03 secs] 
2020-12-09T08:39:29.648+0000: 66055.280: Total time for which application threads were stopped: 0.0365102 seconds, Stopping threads took: 0.0002931 seconds
2020-12-09T08:44:29.309+0000: 66355.281: Total time for which application threads were stopped: 0.0008004 seconds, Stopping threads took: 0.0002448 seconds
{Heap before GC invocations=184 (full 0):
 garbage-first heap   total 3067904K, used 2104347K [0x0000000704c00000, 0x0000000704d05da0, 0x00000007c0000000)
  region size 1024K, 1797 young (1840128K), 12 survivors (12288K)
 Metaspace       used 131174K, capacity 138478K, committed 138656K, reserved 1169408K
  class space    used 16963K, capacity 18292K, committed 18388K, reserved 1048576K
2020-12-09T08:45:56.595+0000: 66442.669: [GC pause (G1 Evacuation Pause) (young)
Desired survivor size 117964800 bytes, new threshold 15 (max 15)
- age   1:    6304824 bytes,    6304824 total
- age   2:      85240 bytes,    6390064 total
- age   3:     462696 bytes,    6852760 total
- age   4:     309792 bytes,    7162552 total
- age   5:      35392 bytes,    7197944 total
- age   6:      33496 bytes,    7231440 total
- age   7:      37536 bytes,    7268976 total
- age   8:     174064 bytes,    7443040 total
- age   9:      60880 bytes,    7503920 total
- age  10:      32352 bytes,    7536272 total
- age  11:      35680 bytes,    7571952 total
- age  12:      32608 bytes,    7604560 total
- age  13:      32296 bytes,    7636856 total
- age  14:      32848 bytes,    7669704 total
- age  15:      31440 bytes,    7701144 total
, 0.0282604 secs]
   [Parallel Time: 13.6 ms, GC Workers: 6]
      [GC Worker Start (ms): Min: 66442669.5, Avg: 66442669.7, Max: 66442669.9, Diff: 0.4]
      [Ext Root Scanning (ms): Min: 3.1, Avg: 3.3, Max: 3.6, Diff: 0.5, Sum: 19.7]
      [Update RS (ms): Min: 1.8, Avg: 1.9, Max: 2.1, Diff: 0.2, Sum: 11.5]
         [Processed Buffers: Min: 5, Avg: 21.0, Max: 62, Diff: 57, Sum: 126]
      [Scan RS (ms): Min: 2.7, Avg: 2.9, Max: 3.0, Diff: 0.3, Sum: 17.3]
      [Code Root Scanning (ms): Min: 2.4, Avg: 2.4, Max: 2.4, Diff: 0.1, Sum: 14.5]
      [Object Copy (ms): Min: 1.7, Avg: 1.8, Max: 1.9, Diff: 0.2, Sum: 10.7]
      [Termination (ms): Min: 0.0, Avg: 0.0, Max: 0.0, Diff: 0.0, Sum: 0.1]
         [Termination Attempts: Min: 1, Avg: 1.7, Max: 3, Diff: 2, Sum: 10]
      [GC Worker Other (ms): Min: 0.2, Avg: 0.3, Max: 0.5, Diff: 0.3, Sum: 2.0]
      [GC Worker Total (ms): Min: 12.3, Avg: 12.6, Max: 12.9, Diff: 0.6, Sum: 75.8]
      [GC Worker End (ms): Min: 66442682.1, Avg: 66442682.3, Max: 66442682.5, Diff: 0.4]
   [Code Root Fixup: 0.0 ms]
   [Code Root Purge: 0.0 ms]
   [Clear CT: 0.8 ms]
   [Other: 13.8 ms]
      [Choose CSet: 0.0 ms]
      [Ref Proc: 10.6 ms]
      [Ref Enq: 0.7 ms]
      [Redirty Cards: 0.9 ms]
      [Humongous Register: 0.1 ms]
      [Humongous Reclaim: 0.1 ms]
      [Free CSet: 0.9 ms]
   [Eden: 1785.0M(1785.0M)->0.0B(1785.0M) Survivors: 12288.0K->12288.0K Heap: 2055.0M(2996.0M)->270.1M(2996.0M)]
Heap after GC invocations=185 (full 0):
 garbage-first heap   total 3067904K, used 276564K [0x0000000704c00000, 0x0000000704d05da0, 0x00000007c0000000)
  region size 1024K, 12 young (12288K), 12 survivors (12288K)
 Metaspace       used 131174K, capacity 138478K, committed 138656K, reserved 1169408K
  class space    used 16963K, capacity 18292K, committed 18388K, reserved 1048576K
}
 [Times: user=0.10 sys=0.00, real=0.03 secs] 
2020-12-09T08:45:56.626+0000: 66442.701: Total time for which application threads were stopped: 0.0324681 seconds, Stopping threads took: 0.0001664 seconds
{Heap before GC invocations=185 (full 0):
 garbage-first heap   total 3067904K, used 2104404K [0x0000000704c00000, 0x0000000704d05da0, 0x00000007c0000000)
  region size 1024K, 1797 young (1840128K), 12 survivors (12288K)
 Metaspace       used 131174K, capacity 138478K, committed 138656K, reserved 1169408K
  class space    used 16963K, capacity 18292K, committed 18388K, reserved 1048576K
2020-12-09T08:52:19.915+0000: 66826.432: [GC pause (G1 Evacuation Pause) (young)
Desired survivor size 117964800 bytes, new threshold 15 (max 15)
- age   1:    6335256 bytes,    6335256 total
- age   2:      85568 bytes,    6420824 total
- age   3:      84776 bytes,    6505600 total
- age   4:     446568 bytes,    6952168 total
- age   5:     273544 bytes,    7225712 total
- age   6:      35000 bytes,    7260712 total
- age   7:      33496 bytes,    7294208 total
- age   8:      37536 bytes,    7331744 total
- age   9:     174064 bytes,    7505808 total
- age  10:      60880 bytes,    7566688 total
- age  11:      32352 bytes,    7599040 total
- age  12:      35680 bytes,    7634720 total
- age  13:      32608 bytes,    7667328 total
- age  14:      32296 bytes,    7699624 total
- age  15:      32848 bytes,    7732472 total
, 0.0303509 secs]
   [Parallel Time: 13.5 ms, GC Workers: 6]
      [GC Worker Start (ms): Min: 66826432.2, Avg: 66826432.5, Max: 66826432.9, Diff: 0.7]
      [Ext Root Scanning (ms): Min: 3.7, Avg: 4.3, Max: 4.9, Diff: 1.1, Sum: 26.0]
      [Update RS (ms): Min: 1.5, Avg: 1.7, Max: 1.8, Diff: 0.3, Sum: 9.9]
         [Processed Buffers: Min: 8, Avg: 21.0, Max: 39, Diff: 31, Sum: 126]
      [Scan RS (ms): Min: 2.5, Avg: 2.6, Max: 2.7, Diff: 0.2, Sum: 15.4]
      [Code Root Scanning (ms): Min: 2.1, Avg: 2.2, Max: 2.3, Diff: 0.2, Sum: 13.2]
      [Object Copy (ms): Min: 1.5, Avg: 1.7, Max: 1.9, Diff: 0.4, Sum: 10.2]
      [Termination (ms): Min: 0.0, Avg: 0.0, Max: 0.0, Diff: 0.0, Sum: 0.0]
         [Termination Attempts: Min: 1, Avg: 1.0, Max: 1, Diff: 0, Sum: 6]
      [GC Worker Other (ms): Min: 0.2, Avg: 0.4, Max: 0.6, Diff: 0.4, Sum: 2.2]
      [GC Worker Total (ms): Min: 12.2, Avg: 12.8, Max: 13.1, Diff: 0.9, Sum: 77.0]
      [GC Worker End (ms): Min: 66826445.1, Avg: 66826445.3, Max: 66826445.5, Diff: 0.4]
   [Code Root Fixup: 0.0 ms]
   [Code Root Purge: 0.0 ms]
   [Clear CT: 0.6 ms]
   [Other: 16.2 ms]
      [Choose CSet: 0.0 ms]
      [Ref Proc: 12.8 ms]
      [Ref Enq: 0.9 ms]
      [Redirty Cards: 0.8 ms]
      [Humongous Register: 0.1 ms]
      [Humongous Reclaim: 0.1 ms]
      [Free CSet: 0.7 ms]
   [Eden: 1785.0M(1785.0M)->0.0B(1785.0M) Survivors: 12288.0K->12288.0K Heap: 2055.1M(2996.0M)->270.1M(2996.0M)]
Heap after GC invocations=186 (full 0):
 garbage-first heap   total 3067904K, used 276611K [0x0000000704c00000, 0x0000000704d05da0, 0x00000007c0000000)
  region size 1024K, 12 young (12288K), 12 survivors (12288K)
 Metaspace       used 131174K, capacity 138478K, committed 138656K, reserved 1169408K
  class space    used 16963K, capacity 18292K, committed 18388K, reserved 1048576K
}
 [Times: user=0.00 sys=0.10, real=0.04 secs] 
2020-12-09T08:52:19.948+0000: 66826.465: Total time for which application threads were stopped: 0.0336707 seconds, Stopping threads took: 0.0002472 seconds
2020-12-09T08:57:19.609+0000: 67126.466: Total time for which application threads were stopped: 0.0008110 seconds, Stopping threads took: 0.0003140 seconds
{Heap before GC invocations=186 (full 0):
 garbage-first heap   total 3067904K, used 2104451K [0x0000000704c00000, 0x0000000704d05da0, 0x00000007c0000000)
  region size 1024K, 1797 young (1840128K), 12 survivors (12288K)
 Metaspace       used 131183K, capacity 138484K, committed 138656K, reserved 1169408K
  class space    used 16964K, capacity 18293K, committed 18388K, reserved 1048576K
2020-12-09T08:58:47.268+0000: 67214.193: [GC pause (G1 Evacuation Pause) (young)
Desired survivor size 117964800 bytes, new threshold 15 (max 15)
- age   1:    6322920 bytes,    6322920 total
- age   2:      85536 bytes,    6408456 total
- age   3:      85288 bytes,    6493744 total
- age   4:      84712 bytes,    6578456 total
- age   5:     432672 bytes,    7011128 total
- age   6:     237456 bytes,    7248584 total
- age   7:      35000 bytes,    7283584 total
- age   8:      33496 bytes,    7317080 total
- age   9:      37536 bytes,    7354616 total
- age  10:     174064 bytes,    7528680 total
- age  11:      60880 bytes,    7589560 total
- age  12:      32352 bytes,    7621912 total
- age  13:      35680 bytes,    7657592 total
- age  14:      32608 bytes,    7690200 total
- age  15:      32296 bytes,    7722496 total
, 0.0285241 secs]
   [Parallel Time: 13.4 ms, GC Workers: 6]
      [GC Worker Start (ms): Min: 67214193.3, Avg: 67214193.5, Max: 67214193.7, Diff: 0.3]
      [Ext Root Scanning (ms): Min: 3.0, Avg: 3.4, Max: 3.7, Diff: 0.6, Sum: 20.3]
      [Update RS (ms): Min: 1.5, Avg: 1.6, Max: 1.8, Diff: 0.2, Sum: 9.8]
         [Processed Buffers: Min: 7, Avg: 20.8, Max: 53, Diff: 46, Sum: 125]
      [Scan RS (ms): Min: 2.9, Avg: 3.0, Max: 3.1, Diff: 0.2, Sum: 17.9]
      [Code Root Scanning (ms): Min: 2.4, Avg: 2.5, Max: 2.7, Diff: 0.2, Sum: 15.1]
      [Object Copy (ms): Min: 1.6, Avg: 1.8, Max: 1.9, Diff: 0.3, Sum: 10.5]
      [Termination (ms): Min: 0.0, Avg: 0.0, Max: 0.0, Diff: 0.0, Sum: 0.1]
         [Termination Attempts: Min: 1, Avg: 1.3, Max: 2, Diff: 1, Sum: 8]
      [GC Worker Other (ms): Min: 0.1, Avg: 0.3, Max: 0.5, Diff: 0.4, Sum: 1.8]
      [GC Worker Total (ms): Min: 12.5, Avg: 12.6, Max: 12.7, Diff: 0.3, Sum: 75.6]
      [GC Worker End (ms): Min: 67214205.9, Avg: 67214206.1, Max: 67214206.3, Diff: 0.4]
   [Code Root Fixup: 0.0 ms]
   [Code Root Purge: 0.0 ms]
   [Clear CT: 0.9 ms]
   [Other: 14.2 ms]
      [Choose CSet: 0.0 ms]
      [Ref Proc: 10.8 ms]
      [Ref Enq: 0.7 ms]
      [Redirty Cards: 0.9 ms]
      [Humongous Register: 0.1 ms]
      [Humongous Reclaim: 0.1 ms]
      [Free CSet: 0.9 ms]
   [Eden: 1785.0M(1785.0M)->0.0B(1785.0M) Survivors: 12288.0K->12288.0K Heap: 2055.1M(2996.0M)->270.2M(2996.0M)]
Heap after GC invocations=187 (full 0):
 garbage-first heap   total 3067904K, used 276660K [0x0000000704c00000, 0x0000000704d05da0, 0x00000007c0000000)
  region size 1024K, 12 young (12288K), 12 survivors (12288K)
 Metaspace       used 131183K, capacity 138484K, committed 138656K, reserved 1169408K
  class space    used 16964K, capacity 18293K, committed 18388K, reserved 1048576K
}
 [Times: user=0.00 sys=0.10, real=0.03 secs] 
2020-12-09T08:58:47.299+0000: 67214.224: Total time for which application threads were stopped: 0.0319374 seconds, Stopping threads took: 0.0001636 seconds
2020-12-09T09:03:46.961+0000: 67514.226: Total time for which application threads were stopped: 0.0008415 seconds, Stopping threads took: 0.0003730 seconds
{Heap before GC invocations=187 (full 0):
 garbage-first heap   total 3067904K, used 2104500K [0x0000000704c00000, 0x0000000704d05da0, 0x00000007c0000000)
  region size 1024K, 1797 young (1840128K), 12 survivors (12288K)
 Metaspace       used 131203K, capacity 138548K, committed 138656K, reserved 1169408K
  class space    used 16964K, capacity 18293K, committed 18388K, reserved 1048576K
2020-12-09T09:05:19.783+0000: 67607.184: [GC pause (G1 Evacuation Pause) (young)
Desired survivor size 117964800 bytes, new threshold 15 (max 15)
- age   1:    6378376 bytes,    6378376 total
- age   2:      84584 bytes,    6462960 total
- age   3:      85224 bytes,    6548184 total
- age   4:      85288 bytes,    6633472 total
- age   5:      84528 bytes,    6718000 total
- age   6:     417568 bytes,    7135568 total
- age   7:     202144 bytes,    7337712 total
- age   8:      35000 bytes,    7372712 total
- age   9:      33496 bytes,    7406208 total
- age  10:      37536 bytes,    7443744 total
- age  11:     174064 bytes,    7617808 total
- age  12:      60880 bytes,    7678688 total
- age  13:      32176 bytes,    7710864 total
- age  14:      35680 bytes,    7746544 total
- age  15:      32608 bytes,    7779152 total
, 0.0409927 secs]
   [Parallel Time: 17.6 ms, GC Workers: 6]
      [GC Worker Start (ms): Min: 67607185.0, Avg: 67607185.3, Max: 67607185.6, Diff: 0.6]
      [Ext Root Scanning (ms): Min: 4.8, Avg: 5.3, Max: 5.8, Diff: 1.0, Sum: 31.6]
      [Update RS (ms): Min: 2.3, Avg: 2.5, Max: 2.9, Diff: 0.6, Sum: 14.7]
         [Processed Buffers: Min: 5, Avg: 21.2, Max: 43, Diff: 38, Sum: 127]
      [Scan RS (ms): Min: 3.5, Avg: 3.7, Max: 3.9, Diff: 0.4, Sum: 22.1]
      [Code Root Scanning (ms): Min: 2.9, Avg: 3.1, Max: 3.3, Diff: 0.4, Sum: 18.9]
      [Object Copy (ms): Min: 1.8, Avg: 2.0, Max: 2.2, Diff: 0.4, Sum: 12.2]
      [Termination (ms): Min: 0.0, Avg: 0.0, Max: 0.0, Diff: 0.0, Sum: 0.1]
         [Termination Attempts: Min: 1, Avg: 1.2, Max: 2, Diff: 1, Sum: 7]
      [GC Worker Other (ms): Min: 0.1, Avg: 0.3, Max: 0.6, Diff: 0.5, Sum: 1.7]
      [GC Worker Total (ms): Min: 16.7, Avg: 16.9, Max: 17.1, Diff: 0.4, Sum: 101.4]
      [GC Worker End (ms): Min: 67607202.1, Avg: 67607202.2, Max: 67607202.4, Diff: 0.4]
   [Code Root Fixup: 0.0 ms]
   [Code Root Purge: 0.0 ms]
   [Clear CT: 0.9 ms]
   [Other: 22.4 ms]
      [Choose CSet: 0.0 ms]
      [Ref Proc: 17.4 ms]
      [Ref Enq: 0.9 ms]
      [Redirty Cards: 1.1 ms]
      [Humongous Register: 0.3 ms]
      [Humongous Reclaim: 0.2 ms]
      [Free CSet: 1.4 ms]
   [Eden: 1785.0M(1785.0M)->0.0B(1785.0M) Survivors: 12288.0K->12288.0K Heap: 2055.2M(2996.0M)->269.7M(2996.0M)]
Heap after GC invocations=188 (full 0):
 garbage-first heap   total 3067904K, used 276205K [0x0000000704c00000, 0x0000000704d05da0, 0x00000007c0000000)
  region size 1024K, 12 young (12288K), 12 survivors (12288K)
 Metaspace       used 131203K, capacity 138548K, committed 138656K, reserved 1169408K
  class space    used 16964K, capacity 18293K, committed 18388K, reserved 1048576K
}
 [Times: user=0.14 sys=0.00, real=0.04 secs] 
2020-12-09T09:05:19.828+0000: 67607.229: Total time for which application threads were stopped: 0.0493267 seconds, Stopping threads took: 0.0034136 seconds
2020-12-09T09:10:19.442+0000: 67907.231: Total time for which application threads were stopped: 0.0012073 seconds, Stopping threads took: 0.0007729 seconds
{Heap before GC invocations=188 (full 0):
 garbage-first heap   total 3067904K, used 2104045K [0x0000000704c00000, 0x0000000704d05da0, 0x00000007c0000000)
  region size 1024K, 1797 young (1840128K), 12 survivors (12288K)
 Metaspace       used 131204K, capacity 138548K, committed 138656K, reserved 1169408K
  class space    used 16964K, capacity 18293K, committed 18388K, reserved 1048576K
2020-12-09T09:11:44.390+0000: 67992.249: [GC pause (G1 Evacuation Pause) (young)
Desired survivor size 117964800 bytes, new threshold 15 (max 15)
- age   1:    6325192 bytes,    6325192 total
- age   2:      91160 bytes,    6416352 total
- age   3:      84040 bytes,    6500392 total
- age   4:      85192 bytes,    6585584 total
- age   5:      85224 bytes,    6670808 total
- age   6:      84160 bytes,    6754968 total
- age   7:     402960 bytes,    7157928 total
- age   8:     166920 bytes,    7324848 total
- age   9:      35000 bytes,    7359848 total
- age  10:      33496 bytes,    7393344 total
- age  11:      37536 bytes,    7430880 total
- age  12:     174064 bytes,    7604944 total
- age  13:      60880 bytes,    7665824 total
- age  14:      32176 bytes,    7698000 total
- age  15:      35680 bytes,    7733680 total
, 0.0343834 secs]
   [Parallel Time: 15.9 ms, GC Workers: 6]
      [GC Worker Start (ms): Min: 67992249.2, Avg: 67992249.4, Max: 67992249.6, Diff: 0.4]
      [Ext Root Scanning (ms): Min: 3.2, Avg: 3.5, Max: 3.8, Diff: 0.5, Sum: 20.7]
      [Update RS (ms): Min: 2.3, Avg: 2.4, Max: 2.6, Diff: 0.3, Sum: 14.1]
         [Processed Buffers: Min: 5, Avg: 20.3, Max: 50, Diff: 45, Sum: 122]
      [Scan RS (ms): Min: 3.3, Avg: 3.6, Max: 3.8, Diff: 0.5, Sum: 21.5]
      [Code Root Scanning (ms): Min: 2.6, Avg: 2.9, Max: 3.2, Diff: 0.6, Sum: 17.3]
      [Object Copy (ms): Min: 2.2, Avg: 2.3, Max: 2.4, Diff: 0.2, Sum: 14.0]
      [Termination (ms): Min: 0.0, Avg: 0.0, Max: 0.1, Diff: 0.0, Sum: 0.3]
         [Termination Attempts: Min: 1, Avg: 1.7, Max: 4, Diff: 3, Sum: 10]
      [GC Worker Other (ms): Min: 0.1, Avg: 0.2, Max: 0.4, Diff: 0.3, Sum: 1.3]
      [GC Worker Total (ms): Min: 14.7, Avg: 14.9, Max: 15.1, Diff: 0.4, Sum: 89.3]
      [GC Worker End (ms): Min: 67992264.2, Avg: 67992264.3, Max: 67992264.5, Diff: 0.4]
   [Code Root Fixup: 0.0 ms]
   [Code Root Purge: 0.0 ms]
   [Clear CT: 0.8 ms]
   [Other: 17.7 ms]
      [Choose CSet: 0.0 ms]
      [Ref Proc: 13.4 ms]
      [Ref Enq: 1.2 ms]
      [Redirty Cards: 1.0 ms]
      [Humongous Register: 0.1 ms]
      [Humongous Reclaim: 0.1 ms]
      [Free CSet: 1.0 ms]
   [Eden: 1785.0M(1785.0M)->0.0B(1785.0M) Survivors: 12288.0K->12288.0K Heap: 2054.7M(2996.0M)->270.3M(2996.0M)]
Heap after GC invocations=189 (full 0):
 garbage-first heap   total 3067904K, used 276763K [0x0000000704c00000, 0x0000000704d05da0, 0x00000007c0000000)
  region size 1024K, 12 young (12288K), 12 survivors (12288K)
 Metaspace       used 131204K, capacity 138548K, committed 138656K, reserved 1169408K
  class space    used 16964K, capacity 18293K, committed 18388K, reserved 1048576K
}
 [Times: user=0.12 sys=0.00, real=0.04 secs] 
2020-12-09T09:11:44.427+0000: 67992.285: Total time for which application threads were stopped: 0.0372317 seconds, Stopping threads took: 0.0001703 seconds
2020-12-09T09:16:44.085+0000: 68292.286: Total time for which application threads were stopped: 0.0010783 seconds, Stopping threads took: 0.0002618 seconds
{Heap before GC invocations=189 (full 0):
 garbage-first heap   total 3067904K, used 2104603K [0x0000000704c00000, 0x0000000704d05da0, 0x00000007c0000000)
  region size 1024K, 1797 young (1840128K), 12 survivors (12288K)
 Metaspace       used 131207K, capacity 138548K, committed 138656K, reserved 1169408K
  class space    used 16964K, capacity 18293K, committed 18388K, reserved 1048576K
2020-12-09T09:18:07.580+0000: 68375.884: [GC pause (G1 Evacuation Pause) (young)
Desired survivor size 117964800 bytes, new threshold 15 (max 15)
- age   1:    6330032 bytes,    6330032 total
- age   2:      92224 bytes,    6422256 total
- age   3:      90768 bytes,    6513024 total
- age   4:      83608 bytes,    6596632 total
- age   5:      84808 bytes,    6681440 total
- age   6:      83184 bytes,    6764624 total
- age   7:      83792 bytes,    6848416 total
- age   8:     386608 bytes,    7235024 total
- age   9:     132352 bytes,    7367376 total
- age  10:      32528 bytes,    7399904 total
- age  11:      33496 bytes,    7433400 total
- age  12:      35400 bytes,    7468800 total
- age  13:     174064 bytes,    7642864 total
- age  14:      60880 bytes,    7703744 total
- age  15:      32176 bytes,    7735920 total
, 0.0319928 secs]
   [Parallel Time: 13.8 ms, GC Workers: 6]
      [GC Worker Start (ms): Min: 68375885.1, Avg: 68375885.3, Max: 68375885.4, Diff: 0.4]
      [Ext Root Scanning (ms): Min: 3.2, Avg: 3.3, Max: 3.5, Diff: 0.4, Sum: 19.9]
      [Update RS (ms): Min: 1.3, Avg: 1.4, Max: 1.6, Diff: 0.3, Sum: 8.4]
         [Processed Buffers: Min: 6, Avg: 20.7, Max: 43, Diff: 37, Sum: 124]
      [Scan RS (ms): Min: 3.0, Avg: 3.2, Max: 3.3, Diff: 0.3, Sum: 19.0]
      [Code Root Scanning (ms): Min: 2.6, Avg: 2.8, Max: 3.0, Diff: 0.4, Sum: 16.6]
      [Object Copy (ms): Min: 1.8, Avg: 2.0, Max: 2.1, Diff: 0.3, Sum: 11.9]
      [Termination (ms): Min: 0.0, Avg: 0.1, Max: 0.1, Diff: 0.1, Sum: 0.7]
         [Termination Attempts: Min: 1, Avg: 1.0, Max: 1, Diff: 0, Sum: 6]
      [GC Worker Other (ms): Min: 0.1, Avg: 0.2, Max: 0.4, Diff: 0.3, Sum: 1.3]
      [GC Worker Total (ms): Min: 12.8, Avg: 13.0, Max: 13.3, Diff: 0.5, Sum: 77.9]
      [GC Worker End (ms): Min: 68375898.1, Avg: 68375898.2, Max: 68375898.4, Diff: 0.3]
   [Code Root Fixup: 0.0 ms]
   [Code Root Purge: 0.0 ms]
   [Clear CT: 0.7 ms]
   [Other: 17.4 ms]
      [Choose CSet: 0.0 ms]
      [Ref Proc: 12.8 ms]
      [Ref Enq: 1.0 ms]
      [Redirty Cards: 1.3 ms]
      [Humongous Register: 0.2 ms]
      [Humongous Reclaim: 0.1 ms]
      [Free CSet: 1.1 ms]
   [Eden: 1785.0M(1785.0M)->0.0B(1785.0M) Survivors: 12288.0K->12288.0K Heap: 2055.3M(2996.0M)->269.8M(2996.0M)]
Heap after GC invocations=190 (full 0):
 garbage-first heap   total 3067904K, used 276298K [0x0000000704c00000, 0x0000000704d05da0, 0x00000007c0000000)
  region size 1024K, 12 young (12288K), 12 survivors (12288K)
 Metaspace       used 131207K, capacity 138548K, committed 138656K, reserved 1169408K
  class space    used 16964K, capacity 18293K, committed 18388K, reserved 1048576K
}
 [Times: user=0.00 sys=0.11, real=0.03 secs] 
2020-12-09T09:18:07.615+0000: 68375.920: Total time for which application threads were stopped: 0.0409125 seconds, Stopping threads took: 0.0052914 seconds
2020-12-09T09:23:07.273+0000: 68675.921: Total time for which application threads were stopped: 0.0008404 seconds, Stopping threads took: 0.0003138 seconds
{Heap before GC invocations=190 (full 0):
 garbage-first heap   total 3067904K, used 2104714K [0x0000000704c00000, 0x0000000704d05da0, 0x00000007c0000000)
  region size 1024K, 1797 young (1840128K), 12 survivors (12288K)
 Metaspace       used 131210K, capacity 138548K, committed 138656K, reserved 1169408K
  class space    used 16964K, capacity 18293K, committed 18388K, reserved 1048576K
2020-12-09T09:24:35.561+0000: 68764.312: [GC pause (G1 Evacuation Pause) (young)
Desired survivor size 117964800 bytes, new threshold 15 (max 15)
- age   1:    6293440 bytes,    6293440 total
- age   2:      93688 bytes,    6387128 total
- age   3:      90336 bytes,    6477464 total
- age   4:      90768 bytes,    6568232 total
- age   5:      83544 bytes,    6651776 total
- age   6:      84344 bytes,    6736120 total
- age   7:      83184 bytes,    6819304 total
- age   8:      82216 bytes,    6901520 total
- age   9:     213024 bytes,    7114544 total
- age  10:     119344 bytes,    7233888 total
- age  11:      32528 bytes,    7266416 total
- age  12:      33496 bytes,    7299912 total
- age  13:      35400 bytes,    7335312 total
- age  14:     174064 bytes,    7509376 total
- age  15:      60880 bytes,    7570256 total
, 0.0342634 secs]
   [Parallel Time: 15.0 ms, GC Workers: 6]
      [GC Worker Start (ms): Min: 68764312.2, Avg: 68764312.4, Max: 68764312.6, Diff: 0.4]
      [Ext Root Scanning (ms): Min: 3.3, Avg: 3.5, Max: 3.8, Diff: 0.5, Sum: 20.9]
      [Update RS (ms): Min: 1.7, Avg: 1.8, Max: 1.9, Diff: 0.1, Sum: 10.6]
         [Processed Buffers: Min: 6, Avg: 21.2, Max: 48, Diff: 42, Sum: 127]
      [Scan RS (ms): Min: 3.2, Avg: 3.4, Max: 3.7, Diff: 0.5, Sum: 20.5]
      [Code Root Scanning (ms): Min: 2.6, Avg: 2.8, Max: 3.1, Diff: 0.5, Sum: 17.0]
      [Object Copy (ms): Min: 2.3, Avg: 2.5, Max: 2.6, Diff: 0.3, Sum: 15.0]
      [Termination (ms): Min: 0.0, Avg: 0.0, Max: 0.1, Diff: 0.0, Sum: 0.2]
         [Termination Attempts: Min: 1, Avg: 1.7, Max: 3, Diff: 2, Sum: 10]
      [GC Worker Other (ms): Min: 0.1, Avg: 0.3, Max: 0.5, Diff: 0.4, Sum: 1.6]
      [GC Worker Total (ms): Min: 14.1, Avg: 14.3, Max: 14.6, Diff: 0.5, Sum: 85.8]
      [GC Worker End (ms): Min: 68764326.5, Avg: 68764326.7, Max: 68764326.9, Diff: 0.4]
   [Code Root Fixup: 0.0 ms]
   [Code Root Purge: 0.0 ms]
   [Clear CT: 0.6 ms]
   [Other: 18.6 ms]
      [Choose CSet: 0.0 ms]
      [Ref Proc: 14.2 ms]
      [Ref Enq: 1.0 ms]
      [Redirty Cards: 1.0 ms]
      [Humongous Register: 0.1 ms]
      [Humongous Reclaim: 0.2 ms]
      [Free CSet: 1.1 ms]
   [Eden: 1785.0M(1785.0M)->0.0B(1785.0M) Survivors: 12288.0K->12288.0K Heap: 2055.4M(2996.0M)->270.4M(2996.0M)]
Heap after GC invocations=191 (full 0):
 garbage-first heap   total 3067904K, used 276894K [0x0000000704c00000, 0x0000000704d05da0, 0x00000007c0000000)
  region size 1024K, 12 young (12288K), 12 survivors (12288K)
 Metaspace       used 131210K, capacity 138548K, committed 138656K, reserved 1169408K
  class space    used 16964K, capacity 18293K, committed 18388K, reserved 1048576K
}
 [Times: user=0.00 sys=0.12, real=0.04 secs] 
2020-12-09T09:24:35.598+0000: 68764.349: Total time for which application threads were stopped: 0.0384031 seconds, Stopping threads took: 0.0004477 seconds
2020-12-09T09:29:35.256+0000: 69064.350: Total time for which application threads were stopped: 0.0009118 seconds, Stopping threads took: 0.0002925 seconds
{Heap before GC invocations=191 (full 0):
 garbage-first heap   total 3067904K, used 2104734K [0x0000000704c00000, 0x0000000704d05da0, 0x00000007c0000000)
  region size 1024K, 1797 young (1840128K), 12 survivors (12288K)
 Metaspace       used 131211K, capacity 138548K, committed 138656K, reserved 1169408K
  class space    used 16964K, capacity 18293K, committed 18388K, reserved 1048576K
2020-12-09T09:31:11.871+0000: 69161.068: [GC pause (G1 Evacuation Pause) (young)
Desired survivor size 117964800 bytes, new threshold 15 (max 15)
- age   1:    7062000 bytes,    7062000 total
- age   2:      38272 bytes,    7100272 total
- age   3:      43864 bytes,    7144136 total
- age   4:      39144 bytes,    7183280 total
- age   5:      39888 bytes,    7223168 total
- age   6:      32640 bytes,    7255808 total
- age   7:      33296 bytes,    7289104 total
- age   8:      33272 bytes,    7322376 total
- age   9:      33984 bytes,    7356360 total
- age  10:      32480 bytes,    7388840 total
- age  11:      34128 bytes,    7422968 total
- age  12:      32528 bytes,    7455496 total
- age  13:      33496 bytes,    7488992 total
- age  14:      35400 bytes,    7524392 total
- age  15:     174064 bytes,    7698456 total
, 0.0305079 secs]
   [Parallel Time: 13.9 ms, GC Workers: 6]
      [GC Worker Start (ms): Min: 69161069.1, Avg: 69161069.3, Max: 69161069.4, Diff: 0.4]
      [Ext Root Scanning (ms): Min: 3.2, Avg: 3.4, Max: 3.9, Diff: 0.7, Sum: 20.6]
      [Update RS (ms): Min: 1.3, Avg: 1.5, Max: 1.7, Diff: 0.4, Sum: 9.1]
         [Processed Buffers: Min: 6, Avg: 20.8, Max: 48, Diff: 42, Sum: 125]
      [Scan RS (ms): Min: 2.9, Avg: 3.3, Max: 3.7, Diff: 0.8, Sum: 19.9]
      [Code Root Scanning (ms): Min: 2.3, Avg: 2.6, Max: 2.9, Diff: 0.6, Sum: 15.8]
      [Object Copy (ms): Min: 1.6, Avg: 1.8, Max: 2.0, Diff: 0.4, Sum: 10.8]
      [Termination (ms): Min: 0.0, Avg: 0.0, Max: 0.0, Diff: 0.0, Sum: 0.1]
         [Termination Attempts: Min: 1, Avg: 1.7, Max: 2, Diff: 1, Sum: 10]
      [GC Worker Other (ms): Min: 0.1, Avg: 0.3, Max: 0.4, Diff: 0.4, Sum: 1.6]
      [GC Worker Total (ms): Min: 12.9, Avg: 13.0, Max: 13.2, Diff: 0.3, Sum: 77.9]
      [GC Worker End (ms): Min: 69161082.1, Avg: 69161082.3, Max: 69161082.4, Diff: 0.3]
   [Code Root Fixup: 0.0 ms]
   [Code Root Purge: 0.0 ms]
   [Clear CT: 0.8 ms]
   [Other: 15.8 ms]
      [Choose CSet: 0.0 ms]
      [Ref Proc: 12.2 ms]
      [Ref Enq: 0.7 ms]
      [Redirty Cards: 0.9 ms]
      [Humongous Register: 0.2 ms]
      [Humongous Reclaim: 0.1 ms]
      [Free CSet: 0.9 ms]
   [Eden: 1785.0M(1785.0M)->0.0B(1785.0M) Survivors: 12288.0K->12288.0K Heap: 2055.4M(2996.0M)->270.1M(2996.0M)]
Heap after GC invocations=192 (full 0):
 garbage-first heap   total 3067904K, used 276575K [0x0000000704c00000, 0x0000000704d05da0, 0x00000007c0000000)
  region size 1024K, 12 young (12288K), 12 survivors (12288K)
 Metaspace       used 131211K, capacity 138548K, committed 138656K, reserved 1169408K
  class space    used 16964K, capacity 18293K, committed 18388K, reserved 1048576K
}
 [Times: user=0.00 sys=0.11, real=0.03 secs] 
2020-12-09T09:31:11.905+0000: 69161.102: Total time for which application threads were stopped: 0.0341038 seconds, Stopping threads took: 0.0002937 seconds
{Heap before GC invocations=192 (full 0):
 garbage-first heap   total 3067904K, used 2104415K [0x0000000704c00000, 0x0000000704d05da0, 0x00000007c0000000)
  region size 1024K, 1797 young (1840128K), 12 survivors (12288K)
 Metaspace       used 131213K, capacity 138548K, committed 138656K, reserved 1169408K
  class space    used 16964K, capacity 18293K, committed 18388K, reserved 1048576K
2020-12-09T09:37:45.276+0000: 69554.971: [GC pause (G1 Evacuation Pause) (young)
Desired survivor size 117964800 bytes, new threshold 15 (max 15)
- age   1:    6289824 bytes,    6289824 total
- age   2:     793528 bytes,    7083352 total
- age   3:      38104 bytes,    7121456 total
- age   4:      43832 bytes,    7165288 total
- age   5:      39080 bytes,    7204368 total
- age   6:      39496 bytes,    7243864 total
- age   7:      32640 bytes,    7276504 total
- age   8:      33296 bytes,    7309800 total
- age   9:      33272 bytes,    7343072 total
- age  10:      33984 bytes,    7377056 total
- age  11:      32480 bytes,    7409536 total
- age  12:      34128 bytes,    7443664 total
- age  13:      32528 bytes,    7476192 total
- age  14:      33496 bytes,    7509688 total
- age  15:      35400 bytes,    7545088 total
, 0.0352238 secs]
   [Parallel Time: 14.4 ms, GC Workers: 6]
      [GC Worker Start (ms): Min: 69554971.5, Avg: 69554971.7, Max: 69554971.9, Diff: 0.5]
      [Ext Root Scanning (ms): Min: 3.0, Avg: 3.3, Max: 3.7, Diff: 0.7, Sum: 20.0]
      [Update RS (ms): Min: 2.0, Avg: 2.1, Max: 2.5, Diff: 0.5, Sum: 12.7]
         [Processed Buffers: Min: 5, Avg: 19.8, Max: 38, Diff: 33, Sum: 119]
      [Scan RS (ms): Min: 2.7, Avg: 3.0, Max: 3.2, Diff: 0.5, Sum: 18.2]
      [Code Root Scanning (ms): Min: 2.7, Avg: 2.8, Max: 3.0, Diff: 0.3, Sum: 16.5]
      [Object Copy (ms): Min: 1.7, Avg: 1.9, Max: 2.0, Diff: 0.3, Sum: 11.3]
      [Termination (ms): Min: 0.0, Avg: 0.0, Max: 0.0, Diff: 0.0, Sum: 0.0]
         [Termination Attempts: Min: 1, Avg: 1.0, Max: 1, Diff: 0, Sum: 6]
      [GC Worker Other (ms): Min: 0.1, Avg: 0.2, Max: 0.4, Diff: 0.3, Sum: 1.4]
      [GC Worker Total (ms): Min: 13.2, Avg: 13.4, Max: 13.6, Diff: 0.4, Sum: 80.3]
      [GC Worker End (ms): Min: 69554985.0, Avg: 69554985.1, Max: 69554985.2, Diff: 0.3]
   [Code Root Fixup: 0.1 ms]
   [Code Root Purge: 0.0 ms]
   [Clear CT: 0.8 ms]
   [Other: 19.9 ms]
      [Choose CSet: 0.0 ms]
      [Ref Proc: 15.6 ms]
      [Ref Enq: 1.6 ms]
      [Redirty Cards: 1.0 ms]
      [Humongous Register: 0.1 ms]
      [Humongous Reclaim: 0.1 ms]
      [Free CSet: 1.0 ms]
   [Eden: 1785.0M(1785.0M)->0.0B(1785.0M) Survivors: 12288.0K->12288.0K Heap: 2055.1M(2996.0M)->270.2M(2996.0M)]
Heap after GC invocations=193 (full 0):
 garbage-first heap   total 3067904K, used 276657K [0x0000000704c00000, 0x0000000704d05da0, 0x00000007c0000000)
  region size 1024K, 12 young (12288K), 12 survivors (12288K)
 Metaspace       used 131213K, capacity 138548K, committed 138656K, reserved 1169408K
  class space    used 16964K, capacity 18293K, committed 18388K, reserved 1048576K
}
 [Times: user=0.00 sys=0.12, real=0.04 secs] 
2020-12-09T09:37:45.314+0000: 69555.009: Total time for which application threads were stopped: 0.0386947 seconds, Stopping threads took: 0.0002288 seconds
2020-12-09T09:42:44.969+0000: 69855.010: Total time for which application threads were stopped: 0.0010711 seconds, Stopping threads took: 0.0004766 seconds
{Heap before GC invocations=193 (full 0):
 garbage-first heap   total 3067904K, used 2104497K [0x0000000704c00000, 0x0000000704d05da0, 0x00000007c0000000)
  region size 1024K, 1797 young (1840128K), 12 survivors (12288K)
 Metaspace       used 131214K, capacity 138548K, committed 138656K, reserved 1169408K
  class space    used 16964K, capacity 18293K, committed 18388K, reserved 1048576K
2020-12-09T09:44:17.468+0000: 69947.648: [GC pause (G1 Evacuation Pause) (young)
Desired survivor size 117964800 bytes, new threshold 15 (max 15)
- age   1:    6285632 bytes,    6285632 total
- age   2:      87920 bytes,    6373552 total
- age   3:     742632 bytes,    7116184 total
- age   4:      38104 bytes,    7154288 total
- age   5:      43680 bytes,    7197968 total
- age   6:      38616 bytes,    7236584 total
- age   7:      39496 bytes,    7276080 total
- age   8:      32640 bytes,    7308720 total
- age   9:      33296 bytes,    7342016 total
- age  10:      33272 bytes,    7375288 total
- age  11:      33984 bytes,    7409272 total
- age  12:      32480 bytes,    7441752 total
- age  13:      34128 bytes,    7475880 total
- age  14:      32528 bytes,    7508408 total
- age  15:      33496 bytes,    7541904 total
, 0.0359301 secs]
   [Parallel Time: 14.5 ms, GC Workers: 6]
      [GC Worker Start (ms): Min: 69947648.6, Avg: 69947648.8, Max: 69947649.0, Diff: 0.4]
      [Ext Root Scanning (ms): Min: 3.2, Avg: 3.4, Max: 3.7, Diff: 0.5, Sum: 20.2]
      [Update RS (ms): Min: 1.5, Avg: 1.6, Max: 1.6, Diff: 0.1, Sum: 9.5]
         [Processed Buffers: Min: 5, Avg: 20.8, Max: 40, Diff: 35, Sum: 125]
      [Scan RS (ms): Min: 3.4, Avg: 3.6, Max: 3.7, Diff: 0.4, Sum: 21.4]
      [Code Root Scanning (ms): Min: 2.7, Avg: 2.9, Max: 3.1, Diff: 0.4, Sum: 17.2]
      [Object Copy (ms): Min: 2.0, Avg: 2.2, Max: 2.3, Diff: 0.3, Sum: 13.3]
      [Termination (ms): Min: 0.0, Avg: 0.0, Max: 0.0, Diff: 0.0, Sum: 0.1]
         [Termination Attempts: Min: 1, Avg: 2.3, Max: 4, Diff: 3, Sum: 14]
      [GC Worker Other (ms): Min: 0.1, Avg: 0.3, Max: 0.5, Diff: 0.3, Sum: 1.7]
      [GC Worker Total (ms): Min: 13.6, Avg: 13.9, Max: 14.3, Diff: 0.7, Sum: 83.4]
      [GC Worker End (ms): Min: 69947662.5, Avg: 69947662.7, Max: 69947662.9, Diff: 0.4]
   [Code Root Fixup: 0.0 ms]
   [Code Root Purge: 0.0 ms]
   [Clear CT: 0.7 ms]
   [Other: 20.7 ms]
      [Choose CSet: 0.0 ms]
      [Ref Proc: 15.2 ms]
      [Ref Enq: 1.4 ms]
      [Redirty Cards: 1.2 ms]
      [Humongous Register: 0.1 ms]
      [Humongous Reclaim: 0.1 ms]
      [Free CSet: 1.4 ms]
   [Eden: 1785.0M(1785.0M)->0.0B(1785.0M) Survivors: 12288.0K->12288.0K Heap: 2055.2M(2996.0M)->270.7M(2996.0M)]
Heap after GC invocations=194 (full 0):
 garbage-first heap   total 3067904K, used 277220K [0x0000000704c00000, 0x0000000704d05da0, 0x00000007c0000000)
  region size 1024K, 12 young (12288K), 12 survivors (12288K)
 Metaspace       used 131214K, capacity 138548K, committed 138656K, reserved 1169408K
  class space    used 16964K, capacity 18293K, committed 18388K, reserved 1048576K
}
 [Times: user=0.00 sys=0.11, real=0.04 secs] 
2020-12-09T09:44:17.507+0000: 69947.687: Total time for which application threads were stopped: 0.0397191 seconds, Stopping threads took: 0.0002283 seconds
{Heap before GC invocations=194 (full 0):
 garbage-first heap   total 3067904K, used 2105060K [0x0000000704c00000, 0x0000000704d05da0, 0x00000007c0000000)
  region size 1024K, 1797 young (1840128K), 12 survivors (12288K)
 Metaspace       used 131214K, capacity 138548K, committed 138656K, reserved 1169408K
  class space    used 16964K, capacity 18293K, committed 18388K, reserved 1048576K
2020-12-09T09:50:51.387+0000: 70342.016: [GC pause (G1 Evacuation Pause) (young)
Desired survivor size 117964800 bytes, new threshold 15 (max 15)
- age   1:    6287248 bytes,    6287248 total
- age   2:      84864 bytes,    6372112 total
- age   3:      87632 bytes,    6459744 total
- age   4:     691984 bytes,    7151728 total
- age   5:      38016 bytes,    7189744 total
- age   6:      43312 bytes,    7233056 total
- age   7:      38616 bytes,    7271672 total
- age   8:      39416 bytes,    7311088 total
- age   9:      32640 bytes,    7343728 total
- age  10:      33168 bytes,    7376896 total
- age  11:      33272 bytes,    7410168 total
- age  12:      33984 bytes,    7444152 total
- age  13:      32480 bytes,    7476632 total
- age  14:      34128 bytes,    7510760 total
- age  15:      32528 bytes,    7543288 total
, 0.0418390 secs]
   [Parallel Time: 19.8 ms, GC Workers: 6]
      [GC Worker Start (ms): Min: 70342017.1, Avg: 70342017.4, Max: 70342017.7, Diff: 0.6]
      [Ext Root Scanning (ms): Min: 4.5, Avg: 5.0, Max: 5.7, Diff: 1.2, Sum: 30.0]
      [Update RS (ms): Min: 2.2, Avg: 2.4, Max: 2.7, Diff: 0.5, Sum: 14.3]
         [Processed Buffers: Min: 9, Avg: 21.0, Max: 43, Diff: 34, Sum: 126]
      [Scan RS (ms): Min: 4.1, Avg: 4.3, Max: 4.5, Diff: 0.4, Sum: 25.9]
      [Code Root Scanning (ms): Min: 3.2, Avg: 3.5, Max: 3.8, Diff: 0.6, Sum: 21.1]
      [Object Copy (ms): Min: 2.4, Avg: 2.9, Max: 3.7, Diff: 1.2, Sum: 17.6]
      [Termination (ms): Min: 0.1, Avg: 0.2, Max: 0.2, Diff: 0.1, Sum: 1.1]
         [Termination Attempts: Min: 1, Avg: 1.3, Max: 3, Diff: 2, Sum: 8]
      [GC Worker Other (ms): Min: 0.1, Avg: 0.2, Max: 0.3, Diff: 0.2, Sum: 1.4]
      [GC Worker Total (ms): Min: 18.2, Avg: 18.6, Max: 19.0, Diff: 0.8, Sum: 111.4]
      [GC Worker End (ms): Min: 70342035.9, Avg: 70342036.0, Max: 70342036.1, Diff: 0.2]
   [Code Root Fixup: 0.1 ms]
   [Code Root Purge: 0.0 ms]
   [Clear CT: 1.0 ms]
   [Other: 21.0 ms]
      [Choose CSet: 0.0 ms]
      [Ref Proc: 16.3 ms]
      [Ref Enq: 1.0 ms]
      [Redirty Cards: 0.9 ms]
      [Humongous Register: 0.2 ms]
      [Humongous Reclaim: 0.3 ms]
      [Free CSet: 1.1 ms]
   [Eden: 1785.0M(1785.0M)->0.0B(1784.0M) Survivors: 12288.0K->13312.0K Heap: 2055.7M(2996.0M)->271.3M(2996.0M)]
Heap after GC invocations=195 (full 0):
 garbage-first heap   total 3067904K, used 277781K [0x0000000704c00000, 0x0000000704d05da0, 0x00000007c0000000)
  region size 1024K, 13 young (13312K), 13 survivors (13312K)
 Metaspace       used 131214K, capacity 138548K, committed 138656K, reserved 1169408K
  class space    used 16964K, capacity 18293K, committed 18388K, reserved 1048576K
}
 [Times: user=0.00 sys=0.15, real=0.04 secs] 
2020-12-09T09:50:51.432+0000: 70342.062: Total time for which application threads were stopped: 0.0496373 seconds, Stopping threads took: 0.0034453 seconds
{Heap before GC invocations=195 (full 0):
 garbage-first heap   total 3067904K, used 2104597K [0x0000000704c00000, 0x0000000704d05da0, 0x00000007c0000000)
  region size 1024K, 1797 young (1840128K), 13 survivors (13312K)
 Metaspace       used 131215K, capacity 138548K, committed 138656K, reserved 1169408K
  class space    used 16964K, capacity 18293K, committed 18388K, reserved 1048576K
2020-12-09T09:57:35.577+0000: 70746.684: [GC pause (G1 Evacuation Pause) (young)
Desired survivor size 117964800 bytes, new threshold 15 (max 15)
- age   1:    6285824 bytes,    6285824 total
- age   2:      85416 bytes,    6371240 total
- age   3:      84664 bytes,    6455904 total
- age   4:      87488 bytes,    6543392 total
- age   5:     641016 bytes,    7184408 total
- age   6:      37696 bytes,    7222104 total
- age   7:      43312 bytes,    7265416 total
- age   8:      38616 bytes,    7304032 total
- age   9:      39416 bytes,    7343448 total
- age  10:      32640 bytes,    7376088 total
- age  11:      33168 bytes,    7409256 total
- age  12:      33272 bytes,    7442528 total
- age  13:      33984 bytes,    7476512 total
- age  14:      32480 bytes,    7508992 total
- age  15:      34128 bytes,    7543120 total
, 0.0346379 secs]
   [Parallel Time: 16.5 ms, GC Workers: 6]
      [GC Worker Start (ms): Min: 70746684.2, Avg: 70746684.4, Max: 70746684.6, Diff: 0.4]
      [Ext Root Scanning (ms): Min: 3.9, Avg: 4.2, Max: 4.6, Diff: 0.6, Sum: 25.0]
      [Update RS (ms): Min: 2.1, Avg: 2.2, Max: 2.5, Diff: 0.4, Sum: 13.5]
         [Processed Buffers: Min: 5, Avg: 20.2, Max: 34, Diff: 29, Sum: 121]
      [Scan RS (ms): Min: 3.7, Avg: 4.1, Max: 4.2, Diff: 0.5, Sum: 24.3]
      [Code Root Scanning (ms): Min: 3.1, Avg: 3.2, Max: 3.3, Diff: 0.2, Sum: 19.3]
      [Object Copy (ms): Min: 1.8, Avg: 2.0, Max: 2.3, Diff: 0.6, Sum: 12.0]
      [Termination (ms): Min: 0.0, Avg: 0.1, Max: 0.1, Diff: 0.1, Sum: 0.5]
         [Termination Attempts: Min: 1, Avg: 1.0, Max: 1, Diff: 0, Sum: 6]
      [GC Worker Other (ms): Min: 0.1, Avg: 0.1, Max: 0.2, Diff: 0.1, Sum: 0.8]
      [GC Worker Total (ms): Min: 15.6, Avg: 15.9, Max: 16.1, Diff: 0.5, Sum: 95.3]
      [GC Worker End (ms): Min: 70746700.3, Avg: 70746700.3, Max: 70746700.4, Diff: 0.1]
   [Code Root Fixup: 0.0 ms]
   [Code Root Purge: 0.0 ms]
   [Clear CT: 1.1 ms]
   [Other: 17.0 ms]
      [Choose CSet: 0.0 ms]
      [Ref Proc: 13.0 ms]
      [Ref Enq: 0.7 ms]
      [Redirty Cards: 1.0 ms]
      [Humongous Register: 0.1 ms]
      [Humongous Reclaim: 0.1 ms]
      [Free CSet: 0.9 ms]
   [Eden: 1784.0M(1784.0M)->0.0B(1785.0M) Survivors: 13312.0K->12288.0K Heap: 2055.3M(2996.0M)->270.8M(2996.0M)]
Heap after GC invocations=196 (full 0):
 garbage-first heap   total 3067904K, used 277317K [0x0000000704c00000, 0x0000000704d05da0, 0x00000007c0000000)
  region size 1024K, 12 young (12288K), 12 survivors (12288K)
 Metaspace       used 131215K, capacity 138548K, committed 138656K, reserved 1169408K
  class space    used 16964K, capacity 18293K, committed 18388K, reserved 1048576K
}
 [Times: user=0.00 sys=0.13, real=0.04 secs] 
2020-12-09T09:57:35.616+0000: 70746.723: Total time for which application threads were stopped: 0.0402035 seconds, Stopping threads took: 0.0000985 seconds
2020-12-09T10:02:35.847+0000: 71047.301: Total time for which application threads were stopped: 0.0010613 seconds, Stopping threads took: 0.0004623 seconds
{Heap before GC invocations=196 (full 0):
 garbage-first heap   total 3067904K, used 2105157K [0x0000000704c00000, 0x0000000704d05da0, 0x00000007c0000000)
  region size 1024K, 1797 young (1840128K), 12 survivors (12288K)
 Metaspace       used 131215K, capacity 138548K, committed 138656K, reserved 1169408K
  class space    used 16964K, capacity 18293K, committed 18388K, reserved 1048576K
2020-12-09T10:04:10.381+0000: 71141.939: [GC pause (G1 Evacuation Pause) (young)
Desired survivor size 117964800 bytes, new threshold 15 (max 15)
- age   1:    6288664 bytes,    6288664 total
- age   2:      86016 bytes,    6374680 total
- age   3:      85168 bytes,    6459848 total
- age   4:      84664 bytes,    6544512 total
- age   5:      87328 bytes,    6631840 total
- age   6:     587840 bytes,    7219680 total
- age   7:      37696 bytes,    7257376 total
- age   8:      43312 bytes,    7300688 total
- age   9:      38616 bytes,    7339304 total
- age  10:      39416 bytes,    7378720 total
- age  11:      32640 bytes,    7411360 total
- age  12:      33168 bytes,    7444528 total
- age  13:      33272 bytes,    7477800 total
- age  14:      33984 bytes,    7511784 total
- age  15:      32480 bytes,    7544264 total
, 0.0346214 secs]
   [Parallel Time: 16.4 ms, GC Workers: 6]
      [GC Worker Start (ms): Min: 71141940.1, Avg: 71141940.3, Max: 71141940.5, Diff: 0.4]
      [Ext Root Scanning (ms): Min: 3.3, Avg: 3.5, Max: 4.0, Diff: 0.6, Sum: 21.2]
      [Update RS (ms): Min: 2.0, Avg: 2.0, Max: 2.2, Diff: 0.2, Sum: 12.1]
         [Processed Buffers: Min: 5, Avg: 20.3, Max: 36, Diff: 31, Sum: 122]
      [Scan RS (ms): Min: 3.5, Avg: 3.8, Max: 4.1, Diff: 0.6, Sum: 22.7]
      [Code Root Scanning (ms): Min: 2.8, Avg: 3.1, Max: 3.3, Diff: 0.5, Sum: 18.3]
      [Object Copy (ms): Min: 2.6, Avg: 2.9, Max: 3.0, Diff: 0.4, Sum: 17.4]
      [Termination (ms): Min: 0.0, Avg: 0.0, Max: 0.0, Diff: 0.0, Sum: 0.2]
         [Termination Attempts: Min: 1, Avg: 2.0, Max: 3, Diff: 2, Sum: 12]
      [GC Worker Other (ms): Min: 0.3, Avg: 0.5, Max: 0.7, Diff: 0.5, Sum: 3.0]
      [GC Worker Total (ms): Min: 15.6, Avg: 15.8, Max: 15.9, Diff: 0.3, Sum: 94.9]
      [GC Worker End (ms): Min: 71141955.9, Avg: 71141956.1, Max: 71141956.3, Diff: 0.5]
   [Code Root Fixup: 0.0 ms]
   [Code Root Purge: 0.0 ms]
   [Clear CT: 0.9 ms]
   [Other: 17.3 ms]
      [Choose CSet: 0.0 ms]
      [Ref Proc: 13.7 ms]
      [Ref Enq: 0.8 ms]
      [Redirty Cards: 0.8 ms]
      [Humongous Register: 0.2 ms]
      [Humongous Reclaim: 0.1 ms]
      [Free CSet: 0.7 ms]
   [Eden: 1785.0M(1785.0M)->0.0B(1785.0M) Survivors: 12288.0K->12288.0K Heap: 2055.8M(2996.0M)->270.9M(2996.0M)]
Heap after GC invocations=197 (full 0):
 garbage-first heap   total 3067904K, used 277372K [0x0000000704c00000, 0x0000000704d05da0, 0x00000007c0000000)
  region size 1024K, 12 young (12288K), 12 survivors (12288K)
 Metaspace       used 131215K, capacity 138548K, committed 138656K, reserved 1169408K
  class space    used 16964K, capacity 18293K, committed 18388K, reserved 1048576K
}
 [Times: user=0.00 sys=0.13, real=0.04 secs] 
2020-12-09T10:04:10.420+0000: 71141.979: Total time for which application threads were stopped: 0.0400327 seconds, Stopping threads took: 0.0003393 seconds
2020-12-09T10:09:10.077+0000: 71441.982: Total time for which application threads were stopped: 0.0009758 seconds, Stopping threads took: 0.0005483 seconds
{Heap before GC invocations=197 (full 0):
 garbage-first heap   total 3067904K, used 2105212K [0x0000000704c00000, 0x0000000704d05da0, 0x00000007c0000000)
  region size 1024K, 1797 young (1840128K), 12 survivors (12288K)
 Metaspace       used 131215K, capacity 138548K, committed 138656K, reserved 1169408K
  class space    used 16964K, capacity 18293K, committed 18388K, reserved 1048576K
2020-12-09T10:10:53.907+0000: 71545.951: [GC pause (G1 Evacuation Pause) (young)
Desired survivor size 117964800 bytes, new threshold 15 (max 15)
- age   1:    6284072 bytes,    6284072 total
- age   2:      88432 bytes,    6372504 total
- age   3:      85584 bytes,    6458088 total
- age   4:      85136 bytes,    6543224 total
- age   5:      84536 bytes,    6627760 total
- age   6:      87072 bytes,    6714832 total
- age   7:     536560 bytes,    7251392 total
- age   8:      37696 bytes,    7289088 total
- age   9:      43312 bytes,    7332400 total
- age  10:      38616 bytes,    7371016 total
- age  11:      39416 bytes,    7410432 total
- age  12:      32640 bytes,    7443072 total
- age  13:      33168 bytes,    7476240 total
- age  14:      33272 bytes,    7509512 total
- age  15:      33984 bytes,    7543496 total
, 0.0383216 secs]
   [Parallel Time: 17.9 ms, GC Workers: 6]
      [GC Worker Start (ms): Min: 71545951.4, Avg: 71545951.7, Max: 71545951.9, Diff: 0.6]
      [Ext Root Scanning (ms): Min: 4.6, Avg: 4.9, Max: 5.4, Diff: 0.8, Sum: 29.4]
      [Update RS (ms): Min: 2.1, Avg: 2.2, Max: 2.3, Diff: 0.2, Sum: 13.2]
         [Processed Buffers: Min: 8, Avg: 20.8, Max: 42, Diff: 34, Sum: 125]
      [Scan RS (ms): Min: 3.9, Avg: 4.0, Max: 4.2, Diff: 0.3, Sum: 24.3]
      [Code Root Scanning (ms): Min: 3.1, Avg: 3.3, Max: 3.5, Diff: 0.4, Sum: 19.9]
      [Object Copy (ms): Min: 1.9, Avg: 2.2, Max: 2.4, Diff: 0.5, Sum: 12.9]
      [Termination (ms): Min: 0.0, Avg: 0.0, Max: 0.1, Diff: 0.1, Sum: 0.1]
         [Termination Attempts: Min: 1, Avg: 1.2, Max: 2, Diff: 1, Sum: 7]
      [GC Worker Other (ms): Min: 0.1, Avg: 0.3, Max: 0.5, Diff: 0.4, Sum: 1.9]
      [GC Worker Total (ms): Min: 16.6, Avg: 17.0, Max: 17.3, Diff: 0.7, Sum: 101.8]
      [GC Worker End (ms): Min: 71545968.5, Avg: 71545968.6, Max: 71545968.8, Diff: 0.3]
   [Code Root Fixup: 0.0 ms]
   [Code Root Purge: 0.0 ms]
   [Clear CT: 1.2 ms]
   [Other: 19.2 ms]
      [Choose CSet: 0.0 ms]
      [Ref Proc: 14.4 ms]
      [Ref Enq: 1.1 ms]
      [Redirty Cards: 1.4 ms]
      [Humongous Register: 0.1 ms]
      [Humongous Reclaim: 0.2 ms]
      [Free CSet: 1.1 ms]
   [Eden: 1785.0M(1785.0M)->0.0B(1786.0M) Survivors: 12288.0K->11264.0K Heap: 2055.9M(2996.0M)->269.9M(2996.0M)]
Heap after GC invocations=198 (full 0):
 garbage-first heap   total 3067904K, used 276395K [0x0000000704c00000, 0x0000000704d05da0, 0x00000007c0000000)
  region size 1024K, 11 young (11264K), 11 survivors (11264K)
 Metaspace       used 131215K, capacity 138548K, committed 138656K, reserved 1169408K
  class space    used 16964K, capacity 18293K, committed 18388K, reserved 1048576K
}
 [Times: user=0.00 sys=0.13, real=0.04 secs] 
2020-12-09T10:10:53.948+0000: 71545.992: Total time for which application threads were stopped: 0.0427835 seconds, Stopping threads took: 0.0008945 seconds
2020-12-09T10:15:53.594+0000: 71845.994: Total time for which application threads were stopped: 0.0010088 seconds, Stopping threads took: 0.0004679 seconds
{Heap before GC invocations=198 (full 0):
 garbage-first heap   total 3067904K, used 2105259K [0x0000000704c00000, 0x0000000704d05da0, 0x00000007c0000000)
  region size 1024K, 1797 young (1840128K), 11 survivors (11264K)
 Metaspace       used 131215K, capacity 138548K, committed 138656K, reserved 1169408K
  class space    used 16964K, capacity 18293K, committed 18388K, reserved 1048576K
2020-12-09T10:17:32.084+0000: 71944.587: [GC pause (G1 Evacuation Pause) (young)
Desired survivor size 117964800 bytes, new threshold 15 (max 15)
- age   1:    6283160 bytes,    6283160 total
- age   2:      86072 bytes,    6369232 total
- age   3:      88008 bytes,    6457240 total
- age   4:      85128 bytes,    6542368 total
- age   5:      84664 bytes,    6627032 total
- age   6:      84144 bytes,    6711176 total
- age   7:      86680 bytes,    6797856 total
- age   8:     344976 bytes,    7142832 total
- age   9:      37696 bytes,    7180528 total
- age  10:      38232 bytes,    7218760 total
- age  11:      38616 bytes,    7257376 total
- age  12:      39416 bytes,    7296792 total
- age  13:      32640 bytes,    7329432 total
- age  14:      33168 bytes,    7362600 total
- age  15:      33272 bytes,    7395872 total
, 0.0326446 secs]
   [Parallel Time: 15.8 ms, GC Workers: 6]
      [GC Worker Start (ms): Min: 71944587.5, Avg: 71944587.7, Max: 71944588.0, Diff: 0.5]
      [Ext Root Scanning (ms): Min: 3.6, Avg: 4.0, Max: 4.4, Diff: 0.8, Sum: 23.7]
      [Update RS (ms): Min: 1.9, Avg: 2.0, Max: 2.2, Diff: 0.3, Sum: 12.2]
         [Processed Buffers: Min: 4, Avg: 20.8, Max: 38, Diff: 34, Sum: 125]
      [Scan RS (ms): Min: 3.5, Avg: 3.7, Max: 3.9, Diff: 0.4, Sum: 22.4]
      [Code Root Scanning (ms): Min: 3.0, Avg: 3.2, Max: 3.3, Diff: 0.3, Sum: 19.2]
      [Object Copy (ms): Min: 1.7, Avg: 1.9, Max: 2.1, Diff: 0.4, Sum: 11.6]
      [Termination (ms): Min: 0.0, Avg: 0.0, Max: 0.1, Diff: 0.1, Sum: 0.2]
         [Termination Attempts: Min: 1, Avg: 1.2, Max: 2, Diff: 1, Sum: 7]
      [GC Worker Other (ms): Min: 0.1, Avg: 0.3, Max: 0.5, Diff: 0.4, Sum: 1.6]
      [GC Worker Total (ms): Min: 15.0, Avg: 15.2, Max: 15.4, Diff: 0.4, Sum: 91.0]
      [GC Worker End (ms): Min: 71944602.8, Avg: 71944602.9, Max: 71944603.1, Diff: 0.3]
   [Code Root Fixup: 0.0 ms]
   [Code Root Purge: 0.0 ms]
   [Clear CT: 0.6 ms]
   [Other: 16.2 ms]
      [Choose CSet: 0.0 ms]
      [Ref Proc: 12.5 ms]
      [Ref Enq: 1.2 ms]
      [Redirty Cards: 0.9 ms]
      [Humongous Register: 0.1 ms]
      [Humongous Reclaim: 0.1 ms]
      [Free CSet: 0.8 ms]
   [Eden: 1786.0M(1786.0M)->0.0B(1785.0M) Survivors: 11264.0K->12288.0K Heap: 2055.9M(2996.0M)->271.0M(2996.0M)]
Heap after GC invocations=199 (full 0):
 garbage-first heap   total 3067904K, used 277479K [0x0000000704c00000, 0x0000000704d05da0, 0x00000007c0000000)
  region size 1024K, 12 young (12288K), 12 survivors (12288K)
 Metaspace       used 131215K, capacity 138548K, committed 138656K, reserved 1169408K
  class space    used 16964K, capacity 18293K, committed 18388K, reserved 1048576K
}
 [Times: user=0.00 sys=0.11, real=0.03 secs] 
2020-12-09T10:17:32.119+0000: 71944.622: Total time for which application threads were stopped: 0.0360612 seconds, Stopping threads took: 0.0001856 seconds
2020-12-09T10:22:31.773+0000: 72244.623: Total time for which application threads were stopped: 0.0009562 seconds, Stopping threads took: 0.0001699 seconds
{Heap before GC invocations=199 (full 0):
 garbage-first heap   total 3067904K, used 2105896K [0x0000000704c00000, 0x0000000704d05da0, 0x00000007c0000000)
  region size 1024K, 1797 young (1840128K), 12 survivors (12288K)
 Metaspace       used 131470K, capacity 138860K, committed 138912K, reserved 1169408K
  class space    used 17009K, capacity 18343K, committed 18388K, reserved 1048576K
2020-12-09T10:23:57.885+0000: 72330.839: [GC pause (G1 Evacuation Pause) (young)
Desired survivor size 117964800 bytes, new threshold 15 (max 15)
- age   1:    6289016 bytes,    6289016 total
- age   2:      92104 bytes,    6381120 total
- age   3:      85792 bytes,    6466912 total
- age   4:      88008 bytes,    6554920 total
- age   5:      84864 bytes,    6639784 total
- age   6:      84240 bytes,    6724024 total
- age   7:      84144 bytes,    6808168 total
- age   8:      81384 bytes,    6889552 total
- age   9:     299056 bytes,    7188608 total
- age  10:      37696 bytes,    7226304 total
- age  11:      38008 bytes,    7264312 total
- age  12:      38584 bytes,    7302896 total
- age  13:      39416 bytes,    7342312 total
- age  14:      32640 bytes,    7374952 total
- age  15:      33168 bytes,    7408120 total
, 0.0421875 secs]
   [Parallel Time: 20.5 ms, GC Workers: 6]
      [GC Worker Start (ms): Min: 72330839.6, Avg: 72330839.9, Max: 72330840.2, Diff: 0.5]
      [Ext Root Scanning (ms): Min: 4.4, Avg: 4.7, Max: 5.4, Diff: 1.0, Sum: 28.2]
      [Update RS (ms): Min: 3.6, Avg: 3.9, Max: 4.2, Diff: 0.6, Sum: 23.7]
         [Processed Buffers: Min: 12, Avg: 25.2, Max: 49, Diff: 37, Sum: 151]
      [Scan RS (ms): Min: 4.0, Avg: 4.1, Max: 4.3, Diff: 0.3, Sum: 24.7]
      [Code Root Scanning (ms): Min: 3.5, Avg: 3.6, Max: 3.7, Diff: 0.2, Sum: 21.4]
      [Object Copy (ms): Min: 2.5, Avg: 3.0, Max: 3.4, Diff: 0.9, Sum: 18.0]
      [Termination (ms): Min: 0.0, Avg: 0.0, Max: 0.1, Diff: 0.1, Sum: 0.2]
         [Termination Attempts: Min: 1, Avg: 1.8, Max: 3, Diff: 2, Sum: 11]
      [GC Worker Other (ms): Min: 0.2, Avg: 0.4, Max: 0.7, Diff: 0.6, Sum: 2.5]
      [GC Worker Total (ms): Min: 19.5, Avg: 19.8, Max: 20.3, Diff: 0.8, Sum: 118.7]
      [GC Worker End (ms): Min: 72330859.5, Avg: 72330859.7, Max: 72330859.9, Diff: 0.5]
   [Code Root Fixup: 0.0 ms]
   [Code Root Purge: 0.0 ms]
   [Clear CT: 1.2 ms]
   [Other: 20.4 ms]
      [Choose CSet: 0.0 ms]
      [Ref Proc: 16.1 ms]
      [Ref Enq: 1.2 ms]
      [Redirty Cards: 1.0 ms]
      [Humongous Register: 0.1 ms]
      [Humongous Reclaim: 0.1 ms]
      [Free CSet: 1.0 ms]
   [Eden: 1785.0M(1785.0M)->0.0B(1785.0M) Survivors: 12288.0K->12288.0K Heap: 2056.5M(2996.0M)->270.5M(2996.0M)]
Heap after GC invocations=200 (full 0):
 garbage-first heap   total 3067904K, used 277010K [0x0000000704c00000, 0x0000000704d05da0, 0x00000007c0000000)
  region size 1024K, 12 young (12288K), 12 survivors (12288K)
 Metaspace       used 131470K, capacity 138860K, committed 138912K, reserved 1169408K
  class space    used 17009K, capacity 18343K, committed 18388K, reserved 1048576K
}
 [Times: user=0.00 sys=0.15, real=0.04 secs] 
